  Determinando los proyectos que se van a restaurar...
  Todos los proyectos est├ín actualizados para la restauraci├│n.
  ProConnect.Core -> C:\Users\Miguel\source\repos\Proconenct\ProConnect.Core\bin\Debug\net9.0\ProConnect.Core.dll
  ProConnect.Application -> C:\Users\Miguel\source\repos\Proconenct\ProConnect.Application\bin\Debug\net9.0\ProConnect.Application.dll
  ProConnect.Infrastructure -> C:\Users\Miguel\source\repos\Proconenct\ProConnect.Infrastructure\bin\Debug\net9.0\ProConnect.Infrastructure.dll
C:\Users\Miguel\source\repos\Proconenct\Controllers\AuthController.cs(30,78): warning CS0436: El tipo 'RegisterUserDto' de 'C:\Users\Miguel\source\repos\Proconenct\ProConnect.Application\DTOs\RegisterUserDto.cs' est├í en conflicto con el tipo importado 'RegisterUserDto' de 'ProConnect.Application, Version=0.0.0.0, Culture=neutral, PublicKeyToken=null'. Se usar├í el tipo definido en 'C:\Users\Miguel\source\repos\Proconenct\ProConnect.Application\DTOs\RegisterUserDto.cs'. [C:\Users\Miguel\source\repos\Proconenct\Proconenct.csproj]
C:\Users\Miguel\source\repos\Proconenct\Controllers\AuthController.cs(30,40): warning CS0436: El tipo 'AuthResponseDto' de 'C:\Users\Miguel\source\repos\Proconenct\ProConnect.Application\DTOs\AuthResponseDto.cs' est├í en conflicto con el tipo importado 'AuthResponseDto' de 'ProConnect.Application, Version=0.0.0.0, Culture=neutral, PublicKeyToken=null'. Se usar├í el tipo definido en 'C:\Users\Miguel\source\repos\Proconenct\ProConnect.Application\DTOs\AuthResponseDto.cs'. [C:\Users\Miguel\source\repos\Proconenct\Proconenct.csproj]
C:\Users\Miguel\source\repos\Proconenct\Controllers\AuthController.cs(68,75): warning CS0436: El tipo 'LoginUserDto' de 'C:\Users\Miguel\source\repos\Proconenct\ProConnect.Application\DTOs\LoginUserDto.cs' est├í en conflicto con el tipo importado 'LoginUserDto' de 'ProConnect.Application, Version=0.0.0.0, Culture=neutral, PublicKeyToken=null'. Se usar├í el tipo definido en 'C:\Users\Miguel\source\repos\Proconenct\ProConnect.Application\DTOs\LoginUserDto.cs'. [C:\Users\Miguel\source\repos\Proconenct\Proconenct.csproj]
C:\Users\Miguel\source\repos\Proconenct\Controllers\AuthController.cs(68,40): warning CS0436: El tipo 'AuthResponseDto' de 'C:\Users\Miguel\source\repos\Proconenct\ProConnect.Application\DTOs\AuthResponseDto.cs' est├í en conflicto con el tipo importado 'AuthResponseDto' de 'ProConnect.Application, Version=0.0.0.0, Culture=neutral, PublicKeyToken=null'. Se usar├í el tipo definido en 'C:\Users\Miguel\source\repos\Proconenct\ProConnect.Application\DTOs\AuthResponseDto.cs'. [C:\Users\Miguel\source\repos\Proconenct\Proconenct.csproj]
C:\Users\Miguel\source\repos\Proconenct\Controllers\AuthController.cs(12,26): warning CS0436: El tipo 'IAuthService' de 'C:\Users\Miguel\source\repos\Proconenct\ProConnect.Application\Interfaces\IAuthService.cs' est├í en conflicto con el tipo importado 'IAuthService' de 'ProConnect.Application, Version=0.0.0.0, Culture=neutral, PublicKeyToken=null'. Se usar├í el tipo definido en 'C:\Users\Miguel\source\repos\Proconenct\ProConnect.Application\Interfaces\IAuthService.cs'. [C:\Users\Miguel\source\repos\Proconenct\Proconenct.csproj]
C:\Users\Miguel\source\repos\Proconenct\Controllers\AuthController.cs(15,31): warning CS0436: El tipo 'IAuthService' de 'C:\Users\Miguel\source\repos\Proconenct\ProConnect.Application\Interfaces\IAuthService.cs' est├í en conflicto con el tipo importado 'IAuthService' de 'ProConnect.Application, Version=0.0.0.0, Culture=neutral, PublicKeyToken=null'. Se usar├í el tipo definido en 'C:\Users\Miguel\source\repos\Proconenct\ProConnect.Application\Interfaces\IAuthService.cs'. [C:\Users\Miguel\source\repos\Proconenct\Proconenct.csproj]
C:\Users\Miguel\source\repos\Proconenct\Controllers\AuthController.cs(27,38): warning CS0436: El tipo 'AuthResponseDto' de 'C:\Users\Miguel\source\repos\Proconenct\ProConnect.Application\DTOs\AuthResponseDto.cs' est├í en conflicto con el tipo importado 'AuthResponseDto' de 'ProConnect.Application, Version=0.0.0.0, Culture=neutral, PublicKeyToken=null'. Se usar├í el tipo definido en 'C:\Users\Miguel\source\repos\Proconenct\ProConnect.Application\DTOs\AuthResponseDto.cs'. [C:\Users\Miguel\source\repos\Proconenct\Proconenct.csproj]
C:\Users\Miguel\source\repos\Proconenct\Controllers\AuthController.cs(28,38): warning CS0436: El tipo 'AuthResponseDto' de 'C:\Users\Miguel\source\repos\Proconenct\ProConnect.Application\DTOs\AuthResponseDto.cs' est├í en conflicto con el tipo importado 'AuthResponseDto' de 'ProConnect.Application, Version=0.0.0.0, Culture=neutral, PublicKeyToken=null'. Se usar├í el tipo definido en 'C:\Users\Miguel\source\repos\Proconenct\ProConnect.Application\DTOs\AuthResponseDto.cs'. [C:\Users\Miguel\source\repos\Proconenct\Proconenct.csproj]
C:\Users\Miguel\source\repos\Proconenct\Pages\auth\Login.cshtml.cs(11,26): warning CS0436: El tipo 'IAuthService' de 'C:\Users\Miguel\source\repos\Proconenct\ProConnect.Application\Interfaces\IAuthService.cs' est├í en conflicto con el tipo importado 'IAuthService' de 'ProConnect.Application, Version=0.0.0.0, Culture=neutral, PublicKeyToken=null'. Se usar├í el tipo definido en 'C:\Users\Miguel\source\repos\Proconenct\ProConnect.Application\Interfaces\IAuthService.cs'. [C:\Users\Miguel\source\repos\Proconenct\Proconenct.csproj]
C:\Users\Miguel\source\repos\Proconenct\Controllers\AuthController.cs(215,67): warning CS0436: El tipo 'UpdateUserProfileDto' de 'C:\Users\Miguel\source\repos\Proconenct\ProConnect.Application\DTOs\UpdateUserProfileDto.cs' est├í en conflicto con el tipo importado 'UpdateUserProfileDto' de 'ProConnect.Application, Version=0.0.0.0, Culture=neutral, PublicKeyToken=null'. Se usar├í el tipo definido en 'C:\Users\Miguel\source\repos\Proconenct\ProConnect.Application\DTOs\UpdateUserProfileDto.cs'. [C:\Users\Miguel\source\repos\Proconenct\Proconenct.csproj]
C:\Users\Miguel\source\repos\Proconenct\Controllers\BookingController.cs(50,78): warning CS0436: El tipo 'CreateBookingDto' de 'C:\Users\Miguel\source\repos\Proconenct\ProConnect.Application\DTOs\CreateBookingDto.cs' est├í en conflicto con el tipo importado 'CreateBookingDto' de 'ProConnect.Application, Version=0.0.0.0, Culture=neutral, PublicKeyToken=null'. Se usar├í el tipo definido en 'C:\Users\Miguel\source\repos\Proconenct\ProConnect.Application\DTOs\CreateBookingDto.cs'. [C:\Users\Miguel\source\repos\Proconenct\Proconenct.csproj]
C:\Users\Miguel\source\repos\Proconenct\Controllers\BookingController.cs(50,40): warning CS0436: El tipo 'BookingDto' de 'C:\Users\Miguel\source\repos\Proconenct\ProConnect.Application\DTOs\BookingDto.cs' est├í en conflicto con el tipo importado 'BookingDto' de 'ProConnect.Application, Version=0.0.0.0, Culture=neutral, PublicKeyToken=null'. Se usar├í el tipo definido en 'C:\Users\Miguel\source\repos\Proconenct\ProConnect.Application\DTOs\BookingDto.cs'. [C:\Users\Miguel\source\repos\Proconenct\Proconenct.csproj]
C:\Users\Miguel\source\repos\Proconenct\Controllers\AuthController.cs(198,26): warning CS0436: El tipo 'IAuthService' de 'C:\Users\Miguel\source\repos\Proconenct\ProConnect.Application\Interfaces\IAuthService.cs' est├í en conflicto con el tipo importado 'IAuthService' de 'ProConnect.Application, Version=0.0.0.0, Culture=neutral, PublicKeyToken=null'. Se usar├í el tipo definido en 'C:\Users\Miguel\source\repos\Proconenct\ProConnect.Application\Interfaces\IAuthService.cs'. [C:\Users\Miguel\source\repos\Proconenct\Proconenct.csproj]
C:\Users\Miguel\source\repos\Proconenct\Controllers\BookingController.cs(89,40): warning CS0436: El tipo 'BookingDto' de 'C:\Users\Miguel\source\repos\Proconenct\ProConnect.Application\DTOs\BookingDto.cs' est├í en conflicto con el tipo importado 'BookingDto' de 'ProConnect.Application, Version=0.0.0.0, Culture=neutral, PublicKeyToken=null'. Se usar├í el tipo definido en 'C:\Users\Miguel\source\repos\Proconenct\ProConnect.Application\DTOs\BookingDto.cs'. [C:\Users\Miguel\source\repos\Proconenct\Proconenct.csproj]
C:\Users\Miguel\source\repos\Proconenct\Controllers\AuthController.cs(199,32): warning CS0436: El tipo 'IAuthService' de 'C:\Users\Miguel\source\repos\Proconenct\ProConnect.Application\Interfaces\IAuthService.cs' est├í en conflicto con el tipo importado 'IAuthService' de 'ProConnect.Application, Version=0.0.0.0, Culture=neutral, PublicKeyToken=null'. Se usar├í el tipo definido en 'C:\Users\Miguel\source\repos\Proconenct\ProConnect.Application\Interfaces\IAuthService.cs'. [C:\Users\Miguel\source\repos\Proconenct\Proconenct.csproj]
C:\Users\Miguel\source\repos\Proconenct\Controllers\AuthController.cs(65,38): warning CS0436: El tipo 'AuthResponseDto' de 'C:\Users\Miguel\source\repos\Proconenct\ProConnect.Application\DTOs\AuthResponseDto.cs' est├í en conflicto con el tipo importado 'AuthResponseDto' de 'ProConnect.Application, Version=0.0.0.0, Culture=neutral, PublicKeyToken=null'. Se usar├í el tipo definido en 'C:\Users\Miguel\source\repos\Proconenct\ProConnect.Application\DTOs\AuthResponseDto.cs'. [C:\Users\Miguel\source\repos\Proconenct\Proconenct.csproj]
C:\Users\Miguel\source\repos\Proconenct\Controllers\AuthController.cs(66,38): warning CS0436: El tipo 'AuthResponseDto' de 'C:\Users\Miguel\source\repos\Proconenct\ProConnect.Application\DTOs\AuthResponseDto.cs' est├í en conflicto con el tipo importado 'AuthResponseDto' de 'ProConnect.Application, Version=0.0.0.0, Culture=neutral, PublicKeyToken=null'. Se usar├í el tipo definido en 'C:\Users\Miguel\source\repos\Proconenct\ProConnect.Application\DTOs\AuthResponseDto.cs'. [C:\Users\Miguel\source\repos\Proconenct\Proconenct.csproj]
C:\Users\Miguel\source\repos\Proconenct\Controllers\BookingController.cs(124,45): warning CS0436: El tipo 'BookingDto' de 'C:\Users\Miguel\source\repos\Proconenct\ProConnect.Application\DTOs\BookingDto.cs' est├í en conflicto con el tipo importado 'BookingDto' de 'ProConnect.Application, Version=0.0.0.0, Culture=neutral, PublicKeyToken=null'. Se usar├í el tipo definido en 'C:\Users\Miguel\source\repos\Proconenct\ProConnect.Application\DTOs\BookingDto.cs'. [C:\Users\Miguel\source\repos\Proconenct\Proconenct.csproj]
C:\Users\Miguel\source\repos\Proconenct\Controllers\BookingController.cs(151,45): warning CS0436: El tipo 'BookingDto' de 'C:\Users\Miguel\source\repos\Proconenct\ProConnect.Application\DTOs\BookingDto.cs' est├í en conflicto con el tipo importado 'BookingDto' de 'ProConnect.Application, Version=0.0.0.0, Culture=neutral, PublicKeyToken=null'. Se usar├í el tipo definido en 'C:\Users\Miguel\source\repos\Proconenct\ProConnect.Application\DTOs\BookingDto.cs'. [C:\Users\Miguel\source\repos\Proconenct\Proconenct.csproj]
C:\Users\Miguel\source\repos\Proconenct\Controllers\BookingController.cs(188,89): warning CS0436: El tipo 'UpdateBookingDto' de 'C:\Users\Miguel\source\repos\Proconenct\ProConnect.Application\DTOs\UpdateBookingDto.cs' est├í en conflicto con el tipo importado 'UpdateBookingDto' de 'ProConnect.Application, Version=0.0.0.0, Culture=neutral, PublicKeyToken=null'. Se usar├í el tipo definido en 'C:\Users\Miguel\source\repos\Proconenct\ProConnect.Application\DTOs\UpdateBookingDto.cs'. [C:\Users\Miguel\source\repos\Proconenct\Proconenct.csproj]
C:\Users\Miguel\source\repos\Proconenct\Controllers\BookingController.cs(188,40): warning CS0436: El tipo 'BookingDto' de 'C:\Users\Miguel\source\repos\Proconenct\ProConnect.Application\DTOs\BookingDto.cs' est├í en conflicto con el tipo importado 'BookingDto' de 'ProConnect.Application, Version=0.0.0.0, Culture=neutral, PublicKeyToken=null'. Se usar├í el tipo definido en 'C:\Users\Miguel\source\repos\Proconenct\ProConnect.Application\DTOs\BookingDto.cs'. [C:\Users\Miguel\source\repos\Proconenct\Proconenct.csproj]
C:\Users\Miguel\source\repos\Proconenct\Pages\auth\Login.cshtml.cs(28,27): warning CS0436: El tipo 'IAuthService' de 'C:\Users\Miguel\source\repos\Proconenct\ProConnect.Application\Interfaces\IAuthService.cs' est├í en conflicto con el tipo importado 'IAuthService' de 'ProConnect.Application, Version=0.0.0.0, Culture=neutral, PublicKeyToken=null'. Se usar├í el tipo definido en 'C:\Users\Miguel\source\repos\Proconenct\ProConnect.Application\Interfaces\IAuthService.cs'. [C:\Users\Miguel\source\repos\Proconenct\Proconenct.csproj]
C:\Users\Miguel\source\repos\Proconenct\Controllers\BookingController.cs(394,45): warning CS0436: El tipo 'BookingDto' de 'C:\Users\Miguel\source\repos\Proconenct\ProConnect.Application\DTOs\BookingDto.cs' est├í en conflicto con el tipo importado 'BookingDto' de 'ProConnect.Application, Version=0.0.0.0, Culture=neutral, PublicKeyToken=null'. Se usar├í el tipo definido en 'C:\Users\Miguel\source\repos\Proconenct\ProConnect.Application\DTOs\BookingDto.cs'. [C:\Users\Miguel\source\repos\Proconenct\Proconenct.csproj]
C:\Users\Miguel\source\repos\Proconenct\Controllers\BookingController.cs(18,26): warning CS0436: El tipo 'IBookingService' de 'C:\Users\Miguel\source\repos\Proconenct\ProConnect.Application\Interfaces\IBookingService.cs' est├í en conflicto con el tipo importado 'IBookingService' de 'ProConnect.Application, Version=0.0.0.0, Culture=neutral, PublicKeyToken=null'. Se usar├í el tipo definido en 'C:\Users\Miguel\source\repos\Proconenct\ProConnect.Application\Interfaces\IBookingService.cs'. [C:\Users\Miguel\source\repos\Proconenct\Proconenct.csproj]
C:\Users\Miguel\source\repos\Proconenct\Controllers\BookingController.cs(21,34): warning CS0436: El tipo 'IBookingService' de 'C:\Users\Miguel\source\repos\Proconenct\ProConnect.Application\Interfaces\IBookingService.cs' est├í en conflicto con el tipo importado 'IBookingService' de 'ProConnect.Application, Version=0.0.0.0, Culture=neutral, PublicKeyToken=null'. Se usar├í el tipo definido en 'C:\Users\Miguel\source\repos\Proconenct\ProConnect.Application\Interfaces\IBookingService.cs'. [C:\Users\Miguel\source\repos\Proconenct\Proconenct.csproj]
C:\Users\Miguel\source\repos\Proconenct\Pages\booking\Confirmation.cshtml.cs(35,16): warning CS0436: El tipo 'BookingDto' de 'C:\Users\Miguel\source\repos\Proconenct\ProConnect.Application\DTOs\BookingDto.cs' est├í en conflicto con el tipo importado 'BookingDto' de 'ProConnect.Application, Version=0.0.0.0, Culture=neutral, PublicKeyToken=null'. Se usar├í el tipo definido en 'C:\Users\Miguel\source\repos\Proconenct\ProConnect.Application\DTOs\BookingDto.cs'. [C:\Users\Miguel\source\repos\Proconenct\Proconenct.csproj]
C:\Users\Miguel\source\repos\Proconenct\Pages\booking\Confirmation.cshtml.cs(36,16): warning CS0436: El tipo 'ProfessionalProfileResponseDto' de 'C:\Users\Miguel\source\repos\Proconenct\ProConnect.Application\DTOs\ProfessionalProfileResponseDto.cs' est├í en conflicto con el tipo importado 'ProfessionalProfileResponseDto' de 'ProConnect.Application, Version=0.0.0.0, Culture=neutral, PublicKeyToken=null'. Se usar├í el tipo definido en 'C:\Users\Miguel\source\repos\Proconenct\ProConnect.Application\DTOs\ProfessionalProfileResponseDto.cs'. [C:\Users\Miguel\source\repos\Proconenct\Proconenct.csproj]
C:\Users\Miguel\source\repos\Proconenct\Controllers\BookingController.cs(46,38): warning CS0436: El tipo 'BookingDto' de 'C:\Users\Miguel\source\repos\Proconenct\ProConnect.Application\DTOs\BookingDto.cs' est├í en conflicto con el tipo importado 'BookingDto' de 'ProConnect.Application, Version=0.0.0.0, Culture=neutral, PublicKeyToken=null'. Se usar├í el tipo definido en 'C:\Users\Miguel\source\repos\Proconenct\ProConnect.Application\DTOs\BookingDto.cs'. [C:\Users\Miguel\source\repos\Proconenct\Proconenct.csproj]
C:\Users\Miguel\source\repos\Proconenct\Pages\booking\Confirmation.cshtml.cs(18,26): warning CS0436: El tipo 'IBookingService' de 'C:\Users\Miguel\source\repos\Proconenct\ProConnect.Application\Interfaces\IBookingService.cs' est├í en conflicto con el tipo importado 'IBookingService' de 'ProConnect.Application, Version=0.0.0.0, Culture=neutral, PublicKeyToken=null'. Se usar├í el tipo definido en 'C:\Users\Miguel\source\repos\Proconenct\ProConnect.Application\Interfaces\IBookingService.cs'. [C:\Users\Miguel\source\repos\Proconenct\Proconenct.csproj]
C:\Users\Miguel\source\repos\Proconenct\Pages\auth\Profile.cshtml.cs(13,26): warning CS0436: El tipo 'IAuthService' de 'C:\Users\Miguel\source\repos\Proconenct\ProConnect.Application\Interfaces\IAuthService.cs' est├í en conflicto con el tipo importado 'IAuthService' de 'ProConnect.Application, Version=0.0.0.0, Culture=neutral, PublicKeyToken=null'. Se usar├í el tipo definido en 'C:\Users\Miguel\source\repos\Proconenct\ProConnect.Application\Interfaces\IAuthService.cs'. [C:\Users\Miguel\source\repos\Proconenct\Proconenct.csproj]
C:\Users\Miguel\source\repos\Proconenct\Pages\auth\Profile.cshtml.cs(31,29): warning CS0436: El tipo 'IAuthService' de 'C:\Users\Miguel\source\repos\Proconenct\ProConnect.Application\Interfaces\IAuthService.cs' est├í en conflicto con el tipo importado 'IAuthService' de 'ProConnect.Application, Version=0.0.0.0, Culture=neutral, PublicKeyToken=null'. Se usar├í el tipo definido en 'C:\Users\Miguel\source\repos\Proconenct\ProConnect.Application\Interfaces\IAuthService.cs'. [C:\Users\Miguel\source\repos\Proconenct\Proconenct.csproj]
C:\Users\Miguel\source\repos\Proconenct\Pages\booking\Confirmation.cshtml.cs(19,26): warning CS0436: El tipo 'IProfessionalProfileService' de 'C:\Users\Miguel\source\repos\Proconenct\ProConnect.Application\Interfaces\IProfessionalProfileService.cs' est├í en conflicto con el tipo importado 'IProfessionalProfileService' de 'ProConnect.Application, Version=0.0.0.0, Culture=neutral, PublicKeyToken=null'. Se usar├í el tipo definido en 'C:\Users\Miguel\source\repos\Proconenct\ProConnect.Application\Interfaces\IProfessionalProfileService.cs'. [C:\Users\Miguel\source\repos\Proconenct\Proconenct.csproj]
C:\Users\Miguel\source\repos\Proconenct\Controllers\BookingController.cs(85,38): warning CS0436: El tipo 'BookingDto' de 'C:\Users\Miguel\source\repos\Proconenct\ProConnect.Application\DTOs\BookingDto.cs' est├í en conflicto con el tipo importado 'BookingDto' de 'ProConnect.Application, Version=0.0.0.0, Culture=neutral, PublicKeyToken=null'. Se usar├í el tipo definido en 'C:\Users\Miguel\source\repos\Proconenct\ProConnect.Application\DTOs\BookingDto.cs'. [C:\Users\Miguel\source\repos\Proconenct\Proconenct.csproj]
C:\Users\Miguel\source\repos\Proconenct\Pages\booking\Confirmation.cshtml.cs(23,13): warning CS0436: El tipo 'IBookingService' de 'C:\Users\Miguel\source\repos\Proconenct\ProConnect.Application\Interfaces\IBookingService.cs' est├í en conflicto con el tipo importado 'IBookingService' de 'ProConnect.Application, Version=0.0.0.0, Culture=neutral, PublicKeyToken=null'. Se usar├í el tipo definido en 'C:\Users\Miguel\source\repos\Proconenct\ProConnect.Application\Interfaces\IBookingService.cs'. [C:\Users\Miguel\source\repos\Proconenct\Proconenct.csproj]
C:\Users\Miguel\source\repos\Proconenct\Pages\booking\Confirmation.cshtml.cs(24,13): warning CS0436: El tipo 'IProfessionalProfileService' de 'C:\Users\Miguel\source\repos\Proconenct\ProConnect.Application\Interfaces\IProfessionalProfileService.cs' est├í en conflicto con el tipo importado 'IProfessionalProfileService' de 'ProConnect.Application, Version=0.0.0.0, Culture=neutral, PublicKeyToken=null'. Se usar├í el tipo definido en 'C:\Users\Miguel\source\repos\Proconenct\ProConnect.Application\Interfaces\IProfessionalProfileService.cs'. [C:\Users\Miguel\source\repos\Proconenct\Proconenct.csproj]
C:\Users\Miguel\source\repos\Proconenct\Controllers\BookingController.cs(122,43): warning CS0436: El tipo 'BookingDto' de 'C:\Users\Miguel\source\repos\Proconenct\ProConnect.Application\DTOs\BookingDto.cs' est├í en conflicto con el tipo importado 'BookingDto' de 'ProConnect.Application, Version=0.0.0.0, Culture=neutral, PublicKeyToken=null'. Se usar├í el tipo definido en 'C:\Users\Miguel\source\repos\Proconenct\ProConnect.Application\DTOs\BookingDto.cs'. [C:\Users\Miguel\source\repos\Proconenct\Proconenct.csproj]
C:\Users\Miguel\source\repos\Proconenct\Pages\auth\Register.cshtml.cs(11,26): warning CS0436: El tipo 'IAuthService' de 'C:\Users\Miguel\source\repos\Proconenct\ProConnect.Application\Interfaces\IAuthService.cs' est├í en conflicto con el tipo importado 'IAuthService' de 'ProConnect.Application, Version=0.0.0.0, Culture=neutral, PublicKeyToken=null'. Se usar├í el tipo definido en 'C:\Users\Miguel\source\repos\Proconenct\ProConnect.Application\Interfaces\IAuthService.cs'. [C:\Users\Miguel\source\repos\Proconenct\Proconenct.csproj]
C:\Users\Miguel\source\repos\Proconenct\Pages\auth\Register.cshtml.cs(37,30): warning CS0436: El tipo 'IAuthService' de 'C:\Users\Miguel\source\repos\Proconenct\ProConnect.Application\Interfaces\IAuthService.cs' est├í en conflicto con el tipo importado 'IAuthService' de 'ProConnect.Application, Version=0.0.0.0, Culture=neutral, PublicKeyToken=null'. Se usar├í el tipo definido en 'C:\Users\Miguel\source\repos\Proconenct\ProConnect.Application\Interfaces\IAuthService.cs'. [C:\Users\Miguel\source\repos\Proconenct\Proconenct.csproj]
C:\Users\Miguel\source\repos\Proconenct\Pages\booking\Index.cshtml.cs(33,16): warning CS0436: El tipo 'ProfessionalProfileResponseDto' de 'C:\Users\Miguel\source\repos\Proconenct\ProConnect.Application\DTOs\ProfessionalProfileResponseDto.cs' est├í en conflicto con el tipo importado 'ProfessionalProfileResponseDto' de 'ProConnect.Application, Version=0.0.0.0, Culture=neutral, PublicKeyToken=null'. Se usar├í el tipo definido en 'C:\Users\Miguel\source\repos\Proconenct\ProConnect.Application\DTOs\ProfessionalProfileResponseDto.cs'. [C:\Users\Miguel\source\repos\Proconenct\Proconenct.csproj]
C:\Users\Miguel\source\repos\Proconenct\Controllers\BookingController.cs(148,43): warning CS0436: El tipo 'BookingDto' de 'C:\Users\Miguel\source\repos\Proconenct\ProConnect.Application\DTOs\BookingDto.cs' est├í en conflicto con el tipo importado 'BookingDto' de 'ProConnect.Application, Version=0.0.0.0, Culture=neutral, PublicKeyToken=null'. Se usar├í el tipo definido en 'C:\Users\Miguel\source\repos\Proconenct\ProConnect.Application\DTOs\BookingDto.cs'. [C:\Users\Miguel\source\repos\Proconenct\Proconenct.csproj]
C:\Users\Miguel\source\repos\Proconenct\Pages\booking\Index.cshtml.cs(34,16): warning CS0436: El tipo 'UserProfileDto' de 'C:\Users\Miguel\source\repos\Proconenct\ProConnect.Application\DTOs\UserProfileDto.cs' est├í en conflicto con el tipo importado 'UserProfileDto' de 'ProConnect.Application, Version=0.0.0.0, Culture=neutral, PublicKeyToken=null'. Se usar├í el tipo definido en 'C:\Users\Miguel\source\repos\Proconenct\ProConnect.Application\DTOs\UserProfileDto.cs'. [C:\Users\Miguel\source\repos\Proconenct\Proconenct.csproj]
C:\Users\Miguel\source\repos\Proconenct\Pages\booking\Index.cshtml.cs(16,26): warning CS0436: El tipo 'IProfessionalProfileService' de 'C:\Users\Miguel\source\repos\Proconenct\ProConnect.Application\Interfaces\IProfessionalProfileService.cs' est├í en conflicto con el tipo importado 'IProfessionalProfileService' de 'ProConnect.Application, Version=0.0.0.0, Culture=neutral, PublicKeyToken=null'. Se usar├í el tipo definido en 'C:\Users\Miguel\source\repos\Proconenct\ProConnect.Application\Interfaces\IProfessionalProfileService.cs'. [C:\Users\Miguel\source\repos\Proconenct\Proconenct.csproj]
C:\Users\Miguel\source\repos\Proconenct\Controllers\BookingController.cs(183,38): warning CS0436: El tipo 'BookingDto' de 'C:\Users\Miguel\source\repos\Proconenct\ProConnect.Application\DTOs\BookingDto.cs' est├í en conflicto con el tipo importado 'BookingDto' de 'ProConnect.Application, Version=0.0.0.0, Culture=neutral, PublicKeyToken=null'. Se usar├í el tipo definido en 'C:\Users\Miguel\source\repos\Proconenct\ProConnect.Application\DTOs\BookingDto.cs'. [C:\Users\Miguel\source\repos\Proconenct\Proconenct.csproj]
C:\Users\Miguel\source\repos\Proconenct\Pages\booking\Index.cshtml.cs(17,26): warning CS0436: El tipo 'IUserService' de 'C:\Users\Miguel\source\repos\Proconenct\ProConnect.Application\Interfaces\IUserService.cs' est├í en conflicto con el tipo importado 'IUserService' de 'ProConnect.Application, Version=0.0.0.0, Culture=neutral, PublicKeyToken=null'. Se usar├í el tipo definido en 'C:\Users\Miguel\source\repos\Proconenct\ProConnect.Application\Interfaces\IUserService.cs'. [C:\Users\Miguel\source\repos\Proconenct\Proconenct.csproj]
C:\Users\Miguel\source\repos\Proconenct\Controllers\AuthorizeRolesAttribute.cs(13,26): warning CS0436: El tipo 'UserType' de 'C:\Users\Miguel\source\repos\Proconenct\ProConnect.Core\Entities\User.cs' est├í en conflicto con el tipo importado 'UserType' de 'ProConnect.Core, Version=0.0.0.0, Culture=neutral, PublicKeyToken=null'. Se usar├í el tipo definido en 'C:\Users\Miguel\source\repos\Proconenct\ProConnect.Core\Entities\User.cs'. [C:\Users\Miguel\source\repos\Proconenct\Proconenct.csproj]
C:\Users\Miguel\source\repos\Proconenct\Pages\Dashboard.cshtml.cs(11,26): warning CS0436: El tipo 'IAuthService' de 'C:\Users\Miguel\source\repos\Proconenct\ProConnect.Application\Interfaces\IAuthService.cs' est├í en conflicto con el tipo importado 'IAuthService' de 'ProConnect.Application, Version=0.0.0.0, Culture=neutral, PublicKeyToken=null'. Se usar├í el tipo definido en 'C:\Users\Miguel\source\repos\Proconenct\ProConnect.Application\Interfaces\IAuthService.cs'. [C:\Users\Miguel\source\repos\Proconenct\Proconenct.csproj]
C:\Users\Miguel\source\repos\Proconenct\Pages\booking\Index.cshtml.cs(21,13): warning CS0436: El tipo 'IProfessionalProfileService' de 'C:\Users\Miguel\source\repos\Proconenct\ProConnect.Application\Interfaces\IProfessionalProfileService.cs' est├í en conflicto con el tipo importado 'IProfessionalProfileService' de 'ProConnect.Application, Version=0.0.0.0, Culture=neutral, PublicKeyToken=null'. Se usar├í el tipo definido en 'C:\Users\Miguel\source\repos\Proconenct\ProConnect.Application\Interfaces\IProfessionalProfileService.cs'. [C:\Users\Miguel\source\repos\Proconenct\Proconenct.csproj]
C:\Users\Miguel\source\repos\Proconenct\Pages\booking\Index.cshtml.cs(22,13): warning CS0436: El tipo 'IUserService' de 'C:\Users\Miguel\source\repos\Proconenct\ProConnect.Application\Interfaces\IUserService.cs' est├í en conflicto con el tipo importado 'IUserService' de 'ProConnect.Application, Version=0.0.0.0, Culture=neutral, PublicKeyToken=null'. Se usar├í el tipo definido en 'C:\Users\Miguel\source\repos\Proconenct\ProConnect.Application\Interfaces\IUserService.cs'. [C:\Users\Miguel\source\repos\Proconenct\Proconenct.csproj]
C:\Users\Miguel\source\repos\Proconenct\Pages\Dashboard.cshtml.cs(20,31): warning CS0436: El tipo 'IAuthService' de 'C:\Users\Miguel\source\repos\Proconenct\ProConnect.Application\Interfaces\IAuthService.cs' est├í en conflicto con el tipo importado 'IAuthService' de 'ProConnect.Application, Version=0.0.0.0, Culture=neutral, PublicKeyToken=null'. Se usar├í el tipo definido en 'C:\Users\Miguel\source\repos\Proconenct\ProConnect.Application\Interfaces\IAuthService.cs'. [C:\Users\Miguel\source\repos\Proconenct\Proconenct.csproj]
C:\Users\Miguel\source\repos\Proconenct\Controllers\AuthorizeRolesAttribute.cs(15,47): warning CS0436: El tipo 'UserType' de 'C:\Users\Miguel\source\repos\Proconenct\ProConnect.Core\Entities\User.cs' est├í en conflicto con el tipo importado 'UserType' de 'ProConnect.Core, Version=0.0.0.0, Culture=neutral, PublicKeyToken=null'. Se usar├í el tipo definido en 'C:\Users\Miguel\source\repos\Proconenct\ProConnect.Core\Entities\User.cs'. [C:\Users\Miguel\source\repos\Proconenct\Proconenct.csproj]
C:\Users\Miguel\source\repos\Proconenct\ProConnect.Application\DTOs\AuthResponseDto.cs(13,16): warning CS0436: El tipo 'UserType' de 'C:\Users\Miguel\source\repos\Proconenct\ProConnect.Core\Entities\User.cs' est├í en conflicto con el tipo importado 'UserType' de 'ProConnect.Core, Version=0.0.0.0, Culture=neutral, PublicKeyToken=null'. Se usar├í el tipo definido en 'C:\Users\Miguel\source\repos\Proconenct\ProConnect.Core\Entities\User.cs'. [C:\Users\Miguel\source\repos\Proconenct\Proconenct.csproj]
C:\Users\Miguel\source\repos\Proconenct\ProConnect.Application\DTOs\BookingDto.cs(19,16): warning CS0436: El tipo 'MeetingDetailsDto' de 'C:\Users\Miguel\source\repos\Proconenct\ProConnect.Application\DTOs\BookingDto.cs' est├í en conflicto con el tipo importado 'MeetingDetailsDto' de 'ProConnect.Application, Version=0.0.0.0, Culture=neutral, PublicKeyToken=null'. Se usar├í el tipo definido en 'C:\Users\Miguel\source\repos\Proconenct\ProConnect.Application\DTOs\BookingDto.cs'. [C:\Users\Miguel\source\repos\Proconenct\Proconenct.csproj]
C:\Users\Miguel\source\repos\Proconenct\Controllers\SearchController.cs(13,26): warning CS0436: El tipo 'IProfessionalSearchService' de 'C:\Users\Miguel\source\repos\Proconenct\ProConnect.Application\Interfaces\IProfessionalSearchService.cs' est├í en conflicto con el tipo importado 'IProfessionalSearchService' de 'ProConnect.Application, Version=0.0.0.0, Culture=neutral, PublicKeyToken=null'. Se usar├í el tipo definido en 'C:\Users\Miguel\source\repos\Proconenct\ProConnect.Application\Interfaces\IProfessionalSearchService.cs'. [C:\Users\Miguel\source\repos\Proconenct\Proconenct.csproj]
C:\Users\Miguel\source\repos\Proconenct\Controllers\BookingController.cs(391,43): warning CS0436: El tipo 'BookingDto' de 'C:\Users\Miguel\source\repos\Proconenct\ProConnect.Application\DTOs\BookingDto.cs' est├í en conflicto con el tipo importado 'BookingDto' de 'ProConnect.Application, Version=0.0.0.0, Culture=neutral, PublicKeyToken=null'. Se usar├í el tipo definido en 'C:\Users\Miguel\source\repos\Proconenct\ProConnect.Application\DTOs\BookingDto.cs'. [C:\Users\Miguel\source\repos\Proconenct\Proconenct.csproj]
C:\Users\Miguel\source\repos\Proconenct\Controllers\SearchController.cs(16,33): warning CS0436: El tipo 'IProfessionalSearchService' de 'C:\Users\Miguel\source\repos\Proconenct\ProConnect.Application\Interfaces\IProfessionalSearchService.cs' est├í en conflicto con el tipo importado 'IProfessionalSearchService' de 'ProConnect.Application, Version=0.0.0.0, Culture=neutral, PublicKeyToken=null'. Se usar├í el tipo definido en 'C:\Users\Miguel\source\repos\Proconenct\ProConnect.Application\Interfaces\IProfessionalSearchService.cs'. [C:\Users\Miguel\source\repos\Proconenct\Proconenct.csproj]
C:\Users\Miguel\source\repos\Proconenct\Pages\ProfessionalProfile.cshtml.cs(20,16): warning CS0436: El tipo 'CreateProfessionalProfileDto' de 'C:\Users\Miguel\source\repos\Proconenct\ProConnect.Application\DTOs\CreateProfessionalProfileDto.cs' est├í en conflicto con el tipo importado 'CreateProfessionalProfileDto' de 'ProConnect.Application, Version=0.0.0.0, Culture=neutral, PublicKeyToken=null'. Se usar├í el tipo definido en 'C:\Users\Miguel\source\repos\Proconenct\ProConnect.Application\DTOs\CreateProfessionalProfileDto.cs'. [C:\Users\Miguel\source\repos\Proconenct\Proconenct.csproj]
C:\Users\Miguel\source\repos\Proconenct\Pages\ProfessionalProfile.cshtml.cs(23,16): warning CS0436: El tipo 'UpdateProfessionalProfileDto' de 'C:\Users\Miguel\source\repos\Proconenct\ProConnect.Application\DTOs\UpdateProfessionalProfileDto.cs' est├í en conflicto con el tipo importado 'UpdateProfessionalProfileDto' de 'ProConnect.Application, Version=0.0.0.0, Culture=neutral, PublicKeyToken=null'. Se usar├í el tipo definido en 'C:\Users\Miguel\source\repos\Proconenct\ProConnect.Application\DTOs\UpdateProfessionalProfileDto.cs'. [C:\Users\Miguel\source\repos\Proconenct\Proconenct.csproj]
C:\Users\Miguel\source\repos\Proconenct\Pages\ProfessionalProfile.cshtml.cs(35,16): warning CS0436: El tipo 'ProfessionalProfileResponseDto' de 'C:\Users\Miguel\source\repos\Proconenct\ProConnect.Application\DTOs\ProfessionalProfileResponseDto.cs' est├í en conflicto con el tipo importado 'ProfessionalProfileResponseDto' de 'ProConnect.Application, Version=0.0.0.0, Culture=neutral, PublicKeyToken=null'. Se usar├í el tipo definido en 'C:\Users\Miguel\source\repos\Proconenct\ProConnect.Application\DTOs\ProfessionalProfileResponseDto.cs'. [C:\Users\Miguel\source\repos\Proconenct\Proconenct.csproj]
C:\Users\Miguel\source\repos\Proconenct\Controllers\ProfessionalAvailabilityController.cs(16,26): warning CS0436: El tipo 'IProfessionalProfileService' de 'C:\Users\Miguel\source\repos\Proconenct\ProConnect.Application\Interfaces\IProfessionalProfileService.cs' est├í en conflicto con el tipo importado 'IProfessionalProfileService' de 'ProConnect.Application, Version=0.0.0.0, Culture=neutral, PublicKeyToken=null'. Se usar├í el tipo definido en 'C:\Users\Miguel\source\repos\Proconenct\ProConnect.Application\Interfaces\IProfessionalProfileService.cs'. [C:\Users\Miguel\source\repos\Proconenct\Proconenct.csproj]
C:\Users\Miguel\source\repos\Proconenct\Controllers\ProfessionalAvailabilityController.cs(17,26): warning CS0436: El tipo 'IBookingService' de 'C:\Users\Miguel\source\repos\Proconenct\ProConnect.Application\Interfaces\IBookingService.cs' est├í en conflicto con el tipo importado 'IBookingService' de 'ProConnect.Application, Version=0.0.0.0, Culture=neutral, PublicKeyToken=null'. Se usar├í el tipo definido en 'C:\Users\Miguel\source\repos\Proconenct\ProConnect.Application\Interfaces\IBookingService.cs'. [C:\Users\Miguel\source\repos\Proconenct\Proconenct.csproj]
C:\Users\Miguel\source\repos\Proconenct\Pages\ProfessionalProfile.cshtml.cs(12,26): warning CS0436: El tipo 'IProfessionalProfileService' de 'C:\Users\Miguel\source\repos\Proconenct\ProConnect.Application\Interfaces\IProfessionalProfileService.cs' est├í en conflicto con el tipo importado 'IProfessionalProfileService' de 'ProConnect.Application, Version=0.0.0.0, Culture=neutral, PublicKeyToken=null'. Se usar├í el tipo definido en 'C:\Users\Miguel\source\repos\Proconenct\ProConnect.Application\Interfaces\IProfessionalProfileService.cs'. [C:\Users\Miguel\source\repos\Proconenct\Proconenct.csproj]
C:\Users\Miguel\source\repos\Proconenct\Pages\ProfessionalProfile.cshtml.cs(14,41): warning CS0436: El tipo 'IProfessionalProfileService' de 'C:\Users\Miguel\source\repos\Proconenct\ProConnect.Application\Interfaces\IProfessionalProfileService.cs' est├í en conflicto con el tipo importado 'IProfessionalProfileService' de 'ProConnect.Application, Version=0.0.0.0, Culture=neutral, PublicKeyToken=null'. Se usar├í el tipo definido en 'C:\Users\Miguel\source\repos\Proconenct\ProConnect.Application\Interfaces\IProfessionalProfileService.cs'. [C:\Users\Miguel\source\repos\Proconenct\Proconenct.csproj]
C:\Users\Miguel\source\repos\Proconenct\Controllers\ProfessionalAvailabilityController.cs(21,13): warning CS0436: El tipo 'IProfessionalProfileService' de 'C:\Users\Miguel\source\repos\Proconenct\ProConnect.Application\Interfaces\IProfessionalProfileService.cs' est├í en conflicto con el tipo importado 'IProfessionalProfileService' de 'ProConnect.Application, Version=0.0.0.0, Culture=neutral, PublicKeyToken=null'. Se usar├í el tipo definido en 'C:\Users\Miguel\source\repos\Proconenct\ProConnect.Application\Interfaces\IProfessionalProfileService.cs'. [C:\Users\Miguel\source\repos\Proconenct\Proconenct.csproj]
C:\Users\Miguel\source\repos\Proconenct\Controllers\ProfessionalAvailabilityController.cs(22,13): warning CS0436: El tipo 'IBookingService' de 'C:\Users\Miguel\source\repos\Proconenct\ProConnect.Application\Interfaces\IBookingService.cs' est├í en conflicto con el tipo importado 'IBookingService' de 'ProConnect.Application, Version=0.0.0.0, Culture=neutral, PublicKeyToken=null'. Se usar├í el tipo definido en 'C:\Users\Miguel\source\repos\Proconenct\ProConnect.Application\Interfaces\IBookingService.cs'. [C:\Users\Miguel\source\repos\Proconenct\Proconenct.csproj]
C:\Users\Miguel\source\repos\Proconenct\Pages\profiles\Detail.cshtml.cs(26,16): warning CS0436: El tipo 'ProfessionalProfileResponseDto' de 'C:\Users\Miguel\source\repos\Proconenct\ProConnect.Application\DTOs\ProfessionalProfileResponseDto.cs' est├í en conflicto con el tipo importado 'ProfessionalProfileResponseDto' de 'ProConnect.Application, Version=0.0.0.0, Culture=neutral, PublicKeyToken=null'. Se usar├í el tipo definido en 'C:\Users\Miguel\source\repos\Proconenct\ProConnect.Application\DTOs\ProfessionalProfileResponseDto.cs'. [C:\Users\Miguel\source\repos\Proconenct\Proconenct.csproj]
C:\Users\Miguel\source\repos\Proconenct\Pages\profiles\Detail.cshtml.cs(27,21): warning CS0436: El tipo 'PortfolioFileDto' de 'C:\Users\Miguel\source\repos\Proconenct\ProConnect.Application\DTOs\PortfolioFileDto.cs' est├í en conflicto con el tipo importado 'PortfolioFileDto' de 'ProConnect.Application, Version=0.0.0.0, Culture=neutral, PublicKeyToken=null'. Se usar├í el tipo definido en 'C:\Users\Miguel\source\repos\Proconenct\ProConnect.Application\DTOs\PortfolioFileDto.cs'. [C:\Users\Miguel\source\repos\Proconenct\Proconenct.csproj]
C:\Users\Miguel\source\repos\Proconenct\Pages\profiles\Detail.cshtml.cs(28,21): warning CS0436: El tipo 'ProfessionalRecommendationDto' de 'C:\Users\Miguel\source\repos\Proconenct\ProConnect.Application\DTOs\ProfessionalRecommendationDto.cs' est├í en conflicto con el tipo importado 'ProfessionalRecommendationDto' de 'ProConnect.Application, Version=0.0.0.0, Culture=neutral, PublicKeyToken=null'. Se usar├í el tipo definido en 'C:\Users\Miguel\source\repos\Proconenct\ProConnect.Application\DTOs\ProfessionalRecommendationDto.cs'. [C:\Users\Miguel\source\repos\Proconenct\Proconenct.csproj]
C:\Users\Miguel\source\repos\Proconenct\Controllers\AuthController.cs(163,25): warning CS0436: El tipo 'UserType' de 'C:\Users\Miguel\source\repos\Proconenct\ProConnect.Core\Entities\User.cs' est├í en conflicto con el tipo importado 'UserType' de 'ProConnect.Core, Version=0.0.0.0, Culture=neutral, PublicKeyToken=null'. Se usar├í el tipo definido en 'C:\Users\Miguel\source\repos\Proconenct\ProConnect.Core\Entities\User.cs'. [C:\Users\Miguel\source\repos\Proconenct\Proconenct.csproj]
C:\Users\Miguel\source\repos\Proconenct\Pages\profiles\Detail.cshtml.cs(14,26): warning CS0436: El tipo 'IProfessionalProfileService' de 'C:\Users\Miguel\source\repos\Proconenct\ProConnect.Application\Interfaces\IProfessionalProfileService.cs' est├í en conflicto con el tipo importado 'IProfessionalProfileService' de 'ProConnect.Application, Version=0.0.0.0, Culture=neutral, PublicKeyToken=null'. Se usar├í el tipo definido en 'C:\Users\Miguel\source\repos\Proconenct\ProConnect.Application\Interfaces\IProfessionalProfileService.cs'. [C:\Users\Miguel\source\repos\Proconenct\Proconenct.csproj]
C:\Users\Miguel\source\repos\Proconenct\Pages\profiles\Detail.cshtml.cs(15,26): warning CS0436: El tipo 'IPortfolioService' de 'C:\Users\Miguel\source\repos\Proconenct\ProConnect.Application\Interfaces\IPortfolioService.cs' est├í en conflicto con el tipo importado 'IPortfolioService' de 'ProConnect.Application, Version=0.0.0.0, Culture=neutral, PublicKeyToken=null'. Se usar├í el tipo definido en 'C:\Users\Miguel\source\repos\Proconenct\ProConnect.Application\Interfaces\IPortfolioService.cs'. [C:\Users\Miguel\source\repos\Proconenct\Proconenct.csproj]
C:\Users\Miguel\source\repos\Proconenct\Pages\profiles\Detail.cshtml.cs(17,28): warning CS0436: El tipo 'IProfessionalProfileService' de 'C:\Users\Miguel\source\repos\Proconenct\ProConnect.Application\Interfaces\IProfessionalProfileService.cs' est├í en conflicto con el tipo importado 'IProfessionalProfileService' de 'ProConnect.Application, Version=0.0.0.0, Culture=neutral, PublicKeyToken=null'. Se usar├í el tipo definido en 'C:\Users\Miguel\source\repos\Proconenct\ProConnect.Application\Interfaces\IProfessionalProfileService.cs'. [C:\Users\Miguel\source\repos\Proconenct\Proconenct.csproj]
C:\Users\Miguel\source\repos\Proconenct\Pages\profiles\Detail.cshtml.cs(17,72): warning CS0436: El tipo 'IPortfolioService' de 'C:\Users\Miguel\source\repos\Proconenct\ProConnect.Application\Interfaces\IPortfolioService.cs' est├í en conflicto con el tipo importado 'IPortfolioService' de 'ProConnect.Application, Version=0.0.0.0, Culture=neutral, PublicKeyToken=null'. Se usar├í el tipo definido en 'C:\Users\Miguel\source\repos\Proconenct\ProConnect.Application\Interfaces\IPortfolioService.cs'. [C:\Users\Miguel\source\repos\Proconenct\Proconenct.csproj]
C:\Users\Miguel\source\repos\Proconenct\Controllers\ProfessionalProfileController.cs(40,67): warning CS0436: El tipo 'CreateProfessionalProfileDto' de 'C:\Users\Miguel\source\repos\Proconenct\ProConnect.Application\DTOs\CreateProfessionalProfileDto.cs' est├í en conflicto con el tipo importado 'CreateProfessionalProfileDto' de 'ProConnect.Application, Version=0.0.0.0, Culture=neutral, PublicKeyToken=null'. Se usar├í el tipo definido en 'C:\Users\Miguel\source\repos\Proconenct\ProConnect.Application\DTOs\CreateProfessionalProfileDto.cs'. [C:\Users\Miguel\source\repos\Proconenct\Proconenct.csproj]
C:\Users\Miguel\source\repos\Proconenct\Controllers\ProfessionalProfileController.cs(112,69): warning CS0436: El tipo 'UpdateProfessionalProfileDto' de 'C:\Users\Miguel\source\repos\Proconenct\ProConnect.Application\DTOs\UpdateProfessionalProfileDto.cs' est├í en conflicto con el tipo importado 'UpdateProfessionalProfileDto' de 'ProConnect.Application, Version=0.0.0.0, Culture=neutral, PublicKeyToken=null'. Se usar├í el tipo definido en 'C:\Users\Miguel\source\repos\Proconenct\ProConnect.Application\DTOs\UpdateProfessionalProfileDto.cs'. [C:\Users\Miguel\source\repos\Proconenct\Proconenct.csproj]
C:\Users\Miguel\source\repos\Proconenct\ProConnect.Application\DTOs\CreateProfessionalProfileDto.cs(55,16): warning CS0436: El tipo 'AvailabilityScheduleDto' de 'C:\Users\Miguel\source\repos\Proconenct\ProConnect.Application\DTOs\Shared\CommonDtos.cs' est├í en conflicto con el tipo importado 'AvailabilityScheduleDto' de 'ProConnect.Application, Version=0.0.0.0, Culture=neutral, PublicKeyToken=null'. Se usar├í el tipo definido en 'C:\Users\Miguel\source\repos\Proconenct\ProConnect.Application\DTOs\Shared\CommonDtos.cs'. [C:\Users\Miguel\source\repos\Proconenct\Proconenct.csproj]
C:\Users\Miguel\source\repos\Proconenct\Controllers\ProfessionalProfileController.cs(158,80): warning CS0436: El tipo 'AvailabilityScheduleDto' de 'C:\Users\Miguel\source\repos\Proconenct\ProConnect.Application\DTOs\Shared\CommonDtos.cs' est├í en conflicto con el tipo importado 'AvailabilityScheduleDto' de 'ProConnect.Application, Version=0.0.0.0, Culture=neutral, PublicKeyToken=null'. Se usar├í el tipo definido en 'C:\Users\Miguel\source\repos\Proconenct\ProConnect.Application\DTOs\Shared\CommonDtos.cs'. [C:\Users\Miguel\source\repos\Proconenct\Proconenct.csproj]
C:\Users\Miguel\source\repos\Proconenct\Pages\profiles\Index.cshtml.cs(47,16): warning CS0436: El tipo 'PagedResultDto<T>' de 'C:\Users\Miguel\source\repos\Proconenct\ProConnect.Application\DTOs\Shared\PagedResultDto.cs' est├í en conflicto con el tipo importado 'PagedResultDto<T>' de 'ProConnect.Application, Version=0.0.0.0, Culture=neutral, PublicKeyToken=null'. Se usar├í el tipo definido en 'C:\Users\Miguel\source\repos\Proconenct\ProConnect.Application\DTOs\Shared\PagedResultDto.cs'. [C:\Users\Miguel\source\repos\Proconenct\Proconenct.csproj]
C:\Users\Miguel\source\repos\Proconenct\Pages\profiles\Index.cshtml.cs(47,31): warning CS0436: El tipo 'ProfessionalSearchResultDto' de 'C:\Users\Miguel\source\repos\Proconenct\ProConnect.Application\DTOs\ProfessionalSearchResultDto.cs' est├í en conflicto con el tipo importado 'ProfessionalSearchResultDto' de 'ProConnect.Application, Version=0.0.0.0, Culture=neutral, PublicKeyToken=null'. Se usar├í el tipo definido en 'C:\Users\Miguel\source\repos\Proconenct\ProConnect.Application\DTOs\ProfessionalSearchResultDto.cs'. [C:\Users\Miguel\source\repos\Proconenct\Proconenct.csproj]
C:\Users\Miguel\source\repos\Proconenct\Controllers\ProfessionalProfileController.cs(184,74): warning CS0436: El tipo 'CreateAvailabilityBlockDto' de 'C:\Users\Miguel\source\repos\Proconenct\ProConnect.Application\DTOs\Shared\CommonDtos.cs' est├í en conflicto con el tipo importado 'CreateAvailabilityBlockDto' de 'ProConnect.Application, Version=0.0.0.0, Culture=neutral, PublicKeyToken=null'. Se usar├í el tipo definido en 'C:\Users\Miguel\source\repos\Proconenct\ProConnect.Application\DTOs\Shared\CommonDtos.cs'. [C:\Users\Miguel\source\repos\Proconenct\Proconenct.csproj]
C:\Users\Miguel\source\repos\Proconenct\Pages\profiles\Index.cshtml.cs(16,26): warning CS0436: El tipo 'IProfessionalSearchService' de 'C:\Users\Miguel\source\repos\Proconenct\ProConnect.Application\Interfaces\IProfessionalSearchService.cs' est├í en conflicto con el tipo importado 'IProfessionalSearchService' de 'ProConnect.Application, Version=0.0.0.0, Culture=neutral, PublicKeyToken=null'. Se usar├í el tipo definido en 'C:\Users\Miguel\source\repos\Proconenct\ProConnect.Application\Interfaces\IProfessionalSearchService.cs'. [C:\Users\Miguel\source\repos\Proconenct\Proconenct.csproj]
C:\Users\Miguel\source\repos\Proconenct\Pages\profiles\Index.cshtml.cs(18,27): warning CS0436: El tipo 'IProfessionalSearchService' de 'C:\Users\Miguel\source\repos\Proconenct\ProConnect.Application\Interfaces\IProfessionalSearchService.cs' est├í en conflicto con el tipo importado 'IProfessionalSearchService' de 'ProConnect.Application, Version=0.0.0.0, Culture=neutral, PublicKeyToken=null'. Se usar├í el tipo definido en 'C:\Users\Miguel\source\repos\Proconenct\ProConnect.Application\Interfaces\IProfessionalSearchService.cs'. [C:\Users\Miguel\source\repos\Proconenct\Proconenct.csproj]
C:\Users\Miguel\source\repos\Proconenct\Controllers\ProfessionalProfileController.cs(389,64): warning CS0436: El tipo 'CreateServiceDto' de 'C:\Users\Miguel\source\repos\Proconenct\ProConnect.Application\DTOs\Shared\CommonDtos.cs' est├í en conflicto con el tipo importado 'CreateServiceDto' de 'ProConnect.Application, Version=0.0.0.0, Culture=neutral, PublicKeyToken=null'. Se usar├í el tipo definido en 'C:\Users\Miguel\source\repos\Proconenct\ProConnect.Application\DTOs\Shared\CommonDtos.cs'. [C:\Users\Miguel\source\repos\Proconenct\Proconenct.csproj]
C:\Users\Miguel\source\repos\Proconenct\Controllers\ProfessionalProfileController.cs(435,78): warning CS0436: El tipo 'UpdateServiceDto' de 'C:\Users\Miguel\source\repos\Proconenct\ProConnect.Application\DTOs\Shared\CommonDtos.cs' est├í en conflicto con el tipo importado 'UpdateServiceDto' de 'ProConnect.Application, Version=0.0.0.0, Culture=neutral, PublicKeyToken=null'. Se usar├í el tipo definido en 'C:\Users\Miguel\source\repos\Proconenct\ProConnect.Application\DTOs\Shared\CommonDtos.cs'. [C:\Users\Miguel\source\repos\Proconenct\Proconenct.csproj]
C:\Users\Miguel\source\repos\Proconenct\Controllers\ProfessionalProfileController.cs(19,26): warning CS0436: El tipo 'IProfessionalProfileService' de 'C:\Users\Miguel\source\repos\Proconenct\ProConnect.Application\Interfaces\IProfessionalProfileService.cs' est├í en conflicto con el tipo importado 'IProfessionalProfileService' de 'ProConnect.Application, Version=0.0.0.0, Culture=neutral, PublicKeyToken=null'. Se usar├í el tipo definido en 'C:\Users\Miguel\source\repos\Proconenct\ProConnect.Application\Interfaces\IProfessionalProfileService.cs'. [C:\Users\Miguel\source\repos\Proconenct\Proconenct.csproj]
C:\Users\Miguel\source\repos\Proconenct\Controllers\ProfessionalProfileController.cs(20,37): warning CS0436: El tipo 'CreateProfessionalProfileDto' de 'C:\Users\Miguel\source\repos\Proconenct\ProConnect.Application\DTOs\CreateProfessionalProfileDto.cs' est├í en conflicto con el tipo importado 'CreateProfessionalProfileDto' de 'ProConnect.Application, Version=0.0.0.0, Culture=neutral, PublicKeyToken=null'. Se usar├í el tipo definido en 'C:\Users\Miguel\source\repos\Proconenct\ProConnect.Application\DTOs\CreateProfessionalProfileDto.cs'. [C:\Users\Miguel\source\repos\Proconenct\Proconenct.csproj]
C:\Users\Miguel\source\repos\Proconenct\Controllers\ProfessionalProfileController.cs(21,37): warning CS0436: El tipo 'UpdateProfessionalProfileDto' de 'C:\Users\Miguel\source\repos\Proconenct\ProConnect.Application\DTOs\UpdateProfessionalProfileDto.cs' est├í en conflicto con el tipo importado 'UpdateProfessionalProfileDto' de 'ProConnect.Application, Version=0.0.0.0, Culture=neutral, PublicKeyToken=null'. Se usar├í el tipo definido en 'C:\Users\Miguel\source\repos\Proconenct\ProConnect.Application\DTOs\UpdateProfessionalProfileDto.cs'. [C:\Users\Miguel\source\repos\Proconenct\Proconenct.csproj]
C:\Users\Miguel\source\repos\Proconenct\Controllers\ProfessionalProfileController.cs(24,13): warning CS0436: El tipo 'IProfessionalProfileService' de 'C:\Users\Miguel\source\repos\Proconenct\ProConnect.Application\Interfaces\IProfessionalProfileService.cs' est├í en conflicto con el tipo importado 'IProfessionalProfileService' de 'ProConnect.Application, Version=0.0.0.0, Culture=neutral, PublicKeyToken=null'. Se usar├í el tipo definido en 'C:\Users\Miguel\source\repos\Proconenct\ProConnect.Application\Interfaces\IProfessionalProfileService.cs'. [C:\Users\Miguel\source\repos\Proconenct\Proconenct.csproj]
C:\Users\Miguel\source\repos\Proconenct\Controllers\ProfessionalProfileController.cs(25,24): warning CS0436: El tipo 'CreateProfessionalProfileDto' de 'C:\Users\Miguel\source\repos\Proconenct\ProConnect.Application\DTOs\CreateProfessionalProfileDto.cs' est├í en conflicto con el tipo importado 'CreateProfessionalProfileDto' de 'ProConnect.Application, Version=0.0.0.0, Culture=neutral, PublicKeyToken=null'. Se usar├í el tipo definido en 'C:\Users\Miguel\source\repos\Proconenct\ProConnect.Application\DTOs\CreateProfessionalProfileDto.cs'. [C:\Users\Miguel\source\repos\Proconenct\Proconenct.csproj]
C:\Users\Miguel\source\repos\Proconenct\Controllers\ProfessionalProfileController.cs(26,24): warning CS0436: El tipo 'UpdateProfessionalProfileDto' de 'C:\Users\Miguel\source\repos\Proconenct\ProConnect.Application\DTOs\UpdateProfessionalProfileDto.cs' est├í en conflicto con el tipo importado 'UpdateProfessionalProfileDto' de 'ProConnect.Application, Version=0.0.0.0, Culture=neutral, PublicKeyToken=null'. Se usar├í el tipo definido en 'C:\Users\Miguel\source\repos\Proconenct\ProConnect.Application\DTOs\UpdateProfessionalProfileDto.cs'. [C:\Users\Miguel\source\repos\Proconenct\Proconenct.csproj]
C:\Users\Miguel\source\repos\Proconenct\ProConnect.Application\DTOs\ProfessionalProfileResponseDto.cs(18,21): warning CS0436: El tipo 'PortfolioItemDto' de 'C:\Users\Miguel\source\repos\Proconenct\ProConnect.Application\DTOs\ProfessionalProfileResponseDto.cs' est├í en conflicto con el tipo importado 'PortfolioItemDto' de 'ProConnect.Application, Version=0.0.0.0, Culture=neutral, PublicKeyToken=null'. Se usar├í el tipo definido en 'C:\Users\Miguel\source\repos\Proconenct\ProConnect.Application\DTOs\ProfessionalProfileResponseDto.cs'. [C:\Users\Miguel\source\repos\Proconenct\Proconenct.csproj]
C:\Users\Miguel\source\repos\Proconenct\ProConnect.Application\DTOs\ProfessionalProfileResponseDto.cs(22,16): warning CS0436: El tipo 'AvailabilityScheduleDto' de 'C:\Users\Miguel\source\repos\Proconenct\ProConnect.Application\DTOs\Shared\CommonDtos.cs' est├í en conflicto con el tipo importado 'AvailabilityScheduleDto' de 'ProConnect.Application, Version=0.0.0.0, Culture=neutral, PublicKeyToken=null'. Se usar├í el tipo definido en 'C:\Users\Miguel\source\repos\Proconenct\ProConnect.Application\DTOs\Shared\CommonDtos.cs'. [C:\Users\Miguel\source\repos\Proconenct\Proconenct.csproj]
C:\Users\Miguel\source\repos\Proconenct\ProConnect.Application\DTOs\ProfessionalProfileResponseDto.cs(23,16): warning CS0436: El tipo 'ProfileStatusDto' de 'C:\Users\Miguel\source\repos\Proconenct\ProConnect.Application\DTOs\Shared\CommonDtos.cs' est├í en conflicto con el tipo importado 'ProfileStatusDto' de 'ProConnect.Application, Version=0.0.0.0, Culture=neutral, PublicKeyToken=null'. Se usar├í el tipo definido en 'C:\Users\Miguel\source\repos\Proconenct\ProConnect.Application\DTOs\Shared\CommonDtos.cs'. [C:\Users\Miguel\source\repos\Proconenct\Proconenct.csproj]
C:\Users\Miguel\source\repos\Proconenct\Controllers\PortfolioController.cs(16,26): warning CS0436: El tipo 'IPortfolioService' de 'C:\Users\Miguel\source\repos\Proconenct\ProConnect.Application\Interfaces\IPortfolioService.cs' est├í en conflicto con el tipo importado 'IPortfolioService' de 'ProConnect.Application, Version=0.0.0.0, Culture=neutral, PublicKeyToken=null'. Se usar├í el tipo definido en 'C:\Users\Miguel\source\repos\Proconenct\ProConnect.Application\Interfaces\IPortfolioService.cs'. [C:\Users\Miguel\source\repos\Proconenct\Proconenct.csproj]
C:\Users\Miguel\source\repos\Proconenct\Controllers\PortfolioController.cs(18,36): warning CS0436: El tipo 'IPortfolioService' de 'C:\Users\Miguel\source\repos\Proconenct\ProConnect.Application\Interfaces\IPortfolioService.cs' est├í en conflicto con el tipo importado 'IPortfolioService' de 'ProConnect.Application, Version=0.0.0.0, Culture=neutral, PublicKeyToken=null'. Se usar├í el tipo definido en 'C:\Users\Miguel\source\repos\Proconenct\ProConnect.Application\Interfaces\IPortfolioService.cs'. [C:\Users\Miguel\source\repos\Proconenct\Proconenct.csproj]
C:\Users\Miguel\source\repos\Proconenct\Controllers\RecommendationsController.cs(11,26): warning CS0436: El tipo 'IRecommendationService' de 'C:\Users\Miguel\source\repos\Proconenct\ProConnect.Application\Interfaces\IRecommendationService.cs' est├í en conflicto con el tipo importado 'IRecommendationService' de 'ProConnect.Application, Version=0.0.0.0, Culture=neutral, PublicKeyToken=null'. Se usar├í el tipo definido en 'C:\Users\Miguel\source\repos\Proconenct\ProConnect.Application\Interfaces\IRecommendationService.cs'. [C:\Users\Miguel\source\repos\Proconenct\Proconenct.csproj]
C:\Users\Miguel\source\repos\Proconenct\Controllers\RecommendationsController.cs(13,42): warning CS0436: El tipo 'IRecommendationService' de 'C:\Users\Miguel\source\repos\Proconenct\ProConnect.Application\Interfaces\IRecommendationService.cs' est├í en conflicto con el tipo importado 'IRecommendationService' de 'ProConnect.Application, Version=0.0.0.0, Culture=neutral, PublicKeyToken=null'. Se usar├í el tipo definido en 'C:\Users\Miguel\source\repos\Proconenct\ProConnect.Application\Interfaces\IRecommendationService.cs'. [C:\Users\Miguel\source\repos\Proconenct\Proconenct.csproj]
C:\Users\Miguel\source\repos\Proconenct\ProConnect.Application\DTOs\RegisterUserDto.cs(13,16): warning CS0436: El tipo 'UserType' de 'C:\Users\Miguel\source\repos\Proconenct\ProConnect.Core\Entities\User.cs' est├í en conflicto con el tipo importado 'UserType' de 'ProConnect.Core, Version=0.0.0.0, Culture=neutral, PublicKeyToken=null'. Se usar├í el tipo definido en 'C:\Users\Miguel\source\repos\Proconenct\ProConnect.Core\Entities\User.cs'. [C:\Users\Miguel\source\repos\Proconenct\Proconenct.csproj]
C:\Users\Miguel\source\repos\Proconenct\ProConnect.Core\Entities\Booking.cs(51,16): warning CS0436: El tipo 'ConsultationType' de 'C:\Users\Miguel\source\repos\Proconenct\ProConnect.Core\Entities\Booking.cs' est├í en conflicto con el tipo importado 'ConsultationType' de 'ProConnect.Core, Version=0.0.0.0, Culture=neutral, PublicKeyToken=null'. Se usar├í el tipo definido en 'C:\Users\Miguel\source\repos\Proconenct\ProConnect.Core\Entities\Booking.cs'. [C:\Users\Miguel\source\repos\Proconenct\Proconenct.csproj]
C:\Users\Miguel\source\repos\Proconenct\ProConnect.Core\Entities\Booking.cs(57,16): warning CS0436: El tipo 'BookingStatus' de 'C:\Users\Miguel\source\repos\Proconenct\ProConnect.Core\Entities\Booking.cs' est├í en conflicto con el tipo importado 'BookingStatus' de 'ProConnect.Core, Version=0.0.0.0, Culture=neutral, PublicKeyToken=null'. Se usar├í el tipo definido en 'C:\Users\Miguel\source\repos\Proconenct\ProConnect.Core\Entities\Booking.cs'. [C:\Users\Miguel\source\repos\Proconenct\Proconenct.csproj]
C:\Users\Miguel\source\repos\Proconenct\ProConnect.Core\Entities\Booking.cs(77,16): warning CS0436: El tipo 'MeetingDetails' de 'C:\Users\Miguel\source\repos\Proconenct\ProConnect.Core\Entities\Booking.cs' est├í en conflicto con el tipo importado 'MeetingDetails' de 'ProConnect.Core, Version=0.0.0.0, Culture=neutral, PublicKeyToken=null'. Se usar├í el tipo definido en 'C:\Users\Miguel\source\repos\Proconenct\ProConnect.Core\Entities\Booking.cs'. [C:\Users\Miguel\source\repos\Proconenct\Proconenct.csproj]
C:\Users\Miguel\source\repos\Proconenct\ProConnect.Application\DTOs\Shared\CommonDtos.cs(8,16): warning CS0436: El tipo 'DayScheduleDto' de 'C:\Users\Miguel\source\repos\Proconenct\ProConnect.Application\DTOs\Shared\CommonDtos.cs' est├í en conflicto con el tipo importado 'DayScheduleDto' de 'ProConnect.Application, Version=0.0.0.0, Culture=neutral, PublicKeyToken=null'. Se usar├í el tipo definido en 'C:\Users\Miguel\source\repos\Proconenct\ProConnect.Application\DTOs\Shared\CommonDtos.cs'. [C:\Users\Miguel\source\repos\Proconenct\Proconenct.csproj]
C:\Users\Miguel\source\repos\Proconenct\ProConnect.Application\DTOs\Shared\CommonDtos.cs(9,16): warning CS0436: El tipo 'DayScheduleDto' de 'C:\Users\Miguel\source\repos\Proconenct\ProConnect.Application\DTOs\Shared\CommonDtos.cs' est├í en conflicto con el tipo importado 'DayScheduleDto' de 'ProConnect.Application, Version=0.0.0.0, Culture=neutral, PublicKeyToken=null'. Se usar├í el tipo definido en 'C:\Users\Miguel\source\repos\Proconenct\ProConnect.Application\DTOs\Shared\CommonDtos.cs'. [C:\Users\Miguel\source\repos\Proconenct\Proconenct.csproj]
C:\Users\Miguel\source\repos\Proconenct\ProConnect.Application\DTOs\Shared\CommonDtos.cs(10,16): warning CS0436: El tipo 'DayScheduleDto' de 'C:\Users\Miguel\source\repos\Proconenct\ProConnect.Application\DTOs\Shared\CommonDtos.cs' est├í en conflicto con el tipo importado 'DayScheduleDto' de 'ProConnect.Application, Version=0.0.0.0, Culture=neutral, PublicKeyToken=null'. Se usar├í el tipo definido en 'C:\Users\Miguel\source\repos\Proconenct\ProConnect.Application\DTOs\Shared\CommonDtos.cs'. [C:\Users\Miguel\source\repos\Proconenct\Proconenct.csproj]
C:\Users\Miguel\source\repos\Proconenct\ProConnect.Application\DTOs\Shared\CommonDtos.cs(11,16): warning CS0436: El tipo 'DayScheduleDto' de 'C:\Users\Miguel\source\repos\Proconenct\ProConnect.Application\DTOs\Shared\CommonDtos.cs' est├í en conflicto con el tipo importado 'DayScheduleDto' de 'ProConnect.Application, Version=0.0.0.0, Culture=neutral, PublicKeyToken=null'. Se usar├í el tipo definido en 'C:\Users\Miguel\source\repos\Proconenct\ProConnect.Application\DTOs\Shared\CommonDtos.cs'. [C:\Users\Miguel\source\repos\Proconenct\Proconenct.csproj]
C:\Users\Miguel\source\repos\Proconenct\ProConnect.Application\DTOs\Shared\CommonDtos.cs(12,16): warning CS0436: El tipo 'DayScheduleDto' de 'C:\Users\Miguel\source\repos\Proconenct\ProConnect.Application\DTOs\Shared\CommonDtos.cs' est├í en conflicto con el tipo importado 'DayScheduleDto' de 'ProConnect.Application, Version=0.0.0.0, Culture=neutral, PublicKeyToken=null'. Se usar├í el tipo definido en 'C:\Users\Miguel\source\repos\Proconenct\ProConnect.Application\DTOs\Shared\CommonDtos.cs'. [C:\Users\Miguel\source\repos\Proconenct\Proconenct.csproj]
C:\Users\Miguel\source\repos\Proconenct\ProConnect.Application\DTOs\Shared\CommonDtos.cs(13,16): warning CS0436: El tipo 'DayScheduleDto' de 'C:\Users\Miguel\source\repos\Proconenct\ProConnect.Application\DTOs\Shared\CommonDtos.cs' est├í en conflicto con el tipo importado 'DayScheduleDto' de 'ProConnect.Application, Version=0.0.0.0, Culture=neutral, PublicKeyToken=null'. Se usar├í el tipo definido en 'C:\Users\Miguel\source\repos\Proconenct\ProConnect.Application\DTOs\Shared\CommonDtos.cs'. [C:\Users\Miguel\source\repos\Proconenct\Proconenct.csproj]
C:\Users\Miguel\source\repos\Proconenct\ProConnect.Application\DTOs\Shared\CommonDtos.cs(14,16): warning CS0436: El tipo 'DayScheduleDto' de 'C:\Users\Miguel\source\repos\Proconenct\ProConnect.Application\DTOs\Shared\CommonDtos.cs' est├í en conflicto con el tipo importado 'DayScheduleDto' de 'ProConnect.Application, Version=0.0.0.0, Culture=neutral, PublicKeyToken=null'. Se usar├í el tipo definido en 'C:\Users\Miguel\source\repos\Proconenct\ProConnect.Application\DTOs\Shared\CommonDtos.cs'. [C:\Users\Miguel\source\repos\Proconenct\Proconenct.csproj]
C:\Users\Miguel\source\repos\Proconenct\ProConnect.Application\DTOs\Shared\CommonDtos.cs(68,21): warning CS0436: El tipo 'AvailableSlotDto' de 'C:\Users\Miguel\source\repos\Proconenct\ProConnect.Application\DTOs\Shared\CommonDtos.cs' est├í en conflicto con el tipo importado 'AvailableSlotDto' de 'ProConnect.Application, Version=0.0.0.0, Culture=neutral, PublicKeyToken=null'. Se usar├í el tipo definido en 'C:\Users\Miguel\source\repos\Proconenct\ProConnect.Application\DTOs\Shared\CommonDtos.cs'. [C:\Users\Miguel\source\repos\Proconenct\Proconenct.csproj]
C:\Users\Miguel\source\repos\Proconenct\ProConnect.Application\DTOs\Shared\CommonDtos.cs(96,16): warning CS0436: El tipo 'ServiceTypeDto' de 'C:\Users\Miguel\source\repos\Proconenct\ProConnect.Application\DTOs\Shared\CommonDtos.cs' est├í en conflicto con el tipo importado 'ServiceTypeDto' de 'ProConnect.Application, Version=0.0.0.0, Culture=neutral, PublicKeyToken=null'. Se usar├í el tipo definido en 'C:\Users\Miguel\source\repos\Proconenct\ProConnect.Application\DTOs\Shared\CommonDtos.cs'. [C:\Users\Miguel\source\repos\Proconenct\Proconenct.csproj]
C:\Users\Miguel\source\repos\Proconenct\ProConnect.Application\DTOs\Shared\CommonDtos.cs(109,16): warning CS0436: El tipo 'ServiceTypeDto' de 'C:\Users\Miguel\source\repos\Proconenct\ProConnect.Application\DTOs\Shared\CommonDtos.cs' est├í en conflicto con el tipo importado 'ServiceTypeDto' de 'ProConnect.Application, Version=0.0.0.0, Culture=neutral, PublicKeyToken=null'. Se usar├í el tipo definido en 'C:\Users\Miguel\source\repos\Proconenct\ProConnect.Application\DTOs\Shared\CommonDtos.cs'. [C:\Users\Miguel\source\repos\Proconenct\Proconenct.csproj]
C:\Users\Miguel\source\repos\Proconenct\ProConnect.Application\DTOs\Shared\CommonDtos.cs(122,16): warning CS0436: El tipo 'ServiceTypeDto' de 'C:\Users\Miguel\source\repos\Proconenct\ProConnect.Application\DTOs\Shared\CommonDtos.cs' est├í en conflicto con el tipo importado 'ServiceTypeDto' de 'ProConnect.Application, Version=0.0.0.0, Culture=neutral, PublicKeyToken=null'. Se usar├í el tipo definido en 'C:\Users\Miguel\source\repos\Proconenct\ProConnect.Application\DTOs\Shared\CommonDtos.cs'. [C:\Users\Miguel\source\repos\Proconenct\Proconenct.csproj]
C:\Users\Miguel\source\repos\Proconenct\ProConnect.Application\DTOs\UpdateProfessionalProfileDto.cs(55,16): warning CS0436: El tipo 'AvailabilityScheduleDto' de 'C:\Users\Miguel\source\repos\Proconenct\ProConnect.Application\DTOs\Shared\CommonDtos.cs' est├í en conflicto con el tipo importado 'AvailabilityScheduleDto' de 'ProConnect.Application, Version=0.0.0.0, Culture=neutral, PublicKeyToken=null'. Se usar├í el tipo definido en 'C:\Users\Miguel\source\repos\Proconenct\ProConnect.Application\DTOs\Shared\CommonDtos.cs'. [C:\Users\Miguel\source\repos\Proconenct\Proconenct.csproj]
C:\Users\Miguel\source\repos\Proconenct\ProConnect.Application\DTOs\UpdateProfessionalProfileDto.cs(60,16): warning CS0436: El tipo 'ProfileStatusDto' de 'C:\Users\Miguel\source\repos\Proconenct\ProConnect.Application\DTOs\Shared\CommonDtos.cs' est├í en conflicto con el tipo importado 'ProfileStatusDto' de 'ProConnect.Application, Version=0.0.0.0, Culture=neutral, PublicKeyToken=null'. Se usar├í el tipo definido en 'C:\Users\Miguel\source\repos\Proconenct\ProConnect.Application\DTOs\Shared\CommonDtos.cs'. [C:\Users\Miguel\source\repos\Proconenct\Proconenct.csproj]
C:\Users\Miguel\source\repos\Proconenct\ProConnect.Application\Interfaces\IAuthService.cs(8,45): warning CS0436: El tipo 'RegisterUserDto' de 'C:\Users\Miguel\source\repos\Proconenct\ProConnect.Application\DTOs\RegisterUserDto.cs' est├í en conflicto con el tipo importado 'RegisterUserDto' de 'ProConnect.Application, Version=0.0.0.0, Culture=neutral, PublicKeyToken=null'. Se usar├í el tipo definido en 'C:\Users\Miguel\source\repos\Proconenct\ProConnect.Application\DTOs\RegisterUserDto.cs'. [C:\Users\Miguel\source\repos\Proconenct\Proconenct.csproj]
C:\Users\Miguel\source\repos\Proconenct\ProConnect.Application\Interfaces\IAuthService.cs(8,14): warning CS0436: El tipo 'AuthResponseDto' de 'C:\Users\Miguel\source\repos\Proconenct\ProConnect.Application\DTOs\AuthResponseDto.cs' est├í en conflicto con el tipo importado 'AuthResponseDto' de 'ProConnect.Application, Version=0.0.0.0, Culture=neutral, PublicKeyToken=null'. Se usar├í el tipo definido en 'C:\Users\Miguel\source\repos\Proconenct\ProConnect.Application\DTOs\AuthResponseDto.cs'. [C:\Users\Miguel\source\repos\Proconenct\Proconenct.csproj]
C:\Users\Miguel\source\repos\Proconenct\ProConnect.Application\Interfaces\IAuthService.cs(9,42): warning CS0436: El tipo 'LoginUserDto' de 'C:\Users\Miguel\source\repos\Proconenct\ProConnect.Application\DTOs\LoginUserDto.cs' est├í en conflicto con el tipo importado 'LoginUserDto' de 'ProConnect.Application, Version=0.0.0.0, Culture=neutral, PublicKeyToken=null'. Se usar├í el tipo definido en 'C:\Users\Miguel\source\repos\Proconenct\ProConnect.Application\DTOs\LoginUserDto.cs'. [C:\Users\Miguel\source\repos\Proconenct\Proconenct.csproj]
C:\Users\Miguel\source\repos\Proconenct\ProConnect.Application\Interfaces\IAuthService.cs(9,14): warning CS0436: El tipo 'AuthResponseDto' de 'C:\Users\Miguel\source\repos\Proconenct\ProConnect.Application\DTOs\AuthResponseDto.cs' est├í en conflicto con el tipo importado 'AuthResponseDto' de 'ProConnect.Application, Version=0.0.0.0, Culture=neutral, PublicKeyToken=null'. Se usar├í el tipo definido en 'C:\Users\Miguel\source\repos\Proconenct\ProConnect.Application\DTOs\AuthResponseDto.cs'. [C:\Users\Miguel\source\repos\Proconenct\Proconenct.csproj]
C:\Users\Miguel\source\repos\Proconenct\ProConnect.Application\Interfaces\IAuthService.cs(10,14): warning CS0436: El tipo 'AuthResponseDto' de 'C:\Users\Miguel\source\repos\Proconenct\ProConnect.Application\DTOs\AuthResponseDto.cs' est├í en conflicto con el tipo importado 'AuthResponseDto' de 'ProConnect.Application, Version=0.0.0.0, Culture=neutral, PublicKeyToken=null'. Se usar├í el tipo definido en 'C:\Users\Miguel\source\repos\Proconenct\ProConnect.Application\DTOs\AuthResponseDto.cs'. [C:\Users\Miguel\source\repos\Proconenct\Proconenct.csproj]
C:\Users\Miguel\source\repos\Proconenct\ProConnect.Application\Interfaces\IAuthService.cs(15,14): warning CS0436: El tipo 'UserProfileDto' de 'C:\Users\Miguel\source\repos\Proconenct\ProConnect.Application\DTOs\UserProfileDto.cs' est├í en conflicto con el tipo importado 'UserProfileDto' de 'ProConnect.Application, Version=0.0.0.0, Culture=neutral, PublicKeyToken=null'. Se usar├í el tipo definido en 'C:\Users\Miguel\source\repos\Proconenct\ProConnect.Application\DTOs\UserProfileDto.cs'. [C:\Users\Miguel\source\repos\Proconenct\Proconenct.csproj]
C:\Users\Miguel\source\repos\Proconenct\ProConnect.Application\Interfaces\IAuthService.cs(16,54): warning CS0436: El tipo 'UpdateUserProfileDto' de 'C:\Users\Miguel\source\repos\Proconenct\ProConnect.Application\DTOs\UpdateUserProfileDto.cs' est├í en conflicto con el tipo importado 'UpdateUserProfileDto' de 'ProConnect.Application, Version=0.0.0.0, Culture=neutral, PublicKeyToken=null'. Se usar├í el tipo definido en 'C:\Users\Miguel\source\repos\Proconenct\ProConnect.Application\DTOs\UpdateUserProfileDto.cs'. [C:\Users\Miguel\source\repos\Proconenct\Proconenct.csproj]
C:\Users\Miguel\source\repos\Proconenct\ProConnect.Application\Interfaces\IBookingService.cs(7,45): warning CS0436: El tipo 'CreateBookingDto' de 'C:\Users\Miguel\source\repos\Proconenct\ProConnect.Application\DTOs\CreateBookingDto.cs' est├í en conflicto con el tipo importado 'CreateBookingDto' de 'ProConnect.Application, Version=0.0.0.0, Culture=neutral, PublicKeyToken=null'. Se usar├í el tipo definido en 'C:\Users\Miguel\source\repos\Proconenct\ProConnect.Application\DTOs\CreateBookingDto.cs'. [C:\Users\Miguel\source\repos\Proconenct\Proconenct.csproj]
C:\Users\Miguel\source\repos\Proconenct\ProConnect.Application\Interfaces\IBookingService.cs(7,14): warning CS0436: El tipo 'BookingDto' de 'C:\Users\Miguel\source\repos\Proconenct\ProConnect.Application\DTOs\BookingDto.cs' est├í en conflicto con el tipo importado 'BookingDto' de 'ProConnect.Application, Version=0.0.0.0, Culture=neutral, PublicKeyToken=null'. Se usar├í el tipo definido en 'C:\Users\Miguel\source\repos\Proconenct\ProConnect.Application\DTOs\BookingDto.cs'. [C:\Users\Miguel\source\repos\Proconenct\Proconenct.csproj]
C:\Users\Miguel\source\repos\Proconenct\ProConnect.Application\Interfaces\IBookingService.cs(8,14): warning CS0436: El tipo 'BookingDto' de 'C:\Users\Miguel\source\repos\Proconenct\ProConnect.Application\DTOs\BookingDto.cs' est├í en conflicto con el tipo importado 'BookingDto' de 'ProConnect.Application, Version=0.0.0.0, Culture=neutral, PublicKeyToken=null'. Se usar├í el tipo definido en 'C:\Users\Miguel\source\repos\Proconenct\ProConnect.Application\DTOs\BookingDto.cs'. [C:\Users\Miguel\source\repos\Proconenct\Proconenct.csproj]
C:\Users\Miguel\source\repos\Proconenct\ProConnect.Application\Services\AuthService.cs(13,32): warning CS0436: El tipo 'IAuthService' de 'C:\Users\Miguel\source\repos\Proconenct\ProConnect.Application\Interfaces\IAuthService.cs' est├í en conflicto con el tipo importado 'IAuthService' de 'ProConnect.Application, Version=0.0.0.0, Culture=neutral, PublicKeyToken=null'. Se usar├í el tipo definido en 'C:\Users\Miguel\source\repos\Proconenct\ProConnect.Application\Interfaces\IAuthService.cs'. [C:\Users\Miguel\source\repos\Proconenct\Proconenct.csproj]
C:\Users\Miguel\source\repos\Proconenct\ProConnect.Application\Interfaces\IBookingService.cs(9,19): warning CS0436: El tipo 'BookingDto' de 'C:\Users\Miguel\source\repos\Proconenct\ProConnect.Application\DTOs\BookingDto.cs' est├í en conflicto con el tipo importado 'BookingDto' de 'ProConnect.Application, Version=0.0.0.0, Culture=neutral, PublicKeyToken=null'. Se usar├í el tipo definido en 'C:\Users\Miguel\source\repos\Proconenct\ProConnect.Application\DTOs\BookingDto.cs'. [C:\Users\Miguel\source\repos\Proconenct\Proconenct.csproj]
C:\Users\Miguel\source\repos\Proconenct\ProConnect.Application\Interfaces\IBookingService.cs(10,19): warning CS0436: El tipo 'BookingDto' de 'C:\Users\Miguel\source\repos\Proconenct\ProConnect.Application\DTOs\BookingDto.cs' est├í en conflicto con el tipo importado 'BookingDto' de 'ProConnect.Application, Version=0.0.0.0, Culture=neutral, PublicKeyToken=null'. Se usar├í el tipo definido en 'C:\Users\Miguel\source\repos\Proconenct\ProConnect.Application\DTOs\BookingDto.cs'. [C:\Users\Miguel\source\repos\Proconenct\Proconenct.csproj]
C:\Users\Miguel\source\repos\Proconenct\ProConnect.Application\Interfaces\IBookingService.cs(11,63): warning CS0436: El tipo 'UpdateBookingDto' de 'C:\Users\Miguel\source\repos\Proconenct\ProConnect.Application\DTOs\UpdateBookingDto.cs' est├í en conflicto con el tipo importado 'UpdateBookingDto' de 'ProConnect.Application, Version=0.0.0.0, Culture=neutral, PublicKeyToken=null'. Se usar├í el tipo definido en 'C:\Users\Miguel\source\repos\Proconenct\ProConnect.Application\DTOs\UpdateBookingDto.cs'. [C:\Users\Miguel\source\repos\Proconenct\Proconenct.csproj]
C:\Users\Miguel\source\repos\Proconenct\ProConnect.Application\Interfaces\IBookingService.cs(11,14): warning CS0436: El tipo 'BookingDto' de 'C:\Users\Miguel\source\repos\Proconenct\ProConnect.Application\DTOs\BookingDto.cs' est├í en conflicto con el tipo importado 'BookingDto' de 'ProConnect.Application, Version=0.0.0.0, Culture=neutral, PublicKeyToken=null'. Se usar├í el tipo definido en 'C:\Users\Miguel\source\repos\Proconenct\ProConnect.Application\DTOs\BookingDto.cs'. [C:\Users\Miguel\source\repos\Proconenct\Proconenct.csproj]
C:\Users\Miguel\source\repos\Proconenct\ProConnect.Application\Interfaces\IBookingService.cs(16,19): warning CS0436: El tipo 'BookingDto' de 'C:\Users\Miguel\source\repos\Proconenct\ProConnect.Application\DTOs\BookingDto.cs' est├í en conflicto con el tipo importado 'BookingDto' de 'ProConnect.Application, Version=0.0.0.0, Culture=neutral, PublicKeyToken=null'. Se usar├í el tipo definido en 'C:\Users\Miguel\source\repos\Proconenct\ProConnect.Application\DTOs\BookingDto.cs'. [C:\Users\Miguel\source\repos\Proconenct\Proconenct.csproj]
C:\Users\Miguel\source\repos\Proconenct\ProConnect.Application\Services\AuthService.cs(35,58): warning CS0436: El tipo 'RegisterUserDto' de 'C:\Users\Miguel\source\repos\Proconenct\ProConnect.Application\DTOs\RegisterUserDto.cs' est├í en conflicto con el tipo importado 'RegisterUserDto' de 'ProConnect.Application, Version=0.0.0.0, Culture=neutral, PublicKeyToken=null'. Se usar├í el tipo definido en 'C:\Users\Miguel\source\repos\Proconenct\ProConnect.Application\DTOs\RegisterUserDto.cs'. [C:\Users\Miguel\source\repos\Proconenct\Proconenct.csproj]
C:\Users\Miguel\source\repos\Proconenct\ProConnect.Application\Services\AuthService.cs(35,27): warning CS0436: El tipo 'AuthResponseDto' de 'C:\Users\Miguel\source\repos\Proconenct\ProConnect.Application\DTOs\AuthResponseDto.cs' est├í en conflicto con el tipo importado 'AuthResponseDto' de 'ProConnect.Application, Version=0.0.0.0, Culture=neutral, PublicKeyToken=null'. Se usar├í el tipo definido en 'C:\Users\Miguel\source\repos\Proconenct\ProConnect.Application\DTOs\AuthResponseDto.cs'. [C:\Users\Miguel\source\repos\Proconenct\Proconenct.csproj]
C:\Users\Miguel\source\repos\Proconenct\ProConnect.Application\Services\AuthService.cs(110,55): warning CS0436: El tipo 'LoginUserDto' de 'C:\Users\Miguel\source\repos\Proconenct\ProConnect.Application\DTOs\LoginUserDto.cs' est├í en conflicto con el tipo importado 'LoginUserDto' de 'ProConnect.Application, Version=0.0.0.0, Culture=neutral, PublicKeyToken=null'. Se usar├í el tipo definido en 'C:\Users\Miguel\source\repos\Proconenct\ProConnect.Application\DTOs\LoginUserDto.cs'. [C:\Users\Miguel\source\repos\Proconenct\Proconenct.csproj]
C:\Users\Miguel\source\repos\Proconenct\ProConnect.Application\Services\AuthService.cs(110,27): warning CS0436: El tipo 'AuthResponseDto' de 'C:\Users\Miguel\source\repos\Proconenct\ProConnect.Application\DTOs\AuthResponseDto.cs' est├í en conflicto con el tipo importado 'AuthResponseDto' de 'ProConnect.Application, Version=0.0.0.0, Culture=neutral, PublicKeyToken=null'. Se usar├í el tipo definido en 'C:\Users\Miguel\source\repos\Proconenct\ProConnect.Application\DTOs\AuthResponseDto.cs'. [C:\Users\Miguel\source\repos\Proconenct\Proconenct.csproj]
C:\Users\Miguel\source\repos\Proconenct\ProConnect.Application\Services\AuthService.cs(195,27): warning CS0436: El tipo 'AuthResponseDto' de 'C:\Users\Miguel\source\repos\Proconenct\ProConnect.Application\DTOs\AuthResponseDto.cs' est├í en conflicto con el tipo importado 'AuthResponseDto' de 'ProConnect.Application, Version=0.0.0.0, Culture=neutral, PublicKeyToken=null'. Se usar├í el tipo definido en 'C:\Users\Miguel\source\repos\Proconenct\ProConnect.Application\DTOs\AuthResponseDto.cs'. [C:\Users\Miguel\source\repos\Proconenct\Proconenct.csproj]
C:\Users\Miguel\source\repos\Proconenct\ProConnect.Application\Services\AuthService.cs(264,27): warning CS0436: El tipo 'UserProfileDto' de 'C:\Users\Miguel\source\repos\Proconenct\ProConnect.Application\DTOs\UserProfileDto.cs' est├í en conflicto con el tipo importado 'UserProfileDto' de 'ProConnect.Application, Version=0.0.0.0, Culture=neutral, PublicKeyToken=null'. Se usar├í el tipo definido en 'C:\Users\Miguel\source\repos\Proconenct\ProConnect.Application\DTOs\UserProfileDto.cs'. [C:\Users\Miguel\source\repos\Proconenct\Proconenct.csproj]
C:\Users\Miguel\source\repos\Proconenct\ProConnect.Application\Services\AuthService.cs(278,67): warning CS0436: El tipo 'UpdateUserProfileDto' de 'C:\Users\Miguel\source\repos\Proconenct\ProConnect.Application\DTOs\UpdateUserProfileDto.cs' est├í en conflicto con el tipo importado 'UpdateUserProfileDto' de 'ProConnect.Application, Version=0.0.0.0, Culture=neutral, PublicKeyToken=null'. Se usar├í el tipo definido en 'C:\Users\Miguel\source\repos\Proconenct\ProConnect.Application\DTOs\UpdateUserProfileDto.cs'. [C:\Users\Miguel\source\repos\Proconenct\Proconenct.csproj]
C:\Users\Miguel\source\repos\Proconenct\ProConnect.Application\Interfaces\IPortfolioService.cs(10,14): warning CS0436: El tipo 'PortfolioFileDto' de 'C:\Users\Miguel\source\repos\Proconenct\ProConnect.Application\DTOs\PortfolioFileDto.cs' est├í en conflicto con el tipo importado 'PortfolioFileDto' de 'ProConnect.Application, Version=0.0.0.0, Culture=neutral, PublicKeyToken=null'. Se usar├í el tipo definido en 'C:\Users\Miguel\source\repos\Proconenct\ProConnect.Application\DTOs\PortfolioFileDto.cs'. [C:\Users\Miguel\source\repos\Proconenct\Proconenct.csproj]
C:\Users\Miguel\source\repos\Proconenct\ProConnect.Application\Interfaces\IPortfolioService.cs(11,19): warning CS0436: El tipo 'PortfolioFileDto' de 'C:\Users\Miguel\source\repos\Proconenct\ProConnect.Application\DTOs\PortfolioFileDto.cs' est├í en conflicto con el tipo importado 'PortfolioFileDto' de 'ProConnect.Application, Version=0.0.0.0, Culture=neutral, PublicKeyToken=null'. Se usar├í el tipo definido en 'C:\Users\Miguel\source\repos\Proconenct\ProConnect.Application\DTOs\PortfolioFileDto.cs'. [C:\Users\Miguel\source\repos\Proconenct\Proconenct.csproj]
C:\Users\Miguel\source\repos\Proconenct\ProConnect.Application\Services\AuthService.cs(15,26): warning CS0436: El tipo 'IUserRepository' de 'C:\Users\Miguel\source\repos\Proconenct\ProConnect.Core\Interfaces\IUserRepository.cs' est├í en conflicto con el tipo importado 'IUserRepository' de 'ProConnect.Core, Version=0.0.0.0, Culture=neutral, PublicKeyToken=null'. Se usar├í el tipo definido en 'C:\Users\Miguel\source\repos\Proconenct\ProConnect.Core\Interfaces\IUserRepository.cs'. [C:\Users\Miguel\source\repos\Proconenct\Proconenct.csproj]
C:\Users\Miguel\source\repos\Proconenct\ProConnect.Application\Interfaces\IProfessionalProfileService.cs(17,65): warning CS0436: El tipo 'CreateProfessionalProfileDto' de 'C:\Users\Miguel\source\repos\Proconenct\ProConnect.Application\DTOs\CreateProfessionalProfileDto.cs' est├í en conflicto con el tipo importado 'CreateProfessionalProfileDto' de 'ProConnect.Application, Version=0.0.0.0, Culture=neutral, PublicKeyToken=null'. Se usar├í el tipo definido en 'C:\Users\Miguel\source\repos\Proconenct\ProConnect.Application\DTOs\CreateProfessionalProfileDto.cs'. [C:\Users\Miguel\source\repos\Proconenct\Proconenct.csproj]
C:\Users\Miguel\source\repos\Proconenct\ProConnect.Application\Interfaces\IProfessionalProfileService.cs(17,14): warning CS0436: El tipo 'ProfessionalProfileResponseDto' de 'C:\Users\Miguel\source\repos\Proconenct\ProConnect.Application\DTOs\ProfessionalProfileResponseDto.cs' est├í en conflicto con el tipo importado 'ProfessionalProfileResponseDto' de 'ProConnect.Application, Version=0.0.0.0, Culture=neutral, PublicKeyToken=null'. Se usar├í el tipo definido en 'C:\Users\Miguel\source\repos\Proconenct\ProConnect.Application\DTOs\ProfessionalProfileResponseDto.cs'. [C:\Users\Miguel\source\repos\Proconenct\Proconenct.csproj]
C:\Users\Miguel\source\repos\Proconenct\ProConnect.Application\Services\AuthService.cs(16,26): warning CS0436: El tipo 'IJwtTokenService' de 'C:\Users\Miguel\source\repos\Proconenct\ProConnect.Core\Interfaces\IJwtTokenService.cs' est├í en conflicto con el tipo importado 'IJwtTokenService' de 'ProConnect.Core, Version=0.0.0.0, Culture=neutral, PublicKeyToken=null'. Se usar├í el tipo definido en 'C:\Users\Miguel\source\repos\Proconenct\ProConnect.Core\Interfaces\IJwtTokenService.cs'. [C:\Users\Miguel\source\repos\Proconenct\Proconenct.csproj]
C:\Users\Miguel\source\repos\Proconenct\ProConnect.Application\Interfaces\IProfessionalProfileService.cs(22,83): warning CS0436: El tipo 'UpdateProfessionalProfileDto' de 'C:\Users\Miguel\source\repos\Proconenct\ProConnect.Application\DTOs\UpdateProfessionalProfileDto.cs' est├í en conflicto con el tipo importado 'UpdateProfessionalProfileDto' de 'ProConnect.Application, Version=0.0.0.0, Culture=neutral, PublicKeyToken=null'. Se usar├í el tipo definido en 'C:\Users\Miguel\source\repos\Proconenct\ProConnect.Application\DTOs\UpdateProfessionalProfileDto.cs'. [C:\Users\Miguel\source\repos\Proconenct\Proconenct.csproj]
C:\Users\Miguel\source\repos\Proconenct\ProConnect.Application\Interfaces\IProfessionalProfileService.cs(22,14): warning CS0436: El tipo 'ProfessionalProfileResponseDto' de 'C:\Users\Miguel\source\repos\Proconenct\ProConnect.Application\DTOs\ProfessionalProfileResponseDto.cs' est├í en conflicto con el tipo importado 'ProfessionalProfileResponseDto' de 'ProConnect.Application, Version=0.0.0.0, Culture=neutral, PublicKeyToken=null'. Se usar├í el tipo definido en 'C:\Users\Miguel\source\repos\Proconenct\ProConnect.Application\DTOs\ProfessionalProfileResponseDto.cs'. [C:\Users\Miguel\source\repos\Proconenct\Proconenct.csproj]
C:\Users\Miguel\source\repos\Proconenct\ProConnect.Application\Services\AuthService.cs(17,37): warning CS0436: El tipo 'RegisterUserDto' de 'C:\Users\Miguel\source\repos\Proconenct\ProConnect.Application\DTOs\RegisterUserDto.cs' est├í en conflicto con el tipo importado 'RegisterUserDto' de 'ProConnect.Application, Version=0.0.0.0, Culture=neutral, PublicKeyToken=null'. Se usar├í el tipo definido en 'C:\Users\Miguel\source\repos\Proconenct\ProConnect.Application\DTOs\RegisterUserDto.cs'. [C:\Users\Miguel\source\repos\Proconenct\Proconenct.csproj]
C:\Users\Miguel\source\repos\Proconenct\ProConnect.Application\Interfaces\IProfessionalProfileService.cs(27,14): warning CS0436: El tipo 'ProfessionalProfileResponseDto' de 'C:\Users\Miguel\source\repos\Proconenct\ProConnect.Application\DTOs\ProfessionalProfileResponseDto.cs' est├í en conflicto con el tipo importado 'ProfessionalProfileResponseDto' de 'ProConnect.Application, Version=0.0.0.0, Culture=neutral, PublicKeyToken=null'. Se usar├í el tipo definido en 'C:\Users\Miguel\source\repos\Proconenct\ProConnect.Application\DTOs\ProfessionalProfileResponseDto.cs'. [C:\Users\Miguel\source\repos\Proconenct\Proconenct.csproj]
C:\Users\Miguel\source\repos\Proconenct\ProConnect.Application\Interfaces\IProfessionalProfileService.cs(32,14): warning CS0436: El tipo 'ProfessionalProfileResponseDto' de 'C:\Users\Miguel\source\repos\Proconenct\ProConnect.Application\DTOs\ProfessionalProfileResponseDto.cs' est├í en conflicto con el tipo importado 'ProfessionalProfileResponseDto' de 'ProConnect.Application, Version=0.0.0.0, Culture=neutral, PublicKeyToken=null'. Se usar├í el tipo definido en 'C:\Users\Miguel\source\repos\Proconenct\ProConnect.Application\DTOs\ProfessionalProfileResponseDto.cs'. [C:\Users\Miguel\source\repos\Proconenct\Proconenct.csproj]
C:\Users\Miguel\source\repos\Proconenct\ProConnect.Application\Services\AuthService.cs(18,37): warning CS0436: El tipo 'LoginUserDto' de 'C:\Users\Miguel\source\repos\Proconenct\ProConnect.Application\DTOs\LoginUserDto.cs' est├í en conflicto con el tipo importado 'LoginUserDto' de 'ProConnect.Application, Version=0.0.0.0, Culture=neutral, PublicKeyToken=null'. Se usar├í el tipo definido en 'C:\Users\Miguel\source\repos\Proconenct\ProConnect.Application\DTOs\LoginUserDto.cs'. [C:\Users\Miguel\source\repos\Proconenct\Proconenct.csproj]
C:\Users\Miguel\source\repos\Proconenct\ProConnect.Application\Interfaces\IProfessionalProfileService.cs(37,19): warning CS0436: El tipo 'ProfessionalProfileResponseDto' de 'C:\Users\Miguel\source\repos\Proconenct\ProConnect.Application\DTOs\ProfessionalProfileResponseDto.cs' est├í en conflicto con el tipo importado 'ProfessionalProfileResponseDto' de 'ProConnect.Application, Version=0.0.0.0, Culture=neutral, PublicKeyToken=null'. Se usar├í el tipo definido en 'C:\Users\Miguel\source\repos\Proconenct\ProConnect.Application\DTOs\ProfessionalProfileResponseDto.cs'. [C:\Users\Miguel\source\repos\Proconenct\Proconenct.csproj]
C:\Users\Miguel\source\repos\Proconenct\ProConnect.Application\Interfaces\IProfessionalProfileService.cs(42,19): warning CS0436: El tipo 'ProfessionalProfileResponseDto' de 'C:\Users\Miguel\source\repos\Proconenct\ProConnect.Application\DTOs\ProfessionalProfileResponseDto.cs' est├í en conflicto con el tipo importado 'ProfessionalProfileResponseDto' de 'ProConnect.Application, Version=0.0.0.0, Culture=neutral, PublicKeyToken=null'. Se usar├í el tipo definido en 'C:\Users\Miguel\source\repos\Proconenct\ProConnect.Application\DTOs\ProfessionalProfileResponseDto.cs'. [C:\Users\Miguel\source\repos\Proconenct\Proconenct.csproj]
C:\Users\Miguel\source\repos\Proconenct\ProConnect.Application\Interfaces\IProfessionalProfileService.cs(47,67): warning CS0436: El tipo 'AvailabilityScheduleDto' de 'C:\Users\Miguel\source\repos\Proconenct\ProConnect.Application\DTOs\Shared\CommonDtos.cs' est├í en conflicto con el tipo importado 'AvailabilityScheduleDto' de 'ProConnect.Application, Version=0.0.0.0, Culture=neutral, PublicKeyToken=null'. Se usar├í el tipo definido en 'C:\Users\Miguel\source\repos\Proconenct\ProConnect.Application\DTOs\Shared\CommonDtos.cs'. [C:\Users\Miguel\source\repos\Proconenct\Proconenct.csproj]
C:\Users\Miguel\source\repos\Proconenct\ProConnect.Core\Entities\ProfessionalProfile.cs(67,21): warning CS0436: El tipo 'PortfolioItem' de 'C:\Users\Miguel\source\repos\Proconenct\ProConnect.Core\Entities\ProfessionalProfile.cs' est├í en conflicto con el tipo importado 'PortfolioItem' de 'ProConnect.Core, Version=0.0.0.0, Culture=neutral, PublicKeyToken=null'. Se usar├í el tipo definido en 'C:\Users\Miguel\source\repos\Proconenct\ProConnect.Core\Entities\ProfessionalProfile.cs'. [C:\Users\Miguel\source\repos\Proconenct\Proconenct.csproj]
C:\Users\Miguel\source\repos\Proconenct\ProConnect.Core\Entities\ProfessionalProfile.cs(96,16): warning CS0436: El tipo 'AvailabilitySchedule' de 'C:\Users\Miguel\source\repos\Proconenct\ProConnect.Core\Entities\ProfessionalProfile.cs' est├í en conflicto con el tipo importado 'AvailabilitySchedule' de 'ProConnect.Core, Version=0.0.0.0, Culture=neutral, PublicKeyToken=null'. Se usar├í el tipo definido en 'C:\Users\Miguel\source\repos\Proconenct\ProConnect.Core\Entities\ProfessionalProfile.cs'. [C:\Users\Miguel\source\repos\Proconenct\Proconenct.csproj]
C:\Users\Miguel\source\repos\Proconenct\ProConnect.Core\Entities\ProfessionalProfile.cs(102,21): warning CS0436: El tipo 'AvailabilityBlock' de 'C:\Users\Miguel\source\repos\Proconenct\ProConnect.Core\Entities\ProfessionalProfile.cs' est├í en conflicto con el tipo importado 'AvailabilityBlock' de 'ProConnect.Core, Version=0.0.0.0, Culture=neutral, PublicKeyToken=null'. Se usar├í el tipo definido en 'C:\Users\Miguel\source\repos\Proconenct\ProConnect.Core\Entities\ProfessionalProfile.cs'. [C:\Users\Miguel\source\repos\Proconenct\Proconenct.csproj]
C:\Users\Miguel\source\repos\Proconenct\ProConnect.Core\Entities\ProfessionalProfile.cs(108,21): warning CS0436: El tipo 'Service' de 'C:\Users\Miguel\source\repos\Proconenct\ProConnect.Core\Entities\ProfessionalProfile.cs' est├í en conflicto con el tipo importado 'Service' de 'ProConnect.Core, Version=0.0.0.0, Culture=neutral, PublicKeyToken=null'. Se usar├í el tipo definido en 'C:\Users\Miguel\source\repos\Proconenct\ProConnect.Core\Entities\ProfessionalProfile.cs'. [C:\Users\Miguel\source\repos\Proconenct\Proconenct.csproj]
C:\Users\Miguel\source\repos\Proconenct\ProConnect.Core\Entities\ProfessionalProfile.cs(114,16): warning CS0436: El tipo 'ProfileStatus' de 'C:\Users\Miguel\source\repos\Proconenct\ProConnect.Core\Entities\ProfessionalProfile.cs' est├í en conflicto con el tipo importado 'ProfileStatus' de 'ProConnect.Core, Version=0.0.0.0, Culture=neutral, PublicKeyToken=null'. Se usar├í el tipo definido en 'C:\Users\Miguel\source\repos\Proconenct\ProConnect.Core\Entities\ProfessionalProfile.cs'. [C:\Users\Miguel\source\repos\Proconenct\Proconenct.csproj]
C:\Users\Miguel\source\repos\Proconenct\ProConnect.Application\Interfaces\IProfessionalProfileService.cs(52,77): warning CS0436: El tipo 'CreateAvailabilityBlockDto' de 'C:\Users\Miguel\source\repos\Proconenct\ProConnect.Application\DTOs\Shared\CommonDtos.cs' est├í en conflicto con el tipo importado 'CreateAvailabilityBlockDto' de 'ProConnect.Application, Version=0.0.0.0, Culture=neutral, PublicKeyToken=null'. Se usar├í el tipo definido en 'C:\Users\Miguel\source\repos\Proconenct\ProConnect.Application\DTOs\Shared\CommonDtos.cs'. [C:\Users\Miguel\source\repos\Proconenct\Proconenct.csproj]
C:\Users\Miguel\source\repos\Proconenct\ProConnect.Application\Interfaces\IProfessionalProfileService.cs(52,14): warning CS0436: El tipo 'AvailabilityBlockDto' de 'C:\Users\Miguel\source\repos\Proconenct\ProConnect.Application\DTOs\Shared\CommonDtos.cs' est├í en conflicto con el tipo importado 'AvailabilityBlockDto' de 'ProConnect.Application, Version=0.0.0.0, Culture=neutral, PublicKeyToken=null'. Se usar├í el tipo definido en 'C:\Users\Miguel\source\repos\Proconenct\ProConnect.Application\DTOs\Shared\CommonDtos.cs'. [C:\Users\Miguel\source\repos\Proconenct\Proconenct.csproj]
C:\Users\Miguel\source\repos\Proconenct\ProConnect.Application\Interfaces\IProfessionalProfileService.cs(57,19): warning CS0436: El tipo 'AvailabilityBlockDto' de 'C:\Users\Miguel\source\repos\Proconenct\ProConnect.Application\DTOs\Shared\CommonDtos.cs' est├í en conflicto con el tipo importado 'AvailabilityBlockDto' de 'ProConnect.Application, Version=0.0.0.0, Culture=neutral, PublicKeyToken=null'. Se usar├í el tipo definido en 'C:\Users\Miguel\source\repos\Proconenct\ProConnect.Application\DTOs\Shared\CommonDtos.cs'. [C:\Users\Miguel\source\repos\Proconenct\Proconenct.csproj]
C:\Users\Miguel\source\repos\Proconenct\ProConnect.Application\Interfaces\IProfessionalProfileService.cs(67,14): warning CS0436: El tipo 'AvailabilityCheckResponseDto' de 'C:\Users\Miguel\source\repos\Proconenct\ProConnect.Application\DTOs\Shared\CommonDtos.cs' est├í en conflicto con el tipo importado 'AvailabilityCheckResponseDto' de 'ProConnect.Application, Version=0.0.0.0, Culture=neutral, PublicKeyToken=null'. Se usar├í el tipo definido en 'C:\Users\Miguel\source\repos\Proconenct\ProConnect.Application\DTOs\Shared\CommonDtos.cs'. [C:\Users\Miguel\source\repos\Proconenct\Proconenct.csproj]
C:\Users\Miguel\source\repos\Proconenct\ProConnect.Application\Interfaces\IProfessionalProfileService.cs(72,51): warning CS0436: El tipo 'CreateServiceDto' de 'C:\Users\Miguel\source\repos\Proconenct\ProConnect.Application\DTOs\Shared\CommonDtos.cs' est├í en conflicto con el tipo importado 'CreateServiceDto' de 'ProConnect.Application, Version=0.0.0.0, Culture=neutral, PublicKeyToken=null'. Se usar├í el tipo definido en 'C:\Users\Miguel\source\repos\Proconenct\ProConnect.Application\DTOs\Shared\CommonDtos.cs'. [C:\Users\Miguel\source\repos\Proconenct\Proconenct.csproj]
C:\Users\Miguel\source\repos\Proconenct\ProConnect.Application\Interfaces\IProfessionalProfileService.cs(77,54): warning CS0436: El tipo 'UpdateServiceDto' de 'C:\Users\Miguel\source\repos\Proconenct\ProConnect.Application\DTOs\Shared\CommonDtos.cs' est├í en conflicto con el tipo importado 'UpdateServiceDto' de 'ProConnect.Application, Version=0.0.0.0, Culture=neutral, PublicKeyToken=null'. Se usar├í el tipo definido en 'C:\Users\Miguel\source\repos\Proconenct\ProConnect.Application\DTOs\Shared\CommonDtos.cs'. [C:\Users\Miguel\source\repos\Proconenct\Proconenct.csproj]
C:\Users\Miguel\source\repos\Proconenct\ProConnect.Application\Interfaces\IProfessionalProfileService.cs(87,19): warning CS0436: El tipo 'ServiceDto' de 'C:\Users\Miguel\source\repos\Proconenct\ProConnect.Application\DTOs\Shared\CommonDtos.cs' est├í en conflicto con el tipo importado 'ServiceDto' de 'ProConnect.Application, Version=0.0.0.0, Culture=neutral, PublicKeyToken=null'. Se usar├í el tipo definido en 'C:\Users\Miguel\source\repos\Proconenct\ProConnect.Application\DTOs\Shared\CommonDtos.cs'. [C:\Users\Miguel\source\repos\Proconenct\Proconenct.csproj]
C:\Users\Miguel\source\repos\Proconenct\ProConnect.Application\Services\AuthService.cs(19,26): warning CS0436: El tipo 'IEmailService' de 'C:\Users\Miguel\source\repos\Proconenct\ProConnect.Core\Interfaces\IEmailService.cs' est├í en conflicto con el tipo importado 'IEmailService' de 'ProConnect.Core, Version=0.0.0.0, Culture=neutral, PublicKeyToken=null'. Se usar├í el tipo definido en 'C:\Users\Miguel\source\repos\Proconenct\ProConnect.Core\Interfaces\IEmailService.cs'. [C:\Users\Miguel\source\repos\Proconenct\Proconenct.csproj]
C:\Users\Miguel\source\repos\Proconenct\ProConnect.Application\Services\AuthService.cs(22,13): warning CS0436: El tipo 'IUserRepository' de 'C:\Users\Miguel\source\repos\Proconenct\ProConnect.Core\Interfaces\IUserRepository.cs' est├í en conflicto con el tipo importado 'IUserRepository' de 'ProConnect.Core, Version=0.0.0.0, Culture=neutral, PublicKeyToken=null'. Se usar├í el tipo definido en 'C:\Users\Miguel\source\repos\Proconenct\ProConnect.Core\Interfaces\IUserRepository.cs'. [C:\Users\Miguel\source\repos\Proconenct\Proconenct.csproj]
C:\Users\Miguel\source\repos\Proconenct\ProConnect.Application\Services\AuthService.cs(23,13): warning CS0436: El tipo 'IJwtTokenService' de 'C:\Users\Miguel\source\repos\Proconenct\ProConnect.Core\Interfaces\IJwtTokenService.cs' est├í en conflicto con el tipo importado 'IJwtTokenService' de 'ProConnect.Core, Version=0.0.0.0, Culture=neutral, PublicKeyToken=null'. Se usar├í el tipo definido en 'C:\Users\Miguel\source\repos\Proconenct\ProConnect.Core\Interfaces\IJwtTokenService.cs'. [C:\Users\Miguel\source\repos\Proconenct\Proconenct.csproj]
C:\Users\Miguel\source\repos\Proconenct\ProConnect.Application\Services\AuthService.cs(24,24): warning CS0436: El tipo 'RegisterUserDto' de 'C:\Users\Miguel\source\repos\Proconenct\ProConnect.Application\DTOs\RegisterUserDto.cs' est├í en conflicto con el tipo importado 'RegisterUserDto' de 'ProConnect.Application, Version=0.0.0.0, Culture=neutral, PublicKeyToken=null'. Se usar├í el tipo definido en 'C:\Users\Miguel\source\repos\Proconenct\ProConnect.Application\DTOs\RegisterUserDto.cs'. [C:\Users\Miguel\source\repos\Proconenct\Proconenct.csproj]
C:\Users\Miguel\source\repos\Proconenct\ProConnect.Application\Services\AuthService.cs(25,24): warning CS0436: El tipo 'LoginUserDto' de 'C:\Users\Miguel\source\repos\Proconenct\ProConnect.Application\DTOs\LoginUserDto.cs' est├í en conflicto con el tipo importado 'LoginUserDto' de 'ProConnect.Application, Version=0.0.0.0, Culture=neutral, PublicKeyToken=null'. Se usar├í el tipo definido en 'C:\Users\Miguel\source\repos\Proconenct\ProConnect.Application\DTOs\LoginUserDto.cs'. [C:\Users\Miguel\source\repos\Proconenct\Proconenct.csproj]
C:\Users\Miguel\source\repos\Proconenct\ProConnect.Application\Services\AuthService.cs(26,13): warning CS0436: El tipo 'IEmailService' de 'C:\Users\Miguel\source\repos\Proconenct\ProConnect.Core\Interfaces\IEmailService.cs' est├í en conflicto con el tipo importado 'IEmailService' de 'ProConnect.Core, Version=0.0.0.0, Culture=neutral, PublicKeyToken=null'. Se usar├í el tipo definido en 'C:\Users\Miguel\source\repos\Proconenct\ProConnect.Core\Interfaces\IEmailService.cs'. [C:\Users\Miguel\source\repos\Proconenct\Proconenct.csproj]
C:\Users\Miguel\source\repos\Proconenct\ProConnect.Application\Interfaces\IProfessionalSearchService.cs(9,84): warning CS0436: El tipo 'ProfessionalSearchFiltersDto' de 'C:\Users\Miguel\source\repos\Proconenct\ProConnect.Application\DTOs\ProfessionalSearchFiltersDto.cs' est├í en conflicto con el tipo importado 'ProfessionalSearchFiltersDto' de 'ProConnect.Application, Version=0.0.0.0, Culture=neutral, PublicKeyToken=null'. Se usar├í el tipo definido en 'C:\Users\Miguel\source\repos\Proconenct\ProConnect.Application\DTOs\ProfessionalSearchFiltersDto.cs'. [C:\Users\Miguel\source\repos\Proconenct\Proconenct.csproj]
C:\Users\Miguel\source\repos\Proconenct\ProConnect.Application\Interfaces\IProfessionalSearchService.cs(9,14): warning CS0436: El tipo 'PagedResultDto<T>' de 'C:\Users\Miguel\source\repos\Proconenct\ProConnect.Application\DTOs\Shared\PagedResultDto.cs' est├í en conflicto con el tipo importado 'PagedResultDto<T>' de 'ProConnect.Application, Version=0.0.0.0, Culture=neutral, PublicKeyToken=null'. Se usar├í el tipo definido en 'C:\Users\Miguel\source\repos\Proconenct\ProConnect.Application\DTOs\Shared\PagedResultDto.cs'. [C:\Users\Miguel\source\repos\Proconenct\Proconenct.csproj]
C:\Users\Miguel\source\repos\Proconenct\ProConnect.Application\Interfaces\IProfessionalSearchService.cs(9,29): warning CS0436: El tipo 'ProfessionalSearchResultDto' de 'C:\Users\Miguel\source\repos\Proconenct\ProConnect.Application\DTOs\ProfessionalSearchResultDto.cs' est├í en conflicto con el tipo importado 'ProfessionalSearchResultDto' de 'ProConnect.Application, Version=0.0.0.0, Culture=neutral, PublicKeyToken=null'. Se usar├í el tipo definido en 'C:\Users\Miguel\source\repos\Proconenct\ProConnect.Application\DTOs\ProfessionalSearchResultDto.cs'. [C:\Users\Miguel\source\repos\Proconenct\Proconenct.csproj]
C:\Users\Miguel\source\repos\Proconenct\ProConnect.Application\Interfaces\IRecommendationService.cs(9,19): warning CS0436: El tipo 'ProfessionalRecommendationDto' de 'C:\Users\Miguel\source\repos\Proconenct\ProConnect.Application\DTOs\ProfessionalRecommendationDto.cs' est├í en conflicto con el tipo importado 'ProfessionalRecommendationDto' de 'ProConnect.Application, Version=0.0.0.0, Culture=neutral, PublicKeyToken=null'. Se usar├í el tipo definido en 'C:\Users\Miguel\source\repos\Proconenct\ProConnect.Application\DTOs\ProfessionalRecommendationDto.cs'. [C:\Users\Miguel\source\repos\Proconenct\Proconenct.csproj]
C:\Users\Miguel\source\repos\Proconenct\ProConnect.Application\Services\BookingService.cs(9,35): warning CS0436: El tipo 'IBookingService' de 'C:\Users\Miguel\source\repos\Proconenct\ProConnect.Application\Interfaces\IBookingService.cs' est├í en conflicto con el tipo importado 'IBookingService' de 'ProConnect.Application, Version=0.0.0.0, Culture=neutral, PublicKeyToken=null'. Se usar├í el tipo definido en 'C:\Users\Miguel\source\repos\Proconenct\ProConnect.Application\Interfaces\IBookingService.cs'. [C:\Users\Miguel\source\repos\Proconenct\Proconenct.csproj]
C:\Users\Miguel\source\repos\Proconenct\ProConnect.Application\Interfaces\IUserService.cs(15,14): warning CS0436: El tipo 'UserProfileDto' de 'C:\Users\Miguel\source\repos\Proconenct\ProConnect.Application\DTOs\UserProfileDto.cs' est├í en conflicto con el tipo importado 'UserProfileDto' de 'ProConnect.Application, Version=0.0.0.0, Culture=neutral, PublicKeyToken=null'. Se usar├í el tipo definido en 'C:\Users\Miguel\source\repos\Proconenct\ProConnect.Application\DTOs\UserProfileDto.cs'. [C:\Users\Miguel\source\repos\Proconenct\Proconenct.csproj]
C:\Users\Miguel\source\repos\Proconenct\ProConnect.Application\Interfaces\IUserService.cs(23,68): warning CS0436: El tipo 'UpdateUserProfileDto' de 'C:\Users\Miguel\source\repos\Proconenct\ProConnect.Application\DTOs\UpdateUserProfileDto.cs' est├í en conflicto con el tipo importado 'UpdateUserProfileDto' de 'ProConnect.Application, Version=0.0.0.0, Culture=neutral, PublicKeyToken=null'. Se usar├í el tipo definido en 'C:\Users\Miguel\source\repos\Proconenct\ProConnect.Application\DTOs\UpdateUserProfileDto.cs'. [C:\Users\Miguel\source\repos\Proconenct\Proconenct.csproj]
C:\Users\Miguel\source\repos\Proconenct\ProConnect.Application\Interfaces\IUserService.cs(23,14): warning CS0436: El tipo 'UserProfileDto' de 'C:\Users\Miguel\source\repos\Proconenct\ProConnect.Application\DTOs\UserProfileDto.cs' est├í en conflicto con el tipo importado 'UserProfileDto' de 'ProConnect.Application, Version=0.0.0.0, Culture=neutral, PublicKeyToken=null'. Se usar├í el tipo definido en 'C:\Users\Miguel\source\repos\Proconenct\ProConnect.Application\DTOs\UserProfileDto.cs'. [C:\Users\Miguel\source\repos\Proconenct\Proconenct.csproj]
C:\Users\Miguel\source\repos\Proconenct\ProConnect.Application\Interfaces\IUserService.cs(37,14): warning CS0436: El tipo 'UserProfileDto' de 'C:\Users\Miguel\source\repos\Proconenct\ProConnect.Application\DTOs\UserProfileDto.cs' est├í en conflicto con el tipo importado 'UserProfileDto' de 'ProConnect.Application, Version=0.0.0.0, Culture=neutral, PublicKeyToken=null'. Se usar├í el tipo definido en 'C:\Users\Miguel\source\repos\Proconenct\ProConnect.Application\DTOs\UserProfileDto.cs'. [C:\Users\Miguel\source\repos\Proconenct\Proconenct.csproj]
C:\Users\Miguel\source\repos\Proconenct\ProConnect.Application\Services\BookingService.cs(28,58): warning CS0436: El tipo 'CreateBookingDto' de 'C:\Users\Miguel\source\repos\Proconenct\ProConnect.Application\DTOs\CreateBookingDto.cs' est├í en conflicto con el tipo importado 'CreateBookingDto' de 'ProConnect.Application, Version=0.0.0.0, Culture=neutral, PublicKeyToken=null'. Se usar├í el tipo definido en 'C:\Users\Miguel\source\repos\Proconenct\ProConnect.Application\DTOs\CreateBookingDto.cs'. [C:\Users\Miguel\source\repos\Proconenct\Proconenct.csproj]
C:\Users\Miguel\source\repos\Proconenct\ProConnect.Application\Services\BookingService.cs(28,27): warning CS0436: El tipo 'BookingDto' de 'C:\Users\Miguel\source\repos\Proconenct\ProConnect.Application\DTOs\BookingDto.cs' est├í en conflicto con el tipo importado 'BookingDto' de 'ProConnect.Application, Version=0.0.0.0, Culture=neutral, PublicKeyToken=null'. Se usar├í el tipo definido en 'C:\Users\Miguel\source\repos\Proconenct\ProConnect.Application\DTOs\BookingDto.cs'. [C:\Users\Miguel\source\repos\Proconenct\Proconenct.csproj]
C:\Users\Miguel\source\repos\Proconenct\ProConnect.Application\Services\BookingService.cs(101,27): warning CS0436: El tipo 'BookingDto' de 'C:\Users\Miguel\source\repos\Proconenct\ProConnect.Application\DTOs\BookingDto.cs' est├í en conflicto con el tipo importado 'BookingDto' de 'ProConnect.Application, Version=0.0.0.0, Culture=neutral, PublicKeyToken=null'. Se usar├í el tipo definido en 'C:\Users\Miguel\source\repos\Proconenct\ProConnect.Application\DTOs\BookingDto.cs'. [C:\Users\Miguel\source\repos\Proconenct\Proconenct.csproj]
C:\Users\Miguel\source\repos\Proconenct\ProConnect.Application\Services\BookingService.cs(126,32): warning CS0436: El tipo 'BookingDto' de 'C:\Users\Miguel\source\repos\Proconenct\ProConnect.Application\DTOs\BookingDto.cs' est├í en conflicto con el tipo importado 'BookingDto' de 'ProConnect.Application, Version=0.0.0.0, Culture=neutral, PublicKeyToken=null'. Se usar├í el tipo definido en 'C:\Users\Miguel\source\repos\Proconenct\ProConnect.Application\DTOs\BookingDto.cs'. [C:\Users\Miguel\source\repos\Proconenct\Proconenct.csproj]
C:\Users\Miguel\source\repos\Proconenct\ProConnect.Application\Services\BookingService.cs(147,32): warning CS0436: El tipo 'BookingDto' de 'C:\Users\Miguel\source\repos\Proconenct\ProConnect.Application\DTOs\BookingDto.cs' est├í en conflicto con el tipo importado 'BookingDto' de 'ProConnect.Application, Version=0.0.0.0, Culture=neutral, PublicKeyToken=null'. Se usar├í el tipo definido en 'C:\Users\Miguel\source\repos\Proconenct\ProConnect.Application\DTOs\BookingDto.cs'. [C:\Users\Miguel\source\repos\Proconenct\Proconenct.csproj]
C:\Users\Miguel\source\repos\Proconenct\ProConnect.Application\Services\BookingService.cs(168,76): warning CS0436: El tipo 'UpdateBookingDto' de 'C:\Users\Miguel\source\repos\Proconenct\ProConnect.Application\DTOs\UpdateBookingDto.cs' est├í en conflicto con el tipo importado 'UpdateBookingDto' de 'ProConnect.Application, Version=0.0.0.0, Culture=neutral, PublicKeyToken=null'. Se usar├í el tipo definido en 'C:\Users\Miguel\source\repos\Proconenct\ProConnect.Application\DTOs\UpdateBookingDto.cs'. [C:\Users\Miguel\source\repos\Proconenct\Proconenct.csproj]
C:\Users\Miguel\source\repos\Proconenct\ProConnect.Application\Services\BookingService.cs(168,27): warning CS0436: El tipo 'BookingDto' de 'C:\Users\Miguel\source\repos\Proconenct\ProConnect.Application\DTOs\BookingDto.cs' est├í en conflicto con el tipo importado 'BookingDto' de 'ProConnect.Application, Version=0.0.0.0, Culture=neutral, PublicKeyToken=null'. Se usar├í el tipo definido en 'C:\Users\Miguel\source\repos\Proconenct\ProConnect.Application\DTOs\BookingDto.cs'. [C:\Users\Miguel\source\repos\Proconenct\Proconenct.csproj]
C:\Users\Miguel\source\repos\Proconenct\ProConnect.Application\Validators\CreateProfessionalProfileValidator.cs(10,73): warning CS0436: El tipo 'CreateProfessionalProfileDto' de 'C:\Users\Miguel\source\repos\Proconenct\ProConnect.Application\DTOs\CreateProfessionalProfileDto.cs' est├í en conflicto con el tipo importado 'CreateProfessionalProfileDto' de 'ProConnect.Application, Version=0.0.0.0, Culture=neutral, PublicKeyToken=null'. Se usar├í el tipo definido en 'C:\Users\Miguel\source\repos\Proconenct\ProConnect.Application\DTOs\CreateProfessionalProfileDto.cs'. [C:\Users\Miguel\source\repos\Proconenct\Proconenct.csproj]
C:\Users\Miguel\source\repos\Proconenct\ProConnect.Application\Services\BookingService.cs(405,32): warning CS0436: El tipo 'BookingDto' de 'C:\Users\Miguel\source\repos\Proconenct\ProConnect.Application\DTOs\BookingDto.cs' est├í en conflicto con el tipo importado 'BookingDto' de 'ProConnect.Application, Version=0.0.0.0, Culture=neutral, PublicKeyToken=null'. Se usar├í el tipo definido en 'C:\Users\Miguel\source\repos\Proconenct\ProConnect.Application\DTOs\BookingDto.cs'. [C:\Users\Miguel\source\repos\Proconenct\Proconenct.csproj]
C:\Users\Miguel\source\repos\Proconenct\ProConnect.Application\Services\BookingService.cs(449,61): warning CS0436: El tipo 'Booking' de 'C:\Users\Miguel\source\repos\Proconenct\ProConnect.Core\Entities\Booking.cs' est├í en conflicto con el tipo importado 'Booking' de 'ProConnect.Core, Version=0.0.0.0, Culture=neutral, PublicKeyToken=null'. Se usar├í el tipo definido en 'C:\Users\Miguel\source\repos\Proconenct\ProConnect.Core\Entities\Booking.cs'. [C:\Users\Miguel\source\repos\Proconenct\Proconenct.csproj]
C:\Users\Miguel\source\repos\Proconenct\ProConnect.Application\Services\BookingService.cs(449,28): warning CS0436: El tipo 'BookingDto' de 'C:\Users\Miguel\source\repos\Proconenct\ProConnect.Application\DTOs\BookingDto.cs' est├í en conflicto con el tipo importado 'BookingDto' de 'ProConnect.Application, Version=0.0.0.0, Culture=neutral, PublicKeyToken=null'. Se usar├í el tipo definido en 'C:\Users\Miguel\source\repos\Proconenct\ProConnect.Application\DTOs\BookingDto.cs'. [C:\Users\Miguel\source\repos\Proconenct\Proconenct.csproj]
C:\Users\Miguel\source\repos\Proconenct\ProConnect.Application\Validators\CreateProfessionalProfileValidator.cs(49,68): warning CS0436: El tipo 'AvailabilityScheduleDto' de 'C:\Users\Miguel\source\repos\Proconenct\ProConnect.Application\DTOs\Shared\CommonDtos.cs' est├í en conflicto con el tipo importado 'AvailabilityScheduleDto' de 'ProConnect.Application, Version=0.0.0.0, Culture=neutral, PublicKeyToken=null'. Se usar├í el tipo definido en 'C:\Users\Miguel\source\repos\Proconenct\ProConnect.Application\DTOs\Shared\CommonDtos.cs'. [C:\Users\Miguel\source\repos\Proconenct\Proconenct.csproj]
C:\Users\Miguel\source\repos\Proconenct\ProConnect.Application\Services\BookingService.cs(11,26): warning CS0436: El tipo 'IBookingRepository' de 'C:\Users\Miguel\source\repos\Proconenct\ProConnect.Core\Interfaces\IBookingRepository.cs' est├í en conflicto con el tipo importado 'IBookingRepository' de 'ProConnect.Core, Version=0.0.0.0, Culture=neutral, PublicKeyToken=null'. Se usar├í el tipo definido en 'C:\Users\Miguel\source\repos\Proconenct\ProConnect.Core\Interfaces\IBookingRepository.cs'. [C:\Users\Miguel\source\repos\Proconenct\Proconenct.csproj]
C:\Users\Miguel\source\repos\Proconenct\ProConnect.Application\Services\BookingService.cs(12,26): warning CS0436: El tipo 'IProfessionalProfileRepository' de 'C:\Users\Miguel\source\repos\Proconenct\ProConnect.Core\Interfaces\IProfessionalProfileRepository.cs' est├í en conflicto con el tipo importado 'IProfessionalProfileRepository' de 'ProConnect.Core, Version=0.0.0.0, Culture=neutral, PublicKeyToken=null'. Se usar├í el tipo definido en 'C:\Users\Miguel\source\repos\Proconenct\ProConnect.Core\Interfaces\IProfessionalProfileRepository.cs'. [C:\Users\Miguel\source\repos\Proconenct\Proconenct.csproj]
C:\Users\Miguel\source\repos\Proconenct\ProConnect.Application\Services\BookingService.cs(13,26): warning CS0436: El tipo 'IUserRepository' de 'C:\Users\Miguel\source\repos\Proconenct\ProConnect.Core\Interfaces\IUserRepository.cs' est├í en conflicto con el tipo importado 'IUserRepository' de 'ProConnect.Core, Version=0.0.0.0, Culture=neutral, PublicKeyToken=null'. Se usar├í el tipo definido en 'C:\Users\Miguel\source\repos\Proconenct\ProConnect.Core\Interfaces\IUserRepository.cs'. [C:\Users\Miguel\source\repos\Proconenct\Proconenct.csproj]
C:\Users\Miguel\source\repos\Proconenct\ProConnect.Application\Services\BookingService.cs(14,34): warning CS0436: El tipo 'BookingService' de 'C:\Users\Miguel\source\repos\Proconenct\ProConnect.Application\Services\BookingService.cs' est├í en conflicto con el tipo importado 'BookingService' de 'ProConnect.Application, Version=0.0.0.0, Culture=neutral, PublicKeyToken=null'. Se usar├í el tipo definido en 'C:\Users\Miguel\source\repos\Proconenct\ProConnect.Application\Services\BookingService.cs'. [C:\Users\Miguel\source\repos\Proconenct\Proconenct.csproj]
C:\Users\Miguel\source\repos\Proconenct\ProConnect.Application\Validators\CreateProfessionalProfileValidator.cs(69,59): warning CS0436: El tipo 'DayScheduleDto' de 'C:\Users\Miguel\source\repos\Proconenct\ProConnect.Application\DTOs\Shared\CommonDtos.cs' est├í en conflicto con el tipo importado 'DayScheduleDto' de 'ProConnect.Application, Version=0.0.0.0, Culture=neutral, PublicKeyToken=null'. Se usar├í el tipo definido en 'C:\Users\Miguel\source\repos\Proconenct\ProConnect.Application\DTOs\Shared\CommonDtos.cs'. [C:\Users\Miguel\source\repos\Proconenct\Proconenct.csproj]
C:\Users\Miguel\source\repos\Proconenct\ProConnect.Application\Services\BookingService.cs(17,13): warning CS0436: El tipo 'IBookingRepository' de 'C:\Users\Miguel\source\repos\Proconenct\ProConnect.Core\Interfaces\IBookingRepository.cs' est├í en conflicto con el tipo importado 'IBookingRepository' de 'ProConnect.Core, Version=0.0.0.0, Culture=neutral, PublicKeyToken=null'. Se usar├í el tipo definido en 'C:\Users\Miguel\source\repos\Proconenct\ProConnect.Core\Interfaces\IBookingRepository.cs'. [C:\Users\Miguel\source\repos\Proconenct\Proconenct.csproj]
C:\Users\Miguel\source\repos\Proconenct\ProConnect.Application\Services\BookingService.cs(18,13): warning CS0436: El tipo 'IProfessionalProfileRepository' de 'C:\Users\Miguel\source\repos\Proconenct\ProConnect.Core\Interfaces\IProfessionalProfileRepository.cs' est├í en conflicto con el tipo importado 'IProfessionalProfileRepository' de 'ProConnect.Core, Version=0.0.0.0, Culture=neutral, PublicKeyToken=null'. Se usar├í el tipo definido en 'C:\Users\Miguel\source\repos\Proconenct\ProConnect.Core\Interfaces\IProfessionalProfileRepository.cs'. [C:\Users\Miguel\source\repos\Proconenct\Proconenct.csproj]
C:\Users\Miguel\source\repos\Proconenct\ProConnect.Application\Services\BookingService.cs(19,13): warning CS0436: El tipo 'IUserRepository' de 'C:\Users\Miguel\source\repos\Proconenct\ProConnect.Core\Interfaces\IUserRepository.cs' est├í en conflicto con el tipo importado 'IUserRepository' de 'ProConnect.Core, Version=0.0.0.0, Culture=neutral, PublicKeyToken=null'. Se usar├í el tipo definido en 'C:\Users\Miguel\source\repos\Proconenct\ProConnect.Core\Interfaces\IUserRepository.cs'. [C:\Users\Miguel\source\repos\Proconenct\Proconenct.csproj]
C:\Users\Miguel\source\repos\Proconenct\ProConnect.Application\Services\BookingService.cs(20,21): warning CS0436: El tipo 'BookingService' de 'C:\Users\Miguel\source\repos\Proconenct\ProConnect.Application\Services\BookingService.cs' est├í en conflicto con el tipo importado 'BookingService' de 'ProConnect.Application, Version=0.0.0.0, Culture=neutral, PublicKeyToken=null'. Se usar├í el tipo definido en 'C:\Users\Miguel\source\repos\Proconenct\ProConnect.Application\Services\BookingService.cs'. [C:\Users\Miguel\source\repos\Proconenct\Proconenct.csproj]
C:\Users\Miguel\source\repos\Proconenct\ProConnect.Application\Validators\LoginUserValidator.cs(6,57): warning CS0436: El tipo 'LoginUserDto' de 'C:\Users\Miguel\source\repos\Proconenct\ProConnect.Application\DTOs\LoginUserDto.cs' est├í en conflicto con el tipo importado 'LoginUserDto' de 'ProConnect.Application, Version=0.0.0.0, Culture=neutral, PublicKeyToken=null'. Se usar├í el tipo definido en 'C:\Users\Miguel\source\repos\Proconenct\ProConnect.Application\DTOs\LoginUserDto.cs'. [C:\Users\Miguel\source\repos\Proconenct\Proconenct.csproj]
C:\Users\Miguel\source\repos\Proconenct\ProConnect.Application\Validators\RegisterUserValidator.cs(7,60): warning CS0436: El tipo 'RegisterUserDto' de 'C:\Users\Miguel\source\repos\Proconenct\ProConnect.Application\DTOs\RegisterUserDto.cs' est├í en conflicto con el tipo importado 'RegisterUserDto' de 'ProConnect.Application, Version=0.0.0.0, Culture=neutral, PublicKeyToken=null'. Se usar├í el tipo definido en 'C:\Users\Miguel\source\repos\Proconenct\ProConnect.Application\DTOs\RegisterUserDto.cs'. [C:\Users\Miguel\source\repos\Proconenct\Proconenct.csproj]
C:\Users\Miguel\source\repos\Proconenct\ProConnect.Application\Services\PortfolioService.cs(15,37): warning CS0436: El tipo 'IPortfolioService' de 'C:\Users\Miguel\source\repos\Proconenct\ProConnect.Application\Interfaces\IPortfolioService.cs' est├í en conflicto con el tipo importado 'IPortfolioService' de 'ProConnect.Application, Version=0.0.0.0, Culture=neutral, PublicKeyToken=null'. Se usar├í el tipo definido en 'C:\Users\Miguel\source\repos\Proconenct\ProConnect.Application\Interfaces\IPortfolioService.cs'. [C:\Users\Miguel\source\repos\Proconenct\Proconenct.csproj]
C:\Users\Miguel\source\repos\Proconenct\ProConnect.Application\Services\PortfolioService.cs(30,27): warning CS0436: El tipo 'PortfolioFileDto' de 'C:\Users\Miguel\source\repos\Proconenct\ProConnect.Application\DTOs\PortfolioFileDto.cs' est├í en conflicto con el tipo importado 'PortfolioFileDto' de 'ProConnect.Application, Version=0.0.0.0, Culture=neutral, PublicKeyToken=null'. Se usar├í el tipo definido en 'C:\Users\Miguel\source\repos\Proconenct\ProConnect.Application\DTOs\PortfolioFileDto.cs'. [C:\Users\Miguel\source\repos\Proconenct\Proconenct.csproj]
C:\Users\Miguel\source\repos\Proconenct\ProConnect.Application\Services\PortfolioService.cs(86,32): warning CS0436: El tipo 'PortfolioFileDto' de 'C:\Users\Miguel\source\repos\Proconenct\ProConnect.Application\DTOs\PortfolioFileDto.cs' est├í en conflicto con el tipo importado 'PortfolioFileDto' de 'ProConnect.Application, Version=0.0.0.0, Culture=neutral, PublicKeyToken=null'. Se usar├í el tipo definido en 'C:\Users\Miguel\source\repos\Proconenct\ProConnect.Application\DTOs\PortfolioFileDto.cs'. [C:\Users\Miguel\source\repos\Proconenct\Proconenct.csproj]
C:\Users\Miguel\source\repos\Proconenct\ProConnect.Core\Entities\ProfessionalProfile.cs(191,16): warning CS0436: El tipo 'DaySchedule' de 'C:\Users\Miguel\source\repos\Proconenct\ProConnect.Core\Entities\ProfessionalProfile.cs' est├í en conflicto con el tipo importado 'DaySchedule' de 'ProConnect.Core, Version=0.0.0.0, Culture=neutral, PublicKeyToken=null'. Se usar├í el tipo definido en 'C:\Users\Miguel\source\repos\Proconenct\ProConnect.Core\Entities\ProfessionalProfile.cs'. [C:\Users\Miguel\source\repos\Proconenct\Proconenct.csproj]
C:\Users\Miguel\source\repos\Proconenct\ProConnect.Core\Entities\ProfessionalProfile.cs(194,16): warning CS0436: El tipo 'DaySchedule' de 'C:\Users\Miguel\source\repos\Proconenct\ProConnect.Core\Entities\ProfessionalProfile.cs' est├í en conflicto con el tipo importado 'DaySchedule' de 'ProConnect.Core, Version=0.0.0.0, Culture=neutral, PublicKeyToken=null'. Se usar├í el tipo definido en 'C:\Users\Miguel\source\repos\Proconenct\ProConnect.Core\Entities\ProfessionalProfile.cs'. [C:\Users\Miguel\source\repos\Proconenct\Proconenct.csproj]
C:\Users\Miguel\source\repos\Proconenct\ProConnect.Core\Entities\ProfessionalProfile.cs(197,16): warning CS0436: El tipo 'DaySchedule' de 'C:\Users\Miguel\source\repos\Proconenct\ProConnect.Core\Entities\ProfessionalProfile.cs' est├í en conflicto con el tipo importado 'DaySchedule' de 'ProConnect.Core, Version=0.0.0.0, Culture=neutral, PublicKeyToken=null'. Se usar├í el tipo definido en 'C:\Users\Miguel\source\repos\Proconenct\ProConnect.Core\Entities\ProfessionalProfile.cs'. [C:\Users\Miguel\source\repos\Proconenct\Proconenct.csproj]
C:\Users\Miguel\source\repos\Proconenct\ProConnect.Core\Entities\ProfessionalProfile.cs(200,16): warning CS0436: El tipo 'DaySchedule' de 'C:\Users\Miguel\source\repos\Proconenct\ProConnect.Core\Entities\ProfessionalProfile.cs' est├í en conflicto con el tipo importado 'DaySchedule' de 'ProConnect.Core, Version=0.0.0.0, Culture=neutral, PublicKeyToken=null'. Se usar├í el tipo definido en 'C:\Users\Miguel\source\repos\Proconenct\ProConnect.Core\Entities\ProfessionalProfile.cs'. [C:\Users\Miguel\source\repos\Proconenct\Proconenct.csproj]
C:\Users\Miguel\source\repos\Proconenct\ProConnect.Application\Validators\RegisterUserValidator.cs(9,26): warning CS0436: El tipo 'IUserRepository' de 'C:\Users\Miguel\source\repos\Proconenct\ProConnect.Core\Interfaces\IUserRepository.cs' est├í en conflicto con el tipo importado 'IUserRepository' de 'ProConnect.Core, Version=0.0.0.0, Culture=neutral, PublicKeyToken=null'. Se usar├í el tipo definido en 'C:\Users\Miguel\source\repos\Proconenct\ProConnect.Core\Interfaces\IUserRepository.cs'. [C:\Users\Miguel\source\repos\Proconenct\Proconenct.csproj]
C:\Users\Miguel\source\repos\Proconenct\ProConnect.Core\Entities\ProfessionalProfile.cs(203,16): warning CS0436: El tipo 'DaySchedule' de 'C:\Users\Miguel\source\repos\Proconenct\ProConnect.Core\Entities\ProfessionalProfile.cs' est├í en conflicto con el tipo importado 'DaySchedule' de 'ProConnect.Core, Version=0.0.0.0, Culture=neutral, PublicKeyToken=null'. Se usar├í el tipo definido en 'C:\Users\Miguel\source\repos\Proconenct\ProConnect.Core\Entities\ProfessionalProfile.cs'. [C:\Users\Miguel\source\repos\Proconenct\Proconenct.csproj]
C:\Users\Miguel\source\repos\Proconenct\ProConnect.Core\Entities\ProfessionalProfile.cs(206,16): warning CS0436: El tipo 'DaySchedule' de 'C:\Users\Miguel\source\repos\Proconenct\ProConnect.Core\Entities\ProfessionalProfile.cs' est├í en conflicto con el tipo importado 'DaySchedule' de 'ProConnect.Core, Version=0.0.0.0, Culture=neutral, PublicKeyToken=null'. Se usar├í el tipo definido en 'C:\Users\Miguel\source\repos\Proconenct\ProConnect.Core\Entities\ProfessionalProfile.cs'. [C:\Users\Miguel\source\repos\Proconenct\Proconenct.csproj]
C:\Users\Miguel\source\repos\Proconenct\ProConnect.Core\Entities\ProfessionalProfile.cs(209,16): warning CS0436: El tipo 'DaySchedule' de 'C:\Users\Miguel\source\repos\Proconenct\ProConnect.Core\Entities\ProfessionalProfile.cs' est├í en conflicto con el tipo importado 'DaySchedule' de 'ProConnect.Core, Version=0.0.0.0, Culture=neutral, PublicKeyToken=null'. Se usar├í el tipo definido en 'C:\Users\Miguel\source\repos\Proconenct\ProConnect.Core\Entities\ProfessionalProfile.cs'. [C:\Users\Miguel\source\repos\Proconenct\Proconenct.csproj]
C:\Users\Miguel\source\repos\Proconenct\ProConnect.Application\Validators\RegisterUserValidator.cs(11,38): warning CS0436: El tipo 'IUserRepository' de 'C:\Users\Miguel\source\repos\Proconenct\ProConnect.Core\Interfaces\IUserRepository.cs' est├í en conflicto con el tipo importado 'IUserRepository' de 'ProConnect.Core, Version=0.0.0.0, Culture=neutral, PublicKeyToken=null'. Se usar├í el tipo definido en 'C:\Users\Miguel\source\repos\Proconenct\ProConnect.Core\Interfaces\IUserRepository.cs'. [C:\Users\Miguel\source\repos\Proconenct\Proconenct.csproj]
C:\Users\Miguel\source\repos\Proconenct\ProConnect.Application\Validators\UpdateProfessionalProfileValidator.cs(10,73): warning CS0436: El tipo 'UpdateProfessionalProfileDto' de 'C:\Users\Miguel\source\repos\Proconenct\ProConnect.Application\DTOs\UpdateProfessionalProfileDto.cs' est├í en conflicto con el tipo importado 'UpdateProfessionalProfileDto' de 'ProConnect.Application, Version=0.0.0.0, Culture=neutral, PublicKeyToken=null'. Se usar├í el tipo definido en 'C:\Users\Miguel\source\repos\Proconenct\ProConnect.Application\DTOs\UpdateProfessionalProfileDto.cs'. [C:\Users\Miguel\source\repos\Proconenct\Proconenct.csproj]
C:\Users\Miguel\source\repos\Proconenct\ProConnect.Application\Services\PortfolioService.cs(23,26): warning CS0436: El tipo 'IPortfolioRepository' de 'C:\Users\Miguel\source\repos\Proconenct\ProConnect.Core\Interfaces\IPortfolioRepository.cs' est├í en conflicto con el tipo importado 'IPortfolioRepository' de 'ProConnect.Core, Version=0.0.0.0, Culture=neutral, PublicKeyToken=null'. Se usar├í el tipo definido en 'C:\Users\Miguel\source\repos\Proconenct\ProConnect.Core\Interfaces\IPortfolioRepository.cs'. [C:\Users\Miguel\source\repos\Proconenct\Proconenct.csproj]
C:\Users\Miguel\source\repos\Proconenct\ProConnect.Application\Services\PortfolioService.cs(25,33): warning CS0436: El tipo 'IPortfolioRepository' de 'C:\Users\Miguel\source\repos\Proconenct\ProConnect.Core\Interfaces\IPortfolioRepository.cs' est├í en conflicto con el tipo importado 'IPortfolioRepository' de 'ProConnect.Core, Version=0.0.0.0, Culture=neutral, PublicKeyToken=null'. Se usar├í el tipo definido en 'C:\Users\Miguel\source\repos\Proconenct\ProConnect.Core\Interfaces\IPortfolioRepository.cs'. [C:\Users\Miguel\source\repos\Proconenct\Proconenct.csproj]
C:\Users\Miguel\source\repos\Proconenct\ProConnect.Application\Services\ProfessionalProfileService.cs(13,47): warning CS0436: El tipo 'IProfessionalProfileService' de 'C:\Users\Miguel\source\repos\Proconenct\ProConnect.Application\Interfaces\IProfessionalProfileService.cs' est├í en conflicto con el tipo importado 'IProfessionalProfileService' de 'ProConnect.Application, Version=0.0.0.0, Culture=neutral, PublicKeyToken=null'. Se usar├í el tipo definido en 'C:\Users\Miguel\source\repos\Proconenct\ProConnect.Application\Interfaces\IProfessionalProfileService.cs'. [C:\Users\Miguel\source\repos\Proconenct\Proconenct.csproj]
C:\Users\Miguel\source\repos\Proconenct\ProConnect.Application\Services\ProfessionalProfileService.cs(30,13): warning CS0436: El tipo 'CreateProfessionalProfileDto' de 'C:\Users\Miguel\source\repos\Proconenct\ProConnect.Application\DTOs\CreateProfessionalProfileDto.cs' est├í en conflicto con el tipo importado 'CreateProfessionalProfileDto' de 'ProConnect.Application, Version=0.0.0.0, Culture=neutral, PublicKeyToken=null'. Se usar├í el tipo definido en 'C:\Users\Miguel\source\repos\Proconenct\ProConnect.Application\DTOs\CreateProfessionalProfileDto.cs'. [C:\Users\Miguel\source\repos\Proconenct\Proconenct.csproj]
C:\Users\Miguel\source\repos\Proconenct\ProConnect.Application\Services\ProfessionalProfileService.cs(29,27): warning CS0436: El tipo 'ProfessionalProfileResponseDto' de 'C:\Users\Miguel\source\repos\Proconenct\ProConnect.Application\DTOs\ProfessionalProfileResponseDto.cs' est├í en conflicto con el tipo importado 'ProfessionalProfileResponseDto' de 'ProConnect.Application, Version=0.0.0.0, Culture=neutral, PublicKeyToken=null'. Se usar├í el tipo definido en 'C:\Users\Miguel\source\repos\Proconenct\ProConnect.Application\DTOs\ProfessionalProfileResponseDto.cs'. [C:\Users\Miguel\source\repos\Proconenct\Proconenct.csproj]
C:\Users\Miguel\source\repos\Proconenct\ProConnect.Application\Services\ProfessionalProfileService.cs(75,13): warning CS0436: El tipo 'UpdateProfessionalProfileDto' de 'C:\Users\Miguel\source\repos\Proconenct\ProConnect.Application\DTOs\UpdateProfessionalProfileDto.cs' est├í en conflicto con el tipo importado 'UpdateProfessionalProfileDto' de 'ProConnect.Application, Version=0.0.0.0, Culture=neutral, PublicKeyToken=null'. Se usar├í el tipo definido en 'C:\Users\Miguel\source\repos\Proconenct\ProConnect.Application\DTOs\UpdateProfessionalProfileDto.cs'. [C:\Users\Miguel\source\repos\Proconenct\Proconenct.csproj]
C:\Users\Miguel\source\repos\Proconenct\ProConnect.Application\Services\ProfessionalProfileService.cs(73,27): warning CS0436: El tipo 'ProfessionalProfileResponseDto' de 'C:\Users\Miguel\source\repos\Proconenct\ProConnect.Application\DTOs\ProfessionalProfileResponseDto.cs' est├í en conflicto con el tipo importado 'ProfessionalProfileResponseDto' de 'ProConnect.Application, Version=0.0.0.0, Culture=neutral, PublicKeyToken=null'. Se usar├í el tipo definido en 'C:\Users\Miguel\source\repos\Proconenct\ProConnect.Application\DTOs\ProfessionalProfileResponseDto.cs'. [C:\Users\Miguel\source\repos\Proconenct\Proconenct.csproj]
C:\Users\Miguel\source\repos\Proconenct\ProConnect.Application\Services\ProfessionalProfileService.cs(115,27): warning CS0436: El tipo 'ProfessionalProfileResponseDto' de 'C:\Users\Miguel\source\repos\Proconenct\ProConnect.Application\DTOs\ProfessionalProfileResponseDto.cs' est├í en conflicto con el tipo importado 'ProfessionalProfileResponseDto' de 'ProConnect.Application, Version=0.0.0.0, Culture=neutral, PublicKeyToken=null'. Se usar├í el tipo definido en 'C:\Users\Miguel\source\repos\Proconenct\ProConnect.Application\DTOs\ProfessionalProfileResponseDto.cs'. [C:\Users\Miguel\source\repos\Proconenct\Proconenct.csproj]
C:\Users\Miguel\source\repos\Proconenct\ProConnect.Application\Services\ProfessionalProfileService.cs(131,27): warning CS0436: El tipo 'ProfessionalProfileResponseDto' de 'C:\Users\Miguel\source\repos\Proconenct\ProConnect.Application\DTOs\ProfessionalProfileResponseDto.cs' est├í en conflicto con el tipo importado 'ProfessionalProfileResponseDto' de 'ProConnect.Application, Version=0.0.0.0, Culture=neutral, PublicKeyToken=null'. Se usar├í el tipo definido en 'C:\Users\Miguel\source\repos\Proconenct\ProConnect.Application\DTOs\ProfessionalProfileResponseDto.cs'. [C:\Users\Miguel\source\repos\Proconenct\Proconenct.csproj]
C:\Users\Miguel\source\repos\Proconenct\ProConnect.Application\Services\ProfessionalProfileService.cs(147,32): warning CS0436: El tipo 'ProfessionalProfileResponseDto' de 'C:\Users\Miguel\source\repos\Proconenct\ProConnect.Application\DTOs\ProfessionalProfileResponseDto.cs' est├í en conflicto con el tipo importado 'ProfessionalProfileResponseDto' de 'ProConnect.Application, Version=0.0.0.0, Culture=neutral, PublicKeyToken=null'. Se usar├í el tipo definido en 'C:\Users\Miguel\source\repos\Proconenct\ProConnect.Application\DTOs\ProfessionalProfileResponseDto.cs'. [C:\Users\Miguel\source\repos\Proconenct\Proconenct.csproj]
C:\Users\Miguel\source\repos\Proconenct\ProConnect.Application\Services\ProfessionalProfileService.cs(168,32): warning CS0436: El tipo 'ProfessionalProfileResponseDto' de 'C:\Users\Miguel\source\repos\Proconenct\ProConnect.Application\DTOs\ProfessionalProfileResponseDto.cs' est├í en conflicto con el tipo importado 'ProfessionalProfileResponseDto' de 'ProConnect.Application, Version=0.0.0.0, Culture=neutral, PublicKeyToken=null'. Se usar├í el tipo definido en 'C:\Users\Miguel\source\repos\Proconenct\ProConnect.Application\DTOs\ProfessionalProfileResponseDto.cs'. [C:\Users\Miguel\source\repos\Proconenct\Proconenct.csproj]
C:\Users\Miguel\source\repos\Proconenct\ProConnect.Application\Services\ProfessionalProfileService.cs(189,80): warning CS0436: El tipo 'AvailabilityScheduleDto' de 'C:\Users\Miguel\source\repos\Proconenct\ProConnect.Application\DTOs\Shared\CommonDtos.cs' est├í en conflicto con el tipo importado 'AvailabilityScheduleDto' de 'ProConnect.Application, Version=0.0.0.0, Culture=neutral, PublicKeyToken=null'. Se usar├í el tipo definido en 'C:\Users\Miguel\source\repos\Proconenct\ProConnect.Application\DTOs\Shared\CommonDtos.cs'. [C:\Users\Miguel\source\repos\Proconenct\Proconenct.csproj]
C:\Users\Miguel\source\repos\Proconenct\ProConnect.Application\Services\ProfessionalProfileService.cs(203,90): warning CS0436: El tipo 'CreateAvailabilityBlockDto' de 'C:\Users\Miguel\source\repos\Proconenct\ProConnect.Application\DTOs\Shared\CommonDtos.cs' est├í en conflicto con el tipo importado 'CreateAvailabilityBlockDto' de 'ProConnect.Application, Version=0.0.0.0, Culture=neutral, PublicKeyToken=null'. Se usar├í el tipo definido en 'C:\Users\Miguel\source\repos\Proconenct\ProConnect.Application\DTOs\Shared\CommonDtos.cs'. [C:\Users\Miguel\source\repos\Proconenct\Proconenct.csproj]
C:\Users\Miguel\source\repos\Proconenct\ProConnect.Application\Services\ProfessionalProfileService.cs(203,27): warning CS0436: El tipo 'AvailabilityBlockDto' de 'C:\Users\Miguel\source\repos\Proconenct\ProConnect.Application\DTOs\Shared\CommonDtos.cs' est├í en conflicto con el tipo importado 'AvailabilityBlockDto' de 'ProConnect.Application, Version=0.0.0.0, Culture=neutral, PublicKeyToken=null'. Se usar├í el tipo definido en 'C:\Users\Miguel\source\repos\Proconenct\ProConnect.Application\DTOs\Shared\CommonDtos.cs'. [C:\Users\Miguel\source\repos\Proconenct\Proconenct.csproj]
C:\Users\Miguel\source\repos\Proconenct\ProConnect.Application\Services\ProfessionalProfileService.cs(241,32): warning CS0436: El tipo 'AvailabilityBlockDto' de 'C:\Users\Miguel\source\repos\Proconenct\ProConnect.Application\DTOs\Shared\CommonDtos.cs' est├í en conflicto con el tipo importado 'AvailabilityBlockDto' de 'ProConnect.Application, Version=0.0.0.0, Culture=neutral, PublicKeyToken=null'. Se usar├í el tipo definido en 'C:\Users\Miguel\source\repos\Proconenct\ProConnect.Application\DTOs\Shared\CommonDtos.cs'. [C:\Users\Miguel\source\repos\Proconenct\Proconenct.csproj]
C:\Users\Miguel\source\repos\Proconenct\ProConnect.Application\Services\ProfessionalProfileService.cs(277,27): warning CS0436: El tipo 'AvailabilityCheckResponseDto' de 'C:\Users\Miguel\source\repos\Proconenct\ProConnect.Application\DTOs\Shared\CommonDtos.cs' est├í en conflicto con el tipo importado 'AvailabilityCheckResponseDto' de 'ProConnect.Application, Version=0.0.0.0, Culture=neutral, PublicKeyToken=null'. Se usar├í el tipo definido en 'C:\Users\Miguel\source\repos\Proconenct\ProConnect.Application\DTOs\Shared\CommonDtos.cs'. [C:\Users\Miguel\source\repos\Proconenct\Proconenct.csproj]
C:\Users\Miguel\source\repos\Proconenct\ProConnect.Application\Services\ProfessionalProfileService.cs(324,64): warning CS0436: El tipo 'CreateServiceDto' de 'C:\Users\Miguel\source\repos\Proconenct\ProConnect.Application\DTOs\Shared\CommonDtos.cs' est├í en conflicto con el tipo importado 'CreateServiceDto' de 'ProConnect.Application, Version=0.0.0.0, Culture=neutral, PublicKeyToken=null'. Se usar├í el tipo definido en 'C:\Users\Miguel\source\repos\Proconenct\ProConnect.Application\DTOs\Shared\CommonDtos.cs'. [C:\Users\Miguel\source\repos\Proconenct\Proconenct.csproj]
C:\Users\Miguel\source\repos\Proconenct\ProConnect.Application\Services\ProfessionalProfileService.cs(349,67): warning CS0436: El tipo 'UpdateServiceDto' de 'C:\Users\Miguel\source\repos\Proconenct\ProConnect.Application\DTOs\Shared\CommonDtos.cs' est├í en conflicto con el tipo importado 'UpdateServiceDto' de 'ProConnect.Application, Version=0.0.0.0, Culture=neutral, PublicKeyToken=null'. Se usar├í el tipo definido en 'C:\Users\Miguel\source\repos\Proconenct\ProConnect.Application\DTOs\Shared\CommonDtos.cs'. [C:\Users\Miguel\source\repos\Proconenct\Proconenct.csproj]
C:\Users\Miguel\source\repos\Proconenct\ProConnect.Application\Services\ProfessionalProfileService.cs(383,32): warning CS0436: El tipo 'ServiceDto' de 'C:\Users\Miguel\source\repos\Proconenct\ProConnect.Application\DTOs\Shared\CommonDtos.cs' est├í en conflicto con el tipo importado 'ServiceDto' de 'ProConnect.Application, Version=0.0.0.0, Culture=neutral, PublicKeyToken=null'. Se usar├í el tipo definido en 'C:\Users\Miguel\source\repos\Proconenct\ProConnect.Application\DTOs\Shared\CommonDtos.cs'. [C:\Users\Miguel\source\repos\Proconenct\Proconenct.csproj]
C:\Users\Miguel\source\repos\Proconenct\ProConnect.Application\Services\ProfessionalProfileService.cs(401,62): warning CS0436: El tipo 'AvailabilityScheduleDto' de 'C:\Users\Miguel\source\repos\Proconenct\ProConnect.Application\DTOs\Shared\CommonDtos.cs' est├í en conflicto con el tipo importado 'AvailabilityScheduleDto' de 'ProConnect.Application, Version=0.0.0.0, Culture=neutral, PublicKeyToken=null'. Se usar├í el tipo definido en 'C:\Users\Miguel\source\repos\Proconenct\ProConnect.Application\DTOs\Shared\CommonDtos.cs'. [C:\Users\Miguel\source\repos\Proconenct\Proconenct.csproj]
C:\Users\Miguel\source\repos\Proconenct\ProConnect.Application\Services\ProfessionalProfileService.cs(401,17): warning CS0436: El tipo 'AvailabilitySchedule' de 'C:\Users\Miguel\source\repos\Proconenct\ProConnect.Core\Entities\ProfessionalProfile.cs' est├í en conflicto con el tipo importado 'AvailabilitySchedule' de 'ProConnect.Core, Version=0.0.0.0, Culture=neutral, PublicKeyToken=null'. Se usar├í el tipo definido en 'C:\Users\Miguel\source\repos\Proconenct\ProConnect.Core\Entities\ProfessionalProfile.cs'. [C:\Users\Miguel\source\repos\Proconenct\Proconenct.csproj]
C:\Users\Miguel\source\repos\Proconenct\ProConnect.Core\Entities\ProfessionalProfile.cs(275,16): warning CS0436: El tipo 'ServiceType' de 'C:\Users\Miguel\source\repos\Proconenct\ProConnect.Core\Entities\ProfessionalProfile.cs' est├í en conflicto con el tipo importado 'ServiceType' de 'ProConnect.Core, Version=0.0.0.0, Culture=neutral, PublicKeyToken=null'. Se usar├í el tipo definido en 'C:\Users\Miguel\source\repos\Proconenct\ProConnect.Core\Entities\ProfessionalProfile.cs'. [C:\Users\Miguel\source\repos\Proconenct\Proconenct.csproj]
C:\Users\Miguel\source\repos\Proconenct\ProConnect.Application\Services\ProfessionalProfileService.cs(419,44): warning CS0436: El tipo 'DayScheduleDto' de 'C:\Users\Miguel\source\repos\Proconenct\ProConnect.Application\DTOs\Shared\CommonDtos.cs' est├í en conflicto con el tipo importado 'DayScheduleDto' de 'ProConnect.Application, Version=0.0.0.0, Culture=neutral, PublicKeyToken=null'. Se usar├í el tipo definido en 'C:\Users\Miguel\source\repos\Proconenct\ProConnect.Application\DTOs\Shared\CommonDtos.cs'. [C:\Users\Miguel\source\repos\Proconenct\Proconenct.csproj]
C:\Users\Miguel\source\repos\Proconenct\ProConnect.Application\Services\ProfessionalProfileService.cs(419,17): warning CS0436: El tipo 'DaySchedule' de 'C:\Users\Miguel\source\repos\Proconenct\ProConnect.Core\Entities\ProfessionalProfile.cs' est├í en conflicto con el tipo importado 'DaySchedule' de 'ProConnect.Core, Version=0.0.0.0, Culture=neutral, PublicKeyToken=null'. Se usar├í el tipo definido en 'C:\Users\Miguel\source\repos\Proconenct\ProConnect.Core\Entities\ProfessionalProfile.cs'. [C:\Users\Miguel\source\repos\Proconenct\Proconenct.csproj]
C:\Users\Miguel\source\repos\Proconenct\ProConnect.Application\Services\ProfessionalProfileService.cs(434,77): warning CS0436: El tipo 'ProfessionalProfile' de 'C:\Users\Miguel\source\repos\Proconenct\ProConnect.Core\Entities\ProfessionalProfile.cs' est├í en conflicto con el tipo importado 'ProfessionalProfile' de 'ProConnect.Core, Version=0.0.0.0, Culture=neutral, PublicKeyToken=null'. Se usar├í el tipo definido en 'C:\Users\Miguel\source\repos\Proconenct\ProConnect.Core\Entities\ProfessionalProfile.cs'. [C:\Users\Miguel\source\repos\Proconenct\Proconenct.csproj]
C:\Users\Miguel\source\repos\Proconenct\ProConnect.Application\Services\ProfessionalProfileService.cs(434,106): warning CS0436: El tipo 'User' de 'C:\Users\Miguel\source\repos\Proconenct\ProConnect.Core\Entities\User.cs' est├í en conflicto con el tipo importado 'User' de 'ProConnect.Core, Version=0.0.0.0, Culture=neutral, PublicKeyToken=null'. Se usar├í el tipo definido en 'C:\Users\Miguel\source\repos\Proconenct\ProConnect.Core\Entities\User.cs'. [C:\Users\Miguel\source\repos\Proconenct\Proconenct.csproj]
C:\Users\Miguel\source\repos\Proconenct\ProConnect.Application\Services\ProfessionalProfileService.cs(434,28): warning CS0436: El tipo 'ProfessionalProfileResponseDto' de 'C:\Users\Miguel\source\repos\Proconenct\ProConnect.Application\DTOs\ProfessionalProfileResponseDto.cs' est├í en conflicto con el tipo importado 'ProfessionalProfileResponseDto' de 'ProConnect.Application, Version=0.0.0.0, Culture=neutral, PublicKeyToken=null'. Se usar├í el tipo definido en 'C:\Users\Miguel\source\repos\Proconenct\ProConnect.Application\DTOs\ProfessionalProfileResponseDto.cs'. [C:\Users\Miguel\source\repos\Proconenct\Proconenct.csproj]
C:\Users\Miguel\source\repos\Proconenct\ProConnect.Application\Services\ProfessionalProfileService.cs(483,51): warning CS0436: El tipo 'PortfolioItem' de 'C:\Users\Miguel\source\repos\Proconenct\ProConnect.Core\Entities\ProfessionalProfile.cs' est├í en conflicto con el tipo importado 'PortfolioItem' de 'ProConnect.Core, Version=0.0.0.0, Culture=neutral, PublicKeyToken=null'. Se usar├í el tipo definido en 'C:\Users\Miguel\source\repos\Proconenct\ProConnect.Core\Entities\ProfessionalProfile.cs'. [C:\Users\Miguel\source\repos\Proconenct\Proconenct.csproj]
C:\Users\Miguel\source\repos\Proconenct\ProConnect.Application\Services\ProfessionalProfileService.cs(483,17): warning CS0436: El tipo 'PortfolioItemDto' de 'C:\Users\Miguel\source\repos\Proconenct\ProConnect.Application\DTOs\ProfessionalProfileResponseDto.cs' est├í en conflicto con el tipo importado 'PortfolioItemDto' de 'ProConnect.Application, Version=0.0.0.0, Culture=neutral, PublicKeyToken=null'. Se usar├í el tipo definido en 'C:\Users\Miguel\source\repos\Proconenct\ProConnect.Application\DTOs\ProfessionalProfileResponseDto.cs'. [C:\Users\Miguel\source\repos\Proconenct\Proconenct.csproj]
C:\Users\Miguel\source\repos\Proconenct\ProConnect.Application\Services\ProfessionalProfileService.cs(498,68): warning CS0436: El tipo 'AvailabilitySchedule' de 'C:\Users\Miguel\source\repos\Proconenct\ProConnect.Core\Entities\ProfessionalProfile.cs' est├í en conflicto con el tipo importado 'AvailabilitySchedule' de 'ProConnect.Core, Version=0.0.0.0, Culture=neutral, PublicKeyToken=null'. Se usar├í el tipo definido en 'C:\Users\Miguel\source\repos\Proconenct\ProConnect.Core\Entities\ProfessionalProfile.cs'. [C:\Users\Miguel\source\repos\Proconenct\Proconenct.csproj]
C:\Users\Miguel\source\repos\Proconenct\ProConnect.Application\Services\ProfessionalProfileService.cs(498,17): warning CS0436: El tipo 'AvailabilityScheduleDto' de 'C:\Users\Miguel\source\repos\Proconenct\ProConnect.Application\DTOs\Shared\CommonDtos.cs' est├í en conflicto con el tipo importado 'AvailabilityScheduleDto' de 'ProConnect.Application, Version=0.0.0.0, Culture=neutral, PublicKeyToken=null'. Se usar├í el tipo definido en 'C:\Users\Miguel\source\repos\Proconenct\ProConnect.Application\DTOs\Shared\CommonDtos.cs'. [C:\Users\Miguel\source\repos\Proconenct\Proconenct.csproj]
C:\Users\Miguel\source\repos\Proconenct\ProConnect.Application\Services\ProfessionalProfileService.cs(516,50): warning CS0436: El tipo 'DaySchedule' de 'C:\Users\Miguel\source\repos\Proconenct\ProConnect.Core\Entities\ProfessionalProfile.cs' est├í en conflicto con el tipo importado 'DaySchedule' de 'ProConnect.Core, Version=0.0.0.0, Culture=neutral, PublicKeyToken=null'. Se usar├í el tipo definido en 'C:\Users\Miguel\source\repos\Proconenct\ProConnect.Core\Entities\ProfessionalProfile.cs'. [C:\Users\Miguel\source\repos\Proconenct\Proconenct.csproj]
C:\Users\Miguel\source\repos\Proconenct\ProConnect.Application\Services\ProfessionalProfileService.cs(516,17): warning CS0436: El tipo 'DayScheduleDto' de 'C:\Users\Miguel\source\repos\Proconenct\ProConnect.Application\DTOs\Shared\CommonDtos.cs' est├í en conflicto con el tipo importado 'DayScheduleDto' de 'ProConnect.Application, Version=0.0.0.0, Culture=neutral, PublicKeyToken=null'. Se usar├í el tipo definido en 'C:\Users\Miguel\source\repos\Proconenct\ProConnect.Application\DTOs\Shared\CommonDtos.cs'. [C:\Users\Miguel\source\repos\Proconenct\Proconenct.csproj]
C:\Users\Miguel\source\repos\Proconenct\ProConnect.Application\Services\ProfessionalProfileService.cs(15,26): warning CS0436: El tipo 'IProfessionalProfileRepository' de 'C:\Users\Miguel\source\repos\Proconenct\ProConnect.Core\Interfaces\IProfessionalProfileRepository.cs' est├í en conflicto con el tipo importado 'IProfessionalProfileRepository' de 'ProConnect.Core, Version=0.0.0.0, Culture=neutral, PublicKeyToken=null'. Se usar├í el tipo definido en 'C:\Users\Miguel\source\repos\Proconenct\ProConnect.Core\Interfaces\IProfessionalProfileRepository.cs'. [C:\Users\Miguel\source\repos\Proconenct\Proconenct.csproj]
C:\Users\Miguel\source\repos\Proconenct\ProConnect.Application\Services\ProfessionalProfileService.cs(16,26): warning CS0436: El tipo 'IUserRepository' de 'C:\Users\Miguel\source\repos\Proconenct\ProConnect.Core\Interfaces\IUserRepository.cs' est├í en conflicto con el tipo importado 'IUserRepository' de 'ProConnect.Core, Version=0.0.0.0, Culture=neutral, PublicKeyToken=null'. Se usar├í el tipo definido en 'C:\Users\Miguel\source\repos\Proconenct\ProConnect.Core\Interfaces\IUserRepository.cs'. [C:\Users\Miguel\source\repos\Proconenct\Proconenct.csproj]
C:\Users\Miguel\source\repos\Proconenct\ProConnect.Application\Services\ProfessionalProfileService.cs(19,13): warning CS0436: El tipo 'IProfessionalProfileRepository' de 'C:\Users\Miguel\source\repos\Proconenct\ProConnect.Core\Interfaces\IProfessionalProfileRepository.cs' est├í en conflicto con el tipo importado 'IProfessionalProfileRepository' de 'ProConnect.Core, Version=0.0.0.0, Culture=neutral, PublicKeyToken=null'. Se usar├í el tipo definido en 'C:\Users\Miguel\source\repos\Proconenct\ProConnect.Core\Interfaces\IProfessionalProfileRepository.cs'. [C:\Users\Miguel\source\repos\Proconenct\Proconenct.csproj]
C:\Users\Miguel\source\repos\Proconenct\ProConnect.Application\Services\ProfessionalProfileService.cs(20,13): warning CS0436: El tipo 'IUserRepository' de 'C:\Users\Miguel\source\repos\Proconenct\ProConnect.Core\Interfaces\IUserRepository.cs' est├í en conflicto con el tipo importado 'IUserRepository' de 'ProConnect.Core, Version=0.0.0.0, Culture=neutral, PublicKeyToken=null'. Se usar├í el tipo definido en 'C:\Users\Miguel\source\repos\Proconenct\ProConnect.Core\Interfaces\IUserRepository.cs'. [C:\Users\Miguel\source\repos\Proconenct\Proconenct.csproj]
C:\Users\Miguel\source\repos\Proconenct\ProConnect.Core\Entities\User.cs(31,16): warning CS0436: El tipo 'UserType' de 'C:\Users\Miguel\source\repos\Proconenct\ProConnect.Core\Entities\User.cs' est├í en conflicto con el tipo importado 'UserType' de 'ProConnect.Core, Version=0.0.0.0, Culture=neutral, PublicKeyToken=null'. Se usar├í el tipo definido en 'C:\Users\Miguel\source\repos\Proconenct\ProConnect.Core\Entities\User.cs'. [C:\Users\Miguel\source\repos\Proconenct\Proconenct.csproj]
C:\Users\Miguel\source\repos\Proconenct\ProConnect.Application\Services\ProfessionalSearchService.cs(17,46): warning CS0436: El tipo 'IProfessionalSearchService' de 'C:\Users\Miguel\source\repos\Proconenct\ProConnect.Application\Interfaces\IProfessionalSearchService.cs' est├í en conflicto con el tipo importado 'IProfessionalSearchService' de 'ProConnect.Application, Version=0.0.0.0, Culture=neutral, PublicKeyToken=null'. Se usar├í el tipo definido en 'C:\Users\Miguel\source\repos\Proconenct\ProConnect.Application\Interfaces\IProfessionalSearchService.cs'. [C:\Users\Miguel\source\repos\Proconenct\Proconenct.csproj]
C:\Users\Miguel\source\repos\Proconenct\ProConnect.Application\Services\ProfessionalSearchService.cs(30,97): warning CS0436: El tipo 'ProfessionalSearchFiltersDto' de 'C:\Users\Miguel\source\repos\Proconenct\ProConnect.Application\DTOs\ProfessionalSearchFiltersDto.cs' est├í en conflicto con el tipo importado 'ProfessionalSearchFiltersDto' de 'ProConnect.Application, Version=0.0.0.0, Culture=neutral, PublicKeyToken=null'. Se usar├í el tipo definido en 'C:\Users\Miguel\source\repos\Proconenct\ProConnect.Application\DTOs\ProfessionalSearchFiltersDto.cs'. [C:\Users\Miguel\source\repos\Proconenct\Proconenct.csproj]
C:\Users\Miguel\source\repos\Proconenct\ProConnect.Application\Services\ProfessionalSearchService.cs(30,27): warning CS0436: El tipo 'PagedResultDto<T>' de 'C:\Users\Miguel\source\repos\Proconenct\ProConnect.Application\DTOs\Shared\PagedResultDto.cs' est├í en conflicto con el tipo importado 'PagedResultDto<T>' de 'ProConnect.Application, Version=0.0.0.0, Culture=neutral, PublicKeyToken=null'. Se usar├í el tipo definido en 'C:\Users\Miguel\source\repos\Proconenct\ProConnect.Application\DTOs\Shared\PagedResultDto.cs'. [C:\Users\Miguel\source\repos\Proconenct\Proconenct.csproj]
C:\Users\Miguel\source\repos\Proconenct\ProConnect.Application\Services\ProfessionalSearchService.cs(30,42): warning CS0436: El tipo 'ProfessionalSearchResultDto' de 'C:\Users\Miguel\source\repos\Proconenct\ProConnect.Application\DTOs\ProfessionalSearchResultDto.cs' est├í en conflicto con el tipo importado 'ProfessionalSearchResultDto' de 'ProConnect.Application, Version=0.0.0.0, Culture=neutral, PublicKeyToken=null'. Se usar├í el tipo definido en 'C:\Users\Miguel\source\repos\Proconenct\ProConnect.Application\DTOs\ProfessionalSearchResultDto.cs'. [C:\Users\Miguel\source\repos\Proconenct\Proconenct.csproj]
C:\Users\Miguel\source\repos\Proconenct\ProConnect.Application\Services\ProfessionalSearchService.cs(19,26): warning CS0436: El tipo 'IProfessionalProfileRepository' de 'C:\Users\Miguel\source\repos\Proconenct\ProConnect.Core\Interfaces\IProfessionalProfileRepository.cs' est├í en conflicto con el tipo importado 'IProfessionalProfileRepository' de 'ProConnect.Core, Version=0.0.0.0, Culture=neutral, PublicKeyToken=null'. Se usar├í el tipo definido en 'C:\Users\Miguel\source\repos\Proconenct\ProConnect.Core\Interfaces\IProfessionalProfileRepository.cs'. [C:\Users\Miguel\source\repos\Proconenct\Proconenct.csproj]
C:\Users\Miguel\source\repos\Proconenct\ProConnect.Application\Services\ProfessionalSearchService.cs(20,26): warning CS0436: El tipo 'IUserRepository' de 'C:\Users\Miguel\source\repos\Proconenct\ProConnect.Core\Interfaces\IUserRepository.cs' est├í en conflicto con el tipo importado 'IUserRepository' de 'ProConnect.Core, Version=0.0.0.0, Culture=neutral, PublicKeyToken=null'. Se usar├í el tipo definido en 'C:\Users\Miguel\source\repos\Proconenct\ProConnect.Core\Interfaces\IUserRepository.cs'. [C:\Users\Miguel\source\repos\Proconenct\Proconenct.csproj]
C:\Users\Miguel\source\repos\Proconenct\ProConnect.Application\Services\ProfessionalSearchService.cs(21,26): warning CS0436: El tipo 'ICacheService' de 'C:\Users\Miguel\source\repos\Proconenct\ProConnect.Core\Interfaces\ICacheService.cs' est├í en conflicto con el tipo importado 'ICacheService' de 'ProConnect.Core, Version=0.0.0.0, Culture=neutral, PublicKeyToken=null'. Se usar├í el tipo definido en 'C:\Users\Miguel\source\repos\Proconenct\ProConnect.Core\Interfaces\ICacheService.cs'. [C:\Users\Miguel\source\repos\Proconenct\Proconenct.csproj]
C:\Users\Miguel\source\repos\Proconenct\ProConnect.Application\Services\ProfessionalSearchService.cs(23,42): warning CS0436: El tipo 'IProfessionalProfileRepository' de 'C:\Users\Miguel\source\repos\Proconenct\ProConnect.Core\Interfaces\IProfessionalProfileRepository.cs' est├í en conflicto con el tipo importado 'IProfessionalProfileRepository' de 'ProConnect.Core, Version=0.0.0.0, Culture=neutral, PublicKeyToken=null'. Se usar├í el tipo definido en 'C:\Users\Miguel\source\repos\Proconenct\ProConnect.Core\Interfaces\IProfessionalProfileRepository.cs'. [C:\Users\Miguel\source\repos\Proconenct\Proconenct.csproj]
C:\Users\Miguel\source\repos\Proconenct\ProConnect.Application\Services\ProfessionalSearchService.cs(23,92): warning CS0436: El tipo 'IUserRepository' de 'C:\Users\Miguel\source\repos\Proconenct\ProConnect.Core\Interfaces\IUserRepository.cs' est├í en conflicto con el tipo importado 'IUserRepository' de 'ProConnect.Core, Version=0.0.0.0, Culture=neutral, PublicKeyToken=null'. Se usar├í el tipo definido en 'C:\Users\Miguel\source\repos\Proconenct\ProConnect.Core\Interfaces\IUserRepository.cs'. [C:\Users\Miguel\source\repos\Proconenct\Proconenct.csproj]
C:\Users\Miguel\source\repos\Proconenct\ProConnect.Application\Services\ProfessionalSearchService.cs(23,124): warning CS0436: El tipo 'ICacheService' de 'C:\Users\Miguel\source\repos\Proconenct\ProConnect.Core\Interfaces\ICacheService.cs' est├í en conflicto con el tipo importado 'ICacheService' de 'ProConnect.Core, Version=0.0.0.0, Culture=neutral, PublicKeyToken=null'. Se usar├í el tipo definido en 'C:\Users\Miguel\source\repos\Proconenct\ProConnect.Core\Interfaces\ICacheService.cs'. [C:\Users\Miguel\source\repos\Proconenct\Proconenct.csproj]
C:\Users\Miguel\source\repos\Proconenct\ProConnect.Application\Services\RecommendationService.cs(12,42): warning CS0436: El tipo 'IRecommendationService' de 'C:\Users\Miguel\source\repos\Proconenct\ProConnect.Application\Interfaces\IRecommendationService.cs' est├í en conflicto con el tipo importado 'IRecommendationService' de 'ProConnect.Application, Version=0.0.0.0, Culture=neutral, PublicKeyToken=null'. Se usar├í el tipo definido en 'C:\Users\Miguel\source\repos\Proconenct\ProConnect.Application\Interfaces\IRecommendationService.cs'. [C:\Users\Miguel\source\repos\Proconenct\Proconenct.csproj]
C:\Users\Miguel\source\repos\Proconenct\ProConnect.Application\Services\RecommendationService.cs(21,32): warning CS0436: El tipo 'ProfessionalRecommendationDto' de 'C:\Users\Miguel\source\repos\Proconenct\ProConnect.Application\DTOs\ProfessionalRecommendationDto.cs' est├í en conflicto con el tipo importado 'ProfessionalRecommendationDto' de 'ProConnect.Application, Version=0.0.0.0, Culture=neutral, PublicKeyToken=null'. Se usar├í el tipo definido en 'C:\Users\Miguel\source\repos\Proconenct\ProConnect.Application\DTOs\ProfessionalRecommendationDto.cs'. [C:\Users\Miguel\source\repos\Proconenct\Proconenct.csproj]
C:\Users\Miguel\source\repos\Proconenct\ProConnect.Application\Services\RecommendationService.cs(75,38): warning CS0436: El tipo 'ProfessionalProfile' de 'C:\Users\Miguel\source\repos\Proconenct\ProConnect.Core\Entities\ProfessionalProfile.cs' est├í en conflicto con el tipo importado 'ProfessionalProfile' de 'ProConnect.Core, Version=0.0.0.0, Culture=neutral, PublicKeyToken=null'. Se usar├í el tipo definido en 'C:\Users\Miguel\source\repos\Proconenct\ProConnect.Core\Entities\ProfessionalProfile.cs'. [C:\Users\Miguel\source\repos\Proconenct\Proconenct.csproj]
C:\Users\Miguel\source\repos\Proconenct\ProConnect.Application\Services\RecommendationService.cs(90,53): warning CS0436: El tipo 'ProfessionalProfile' de 'C:\Users\Miguel\source\repos\Proconenct\ProConnect.Core\Entities\ProfessionalProfile.cs' est├í en conflicto con el tipo importado 'ProfessionalProfile' de 'ProConnect.Core, Version=0.0.0.0, Culture=neutral, PublicKeyToken=null'. Se usar├í el tipo definido en 'C:\Users\Miguel\source\repos\Proconenct\ProConnect.Core\Entities\ProfessionalProfile.cs'. [C:\Users\Miguel\source\repos\Proconenct\Proconenct.csproj]
C:\Users\Miguel\source\repos\Proconenct\ProConnect.Application\Services\RecommendationService.cs(90,17): warning CS0436: El tipo 'ProfessionalRecommendationDto' de 'C:\Users\Miguel\source\repos\Proconenct\ProConnect.Application\DTOs\ProfessionalRecommendationDto.cs' est├í en conflicto con el tipo importado 'ProfessionalRecommendationDto' de 'ProConnect.Application, Version=0.0.0.0, Culture=neutral, PublicKeyToken=null'. Se usar├í el tipo definido en 'C:\Users\Miguel\source\repos\Proconenct\ProConnect.Application\DTOs\ProfessionalRecommendationDto.cs'. [C:\Users\Miguel\source\repos\Proconenct\Proconenct.csproj]
C:\Users\Miguel\source\repos\Proconenct\ProConnect.Application\Services\RecommendationService.cs(14,26): warning CS0436: El tipo 'IProfessionalProfileRepository' de 'C:\Users\Miguel\source\repos\Proconenct\ProConnect.Core\Interfaces\IProfessionalProfileRepository.cs' est├í en conflicto con el tipo importado 'IProfessionalProfileRepository' de 'ProConnect.Core, Version=0.0.0.0, Culture=neutral, PublicKeyToken=null'. Se usar├í el tipo definido en 'C:\Users\Miguel\source\repos\Proconenct\ProConnect.Core\Interfaces\IProfessionalProfileRepository.cs'. [C:\Users\Miguel\source\repos\Proconenct\Proconenct.csproj]
C:\Users\Miguel\source\repos\Proconenct\ProConnect.Application\Services\RecommendationService.cs(16,38): warning CS0436: El tipo 'IProfessionalProfileRepository' de 'C:\Users\Miguel\source\repos\Proconenct\ProConnect.Core\Interfaces\IProfessionalProfileRepository.cs' est├í en conflicto con el tipo importado 'IProfessionalProfileRepository' de 'ProConnect.Core, Version=0.0.0.0, Culture=neutral, PublicKeyToken=null'. Se usar├í el tipo definido en 'C:\Users\Miguel\source\repos\Proconenct\ProConnect.Core\Interfaces\IProfessionalProfileRepository.cs'. [C:\Users\Miguel\source\repos\Proconenct\Proconenct.csproj]
C:\Users\Miguel\source\repos\Proconenct\ProConnect.Core\Interfaces\IBookingRepository.cs(7,35): warning CS0436: El tipo 'Booking' de 'C:\Users\Miguel\source\repos\Proconenct\ProConnect.Core\Entities\Booking.cs' est├í en conflicto con el tipo importado 'Booking' de 'ProConnect.Core, Version=0.0.0.0, Culture=neutral, PublicKeyToken=null'. Se usar├í el tipo definido en 'C:\Users\Miguel\source\repos\Proconenct\ProConnect.Core\Entities\Booking.cs'. [C:\Users\Miguel\source\repos\Proconenct\Proconenct.csproj]
C:\Users\Miguel\source\repos\Proconenct\ProConnect.Core\Interfaces\IBookingRepository.cs(7,14): warning CS0436: El tipo 'Booking' de 'C:\Users\Miguel\source\repos\Proconenct\ProConnect.Core\Entities\Booking.cs' est├í en conflicto con el tipo importado 'Booking' de 'ProConnect.Core, Version=0.0.0.0, Culture=neutral, PublicKeyToken=null'. Se usar├í el tipo definido en 'C:\Users\Miguel\source\repos\Proconenct\ProConnect.Core\Entities\Booking.cs'. [C:\Users\Miguel\source\repos\Proconenct\Proconenct.csproj]
C:\Users\Miguel\source\repos\Proconenct\ProConnect.Core\Interfaces\IBookingRepository.cs(8,14): warning CS0436: El tipo 'Booking' de 'C:\Users\Miguel\source\repos\Proconenct\ProConnect.Core\Entities\Booking.cs' est├í en conflicto con el tipo importado 'Booking' de 'ProConnect.Core, Version=0.0.0.0, Culture=neutral, PublicKeyToken=null'. Se usar├í el tipo definido en 'C:\Users\Miguel\source\repos\Proconenct\ProConnect.Core\Entities\Booking.cs'. [C:\Users\Miguel\source\repos\Proconenct\Proconenct.csproj]
C:\Users\Miguel\source\repos\Proconenct\ProConnect.Core\Interfaces\IBookingRepository.cs(9,19): warning CS0436: El tipo 'Booking' de 'C:\Users\Miguel\source\repos\Proconenct\ProConnect.Core\Entities\Booking.cs' est├í en conflicto con el tipo importado 'Booking' de 'ProConnect.Core, Version=0.0.0.0, Culture=neutral, PublicKeyToken=null'. Se usar├í el tipo definido en 'C:\Users\Miguel\source\repos\Proconenct\ProConnect.Core\Entities\Booking.cs'. [C:\Users\Miguel\source\repos\Proconenct\Proconenct.csproj]
C:\Users\Miguel\source\repos\Proconenct\ProConnect.Core\Interfaces\IBookingRepository.cs(10,19): warning CS0436: El tipo 'Booking' de 'C:\Users\Miguel\source\repos\Proconenct\ProConnect.Core\Entities\Booking.cs' est├í en conflicto con el tipo importado 'Booking' de 'ProConnect.Core, Version=0.0.0.0, Culture=neutral, PublicKeyToken=null'. Se usar├í el tipo definido en 'C:\Users\Miguel\source\repos\Proconenct\ProConnect.Core\Entities\Booking.cs'. [C:\Users\Miguel\source\repos\Proconenct\Proconenct.csproj]
C:\Users\Miguel\source\repos\Proconenct\ProConnect.Core\Interfaces\IBookingRepository.cs(11,46): warning CS0436: El tipo 'BookingStatus' de 'C:\Users\Miguel\source\repos\Proconenct\ProConnect.Core\Entities\Booking.cs' est├í en conflicto con el tipo importado 'BookingStatus' de 'ProConnect.Core, Version=0.0.0.0, Culture=neutral, PublicKeyToken=null'. Se usar├í el tipo definido en 'C:\Users\Miguel\source\repos\Proconenct\ProConnect.Core\Entities\Booking.cs'. [C:\Users\Miguel\source\repos\Proconenct\Proconenct.csproj]
C:\Users\Miguel\source\repos\Proconenct\ProConnect.Core\Interfaces\IBookingRepository.cs(11,19): warning CS0436: El tipo 'Booking' de 'C:\Users\Miguel\source\repos\Proconenct\ProConnect.Core\Entities\Booking.cs' est├í en conflicto con el tipo importado 'Booking' de 'ProConnect.Core, Version=0.0.0.0, Culture=neutral, PublicKeyToken=null'. Se usar├í el tipo definido en 'C:\Users\Miguel\source\repos\Proconenct\ProConnect.Core\Entities\Booking.cs'. [C:\Users\Miguel\source\repos\Proconenct\Proconenct.csproj]
C:\Users\Miguel\source\repos\Proconenct\ProConnect.Core\Interfaces\IBookingRepository.cs(12,19): warning CS0436: El tipo 'Booking' de 'C:\Users\Miguel\source\repos\Proconenct\ProConnect.Core\Entities\Booking.cs' est├í en conflicto con el tipo importado 'Booking' de 'ProConnect.Core, Version=0.0.0.0, Culture=neutral, PublicKeyToken=null'. Se usar├í el tipo definido en 'C:\Users\Miguel\source\repos\Proconenct\ProConnect.Core\Entities\Booking.cs'. [C:\Users\Miguel\source\repos\Proconenct\Proconenct.csproj]
C:\Users\Miguel\source\repos\Proconenct\ProConnect.Core\Interfaces\IBookingRepository.cs(13,35): warning CS0436: El tipo 'Booking' de 'C:\Users\Miguel\source\repos\Proconenct\ProConnect.Core\Entities\Booking.cs' est├í en conflicto con el tipo importado 'Booking' de 'ProConnect.Core, Version=0.0.0.0, Culture=neutral, PublicKeyToken=null'. Se usar├í el tipo definido en 'C:\Users\Miguel\source\repos\Proconenct\ProConnect.Core\Entities\Booking.cs'. [C:\Users\Miguel\source\repos\Proconenct\Proconenct.csproj]
C:\Users\Miguel\source\repos\Proconenct\ProConnect.Core\Interfaces\IBookingRepository.cs(13,14): warning CS0436: El tipo 'Booking' de 'C:\Users\Miguel\source\repos\Proconenct\ProConnect.Core\Entities\Booking.cs' est├í en conflicto con el tipo importado 'Booking' de 'ProConnect.Core, Version=0.0.0.0, Culture=neutral, PublicKeyToken=null'. Se usar├í el tipo definido en 'C:\Users\Miguel\source\repos\Proconenct\ProConnect.Core\Entities\Booking.cs'. [C:\Users\Miguel\source\repos\Proconenct\Proconenct.csproj]
C:\Users\Miguel\source\repos\Proconenct\ProConnect.Core\Interfaces\IBookingRepository.cs(17,19): warning CS0436: El tipo 'Booking' de 'C:\Users\Miguel\source\repos\Proconenct\ProConnect.Core\Entities\Booking.cs' est├í en conflicto con el tipo importado 'Booking' de 'ProConnect.Core, Version=0.0.0.0, Culture=neutral, PublicKeyToken=null'. Se usar├í el tipo definido en 'C:\Users\Miguel\source\repos\Proconenct\ProConnect.Core\Entities\Booking.cs'. [C:\Users\Miguel\source\repos\Proconenct\Proconenct.csproj]
C:\Users\Miguel\source\repos\Proconenct\ProConnect.Core\Interfaces\IBookingRepository.cs(18,19): warning CS0436: El tipo 'Booking' de 'C:\Users\Miguel\source\repos\Proconenct\ProConnect.Core\Entities\Booking.cs' est├í en conflicto con el tipo importado 'Booking' de 'ProConnect.Core, Version=0.0.0.0, Culture=neutral, PublicKeyToken=null'. Se usar├í el tipo definido en 'C:\Users\Miguel\source\repos\Proconenct\ProConnect.Core\Entities\Booking.cs'. [C:\Users\Miguel\source\repos\Proconenct\Proconenct.csproj]
C:\Users\Miguel\source\repos\Proconenct\ProConnect.Infrastructure\Database\MongoDbContext.cs(31,33): warning CS0436: El tipo 'User' de 'C:\Users\Miguel\source\repos\Proconenct\ProConnect.Core\Entities\User.cs' est├í en conflicto con el tipo importado 'User' de 'ProConnect.Core, Version=0.0.0.0, Culture=neutral, PublicKeyToken=null'. Se usar├í el tipo definido en 'C:\Users\Miguel\source\repos\Proconenct\ProConnect.Core\Entities\User.cs'. [C:\Users\Miguel\source\repos\Proconenct\Proconenct.csproj]
C:\Users\Miguel\source\repos\Proconenct\ProConnect.Core\Interfaces\IBookingRepository.cs(19,42): warning CS0436: El tipo 'BookingStatus' de 'C:\Users\Miguel\source\repos\Proconenct\ProConnect.Core\Entities\Booking.cs' est├í en conflicto con el tipo importado 'BookingStatus' de 'ProConnect.Core, Version=0.0.0.0, Culture=neutral, PublicKeyToken=null'. Se usar├í el tipo definido en 'C:\Users\Miguel\source\repos\Proconenct\ProConnect.Core\Entities\Booking.cs'. [C:\Users\Miguel\source\repos\Proconenct\Proconenct.csproj]
C:\Users\Miguel\source\repos\Proconenct\ProConnect.Infrastructure\Database\MongoDbContext.cs(33,33): warning CS0436: El tipo 'ProfessionalProfile' de 'C:\Users\Miguel\source\repos\Proconenct\ProConnect.Core\Entities\ProfessionalProfile.cs' est├í en conflicto con el tipo importado 'ProfessionalProfile' de 'ProConnect.Core, Version=0.0.0.0, Culture=neutral, PublicKeyToken=null'. Se usar├í el tipo definido en 'C:\Users\Miguel\source\repos\Proconenct\ProConnect.Core\Entities\ProfessionalProfile.cs'. [C:\Users\Miguel\source\repos\Proconenct\Proconenct.csproj]
C:\Users\Miguel\source\repos\Proconenct\ProConnect.Infrastructure\Database\MongoDbContext.cs(35,33): warning CS0436: El tipo 'Booking' de 'C:\Users\Miguel\source\repos\Proconenct\ProConnect.Core\Entities\Booking.cs' est├í en conflicto con el tipo importado 'Booking' de 'ProConnect.Core, Version=0.0.0.0, Culture=neutral, PublicKeyToken=null'. Se usar├í el tipo definido en 'C:\Users\Miguel\source\repos\Proconenct\ProConnect.Core\Entities\Booking.cs'. [C:\Users\Miguel\source\repos\Proconenct\Proconenct.csproj]
C:\Users\Miguel\source\repos\Proconenct\ProConnect.Infrastructure\Repositores\BookingRepository.cs(11,38): warning CS0436: El tipo 'IBookingRepository' de 'C:\Users\Miguel\source\repos\Proconenct\ProConnect.Core\Interfaces\IBookingRepository.cs' est├í en conflicto con el tipo importado 'IBookingRepository' de 'ProConnect.Core, Version=0.0.0.0, Culture=neutral, PublicKeyToken=null'. Se usar├í el tipo definido en 'C:\Users\Miguel\source\repos\Proconenct\ProConnect.Core\Interfaces\IBookingRepository.cs'. [C:\Users\Miguel\source\repos\Proconenct\Proconenct.csproj]
C:\Users\Miguel\source\repos\Proconenct\ProConnect.Core\Interfaces\IJwtTokenService.cs(8,41): warning CS0436: El tipo 'User' de 'C:\Users\Miguel\source\repos\Proconenct\ProConnect.Core\Entities\User.cs' est├í en conflicto con el tipo importado 'User' de 'ProConnect.Core, Version=0.0.0.0, Culture=neutral, PublicKeyToken=null'. Se usar├í el tipo definido en 'C:\Users\Miguel\source\repos\Proconenct\ProConnect.Core\Entities\User.cs'. [C:\Users\Miguel\source\repos\Proconenct\Proconenct.csproj]
C:\Users\Miguel\source\repos\Proconenct\ProConnect.Core\Interfaces\IJwtTokenService.cs(9,14): warning CS0436: El tipo 'AuthResult' de 'C:\Users\Miguel\source\repos\Proconenct\ProConnect.Core\ValueObjects\AuthResult.cs' est├í en conflicto con el tipo importado 'AuthResult' de 'ProConnect.Core, Version=0.0.0.0, Culture=neutral, PublicKeyToken=null'. Se usar├í el tipo definido en 'C:\Users\Miguel\source\repos\Proconenct\ProConnect.Core\ValueObjects\AuthResult.cs'. [C:\Users\Miguel\source\repos\Proconenct\Proconenct.csproj]
C:\Users\Miguel\source\repos\Proconenct\ProConnect.Infrastructure\Repositores\BookingRepository.cs(22,48): warning CS0436: El tipo 'Booking' de 'C:\Users\Miguel\source\repos\Proconenct\ProConnect.Core\Entities\Booking.cs' est├í en conflicto con el tipo importado 'Booking' de 'ProConnect.Core, Version=0.0.0.0, Culture=neutral, PublicKeyToken=null'. Se usar├í el tipo definido en 'C:\Users\Miguel\source\repos\Proconenct\ProConnect.Core\Entities\Booking.cs'. [C:\Users\Miguel\source\repos\Proconenct\Proconenct.csproj]
C:\Users\Miguel\source\repos\Proconenct\ProConnect.Infrastructure\Repositores\BookingRepository.cs(22,27): warning CS0436: El tipo 'Booking' de 'C:\Users\Miguel\source\repos\Proconenct\ProConnect.Core\Entities\Booking.cs' est├í en conflicto con el tipo importado 'Booking' de 'ProConnect.Core, Version=0.0.0.0, Culture=neutral, PublicKeyToken=null'. Se usar├í el tipo definido en 'C:\Users\Miguel\source\repos\Proconenct\ProConnect.Core\Entities\Booking.cs'. [C:\Users\Miguel\source\repos\Proconenct\Proconenct.csproj]
C:\Users\Miguel\source\repos\Proconenct\ProConnect.Core\Interfaces\IJwtTokenService.cs(12,14): warning CS0436: El tipo 'AuthResult' de 'C:\Users\Miguel\source\repos\Proconenct\ProConnect.Core\ValueObjects\AuthResult.cs' est├í en conflicto con el tipo importado 'AuthResult' de 'ProConnect.Core, Version=0.0.0.0, Culture=neutral, PublicKeyToken=null'. Se usar├í el tipo definido en 'C:\Users\Miguel\source\repos\Proconenct\ProConnect.Core\ValueObjects\AuthResult.cs'. [C:\Users\Miguel\source\repos\Proconenct\Proconenct.csproj]
C:\Users\Miguel\source\repos\Proconenct\ProConnect.Infrastructure\Repositores\BookingRepository.cs(42,27): warning CS0436: El tipo 'Booking' de 'C:\Users\Miguel\source\repos\Proconenct\ProConnect.Core\Entities\Booking.cs' est├í en conflicto con el tipo importado 'Booking' de 'ProConnect.Core, Version=0.0.0.0, Culture=neutral, PublicKeyToken=null'. Se usar├í el tipo definido en 'C:\Users\Miguel\source\repos\Proconenct\ProConnect.Core\Entities\Booking.cs'. [C:\Users\Miguel\source\repos\Proconenct\Proconenct.csproj]
C:\Users\Miguel\source\repos\Proconenct\ProConnect.Infrastructure\Repositores\BookingRepository.cs(56,32): warning CS0436: El tipo 'Booking' de 'C:\Users\Miguel\source\repos\Proconenct\ProConnect.Core\Entities\Booking.cs' est├í en conflicto con el tipo importado 'Booking' de 'ProConnect.Core, Version=0.0.0.0, Culture=neutral, PublicKeyToken=null'. Se usar├í el tipo definido en 'C:\Users\Miguel\source\repos\Proconenct\ProConnect.Core\Entities\Booking.cs'. [C:\Users\Miguel\source\repos\Proconenct\Proconenct.csproj]
C:\Users\Miguel\source\repos\Proconenct\ProConnect.Infrastructure\Repositores\BookingRepository.cs(76,32): warning CS0436: El tipo 'Booking' de 'C:\Users\Miguel\source\repos\Proconenct\ProConnect.Core\Entities\Booking.cs' est├í en conflicto con el tipo importado 'Booking' de 'ProConnect.Core, Version=0.0.0.0, Culture=neutral, PublicKeyToken=null'. Se usar├í el tipo definido en 'C:\Users\Miguel\source\repos\Proconenct\ProConnect.Core\Entities\Booking.cs'. [C:\Users\Miguel\source\repos\Proconenct\Proconenct.csproj]
C:\Users\Miguel\source\repos\Proconenct\ProConnect.Infrastructure\Repositores\BookingRepository.cs(96,59): warning CS0436: El tipo 'BookingStatus' de 'C:\Users\Miguel\source\repos\Proconenct\ProConnect.Core\Entities\Booking.cs' est├í en conflicto con el tipo importado 'BookingStatus' de 'ProConnect.Core, Version=0.0.0.0, Culture=neutral, PublicKeyToken=null'. Se usar├í el tipo definido en 'C:\Users\Miguel\source\repos\Proconenct\ProConnect.Core\Entities\Booking.cs'. [C:\Users\Miguel\source\repos\Proconenct\Proconenct.csproj]
C:\Users\Miguel\source\repos\Proconenct\ProConnect.Infrastructure\Repositores\BookingRepository.cs(96,32): warning CS0436: El tipo 'Booking' de 'C:\Users\Miguel\source\repos\Proconenct\ProConnect.Core\Entities\Booking.cs' est├í en conflicto con el tipo importado 'Booking' de 'ProConnect.Core, Version=0.0.0.0, Culture=neutral, PublicKeyToken=null'. Se usar├í el tipo definido en 'C:\Users\Miguel\source\repos\Proconenct\ProConnect.Core\Entities\Booking.cs'. [C:\Users\Miguel\source\repos\Proconenct\Proconenct.csproj]
C:\Users\Miguel\source\repos\Proconenct\ProConnect.Infrastructure\Repositores\BookingRepository.cs(116,32): warning CS0436: El tipo 'Booking' de 'C:\Users\Miguel\source\repos\Proconenct\ProConnect.Core\Entities\Booking.cs' est├í en conflicto con el tipo importado 'Booking' de 'ProConnect.Core, Version=0.0.0.0, Culture=neutral, PublicKeyToken=null'. Se usar├í el tipo definido en 'C:\Users\Miguel\source\repos\Proconenct\ProConnect.Core\Entities\Booking.cs'. [C:\Users\Miguel\source\repos\Proconenct\Proconenct.csproj]
C:\Users\Miguel\source\repos\Proconenct\ProConnect.Infrastructure\Repositores\BookingRepository.cs(139,48): warning CS0436: El tipo 'Booking' de 'C:\Users\Miguel\source\repos\Proconenct\ProConnect.Core\Entities\Booking.cs' est├í en conflicto con el tipo importado 'Booking' de 'ProConnect.Core, Version=0.0.0.0, Culture=neutral, PublicKeyToken=null'. Se usar├í el tipo definido en 'C:\Users\Miguel\source\repos\Proconenct\ProConnect.Core\Entities\Booking.cs'. [C:\Users\Miguel\source\repos\Proconenct\Proconenct.csproj]
C:\Users\Miguel\source\repos\Proconenct\ProConnect.Infrastructure\Repositores\BookingRepository.cs(139,27): warning CS0436: El tipo 'Booking' de 'C:\Users\Miguel\source\repos\Proconenct\ProConnect.Core\Entities\Booking.cs' est├í en conflicto con el tipo importado 'Booking' de 'ProConnect.Core, Version=0.0.0.0, Culture=neutral, PublicKeyToken=null'. Se usar├í el tipo definido en 'C:\Users\Miguel\source\repos\Proconenct\ProConnect.Core\Entities\Booking.cs'. [C:\Users\Miguel\source\repos\Proconenct\Proconenct.csproj]
C:\Users\Miguel\source\repos\Proconenct\ProConnect.Infrastructure\Repositores\BookingRepository.cs(234,32): warning CS0436: El tipo 'Booking' de 'C:\Users\Miguel\source\repos\Proconenct\ProConnect.Core\Entities\Booking.cs' est├í en conflicto con el tipo importado 'Booking' de 'ProConnect.Core, Version=0.0.0.0, Culture=neutral, PublicKeyToken=null'. Se usar├í el tipo definido en 'C:\Users\Miguel\source\repos\Proconenct\ProConnect.Core\Entities\Booking.cs'. [C:\Users\Miguel\source\repos\Proconenct\Proconenct.csproj]
C:\Users\Miguel\source\repos\Proconenct\ProConnect.Infrastructure\Repositores\BookingRepository.cs(257,32): warning CS0436: El tipo 'Booking' de 'C:\Users\Miguel\source\repos\Proconenct\ProConnect.Core\Entities\Booking.cs' est├í en conflicto con el tipo importado 'Booking' de 'ProConnect.Core, Version=0.0.0.0, Culture=neutral, PublicKeyToken=null'. Se usar├í el tipo definido en 'C:\Users\Miguel\source\repos\Proconenct\ProConnect.Core\Entities\Booking.cs'. [C:\Users\Miguel\source\repos\Proconenct\Proconenct.csproj]
C:\Users\Miguel\source\repos\Proconenct\ProConnect.Core\Interfaces\IPortfolioRepository.cs(9,27): warning CS0436: El tipo 'PortfolioFile' de 'C:\Users\Miguel\source\repos\Proconenct\ProConnect.Core\Entities\PortfolioFile.cs' est├í en conflicto con el tipo importado 'PortfolioFile' de 'ProConnect.Core, Version=0.0.0.0, Culture=neutral, PublicKeyToken=null'. Se usar├í el tipo definido en 'C:\Users\Miguel\source\repos\Proconenct\ProConnect.Core\Entities\PortfolioFile.cs'. [C:\Users\Miguel\source\repos\Proconenct\Proconenct.csproj]
C:\Users\Miguel\source\repos\Proconenct\ProConnect.Infrastructure\Repositores\BookingRepository.cs(279,55): warning CS0436: El tipo 'BookingStatus' de 'C:\Users\Miguel\source\repos\Proconenct\ProConnect.Core\Entities\Booking.cs' est├í en conflicto con el tipo importado 'BookingStatus' de 'ProConnect.Core, Version=0.0.0.0, Culture=neutral, PublicKeyToken=null'. Se usar├í el tipo definido en 'C:\Users\Miguel\source\repos\Proconenct\ProConnect.Core\Entities\Booking.cs'. [C:\Users\Miguel\source\repos\Proconenct\Proconenct.csproj]
C:\Users\Miguel\source\repos\Proconenct\ProConnect.Core\Interfaces\IPortfolioRepository.cs(10,19): warning CS0436: El tipo 'PortfolioFile' de 'C:\Users\Miguel\source\repos\Proconenct\ProConnect.Core\Entities\PortfolioFile.cs' est├í en conflicto con el tipo importado 'PortfolioFile' de 'ProConnect.Core, Version=0.0.0.0, Culture=neutral, PublicKeyToken=null'. Se usar├í el tipo definido en 'C:\Users\Miguel\source\repos\Proconenct\ProConnect.Core\Entities\PortfolioFile.cs'. [C:\Users\Miguel\source\repos\Proconenct\Proconenct.csproj]
C:\Users\Miguel\source\repos\Proconenct\ProConnect.Core\Interfaces\IPortfolioRepository.cs(11,14): warning CS0436: El tipo 'PortfolioFile' de 'C:\Users\Miguel\source\repos\Proconenct\ProConnect.Core\Entities\PortfolioFile.cs' est├í en conflicto con el tipo importado 'PortfolioFile' de 'ProConnect.Core, Version=0.0.0.0, Culture=neutral, PublicKeyToken=null'. Se usar├í el tipo definido en 'C:\Users\Miguel\source\repos\Proconenct\ProConnect.Core\Entities\PortfolioFile.cs'. [C:\Users\Miguel\source\repos\Proconenct\Proconenct.csproj]
C:\Users\Miguel\source\repos\Proconenct\ProConnect.Infrastructure\Repositores\BookingRepository.cs(13,43): warning CS0436: El tipo 'Booking' de 'C:\Users\Miguel\source\repos\Proconenct\ProConnect.Core\Entities\Booking.cs' est├í en conflicto con el tipo importado 'Booking' de 'ProConnect.Core, Version=0.0.0.0, Culture=neutral, PublicKeyToken=null'. Se usar├í el tipo definido en 'C:\Users\Miguel\source\repos\Proconenct\ProConnect.Core\Entities\Booking.cs'. [C:\Users\Miguel\source\repos\Proconenct\Proconenct.csproj]
C:\Users\Miguel\source\repos\Proconenct\ProConnect.Infrastructure\Repositores\BookingRepository.cs(14,34): warning CS0436: El tipo 'BookingRepository' de 'C:\Users\Miguel\source\repos\Proconenct\ProConnect.Infrastructure\Repositores\BookingRepository.cs' est├í en conflicto con el tipo importado 'BookingRepository' de 'ProConnect.Infrastructure, Version=0.0.0.0, Culture=neutral, PublicKeyToken=null'. Se usar├í el tipo definido en 'C:\Users\Miguel\source\repos\Proconenct\ProConnect.Infrastructure\Repositores\BookingRepository.cs'. [C:\Users\Miguel\source\repos\Proconenct\Proconenct.csproj]
C:\Users\Miguel\source\repos\Proconenct\ProConnect.Core\Interfaces\IProfessionalProfileRepository.cs(13,14): warning CS0436: El tipo 'ProfessionalProfile' de 'C:\Users\Miguel\source\repos\Proconenct\ProConnect.Core\Entities\ProfessionalProfile.cs' est├í en conflicto con el tipo importado 'ProfessionalProfile' de 'ProConnect.Core, Version=0.0.0.0, Culture=neutral, PublicKeyToken=null'. Se usar├í el tipo definido en 'C:\Users\Miguel\source\repos\Proconenct\ProConnect.Core\Entities\ProfessionalProfile.cs'. [C:\Users\Miguel\source\repos\Proconenct\Proconenct.csproj]
C:\Users\Miguel\source\repos\Proconenct\ProConnect.Core\Interfaces\IProfessionalProfileRepository.cs(14,14): warning CS0436: El tipo 'ProfessionalProfile' de 'C:\Users\Miguel\source\repos\Proconenct\ProConnect.Core\Entities\ProfessionalProfile.cs' est├í en conflicto con el tipo importado 'ProfessionalProfile' de 'ProConnect.Core, Version=0.0.0.0, Culture=neutral, PublicKeyToken=null'. Se usar├í el tipo definido en 'C:\Users\Miguel\source\repos\Proconenct\ProConnect.Core\Entities\ProfessionalProfile.cs'. [C:\Users\Miguel\source\repos\Proconenct\Proconenct.csproj]
C:\Users\Miguel\source\repos\Proconenct\ProConnect.Core\Interfaces\IProfessionalProfileRepository.cs(15,34): warning CS0436: El tipo 'ProfessionalProfile' de 'C:\Users\Miguel\source\repos\Proconenct\ProConnect.Core\Entities\ProfessionalProfile.cs' est├í en conflicto con el tipo importado 'ProfessionalProfile' de 'ProConnect.Core, Version=0.0.0.0, Culture=neutral, PublicKeyToken=null'. Se usar├í el tipo definido en 'C:\Users\Miguel\source\repos\Proconenct\ProConnect.Core\Entities\ProfessionalProfile.cs'. [C:\Users\Miguel\source\repos\Proconenct\Proconenct.csproj]
C:\Users\Miguel\source\repos\Proconenct\ProConnect.Core\Interfaces\IProfessionalProfileRepository.cs(16,32): warning CS0436: El tipo 'ProfessionalProfile' de 'C:\Users\Miguel\source\repos\Proconenct\ProConnect.Core\Entities\ProfessionalProfile.cs' est├í en conflicto con el tipo importado 'ProfessionalProfile' de 'ProConnect.Core, Version=0.0.0.0, Culture=neutral, PublicKeyToken=null'. Se usar├í el tipo definido en 'C:\Users\Miguel\source\repos\Proconenct\ProConnect.Core\Entities\ProfessionalProfile.cs'. [C:\Users\Miguel\source\repos\Proconenct\Proconenct.csproj]
C:\Users\Miguel\source\repos\Proconenct\ProConnect.Core\Interfaces\IProfessionalProfileRepository.cs(18,19): warning CS0436: El tipo 'ProfessionalProfile' de 'C:\Users\Miguel\source\repos\Proconenct\ProConnect.Core\Entities\ProfessionalProfile.cs' est├í en conflicto con el tipo importado 'ProfessionalProfile' de 'ProConnect.Core, Version=0.0.0.0, Culture=neutral, PublicKeyToken=null'. Se usar├í el tipo definido en 'C:\Users\Miguel\source\repos\Proconenct\ProConnect.Core\Entities\ProfessionalProfile.cs'. [C:\Users\Miguel\source\repos\Proconenct\Proconenct.csproj]
C:\Users\Miguel\source\repos\Proconenct\ProConnect.Core\Interfaces\IProfessionalProfileRepository.cs(19,19): warning CS0436: El tipo 'ProfessionalProfile' de 'C:\Users\Miguel\source\repos\Proconenct\ProConnect.Core\Entities\ProfessionalProfile.cs' est├í en conflicto con el tipo importado 'ProfessionalProfile' de 'ProConnect.Core, Version=0.0.0.0, Culture=neutral, PublicKeyToken=null'. Se usar├í el tipo definido en 'C:\Users\Miguel\source\repos\Proconenct\ProConnect.Core\Entities\ProfessionalProfile.cs'. [C:\Users\Miguel\source\repos\Proconenct\Proconenct.csproj]
C:\Users\Miguel\source\repos\Proconenct\ProConnect.Core\Interfaces\IProfessionalProfileRepository.cs(24,19): warning CS0436: El tipo 'ProfessionalProfile' de 'C:\Users\Miguel\source\repos\Proconenct\ProConnect.Core\Entities\ProfessionalProfile.cs' est├í en conflicto con el tipo importado 'ProfessionalProfile' de 'ProConnect.Core, Version=0.0.0.0, Culture=neutral, PublicKeyToken=null'. Se usar├í el tipo definido en 'C:\Users\Miguel\source\repos\Proconenct\ProConnect.Core\Entities\ProfessionalProfile.cs'. [C:\Users\Miguel\source\repos\Proconenct\Proconenct.csproj]
C:\Users\Miguel\source\repos\Proconenct\ProConnect.Infrastructure\Repositores\BookingRepository.cs(16,34): warning CS0436: El tipo 'MongoDbContext' de 'C:\Users\Miguel\source\repos\Proconenct\ProConnect.Infrastructure\Database\MongoDbContext.cs' est├í en conflicto con el tipo importado 'MongoDbContext' de 'ProConnect.Infrastructure, Version=0.0.0.0, Culture=neutral, PublicKeyToken=null'. Se usar├í el tipo definido en 'C:\Users\Miguel\source\repos\Proconenct\ProConnect.Infrastructure\Database\MongoDbContext.cs'. [C:\Users\Miguel\source\repos\Proconenct\Proconenct.csproj]
C:\Users\Miguel\source\repos\Proconenct\ProConnect.Infrastructure\Repositores\BookingRepository.cs(16,66): warning CS0436: El tipo 'BookingRepository' de 'C:\Users\Miguel\source\repos\Proconenct\ProConnect.Infrastructure\Repositores\BookingRepository.cs' est├í en conflicto con el tipo importado 'BookingRepository' de 'ProConnect.Infrastructure, Version=0.0.0.0, Culture=neutral, PublicKeyToken=null'. Se usar├í el tipo definido en 'C:\Users\Miguel\source\repos\Proconenct\ProConnect.Infrastructure\Repositores\BookingRepository.cs'. [C:\Users\Miguel\source\repos\Proconenct\Proconenct.csproj]
C:\Users\Miguel\source\repos\Proconenct\ProConnect.Core\Interfaces\IProfessionalProfileRepository.cs(35,19): warning CS0436: El tipo 'ProfessionalProfile' de 'C:\Users\Miguel\source\repos\Proconenct\ProConnect.Core\Entities\ProfessionalProfile.cs' est├í en conflicto con el tipo importado 'ProfessionalProfile' de 'ProConnect.Core, Version=0.0.0.0, Culture=neutral, PublicKeyToken=null'. Se usar├í el tipo definido en 'C:\Users\Miguel\source\repos\Proconenct\ProConnect.Core\Entities\ProfessionalProfile.cs'. [C:\Users\Miguel\source\repos\Proconenct\Proconenct.csproj]
C:\Users\Miguel\source\repos\Proconenct\ProConnect.Core\Interfaces\IProfessionalProfileRepository.cs(40,19): warning CS0436: El tipo 'ProfessionalProfile' de 'C:\Users\Miguel\source\repos\Proconenct\ProConnect.Core\Entities\ProfessionalProfile.cs' est├í en conflicto con el tipo importado 'ProfessionalProfile' de 'ProConnect.Core, Version=0.0.0.0, Culture=neutral, PublicKeyToken=null'. Se usar├í el tipo definido en 'C:\Users\Miguel\source\repos\Proconenct\ProConnect.Core\Entities\ProfessionalProfile.cs'. [C:\Users\Miguel\source\repos\Proconenct\Proconenct.csproj]
C:\Users\Miguel\source\repos\Proconenct\ProConnect.Core\Interfaces\IProfessionalProfileRepository.cs(45,19): warning CS0436: El tipo 'ProfessionalProfile' de 'C:\Users\Miguel\source\repos\Proconenct\ProConnect.Core\Entities\ProfessionalProfile.cs' est├í en conflicto con el tipo importado 'ProfessionalProfile' de 'ProConnect.Core, Version=0.0.0.0, Culture=neutral, PublicKeyToken=null'. Se usar├í el tipo definido en 'C:\Users\Miguel\source\repos\Proconenct\ProConnect.Core\Entities\ProfessionalProfile.cs'. [C:\Users\Miguel\source\repos\Proconenct\Proconenct.csproj]
C:\Users\Miguel\source\repos\Proconenct\ProConnect.Core\Interfaces\IProfessionalProfileRepository.cs(55,14): warning CS0436: El tipo 'ProfileStatistics' de 'C:\Users\Miguel\source\repos\Proconenct\ProConnect.Core\Models\ProfileStatistics.cs' est├í en conflicto con el tipo importado 'ProfileStatistics' de 'ProConnect.Core, Version=0.0.0.0, Culture=neutral, PublicKeyToken=null'. Se usar├í el tipo definido en 'C:\Users\Miguel\source\repos\Proconenct\ProConnect.Core\Models\ProfileStatistics.cs'. [C:\Users\Miguel\source\repos\Proconenct\Proconenct.csproj]
C:\Users\Miguel\source\repos\Proconenct\ProConnect.Core\Interfaces\IProfessionalProfileRepository.cs(60,51): warning CS0436: El tipo 'Service' de 'C:\Users\Miguel\source\repos\Proconenct\ProConnect.Core\Entities\ProfessionalProfile.cs' est├í en conflicto con el tipo importado 'Service' de 'ProConnect.Core, Version=0.0.0.0, Culture=neutral, PublicKeyToken=null'. Se usar├í el tipo definido en 'C:\Users\Miguel\source\repos\Proconenct\ProConnect.Core\Entities\ProfessionalProfile.cs'. [C:\Users\Miguel\source\repos\Proconenct\Proconenct.csproj]
C:\Users\Miguel\source\repos\Proconenct\ProConnect.Core\Interfaces\IProfessionalProfileRepository.cs(65,54): warning CS0436: El tipo 'Service' de 'C:\Users\Miguel\source\repos\Proconenct\ProConnect.Core\Entities\ProfessionalProfile.cs' est├í en conflicto con el tipo importado 'Service' de 'ProConnect.Core, Version=0.0.0.0, Culture=neutral, PublicKeyToken=null'. Se usar├í el tipo definido en 'C:\Users\Miguel\source\repos\Proconenct\ProConnect.Core\Entities\ProfessionalProfile.cs'. [C:\Users\Miguel\source\repos\Proconenct\Proconenct.csproj]
C:\Users\Miguel\source\repos\Proconenct\ProConnect.Infrastructure\Repositores\PortfolioRepository.cs(10,40): warning CS0436: El tipo 'IPortfolioRepository' de 'C:\Users\Miguel\source\repos\Proconenct\ProConnect.Core\Interfaces\IPortfolioRepository.cs' est├í en conflicto con el tipo importado 'IPortfolioRepository' de 'ProConnect.Core, Version=0.0.0.0, Culture=neutral, PublicKeyToken=null'. Se usar├í el tipo definido en 'C:\Users\Miguel\source\repos\Proconenct\ProConnect.Core\Interfaces\IPortfolioRepository.cs'. [C:\Users\Miguel\source\repos\Proconenct\Proconenct.csproj]
C:\Users\Miguel\source\repos\Proconenct\ProConnect.Core\Interfaces\IProfessionalProfileRepository.cs(75,19): warning CS0436: El tipo 'Service' de 'C:\Users\Miguel\source\repos\Proconenct\ProConnect.Core\Entities\ProfessionalProfile.cs' est├í en conflicto con el tipo importado 'Service' de 'ProConnect.Core, Version=0.0.0.0, Culture=neutral, PublicKeyToken=null'. Se usar├í el tipo definido en 'C:\Users\Miguel\source\repos\Proconenct\ProConnect.Core\Entities\ProfessionalProfile.cs'. [C:\Users\Miguel\source\repos\Proconenct\Proconenct.csproj]
C:\Users\Miguel\source\repos\Proconenct\ProConnect.Infrastructure\Repositores\PortfolioRepository.cs(19,40): warning CS0436: El tipo 'PortfolioFile' de 'C:\Users\Miguel\source\repos\Proconenct\ProConnect.Core\Entities\PortfolioFile.cs' est├í en conflicto con el tipo importado 'PortfolioFile' de 'ProConnect.Core, Version=0.0.0.0, Culture=neutral, PublicKeyToken=null'. Se usar├í el tipo definido en 'C:\Users\Miguel\source\repos\Proconenct\ProConnect.Core\Entities\PortfolioFile.cs'. [C:\Users\Miguel\source\repos\Proconenct\Proconenct.csproj]
C:\Users\Miguel\source\repos\Proconenct\ProConnect.Infrastructure\Repositores\PortfolioRepository.cs(24,32): warning CS0436: El tipo 'PortfolioFile' de 'C:\Users\Miguel\source\repos\Proconenct\ProConnect.Core\Entities\PortfolioFile.cs' est├í en conflicto con el tipo importado 'PortfolioFile' de 'ProConnect.Core, Version=0.0.0.0, Culture=neutral, PublicKeyToken=null'. Se usar├í el tipo definido en 'C:\Users\Miguel\source\repos\Proconenct\ProConnect.Core\Entities\PortfolioFile.cs'. [C:\Users\Miguel\source\repos\Proconenct\Proconenct.csproj]
C:\Users\Miguel\source\repos\Proconenct\ProConnect.Infrastructure\Repositores\PortfolioRepository.cs(29,27): warning CS0436: El tipo 'PortfolioFile' de 'C:\Users\Miguel\source\repos\Proconenct\ProConnect.Core\Entities\PortfolioFile.cs' est├í en conflicto con el tipo importado 'PortfolioFile' de 'ProConnect.Core, Version=0.0.0.0, Culture=neutral, PublicKeyToken=null'. Se usar├í el tipo definido en 'C:\Users\Miguel\source\repos\Proconenct\ProConnect.Core\Entities\PortfolioFile.cs'. [C:\Users\Miguel\source\repos\Proconenct\Proconenct.csproj]
C:\Users\Miguel\source\repos\Proconenct\ProConnect.Core\Interfaces\IProfessionalProfileRepository.cs(80,68): warning CS0436: El tipo 'ProfessionalSearchFilters' de 'C:\Users\Miguel\source\repos\Proconenct\ProConnect.Core\Models\ProfessionalSearchFilters.cs' est├í en conflicto con el tipo importado 'ProfessionalSearchFilters' de 'ProConnect.Core, Version=0.0.0.0, Culture=neutral, PublicKeyToken=null'. Se usar├í el tipo definido en 'C:\Users\Miguel\source\repos\Proconenct\ProConnect.Core\Models\ProfessionalSearchFilters.cs'. [C:\Users\Miguel\source\repos\Proconenct\Proconenct.csproj]
C:\Users\Miguel\source\repos\Proconenct\ProConnect.Core\Interfaces\IProfessionalProfileRepository.cs(80,14): warning CS0436: El tipo 'PagedResult<T>' de 'C:\Users\Miguel\source\repos\Proconenct\ProConnect.Core\Models\PagedResult.cs' est├í en conflicto con el tipo importado 'PagedResult<T>' de 'ProConnect.Core, Version=0.0.0.0, Culture=neutral, PublicKeyToken=null'. Se usar├í el tipo definido en 'C:\Users\Miguel\source\repos\Proconenct\ProConnect.Core\Models\PagedResult.cs'. [C:\Users\Miguel\source\repos\Proconenct\Proconenct.csproj]
C:\Users\Miguel\source\repos\Proconenct\ProConnect.Core\Interfaces\IProfessionalProfileRepository.cs(80,26): warning CS0436: El tipo 'ProfessionalProfile' de 'C:\Users\Miguel\source\repos\Proconenct\ProConnect.Core\Entities\ProfessionalProfile.cs' est├í en conflicto con el tipo importado 'ProfessionalProfile' de 'ProConnect.Core, Version=0.0.0.0, Culture=neutral, PublicKeyToken=null'. Se usar├í el tipo definido en 'C:\Users\Miguel\source\repos\Proconenct\ProConnect.Core\Entities\ProfessionalProfile.cs'. [C:\Users\Miguel\source\repos\Proconenct\Proconenct.csproj]
C:\Users\Miguel\source\repos\Proconenct\ProConnect.Infrastructure\Repositores\PortfolioRepository.cs(12,43): warning CS0436: El tipo 'PortfolioFile' de 'C:\Users\Miguel\source\repos\Proconenct\ProConnect.Core\Entities\PortfolioFile.cs' est├í en conflicto con el tipo importado 'PortfolioFile' de 'ProConnect.Core, Version=0.0.0.0, Culture=neutral, PublicKeyToken=null'. Se usar├í el tipo definido en 'C:\Users\Miguel\source\repos\Proconenct\ProConnect.Core\Entities\PortfolioFile.cs'. [C:\Users\Miguel\source\repos\Proconenct\Proconenct.csproj]
C:\Users\Miguel\source\repos\Proconenct\ProConnect.Infrastructure\Repositores\ProfessionalProfileRepository.cs(17,50): warning CS0436: El tipo 'IProfessionalProfileRepository' de 'C:\Users\Miguel\source\repos\Proconenct\ProConnect.Core\Interfaces\IProfessionalProfileRepository.cs' est├í en conflicto con el tipo importado 'IProfessionalProfileRepository' de 'ProConnect.Core, Version=0.0.0.0, Culture=neutral, PublicKeyToken=null'. Se usar├í el tipo definido en 'C:\Users\Miguel\source\repos\Proconenct\ProConnect.Core\Interfaces\IProfessionalProfileRepository.cs'. [C:\Users\Miguel\source\repos\Proconenct\Proconenct.csproj]
C:\Users\Miguel\source\repos\Proconenct\ProConnect.Infrastructure\Repositores\ProfessionalProfileRepository.cs(26,27): warning CS0436: El tipo 'ProfessionalProfile' de 'C:\Users\Miguel\source\repos\Proconenct\ProConnect.Core\Entities\ProfessionalProfile.cs' est├í en conflicto con el tipo importado 'ProfessionalProfile' de 'ProConnect.Core, Version=0.0.0.0, Culture=neutral, PublicKeyToken=null'. Se usar├í el tipo definido en 'C:\Users\Miguel\source\repos\Proconenct\ProConnect.Core\Entities\ProfessionalProfile.cs'. [C:\Users\Miguel\source\repos\Proconenct\Proconenct.csproj]
C:\Users\Miguel\source\repos\Proconenct\ProConnect.Infrastructure\Repositores\ProfessionalProfileRepository.cs(31,27): warning CS0436: El tipo 'ProfessionalProfile' de 'C:\Users\Miguel\source\repos\Proconenct\ProConnect.Core\Entities\ProfessionalProfile.cs' est├í en conflicto con el tipo importado 'ProfessionalProfile' de 'ProConnect.Core, Version=0.0.0.0, Culture=neutral, PublicKeyToken=null'. Se usar├í el tipo definido en 'C:\Users\Miguel\source\repos\Proconenct\ProConnect.Core\Entities\ProfessionalProfile.cs'. [C:\Users\Miguel\source\repos\Proconenct\Proconenct.csproj]
C:\Users\Miguel\source\repos\Proconenct\ProConnect.Infrastructure\Repositores\ProfessionalProfileRepository.cs(36,47): warning CS0436: El tipo 'ProfessionalProfile' de 'C:\Users\Miguel\source\repos\Proconenct\ProConnect.Core\Entities\ProfessionalProfile.cs' est├í en conflicto con el tipo importado 'ProfessionalProfile' de 'ProConnect.Core, Version=0.0.0.0, Culture=neutral, PublicKeyToken=null'. Se usar├í el tipo definido en 'C:\Users\Miguel\source\repos\Proconenct\ProConnect.Core\Entities\ProfessionalProfile.cs'. [C:\Users\Miguel\source\repos\Proconenct\Proconenct.csproj]
C:\Users\Miguel\source\repos\Proconenct\ProConnect.Core\Interfaces\IUserRepository.cs(7,14): warning CS0436: El tipo 'User' de 'C:\Users\Miguel\source\repos\Proconenct\ProConnect.Core\Entities\User.cs' est├í en conflicto con el tipo importado 'User' de 'ProConnect.Core, Version=0.0.0.0, Culture=neutral, PublicKeyToken=null'. Se usar├í el tipo definido en 'C:\Users\Miguel\source\repos\Proconenct\ProConnect.Core\Entities\User.cs'. [C:\Users\Miguel\source\repos\Proconenct\Proconenct.csproj]
C:\Users\Miguel\source\repos\Proconenct\ProConnect.Infrastructure\Repositores\ProfessionalProfileRepository.cs(42,45): warning CS0436: El tipo 'ProfessionalProfile' de 'C:\Users\Miguel\source\repos\Proconenct\ProConnect.Core\Entities\ProfessionalProfile.cs' est├í en conflicto con el tipo importado 'ProfessionalProfile' de 'ProConnect.Core, Version=0.0.0.0, Culture=neutral, PublicKeyToken=null'. Se usar├í el tipo definido en 'C:\Users\Miguel\source\repos\Proconenct\ProConnect.Core\Entities\ProfessionalProfile.cs'. [C:\Users\Miguel\source\repos\Proconenct\Proconenct.csproj]
C:\Users\Miguel\source\repos\Proconenct\ProConnect.Core\Interfaces\IUserRepository.cs(8,14): warning CS0436: El tipo 'User' de 'C:\Users\Miguel\source\repos\Proconenct\ProConnect.Core\Entities\User.cs' est├í en conflicto con el tipo importado 'User' de 'ProConnect.Core, Version=0.0.0.0, Culture=neutral, PublicKeyToken=null'. Se usar├í el tipo definido en 'C:\Users\Miguel\source\repos\Proconenct\ProConnect.Core\Entities\User.cs'. [C:\Users\Miguel\source\repos\Proconenct\Proconenct.csproj]
C:\Users\Miguel\source\repos\Proconenct\ProConnect.Core\Interfaces\IUserRepository.cs(9,34): warning CS0436: El tipo 'User' de 'C:\Users\Miguel\source\repos\Proconenct\ProConnect.Core\Entities\User.cs' est├í en conflicto con el tipo importado 'User' de 'ProConnect.Core, Version=0.0.0.0, Culture=neutral, PublicKeyToken=null'. Se usar├í el tipo definido en 'C:\Users\Miguel\source\repos\Proconenct\ProConnect.Core\Entities\User.cs'. [C:\Users\Miguel\source\repos\Proconenct\Proconenct.csproj]
C:\Users\Miguel\source\repos\Proconenct\ProConnect.Infrastructure\Repositores\ProfessionalProfileRepository.cs(54,32): warning CS0436: El tipo 'ProfessionalProfile' de 'C:\Users\Miguel\source\repos\Proconenct\ProConnect.Core\Entities\ProfessionalProfile.cs' est├í en conflicto con el tipo importado 'ProfessionalProfile' de 'ProConnect.Core, Version=0.0.0.0, Culture=neutral, PublicKeyToken=null'. Se usar├í el tipo definido en 'C:\Users\Miguel\source\repos\Proconenct\ProConnect.Core\Entities\ProfessionalProfile.cs'. [C:\Users\Miguel\source\repos\Proconenct\Proconenct.csproj]
C:\Users\Miguel\source\repos\Proconenct\ProConnect.Core\Interfaces\IUserRepository.cs(10,32): warning CS0436: El tipo 'User' de 'C:\Users\Miguel\source\repos\Proconenct\ProConnect.Core\Entities\User.cs' est├í en conflicto con el tipo importado 'User' de 'ProConnect.Core, Version=0.0.0.0, Culture=neutral, PublicKeyToken=null'. Se usar├í el tipo definido en 'C:\Users\Miguel\source\repos\Proconenct\ProConnect.Core\Entities\User.cs'. [C:\Users\Miguel\source\repos\Proconenct\Proconenct.csproj]
C:\Users\Miguel\source\repos\Proconenct\ProConnect.Infrastructure\Repositores\ProfessionalProfileRepository.cs(59,32): warning CS0436: El tipo 'ProfessionalProfile' de 'C:\Users\Miguel\source\repos\Proconenct\ProConnect.Core\Entities\ProfessionalProfile.cs' est├í en conflicto con el tipo importado 'ProfessionalProfile' de 'ProConnect.Core, Version=0.0.0.0, Culture=neutral, PublicKeyToken=null'. Se usar├í el tipo definido en 'C:\Users\Miguel\source\repos\Proconenct\ProConnect.Core\Entities\ProfessionalProfile.cs'. [C:\Users\Miguel\source\repos\Proconenct\Proconenct.csproj]
C:\Users\Miguel\source\repos\Proconenct\ProConnect.Core\Interfaces\IUserRepository.cs(13,19): warning CS0436: El tipo 'User' de 'C:\Users\Miguel\source\repos\Proconenct\ProConnect.Core\Entities\User.cs' est├í en conflicto con el tipo importado 'User' de 'ProConnect.Core, Version=0.0.0.0, Culture=neutral, PublicKeyToken=null'. Se usar├í el tipo definido en 'C:\Users\Miguel\source\repos\Proconenct\ProConnect.Core\Entities\User.cs'. [C:\Users\Miguel\source\repos\Proconenct\Proconenct.csproj]
C:\Users\Miguel\source\repos\Proconenct\ProConnect.Infrastructure\Repositores\ProfessionalProfileRepository.cs(67,32): warning CS0436: El tipo 'ProfessionalProfile' de 'C:\Users\Miguel\source\repos\Proconenct\ProConnect.Core\Entities\ProfessionalProfile.cs' est├í en conflicto con el tipo importado 'ProfessionalProfile' de 'ProConnect.Core, Version=0.0.0.0, Culture=neutral, PublicKeyToken=null'. Se usar├í el tipo definido en 'C:\Users\Miguel\source\repos\Proconenct\ProConnect.Core\Entities\ProfessionalProfile.cs'. [C:\Users\Miguel\source\repos\Proconenct\Proconenct.csproj]
C:\Users\Miguel\source\repos\Proconenct\ProConnect.Core\Interfaces\IUserRepository.cs(14,45): warning CS0436: El tipo 'UserType' de 'C:\Users\Miguel\source\repos\Proconenct\ProConnect.Core\Entities\User.cs' est├í en conflicto con el tipo importado 'UserType' de 'ProConnect.Core, Version=0.0.0.0, Culture=neutral, PublicKeyToken=null'. Se usar├í el tipo definido en 'C:\Users\Miguel\source\repos\Proconenct\ProConnect.Core\Entities\User.cs'. [C:\Users\Miguel\source\repos\Proconenct\Proconenct.csproj]
C:\Users\Miguel\source\repos\Proconenct\ProConnect.Core\Interfaces\IUserRepository.cs(14,19): warning CS0436: El tipo 'User' de 'C:\Users\Miguel\source\repos\Proconenct\ProConnect.Core\Entities\User.cs' est├í en conflicto con el tipo importado 'User' de 'ProConnect.Core, Version=0.0.0.0, Culture=neutral, PublicKeyToken=null'. Se usar├í el tipo definido en 'C:\Users\Miguel\source\repos\Proconenct\ProConnect.Core\Entities\User.cs'. [C:\Users\Miguel\source\repos\Proconenct\Proconenct.csproj]
C:\Users\Miguel\source\repos\Proconenct\ProConnect.Infrastructure\Repositores\ProfessionalProfileRepository.cs(114,32): warning CS0436: El tipo 'ProfessionalProfile' de 'C:\Users\Miguel\source\repos\Proconenct\ProConnect.Core\Entities\ProfessionalProfile.cs' est├í en conflicto con el tipo importado 'ProfessionalProfile' de 'ProConnect.Core, Version=0.0.0.0, Culture=neutral, PublicKeyToken=null'. Se usar├í el tipo definido en 'C:\Users\Miguel\source\repos\Proconenct\ProConnect.Core\Entities\ProfessionalProfile.cs'. [C:\Users\Miguel\source\repos\Proconenct\Proconenct.csproj]
C:\Users\Miguel\source\repos\Proconenct\ProConnect.Infrastructure\Repositores\ProfessionalProfileRepository.cs(133,32): warning CS0436: El tipo 'ProfessionalProfile' de 'C:\Users\Miguel\source\repos\Proconenct\ProConnect.Core\Entities\ProfessionalProfile.cs' est├í en conflicto con el tipo importado 'ProfessionalProfile' de 'ProConnect.Core, Version=0.0.0.0, Culture=neutral, PublicKeyToken=null'. Se usar├í el tipo definido en 'C:\Users\Miguel\source\repos\Proconenct\ProConnect.Core\Entities\ProfessionalProfile.cs'. [C:\Users\Miguel\source\repos\Proconenct\Proconenct.csproj]
C:\Users\Miguel\source\repos\Proconenct\ProConnect.Infrastructure\Repositores\ProfessionalProfileRepository.cs(144,32): warning CS0436: El tipo 'ProfessionalProfile' de 'C:\Users\Miguel\source\repos\Proconenct\ProConnect.Core\Entities\ProfessionalProfile.cs' est├í en conflicto con el tipo importado 'ProfessionalProfile' de 'ProConnect.Core, Version=0.0.0.0, Culture=neutral, PublicKeyToken=null'. Se usar├í el tipo definido en 'C:\Users\Miguel\source\repos\Proconenct\ProConnect.Core\Entities\ProfessionalProfile.cs'. [C:\Users\Miguel\source\repos\Proconenct\Proconenct.csproj]
C:\Users\Miguel\source\repos\Proconenct\ProConnect.Infrastructure\Repositores\ProfessionalProfileRepository.cs(167,27): warning CS0436: El tipo 'ProfileStatistics' de 'C:\Users\Miguel\source\repos\Proconenct\ProConnect.Core\Models\ProfileStatistics.cs' est├í en conflicto con el tipo importado 'ProfileStatistics' de 'ProConnect.Core, Version=0.0.0.0, Culture=neutral, PublicKeyToken=null'. Se usar├í el tipo definido en 'C:\Users\Miguel\source\repos\Proconenct\ProConnect.Core\Models\ProfileStatistics.cs'. [C:\Users\Miguel\source\repos\Proconenct\Proconenct.csproj]
C:\Users\Miguel\source\repos\Proconenct\ProConnect.Infrastructure\Repositores\ProfessionalProfileRepository.cs(193,64): warning CS0436: El tipo 'Service' de 'C:\Users\Miguel\source\repos\Proconenct\ProConnect.Core\Entities\ProfessionalProfile.cs' est├í en conflicto con el tipo importado 'Service' de 'ProConnect.Core, Version=0.0.0.0, Culture=neutral, PublicKeyToken=null'. Se usar├í el tipo definido en 'C:\Users\Miguel\source\repos\Proconenct\ProConnect.Core\Entities\ProfessionalProfile.cs'. [C:\Users\Miguel\source\repos\Proconenct\Proconenct.csproj]
C:\Users\Miguel\source\repos\Proconenct\ProConnect.Infrastructure\Repositores\ProfessionalProfileRepository.cs(200,67): warning CS0436: El tipo 'Service' de 'C:\Users\Miguel\source\repos\Proconenct\ProConnect.Core\Entities\ProfessionalProfile.cs' est├í en conflicto con el tipo importado 'Service' de 'ProConnect.Core, Version=0.0.0.0, Culture=neutral, PublicKeyToken=null'. Se usar├í el tipo definido en 'C:\Users\Miguel\source\repos\Proconenct\ProConnect.Core\Entities\ProfessionalProfile.cs'. [C:\Users\Miguel\source\repos\Proconenct\Proconenct.csproj]
C:\Users\Miguel\source\repos\Proconenct\ProConnect.Infrastructure\Repositores\ProfessionalProfileRepository.cs(224,32): warning CS0436: El tipo 'Service' de 'C:\Users\Miguel\source\repos\Proconenct\ProConnect.Core\Entities\ProfessionalProfile.cs' est├í en conflicto con el tipo importado 'Service' de 'ProConnect.Core, Version=0.0.0.0, Culture=neutral, PublicKeyToken=null'. Se usar├í el tipo definido en 'C:\Users\Miguel\source\repos\Proconenct\ProConnect.Core\Entities\ProfessionalProfile.cs'. [C:\Users\Miguel\source\repos\Proconenct\Proconenct.csproj]
C:\Users\Miguel\source\repos\Proconenct\ProConnect.Infrastructure\Repositores\ProfessionalProfileRepository.cs(230,81): warning CS0436: El tipo 'ProfessionalSearchFilters' de 'C:\Users\Miguel\source\repos\Proconenct\ProConnect.Core\Models\ProfessionalSearchFilters.cs' est├í en conflicto con el tipo importado 'ProfessionalSearchFilters' de 'ProConnect.Core, Version=0.0.0.0, Culture=neutral, PublicKeyToken=null'. Se usar├í el tipo definido en 'C:\Users\Miguel\source\repos\Proconenct\ProConnect.Core\Models\ProfessionalSearchFilters.cs'. [C:\Users\Miguel\source\repos\Proconenct\Proconenct.csproj]
C:\Users\Miguel\source\repos\Proconenct\ProConnect.Infrastructure\Repositores\ProfessionalProfileRepository.cs(230,27): warning CS0436: El tipo 'PagedResult<T>' de 'C:\Users\Miguel\source\repos\Proconenct\ProConnect.Core\Models\PagedResult.cs' est├í en conflicto con el tipo importado 'PagedResult<T>' de 'ProConnect.Core, Version=0.0.0.0, Culture=neutral, PublicKeyToken=null'. Se usar├í el tipo definido en 'C:\Users\Miguel\source\repos\Proconenct\ProConnect.Core\Models\PagedResult.cs'. [C:\Users\Miguel\source\repos\Proconenct\Proconenct.csproj]
C:\Users\Miguel\source\repos\Proconenct\ProConnect.Infrastructure\Repositores\ProfessionalProfileRepository.cs(230,39): warning CS0436: El tipo 'ProfessionalProfile' de 'C:\Users\Miguel\source\repos\Proconenct\ProConnect.Core\Entities\ProfessionalProfile.cs' est├í en conflicto con el tipo importado 'ProfessionalProfile' de 'ProConnect.Core, Version=0.0.0.0, Culture=neutral, PublicKeyToken=null'. Se usar├í el tipo definido en 'C:\Users\Miguel\source\repos\Proconenct\ProConnect.Core\Entities\ProfessionalProfile.cs'. [C:\Users\Miguel\source\repos\Proconenct\Proconenct.csproj]
C:\Users\Miguel\source\repos\Proconenct\ProConnect.Infrastructure\Repositores\ProfessionalProfileRepository.cs(19,43): warning CS0436: El tipo 'ProfessionalProfile' de 'C:\Users\Miguel\source\repos\Proconenct\ProConnect.Core\Entities\ProfessionalProfile.cs' est├í en conflicto con el tipo importado 'ProfessionalProfile' de 'ProConnect.Core, Version=0.0.0.0, Culture=neutral, PublicKeyToken=null'. Se usar├í el tipo definido en 'C:\Users\Miguel\source\repos\Proconenct\ProConnect.Core\Entities\ProfessionalProfile.cs'. [C:\Users\Miguel\source\repos\Proconenct\Proconenct.csproj]
C:\Users\Miguel\source\repos\Proconenct\ProConnect.Infrastructure\Repositores\ProfessionalProfileRepository.cs(21,46): warning CS0436: El tipo 'MongoDbContext' de 'C:\Users\Miguel\source\repos\Proconenct\ProConnect.Infrastructure\Database\MongoDbContext.cs' est├í en conflicto con el tipo importado 'MongoDbContext' de 'ProConnect.Infrastructure, Version=0.0.0.0, Culture=neutral, PublicKeyToken=null'. Se usar├í el tipo definido en 'C:\Users\Miguel\source\repos\Proconenct\ProConnect.Infrastructure\Database\MongoDbContext.cs'. [C:\Users\Miguel\source\repos\Proconenct\Proconenct.csproj]
C:\Users\Miguel\source\repos\Proconenct\ProConnect.Infrastructure\Repositores\UserRepository.cs(8,35): warning CS0436: El tipo 'IUserRepository' de 'C:\Users\Miguel\source\repos\Proconenct\ProConnect.Core\Interfaces\IUserRepository.cs' est├í en conflicto con el tipo importado 'IUserRepository' de 'ProConnect.Core, Version=0.0.0.0, Culture=neutral, PublicKeyToken=null'. Se usar├í el tipo definido en 'C:\Users\Miguel\source\repos\Proconenct\ProConnect.Core\Interfaces\IUserRepository.cs'. [C:\Users\Miguel\source\repos\Proconenct\Proconenct.csproj]
C:\Users\Miguel\source\repos\Proconenct\ProConnect.Infrastructure\Repositores\UserRepository.cs(19,27): warning CS0436: El tipo 'User' de 'C:\Users\Miguel\source\repos\Proconenct\ProConnect.Core\Entities\User.cs' est├í en conflicto con el tipo importado 'User' de 'ProConnect.Core, Version=0.0.0.0, Culture=neutral, PublicKeyToken=null'. Se usar├í el tipo definido en 'C:\Users\Miguel\source\repos\Proconenct\ProConnect.Core\Entities\User.cs'. [C:\Users\Miguel\source\repos\Proconenct\Proconenct.csproj]
C:\Users\Miguel\source\repos\Proconenct\ProConnect.Infrastructure\Repositores\UserRepository.cs(24,27): warning CS0436: El tipo 'User' de 'C:\Users\Miguel\source\repos\Proconenct\ProConnect.Core\Entities\User.cs' est├í en conflicto con el tipo importado 'User' de 'ProConnect.Core, Version=0.0.0.0, Culture=neutral, PublicKeyToken=null'. Se usar├í el tipo definido en 'C:\Users\Miguel\source\repos\Proconenct\ProConnect.Core\Entities\User.cs'. [C:\Users\Miguel\source\repos\Proconenct\Proconenct.csproj]
C:\Users\Miguel\source\repos\Proconenct\ProConnect.Core\ValueObjects\AuthResult.cs(11,16): warning CS0436: El tipo 'UserType' de 'C:\Users\Miguel\source\repos\Proconenct\ProConnect.Core\Entities\User.cs' est├í en conflicto con el tipo importado 'UserType' de 'ProConnect.Core, Version=0.0.0.0, Culture=neutral, PublicKeyToken=null'. Se usar├í el tipo definido en 'C:\Users\Miguel\source\repos\Proconenct\ProConnect.Core\Entities\User.cs'. [C:\Users\Miguel\source\repos\Proconenct\Proconenct.csproj]
C:\Users\Miguel\source\repos\Proconenct\ProConnect.Core\ValueObjects\AuthResult.cs(17,91): warning CS0436: El tipo 'UserType' de 'C:\Users\Miguel\source\repos\Proconenct\ProConnect.Core\Entities\User.cs' est├í en conflicto con el tipo importado 'UserType' de 'ProConnect.Core, Version=0.0.0.0, Culture=neutral, PublicKeyToken=null'. Se usar├í el tipo definido en 'C:\Users\Miguel\source\repos\Proconenct\ProConnect.Core\Entities\User.cs'. [C:\Users\Miguel\source\repos\Proconenct\Proconenct.csproj]
C:\Users\Miguel\source\repos\Proconenct\ProConnect.Core\ValueObjects\AuthResult.cs(17,23): warning CS0436: El tipo 'AuthResult' de 'C:\Users\Miguel\source\repos\Proconenct\ProConnect.Core\ValueObjects\AuthResult.cs' est├í en conflicto con el tipo importado 'AuthResult' de 'ProConnect.Core, Version=0.0.0.0, Culture=neutral, PublicKeyToken=null'. Se usar├í el tipo definido en 'C:\Users\Miguel\source\repos\Proconenct\ProConnect.Core\ValueObjects\AuthResult.cs'. [C:\Users\Miguel\source\repos\Proconenct\Proconenct.csproj]
C:\Users\Miguel\source\repos\Proconenct\ProConnect.Core\ValueObjects\AuthResult.cs(30,23): warning CS0436: El tipo 'AuthResult' de 'C:\Users\Miguel\source\repos\Proconenct\ProConnect.Core\ValueObjects\AuthResult.cs' est├í en conflicto con el tipo importado 'AuthResult' de 'ProConnect.Core, Version=0.0.0.0, Culture=neutral, PublicKeyToken=null'. Se usar├í el tipo definido en 'C:\Users\Miguel\source\repos\Proconenct\ProConnect.Core\ValueObjects\AuthResult.cs'. [C:\Users\Miguel\source\repos\Proconenct\Proconenct.csproj]
C:\Users\Miguel\source\repos\Proconenct\ProConnect.Core\ValueObjects\AuthResult.cs(39,23): warning CS0436: El tipo 'AuthResult' de 'C:\Users\Miguel\source\repos\Proconenct\ProConnect.Core\ValueObjects\AuthResult.cs' est├í en conflicto con el tipo importado 'AuthResult' de 'ProConnect.Core, Version=0.0.0.0, Culture=neutral, PublicKeyToken=null'. Se usar├í el tipo definido en 'C:\Users\Miguel\source\repos\Proconenct\ProConnect.Core\ValueObjects\AuthResult.cs'. [C:\Users\Miguel\source\repos\Proconenct\Proconenct.csproj]
C:\Users\Miguel\source\repos\Proconenct\ProConnect.Infrastructure\Repositores\UserRepository.cs(29,47): warning CS0436: El tipo 'User' de 'C:\Users\Miguel\source\repos\Proconenct\ProConnect.Core\Entities\User.cs' est├í en conflicto con el tipo importado 'User' de 'ProConnect.Core, Version=0.0.0.0, Culture=neutral, PublicKeyToken=null'. Se usar├í el tipo definido en 'C:\Users\Miguel\source\repos\Proconenct\ProConnect.Core\Entities\User.cs'. [C:\Users\Miguel\source\repos\Proconenct\Proconenct.csproj]
C:\Users\Miguel\source\repos\Proconenct\ProConnect.Infrastructure\Repositores\UserRepository.cs(37,45): warning CS0436: El tipo 'User' de 'C:\Users\Miguel\source\repos\Proconenct\ProConnect.Core\Entities\User.cs' est├í en conflicto con el tipo importado 'User' de 'ProConnect.Core, Version=0.0.0.0, Culture=neutral, PublicKeyToken=null'. Se usar├í el tipo definido en 'C:\Users\Miguel\source\repos\Proconenct\ProConnect.Core\Entities\User.cs'. [C:\Users\Miguel\source\repos\Proconenct\Proconenct.csproj]
C:\Users\Miguel\source\repos\Proconenct\ProConnect.Infrastructure\Repositores\UserRepository.cs(56,32): warning CS0436: El tipo 'User' de 'C:\Users\Miguel\source\repos\Proconenct\ProConnect.Core\Entities\User.cs' est├í en conflicto con el tipo importado 'User' de 'ProConnect.Core, Version=0.0.0.0, Culture=neutral, PublicKeyToken=null'. Se usar├í el tipo definido en 'C:\Users\Miguel\source\repos\Proconenct\ProConnect.Core\Entities\User.cs'. [C:\Users\Miguel\source\repos\Proconenct\Proconenct.csproj]
C:\Users\Miguel\source\repos\Proconenct\ProConnect.Infrastructure\Repositores\UserRepository.cs(61,58): warning CS0436: El tipo 'UserType' de 'C:\Users\Miguel\source\repos\Proconenct\ProConnect.Core\Entities\User.cs' est├í en conflicto con el tipo importado 'UserType' de 'ProConnect.Core, Version=0.0.0.0, Culture=neutral, PublicKeyToken=null'. Se usar├í el tipo definido en 'C:\Users\Miguel\source\repos\Proconenct\ProConnect.Core\Entities\User.cs'. [C:\Users\Miguel\source\repos\Proconenct\Proconenct.csproj]
C:\Users\Miguel\source\repos\Proconenct\ProConnect.Infrastructure\Repositores\UserRepository.cs(61,32): warning CS0436: El tipo 'User' de 'C:\Users\Miguel\source\repos\Proconenct\ProConnect.Core\Entities\User.cs' est├í en conflicto con el tipo importado 'User' de 'ProConnect.Core, Version=0.0.0.0, Culture=neutral, PublicKeyToken=null'. Se usar├í el tipo definido en 'C:\Users\Miguel\source\repos\Proconenct\ProConnect.Core\Entities\User.cs'. [C:\Users\Miguel\source\repos\Proconenct\Proconenct.csproj]
C:\Users\Miguel\source\repos\Proconenct\ProConnect.Infrastructure\Repositores\UserRepository.cs(10,26): warning CS0436: El tipo 'MongoDbContext' de 'C:\Users\Miguel\source\repos\Proconenct\ProConnect.Infrastructure\Database\MongoDbContext.cs' est├í en conflicto con el tipo importado 'MongoDbContext' de 'ProConnect.Infrastructure, Version=0.0.0.0, Culture=neutral, PublicKeyToken=null'. Se usar├í el tipo definido en 'C:\Users\Miguel\source\repos\Proconenct\ProConnect.Infrastructure\Database\MongoDbContext.cs'. [C:\Users\Miguel\source\repos\Proconenct\Proconenct.csproj]
C:\Users\Miguel\source\repos\Proconenct\ProConnect.Infrastructure\Repositores\UserRepository.cs(11,43): warning CS0436: El tipo 'User' de 'C:\Users\Miguel\source\repos\Proconenct\ProConnect.Core\Entities\User.cs' est├í en conflicto con el tipo importado 'User' de 'ProConnect.Core, Version=0.0.0.0, Culture=neutral, PublicKeyToken=null'. Se usar├í el tipo definido en 'C:\Users\Miguel\source\repos\Proconenct\ProConnect.Core\Entities\User.cs'. [C:\Users\Miguel\source\repos\Proconenct\Proconenct.csproj]
C:\Users\Miguel\source\repos\Proconenct\ProConnect.Infrastructure\Repositores\UserRepository.cs(13,31): warning CS0436: El tipo 'MongoDbContext' de 'C:\Users\Miguel\source\repos\Proconenct\ProConnect.Infrastructure\Database\MongoDbContext.cs' est├í en conflicto con el tipo importado 'MongoDbContext' de 'ProConnect.Infrastructure, Version=0.0.0.0, Culture=neutral, PublicKeyToken=null'. Se usar├í el tipo definido en 'C:\Users\Miguel\source\repos\Proconenct\ProConnect.Infrastructure\Database\MongoDbContext.cs'. [C:\Users\Miguel\source\repos\Proconenct\Proconenct.csproj]
C:\Users\Miguel\source\repos\Proconenct\ProConnect.Infrastructure\Services\EmailService.cs(11,33): warning CS0436: El tipo 'IEmailService' de 'C:\Users\Miguel\source\repos\Proconenct\ProConnect.Core\Interfaces\IEmailService.cs' est├í en conflicto con el tipo importado 'IEmailService' de 'ProConnect.Core, Version=0.0.0.0, Culture=neutral, PublicKeyToken=null'. Se usar├í el tipo definido en 'C:\Users\Miguel\source\repos\Proconenct\ProConnect.Core\Interfaces\IEmailService.cs'. [C:\Users\Miguel\source\repos\Proconenct\Proconenct.csproj]
C:\Users\Miguel\source\repos\Proconenct\ProConnect.Infrastructure\Services\EmailService.cs(19,34): warning CS0436: El tipo 'EmailService' de 'C:\Users\Miguel\source\repos\Proconenct\ProConnect.Infrastructure\Services\EmailService.cs' est├í en conflicto con el tipo importado 'EmailService' de 'ProConnect.Infrastructure, Version=0.0.0.0, Culture=neutral, PublicKeyToken=null'. Se usar├í el tipo definido en 'C:\Users\Miguel\source\repos\Proconenct\ProConnect.Infrastructure\Services\EmailService.cs'. [C:\Users\Miguel\source\repos\Proconenct\Proconenct.csproj]
C:\Users\Miguel\source\repos\Proconenct\ProConnect.Infrastructure\Services\EmailService.cs(21,60): warning CS0436: El tipo 'EmailService' de 'C:\Users\Miguel\source\repos\Proconenct\ProConnect.Infrastructure\Services\EmailService.cs' est├í en conflicto con el tipo importado 'EmailService' de 'ProConnect.Infrastructure, Version=0.0.0.0, Culture=neutral, PublicKeyToken=null'. Se usar├í el tipo definido en 'C:\Users\Miguel\source\repos\Proconenct\ProConnect.Infrastructure\Services\EmailService.cs'. [C:\Users\Miguel\source\repos\Proconenct\Proconenct.csproj]
C:\Users\Miguel\source\repos\Proconenct\ProConnect.Infrastructure\Services\JwtTokenService.cs(13,36): warning CS0436: El tipo 'IJwtTokenService' de 'C:\Users\Miguel\source\repos\Proconenct\ProConnect.Core\Interfaces\IJwtTokenService.cs' est├í en conflicto con el tipo importado 'IJwtTokenService' de 'ProConnect.Core, Version=0.0.0.0, Culture=neutral, PublicKeyToken=null'. Se usar├í el tipo definido en 'C:\Users\Miguel\source\repos\Proconenct\ProConnect.Core\Interfaces\IJwtTokenService.cs'. [C:\Users\Miguel\source\repos\Proconenct\Proconenct.csproj]
C:\Users\Miguel\source\repos\Proconenct\ProConnect.Infrastructure\Services\JwtTokenService.cs(30,54): warning CS0436: El tipo 'User' de 'C:\Users\Miguel\source\repos\Proconenct\ProConnect.Core\Entities\User.cs' est├í en conflicto con el tipo importado 'User' de 'ProConnect.Core, Version=0.0.0.0, Culture=neutral, PublicKeyToken=null'. Se usar├í el tipo definido en 'C:\Users\Miguel\source\repos\Proconenct\ProConnect.Core\Entities\User.cs'. [C:\Users\Miguel\source\repos\Proconenct\Proconenct.csproj]
C:\Users\Miguel\source\repos\Proconenct\ProConnect.Infrastructure\Services\JwtTokenService.cs(62,27): warning CS0436: El tipo 'AuthResult' de 'C:\Users\Miguel\source\repos\Proconenct\ProConnect.Core\ValueObjects\AuthResult.cs' est├í en conflicto con el tipo importado 'AuthResult' de 'ProConnect.Core, Version=0.0.0.0, Culture=neutral, PublicKeyToken=null'. Se usar├í el tipo definido en 'C:\Users\Miguel\source\repos\Proconenct\ProConnect.Core\ValueObjects\AuthResult.cs'. [C:\Users\Miguel\source\repos\Proconenct\Proconenct.csproj]
C:\Users\Miguel\source\repos\Proconenct\ProConnect.Infrastructure\Services\JwtTokenService.cs(116,27): warning CS0436: El tipo 'AuthResult' de 'C:\Users\Miguel\source\repos\Proconenct\ProConnect.Core\ValueObjects\AuthResult.cs' est├í en conflicto con el tipo importado 'AuthResult' de 'ProConnect.Core, Version=0.0.0.0, Culture=neutral, PublicKeyToken=null'. Se usar├í el tipo definido en 'C:\Users\Miguel\source\repos\Proconenct\ProConnect.Core\ValueObjects\AuthResult.cs'. [C:\Users\Miguel\source\repos\Proconenct\Proconenct.csproj]
C:\Users\Miguel\source\repos\Proconenct\ProConnect.Infrastructure\Services\NullCacheService.cs(5,37): warning CS0436: El tipo 'ICacheService' de 'C:\Users\Miguel\source\repos\Proconenct\ProConnect.Core\Interfaces\ICacheService.cs' est├í en conflicto con el tipo importado 'ICacheService' de 'ProConnect.Core, Version=0.0.0.0, Culture=neutral, PublicKeyToken=null'. Se usar├í el tipo definido en 'C:\Users\Miguel\source\repos\Proconenct\ProConnect.Core\Interfaces\ICacheService.cs'. [C:\Users\Miguel\source\repos\Proconenct\Proconenct.csproj]
C:\Users\Miguel\source\repos\Proconenct\ProConnect.Infrastructure\Services\RedisCacheService.cs(7,38): warning CS0436: El tipo 'ICacheService' de 'C:\Users\Miguel\source\repos\Proconenct\ProConnect.Core\Interfaces\ICacheService.cs' est├í en conflicto con el tipo importado 'ICacheService' de 'ProConnect.Core, Version=0.0.0.0, Culture=neutral, PublicKeyToken=null'. Se usar├í el tipo definido en 'C:\Users\Miguel\source\repos\Proconenct\ProConnect.Core\Interfaces\ICacheService.cs'. [C:\Users\Miguel\source\repos\Proconenct\Proconenct.csproj]
C:\Users\Miguel\source\repos\Proconenct\ProConnect.Infrastructure\Services\UserService.cs(12,32): warning CS0436: El tipo 'IUserService' de 'C:\Users\Miguel\source\repos\Proconenct\ProConnect.Application\Interfaces\IUserService.cs' est├í en conflicto con el tipo importado 'IUserService' de 'ProConnect.Application, Version=0.0.0.0, Culture=neutral, PublicKeyToken=null'. Se usar├í el tipo definido en 'C:\Users\Miguel\source\repos\Proconenct\ProConnect.Application\Interfaces\IUserService.cs'. [C:\Users\Miguel\source\repos\Proconenct\Proconenct.csproj]
C:\Users\Miguel\source\repos\Proconenct\ProConnect.Infrastructure\Services\UserService.cs(26,27): warning CS0436: El tipo 'UserProfileDto' de 'C:\Users\Miguel\source\repos\Proconenct\ProConnect.Application\DTOs\UserProfileDto.cs' est├í en conflicto con el tipo importado 'UserProfileDto' de 'ProConnect.Application, Version=0.0.0.0, Culture=neutral, PublicKeyToken=null'. Se usar├í el tipo definido en 'C:\Users\Miguel\source\repos\Proconenct\ProConnect.Application\DTOs\UserProfileDto.cs'. [C:\Users\Miguel\source\repos\Proconenct\Proconenct.csproj]
C:\Users\Miguel\source\repos\Proconenct\ProConnect.Infrastructure\Services\UserService.cs(48,81): warning CS0436: El tipo 'UpdateUserProfileDto' de 'C:\Users\Miguel\source\repos\Proconenct\ProConnect.Application\DTOs\UpdateUserProfileDto.cs' est├í en conflicto con el tipo importado 'UpdateUserProfileDto' de 'ProConnect.Application, Version=0.0.0.0, Culture=neutral, PublicKeyToken=null'. Se usar├í el tipo definido en 'C:\Users\Miguel\source\repos\Proconenct\ProConnect.Application\DTOs\UpdateUserProfileDto.cs'. [C:\Users\Miguel\source\repos\Proconenct\Proconenct.csproj]
C:\Users\Miguel\source\repos\Proconenct\ProConnect.Infrastructure\Services\UserService.cs(48,27): warning CS0436: El tipo 'UserProfileDto' de 'C:\Users\Miguel\source\repos\Proconenct\ProConnect.Application\DTOs\UserProfileDto.cs' est├í en conflicto con el tipo importado 'UserProfileDto' de 'ProConnect.Application, Version=0.0.0.0, Culture=neutral, PublicKeyToken=null'. Se usar├í el tipo definido en 'C:\Users\Miguel\source\repos\Proconenct\ProConnect.Application\DTOs\UserProfileDto.cs'. [C:\Users\Miguel\source\repos\Proconenct\Proconenct.csproj]
C:\Users\Miguel\source\repos\Proconenct\ProConnect.Infrastructure\Services\UserService.cs(105,27): warning CS0436: El tipo 'UserProfileDto' de 'C:\Users\Miguel\source\repos\Proconenct\ProConnect.Application\DTOs\UserProfileDto.cs' est├í en conflicto con el tipo importado 'UserProfileDto' de 'ProConnect.Application, Version=0.0.0.0, Culture=neutral, PublicKeyToken=null'. Se usar├í el tipo definido en 'C:\Users\Miguel\source\repos\Proconenct\ProConnect.Application\DTOs\UserProfileDto.cs'. [C:\Users\Miguel\source\repos\Proconenct\Proconenct.csproj]
C:\Users\Miguel\source\repos\Proconenct\ProConnect.Infrastructure\Services\UserService.cs(158,59): warning CS0436: El tipo 'User' de 'C:\Users\Miguel\source\repos\Proconenct\ProConnect.Core\Entities\User.cs' est├í en conflicto con el tipo importado 'User' de 'ProConnect.Core, Version=0.0.0.0, Culture=neutral, PublicKeyToken=null'. Se usar├í el tipo definido en 'C:\Users\Miguel\source\repos\Proconenct\ProConnect.Core\Entities\User.cs'. [C:\Users\Miguel\source\repos\Proconenct\Proconenct.csproj]
C:\Users\Miguel\source\repos\Proconenct\ProConnect.Infrastructure\Services\UserService.cs(158,24): warning CS0436: El tipo 'UserProfileDto' de 'C:\Users\Miguel\source\repos\Proconenct\ProConnect.Application\DTOs\UserProfileDto.cs' est├í en conflicto con el tipo importado 'UserProfileDto' de 'ProConnect.Application, Version=0.0.0.0, Culture=neutral, PublicKeyToken=null'. Se usar├í el tipo definido en 'C:\Users\Miguel\source\repos\Proconenct\ProConnect.Application\DTOs\UserProfileDto.cs'. [C:\Users\Miguel\source\repos\Proconenct\Proconenct.csproj]
C:\Users\Miguel\source\repos\Proconenct\ProConnect.Infrastructure\Services\UserService.cs(14,26): warning CS0436: El tipo 'IUserRepository' de 'C:\Users\Miguel\source\repos\Proconenct\ProConnect.Core\Interfaces\IUserRepository.cs' est├í en conflicto con el tipo importado 'IUserRepository' de 'ProConnect.Core, Version=0.0.0.0, Culture=neutral, PublicKeyToken=null'. Se usar├í el tipo definido en 'C:\Users\Miguel\source\repos\Proconenct\ProConnect.Core\Interfaces\IUserRepository.cs'. [C:\Users\Miguel\source\repos\Proconenct\Proconenct.csproj]
C:\Users\Miguel\source\repos\Proconenct\ProConnect.Infrastructure\Services\UserService.cs(15,34): warning CS0436: El tipo 'UserService' de 'C:\Users\Miguel\source\repos\Proconenct\ProConnect.Infrastructure\Services\UserService.cs' est├í en conflicto con el tipo importado 'UserService' de 'ProConnect.Infrastructure, Version=0.0.0.0, Culture=neutral, PublicKeyToken=null'. Se usar├í el tipo definido en 'C:\Users\Miguel\source\repos\Proconenct\ProConnect.Infrastructure\Services\UserService.cs'. [C:\Users\Miguel\source\repos\Proconenct\Proconenct.csproj]
C:\Users\Miguel\source\repos\Proconenct\ProConnect.Infrastructure\Services\UserService.cs(17,28): warning CS0436: El tipo 'IUserRepository' de 'C:\Users\Miguel\source\repos\Proconenct\ProConnect.Core\Interfaces\IUserRepository.cs' est├í en conflicto con el tipo importado 'IUserRepository' de 'ProConnect.Core, Version=0.0.0.0, Culture=neutral, PublicKeyToken=null'. Se usar├í el tipo definido en 'C:\Users\Miguel\source\repos\Proconenct\ProConnect.Core\Interfaces\IUserRepository.cs'. [C:\Users\Miguel\source\repos\Proconenct\Proconenct.csproj]
C:\Users\Miguel\source\repos\Proconenct\ProConnect.Infrastructure\Services\UserService.cs(17,68): warning CS0436: El tipo 'UserService' de 'C:\Users\Miguel\source\repos\Proconenct\ProConnect.Infrastructure\Services\UserService.cs' est├í en conflicto con el tipo importado 'UserService' de 'ProConnect.Infrastructure, Version=0.0.0.0, Culture=neutral, PublicKeyToken=null'. Se usar├í el tipo definido en 'C:\Users\Miguel\source\repos\Proconenct\ProConnect.Infrastructure\Services\UserService.cs'. [C:\Users\Miguel\source\repos\Proconenct\Proconenct.csproj]
C:\Users\Miguel\source\repos\Proconenct\Pages\profiles\Index.cshtml.cs(18,16): warning CS8618: El elemento propiedad "Query" que no acepta valores NULL debe contener un valor distinto de NULL al salir del constructor. Considere la posibilidad de agregar el modificador "required'"o declarar el propiedad como un valor que acepta valores NULL. [C:\Users\Miguel\source\repos\Proconenct\Proconenct.csproj]
C:\Users\Miguel\source\repos\Proconenct\Pages\profiles\Index.cshtml.cs(18,16): warning CS8618: El elemento propiedad "Specialty" que no acepta valores NULL debe contener un valor distinto de NULL al salir del constructor. Considere la posibilidad de agregar el modificador "required'"o declarar el propiedad como un valor que acepta valores NULL. [C:\Users\Miguel\source\repos\Proconenct\Proconenct.csproj]
C:\Users\Miguel\source\repos\Proconenct\Pages\profiles\Index.cshtml.cs(18,16): warning CS8618: El elemento propiedad "Location" que no acepta valores NULL debe contener un valor distinto de NULL al salir del constructor. Considere la posibilidad de agregar el modificador "required'"o declarar el propiedad como un valor que acepta valores NULL. [C:\Users\Miguel\source\repos\Proconenct\Proconenct.csproj]
C:\Users\Miguel\source\repos\Proconenct\Pages\profiles\Index.cshtml.cs(18,16): warning CS8618: El elemento propiedad "SearchResults" que no acepta valores NULL debe contener un valor distinto de NULL al salir del constructor. Considere la posibilidad de agregar el modificador "required'"o declarar el propiedad como un valor que acepta valores NULL. [C:\Users\Miguel\source\repos\Proconenct\Proconenct.csproj]
C:\Users\Miguel\source\repos\Proconenct\Pages\profiles\Index.cshtml.cs(53,35): warning CS0436: El tipo 'ProfessionalSearchFiltersDto' de 'C:\Users\Miguel\source\repos\Proconenct\ProConnect.Application\DTOs\ProfessionalSearchFiltersDto.cs' est├í en conflicto con el tipo importado 'ProfessionalSearchFiltersDto' de 'ProConnect.Application, Version=0.0.0.0, Culture=neutral, PublicKeyToken=null'. Se usar├í el tipo definido en 'C:\Users\Miguel\source\repos\Proconenct\ProConnect.Application\DTOs\ProfessionalSearchFiltersDto.cs'. [C:\Users\Miguel\source\repos\Proconenct\Proconenct.csproj]
C:\Users\Miguel\source\repos\Proconenct\Pages\profiles\Index.cshtml.cs(71,37): warning CS0436: El tipo 'PagedResultDto<T>' de 'C:\Users\Miguel\source\repos\Proconenct\ProConnect.Application\DTOs\Shared\PagedResultDto.cs' est├í en conflicto con el tipo importado 'PagedResultDto<T>' de 'ProConnect.Application, Version=0.0.0.0, Culture=neutral, PublicKeyToken=null'. Se usar├í el tipo definido en 'C:\Users\Miguel\source\repos\Proconenct\ProConnect.Application\DTOs\Shared\PagedResultDto.cs'. [C:\Users\Miguel\source\repos\Proconenct\Proconenct.csproj]
C:\Users\Miguel\source\repos\Proconenct\Pages\profiles\Index.cshtml.cs(71,52): warning CS0436: El tipo 'ProfessionalSearchResultDto' de 'C:\Users\Miguel\source\repos\Proconenct\ProConnect.Application\DTOs\ProfessionalSearchResultDto.cs' est├í en conflicto con el tipo importado 'ProfessionalSearchResultDto' de 'ProConnect.Application, Version=0.0.0.0, Culture=neutral, PublicKeyToken=null'. Se usar├í el tipo definido en 'C:\Users\Miguel\source\repos\Proconenct\ProConnect.Application\DTOs\ProfessionalSearchResultDto.cs'. [C:\Users\Miguel\source\repos\Proconenct\Proconenct.csproj]
C:\Users\Miguel\source\repos\Proconenct\Pages\profiles\Index.cshtml.cs(73,38): warning CS0436: El tipo 'ProfessionalSearchResultDto' de 'C:\Users\Miguel\source\repos\Proconenct\ProConnect.Application\DTOs\ProfessionalSearchResultDto.cs' est├í en conflicto con el tipo importado 'ProfessionalSearchResultDto' de 'ProConnect.Application, Version=0.0.0.0, Culture=neutral, PublicKeyToken=null'. Se usar├í el tipo definido en 'C:\Users\Miguel\source\repos\Proconenct\ProConnect.Application\DTOs\ProfessionalSearchResultDto.cs'. [C:\Users\Miguel\source\repos\Proconenct\Proconenct.csproj]
C:\Users\Miguel\source\repos\Proconenct\Pages\profiles\Index.cshtml.cs(68,30): warning CS0168: La variable 'ex' se ha declarado pero nunca se usa [C:\Users\Miguel\source\repos\Proconenct\Proconenct.csproj]
C:\Users\Miguel\source\repos\Proconenct\Controllers\AuthController.cs(51,44): warning CS0436: El tipo 'AuthResponseDto' de 'C:\Users\Miguel\source\repos\Proconenct\ProConnect.Application\DTOs\AuthResponseDto.cs' est├í en conflicto con el tipo importado 'AuthResponseDto' de 'ProConnect.Application, Version=0.0.0.0, Culture=neutral, PublicKeyToken=null'. Se usar├í el tipo definido en 'C:\Users\Miguel\source\repos\Proconenct\ProConnect.Application\DTOs\AuthResponseDto.cs'. [C:\Users\Miguel\source\repos\Proconenct\Proconenct.csproj]
C:\Users\Miguel\source\repos\Proconenct\Controllers\SearchController.cs(86,35): warning CS0436: El tipo 'ProfessionalSearchFiltersDto' de 'C:\Users\Miguel\source\repos\Proconenct\ProConnect.Application\DTOs\ProfessionalSearchFiltersDto.cs' est├í en conflicto con el tipo importado 'ProfessionalSearchFiltersDto' de 'ProConnect.Application, Version=0.0.0.0, Culture=neutral, PublicKeyToken=null'. Se usar├í el tipo definido en 'C:\Users\Miguel\source\repos\Proconenct\ProConnect.Application\DTOs\ProfessionalSearchFiltersDto.cs'. [C:\Users\Miguel\source\repos\Proconenct\Proconenct.csproj]
C:\Users\Miguel\source\repos\Proconenct\Controllers\AuthController.cs(89,44): warning CS0436: El tipo 'AuthResponseDto' de 'C:\Users\Miguel\source\repos\Proconenct\ProConnect.Application\DTOs\AuthResponseDto.cs' est├í en conflicto con el tipo importado 'AuthResponseDto' de 'ProConnect.Application, Version=0.0.0.0, Culture=neutral, PublicKeyToken=null'. Se usar├í el tipo definido en 'C:\Users\Miguel\source\repos\Proconenct\ProConnect.Application\DTOs\AuthResponseDto.cs'. [C:\Users\Miguel\source\repos\Proconenct\Proconenct.csproj]
C:\Users\Miguel\source\repos\Proconenct\ProConnect.Infrastructure\Services\UserService.cs(160,24): warning CS0436: El tipo 'UserProfileDto' de 'C:\Users\Miguel\source\repos\Proconenct\ProConnect.Application\DTOs\UserProfileDto.cs' est├í en conflicto con el tipo importado 'UserProfileDto' de 'ProConnect.Application, Version=0.0.0.0, Culture=neutral, PublicKeyToken=null'. Se usar├í el tipo definido en 'C:\Users\Miguel\source\repos\Proconenct\ProConnect.Application\DTOs\UserProfileDto.cs'. [C:\Users\Miguel\source\repos\Proconenct\Proconenct.csproj]
C:\Users\Miguel\source\repos\Proconenct\Controllers\SearchController.cs(120,42): warning CS1998: El m├®todo asincr├│nico carece de operadores "await" y se ejecutar├í de forma sincr├│nica. Puede usar el operador 'await' para esperar llamadas API que no sean de bloqueo o 'await Task.Run(...)' para hacer tareas enlazadas a la CPU en un subproceso en segundo plano. [C:\Users\Miguel\source\repos\Proconenct\Proconenct.csproj]
C:\Users\Miguel\source\repos\Proconenct\Controllers\SearchController.cs(196,42): warning CS1998: El m├®todo asincr├│nico carece de operadores "await" y se ejecutar├í de forma sincr├│nica. Puede usar el operador 'await' para esperar llamadas API que no sean de bloqueo o 'await Task.Run(...)' para hacer tareas enlazadas a la CPU en un subproceso en segundo plano. [C:\Users\Miguel\source\repos\Proconenct\Proconenct.csproj]
C:\Users\Miguel\source\repos\Proconenct\Pages\profiles\Detail.cshtml.cs(17,16): warning CS8618: El elemento propiedad "Id" que no acepta valores NULL debe contener un valor distinto de NULL al salir del constructor. Considere la posibilidad de agregar el modificador "required'"o declarar el propiedad como un valor que acepta valores NULL. [C:\Users\Miguel\source\repos\Proconenct\Proconenct.csproj]
C:\Users\Miguel\source\repos\Proconenct\Pages\profiles\Detail.cshtml.cs(51,36): warning CS0436: El tipo 'ProfessionalRecommendationDto' de 'C:\Users\Miguel\source\repos\Proconenct\ProConnect.Application\DTOs\ProfessionalRecommendationDto.cs' est├í en conflicto con el tipo importado 'ProfessionalRecommendationDto' de 'ProConnect.Application, Version=0.0.0.0, Culture=neutral, PublicKeyToken=null'. Se usar├í el tipo definido en 'C:\Users\Miguel\source\repos\Proconenct\ProConnect.Application\DTOs\ProfessionalRecommendationDto.cs'. [C:\Users\Miguel\source\repos\Proconenct\Proconenct.csproj]
C:\Users\Miguel\source\repos\Proconenct\Pages\profiles\Detail.cshtml.cs(55,30): warning CS0168: La variable 'ex' se ha declarado pero nunca se usa [C:\Users\Miguel\source\repos\Proconenct\Proconenct.csproj]
C:\Users\Miguel\source\repos\Proconenct\Controllers\ProfessionalProfileController.cs(69,30): warning CS0168: La variable 'ex' se ha declarado pero nunca se usa [C:\Users\Miguel\source\repos\Proconenct\Proconenct.csproj]
C:\Users\Miguel\source\repos\Proconenct\Controllers\ProfessionalProfileController.cs(99,30): warning CS0168: La variable 'ex' se ha declarado pero nunca se usa [C:\Users\Miguel\source\repos\Proconenct\Proconenct.csproj]
C:\Users\Miguel\source\repos\Proconenct\Controllers\ProfessionalProfileController.cs(147,30): warning CS0168: La variable 'ex' se ha declarado pero nunca se usa [C:\Users\Miguel\source\repos\Proconenct\Proconenct.csproj]
C:\Users\Miguel\source\repos\Proconenct\Program.cs(58,31): warning CS0436: El tipo 'MongoDbContext' de 'C:\Users\Miguel\source\repos\Proconenct\ProConnect.Infrastructure\Database\MongoDbContext.cs' est├í en conflicto con el tipo importado 'MongoDbContext' de 'ProConnect.Infrastructure, Version=0.0.0.0, Culture=neutral, PublicKeyToken=null'. Se usar├í el tipo definido en 'C:\Users\Miguel\source\repos\Proconenct\ProConnect.Infrastructure\Database\MongoDbContext.cs'. [C:\Users\Miguel\source\repos\Proconenct\Proconenct.csproj]
C:\Users\Miguel\source\repos\Proconenct\Program.cs(59,72): warning CS0436: El tipo 'MongoDbContext' de 'C:\Users\Miguel\source\repos\Proconenct\ProConnect.Infrastructure\Database\MongoDbContext.cs' est├í en conflicto con el tipo importado 'MongoDbContext' de 'ProConnect.Infrastructure, Version=0.0.0.0, Culture=neutral, PublicKeyToken=null'. Se usar├í el tipo definido en 'C:\Users\Miguel\source\repos\Proconenct\ProConnect.Infrastructure\Database\MongoDbContext.cs'. [C:\Users\Miguel\source\repos\Proconenct\Proconenct.csproj]
C:\Users\Miguel\source\repos\Proconenct\Program.cs(99,28): warning CS0436: El tipo 'IUserRepository' de 'C:\Users\Miguel\source\repos\Proconenct\ProConnect.Core\Interfaces\IUserRepository.cs' est├í en conflicto con el tipo importado 'IUserRepository' de 'ProConnect.Core, Version=0.0.0.0, Culture=neutral, PublicKeyToken=null'. Se usar├í el tipo definido en 'C:\Users\Miguel\source\repos\Proconenct\ProConnect.Core\Interfaces\IUserRepository.cs'. [C:\Users\Miguel\source\repos\Proconenct\Proconenct.csproj]
C:\Users\Miguel\source\repos\Proconenct\Program.cs(99,45): warning CS0436: El tipo 'UserRepository' de 'C:\Users\Miguel\source\repos\Proconenct\ProConnect.Infrastructure\Repositores\UserRepository.cs' est├í en conflicto con el tipo importado 'UserRepository' de 'ProConnect.Infrastructure, Version=0.0.0.0, Culture=neutral, PublicKeyToken=null'. Se usar├í el tipo definido en 'C:\Users\Miguel\source\repos\Proconenct\ProConnect.Infrastructure\Repositores\UserRepository.cs'. [C:\Users\Miguel\source\repos\Proconenct\Proconenct.csproj]
C:\Users\Miguel\source\repos\Proconenct\Program.cs(100,28): warning CS0436: El tipo 'IProfessionalProfileRepository' de 'C:\Users\Miguel\source\repos\Proconenct\ProConnect.Core\Interfaces\IProfessionalProfileRepository.cs' est├í en conflicto con el tipo importado 'IProfessionalProfileRepository' de 'ProConnect.Core, Version=0.0.0.0, Culture=neutral, PublicKeyToken=null'. Se usar├í el tipo definido en 'C:\Users\Miguel\source\repos\Proconenct\ProConnect.Core\Interfaces\IProfessionalProfileRepository.cs'. [C:\Users\Miguel\source\repos\Proconenct\Proconenct.csproj]
C:\Users\Miguel\source\repos\Proconenct\Program.cs(100,60): warning CS0436: El tipo 'ProfessionalProfileRepository' de 'C:\Users\Miguel\source\repos\Proconenct\ProConnect.Infrastructure\Repositores\ProfessionalProfileRepository.cs' est├í en conflicto con el tipo importado 'ProfessionalProfileRepository' de 'ProConnect.Infrastructure, Version=0.0.0.0, Culture=neutral, PublicKeyToken=null'. Se usar├í el tipo definido en 'C:\Users\Miguel\source\repos\Proconenct\ProConnect.Infrastructure\Repositores\ProfessionalProfileRepository.cs'. [C:\Users\Miguel\source\repos\Proconenct\Proconenct.csproj]
C:\Users\Miguel\source\repos\Proconenct\Program.cs(101,28): warning CS0436: El tipo 'IPortfolioRepository' de 'C:\Users\Miguel\source\repos\Proconenct\ProConnect.Core\Interfaces\IPortfolioRepository.cs' est├í en conflicto con el tipo importado 'IPortfolioRepository' de 'ProConnect.Core, Version=0.0.0.0, Culture=neutral, PublicKeyToken=null'. Se usar├í el tipo definido en 'C:\Users\Miguel\source\repos\Proconenct\ProConnect.Core\Interfaces\IPortfolioRepository.cs'. [C:\Users\Miguel\source\repos\Proconenct\Proconenct.csproj]
C:\Users\Miguel\source\repos\Proconenct\Program.cs(101,50): warning CS0436: El tipo 'PortfolioRepository' de 'C:\Users\Miguel\source\repos\Proconenct\ProConnect.Infrastructure\Repositores\PortfolioRepository.cs' est├í en conflicto con el tipo importado 'PortfolioRepository' de 'ProConnect.Infrastructure, Version=0.0.0.0, Culture=neutral, PublicKeyToken=null'. Se usar├í el tipo definido en 'C:\Users\Miguel\source\repos\Proconenct\ProConnect.Infrastructure\Repositores\PortfolioRepository.cs'. [C:\Users\Miguel\source\repos\Proconenct\Proconenct.csproj]
C:\Users\Miguel\source\repos\Proconenct\Program.cs(102,28): warning CS0436: El tipo 'IBookingRepository' de 'C:\Users\Miguel\source\repos\Proconenct\ProConnect.Core\Interfaces\IBookingRepository.cs' est├í en conflicto con el tipo importado 'IBookingRepository' de 'ProConnect.Core, Version=0.0.0.0, Culture=neutral, PublicKeyToken=null'. Se usar├í el tipo definido en 'C:\Users\Miguel\source\repos\Proconenct\ProConnect.Core\Interfaces\IBookingRepository.cs'. [C:\Users\Miguel\source\repos\Proconenct\Proconenct.csproj]
C:\Users\Miguel\source\repos\Proconenct\Program.cs(102,48): warning CS0436: El tipo 'BookingRepository' de 'C:\Users\Miguel\source\repos\Proconenct\ProConnect.Infrastructure\Repositores\BookingRepository.cs' est├í en conflicto con el tipo importado 'BookingRepository' de 'ProConnect.Infrastructure, Version=0.0.0.0, Culture=neutral, PublicKeyToken=null'. Se usar├í el tipo definido en 'C:\Users\Miguel\source\repos\Proconenct\ProConnect.Infrastructure\Repositores\BookingRepository.cs'. [C:\Users\Miguel\source\repos\Proconenct\Proconenct.csproj]
C:\Users\Miguel\source\repos\Proconenct\Program.cs(105,28): warning CS0436: El tipo 'IJwtTokenService' de 'C:\Users\Miguel\source\repos\Proconenct\ProConnect.Core\Interfaces\IJwtTokenService.cs' est├í en conflicto con el tipo importado 'IJwtTokenService' de 'ProConnect.Core, Version=0.0.0.0, Culture=neutral, PublicKeyToken=null'. Se usar├í el tipo definido en 'C:\Users\Miguel\source\repos\Proconenct\ProConnect.Core\Interfaces\IJwtTokenService.cs'. [C:\Users\Miguel\source\repos\Proconenct\Proconenct.csproj]
C:\Users\Miguel\source\repos\Proconenct\Program.cs(105,46): warning CS0436: El tipo 'JwtTokenService' de 'C:\Users\Miguel\source\repos\Proconenct\ProConnect.Infrastructure\Services\JwtTokenService.cs' est├í en conflicto con el tipo importado 'JwtTokenService' de 'ProConnect.Infrastructure, Version=0.0.0.0, Culture=neutral, PublicKeyToken=null'. Se usar├í el tipo definido en 'C:\Users\Miguel\source\repos\Proconenct\ProConnect.Infrastructure\Services\JwtTokenService.cs'. [C:\Users\Miguel\source\repos\Proconenct\Proconenct.csproj]
C:\Users\Miguel\source\repos\Proconenct\Program.cs(106,28): warning CS0436: El tipo 'IAuthService' de 'C:\Users\Miguel\source\repos\Proconenct\ProConnect.Application\Interfaces\IAuthService.cs' est├í en conflicto con el tipo importado 'IAuthService' de 'ProConnect.Application, Version=0.0.0.0, Culture=neutral, PublicKeyToken=null'. Se usar├í el tipo definido en 'C:\Users\Miguel\source\repos\Proconenct\ProConnect.Application\Interfaces\IAuthService.cs'. [C:\Users\Miguel\source\repos\Proconenct\Proconenct.csproj]
C:\Users\Miguel\source\repos\Proconenct\Program.cs(106,42): warning CS0436: El tipo 'AuthService' de 'C:\Users\Miguel\source\repos\Proconenct\ProConnect.Application\Services\AuthService.cs' est├í en conflicto con el tipo importado 'AuthService' de 'ProConnect.Application, Version=0.0.0.0, Culture=neutral, PublicKeyToken=null'. Se usar├í el tipo definido en 'C:\Users\Miguel\source\repos\Proconenct\ProConnect.Application\Services\AuthService.cs'. [C:\Users\Miguel\source\repos\Proconenct\Proconenct.csproj]
C:\Users\Miguel\source\repos\Proconenct\Program.cs(107,28): warning CS0436: El tipo 'IEmailService' de 'C:\Users\Miguel\source\repos\Proconenct\ProConnect.Core\Interfaces\IEmailService.cs' est├í en conflicto con el tipo importado 'IEmailService' de 'ProConnect.Core, Version=0.0.0.0, Culture=neutral, PublicKeyToken=null'. Se usar├í el tipo definido en 'C:\Users\Miguel\source\repos\Proconenct\ProConnect.Core\Interfaces\IEmailService.cs'. [C:\Users\Miguel\source\repos\Proconenct\Proconenct.csproj]
C:\Users\Miguel\source\repos\Proconenct\Program.cs(107,43): warning CS0436: El tipo 'EmailService' de 'C:\Users\Miguel\source\repos\Proconenct\ProConnect.Infrastructure\Services\EmailService.cs' est├í en conflicto con el tipo importado 'EmailService' de 'ProConnect.Infrastructure, Version=0.0.0.0, Culture=neutral, PublicKeyToken=null'. Se usar├í el tipo definido en 'C:\Users\Miguel\source\repos\Proconenct\ProConnect.Infrastructure\Services\EmailService.cs'. [C:\Users\Miguel\source\repos\Proconenct\Proconenct.csproj]
C:\Users\Miguel\source\repos\Proconenct\Program.cs(108,28): warning CS0436: El tipo 'IUserService' de 'C:\Users\Miguel\source\repos\Proconenct\ProConnect.Application\Interfaces\IUserService.cs' est├í en conflicto con el tipo importado 'IUserService' de 'ProConnect.Application, Version=0.0.0.0, Culture=neutral, PublicKeyToken=null'. Se usar├í el tipo definido en 'C:\Users\Miguel\source\repos\Proconenct\ProConnect.Application\Interfaces\IUserService.cs'. [C:\Users\Miguel\source\repos\Proconenct\Proconenct.csproj]
C:\Users\Miguel\source\repos\Proconenct\Program.cs(108,42): warning CS0436: El tipo 'UserService' de 'C:\Users\Miguel\source\repos\Proconenct\ProConnect.Infrastructure\Services\UserService.cs' est├í en conflicto con el tipo importado 'UserService' de 'ProConnect.Infrastructure, Version=0.0.0.0, Culture=neutral, PublicKeyToken=null'. Se usar├í el tipo definido en 'C:\Users\Miguel\source\repos\Proconenct\ProConnect.Infrastructure\Services\UserService.cs'. [C:\Users\Miguel\source\repos\Proconenct\Proconenct.csproj]
C:\Users\Miguel\source\repos\Proconenct\Program.cs(109,28): warning CS0436: El tipo 'IProfessionalProfileService' de 'C:\Users\Miguel\source\repos\Proconenct\ProConnect.Application\Interfaces\IProfessionalProfileService.cs' est├í en conflicto con el tipo importado 'IProfessionalProfileService' de 'ProConnect.Application, Version=0.0.0.0, Culture=neutral, PublicKeyToken=null'. Se usar├í el tipo definido en 'C:\Users\Miguel\source\repos\Proconenct\ProConnect.Application\Interfaces\IProfessionalProfileService.cs'. [C:\Users\Miguel\source\repos\Proconenct\Proconenct.csproj]
C:\Users\Miguel\source\repos\Proconenct\Program.cs(109,57): warning CS0436: El tipo 'ProfessionalProfileService' de 'C:\Users\Miguel\source\repos\Proconenct\ProConnect.Application\Services\ProfessionalProfileService.cs' est├í en conflicto con el tipo importado 'ProfessionalProfileService' de 'ProConnect.Application, Version=0.0.0.0, Culture=neutral, PublicKeyToken=null'. Se usar├í el tipo definido en 'C:\Users\Miguel\source\repos\Proconenct\ProConnect.Application\Services\ProfessionalProfileService.cs'. [C:\Users\Miguel\source\repos\Proconenct\Proconenct.csproj]
C:\Users\Miguel\source\repos\Proconenct\Program.cs(110,28): warning CS0436: El tipo 'IPortfolioService' de 'C:\Users\Miguel\source\repos\Proconenct\ProConnect.Application\Interfaces\IPortfolioService.cs' est├í en conflicto con el tipo importado 'IPortfolioService' de 'ProConnect.Application, Version=0.0.0.0, Culture=neutral, PublicKeyToken=null'. Se usar├í el tipo definido en 'C:\Users\Miguel\source\repos\Proconenct\ProConnect.Application\Interfaces\IPortfolioService.cs'. [C:\Users\Miguel\source\repos\Proconenct\Proconenct.csproj]
C:\Users\Miguel\source\repos\Proconenct\Program.cs(110,47): warning CS0436: El tipo 'PortfolioService' de 'C:\Users\Miguel\source\repos\Proconenct\ProConnect.Application\Services\PortfolioService.cs' est├í en conflicto con el tipo importado 'PortfolioService' de 'ProConnect.Application, Version=0.0.0.0, Culture=neutral, PublicKeyToken=null'. Se usar├í el tipo definido en 'C:\Users\Miguel\source\repos\Proconenct\ProConnect.Application\Services\PortfolioService.cs'. [C:\Users\Miguel\source\repos\Proconenct\Proconenct.csproj]
C:\Users\Miguel\source\repos\Proconenct\Program.cs(111,28): warning CS0436: El tipo 'IProfessionalSearchService' de 'C:\Users\Miguel\source\repos\Proconenct\ProConnect.Application\Interfaces\IProfessionalSearchService.cs' est├í en conflicto con el tipo importado 'IProfessionalSearchService' de 'ProConnect.Application, Version=0.0.0.0, Culture=neutral, PublicKeyToken=null'. Se usar├í el tipo definido en 'C:\Users\Miguel\source\repos\Proconenct\ProConnect.Application\Interfaces\IProfessionalSearchService.cs'. [C:\Users\Miguel\source\repos\Proconenct\Proconenct.csproj]
C:\Users\Miguel\source\repos\Proconenct\Program.cs(111,56): warning CS0436: El tipo 'ProfessionalSearchService' de 'C:\Users\Miguel\source\repos\Proconenct\ProConnect.Application\Services\ProfessionalSearchService.cs' est├í en conflicto con el tipo importado 'ProfessionalSearchService' de 'ProConnect.Application, Version=0.0.0.0, Culture=neutral, PublicKeyToken=null'. Se usar├í el tipo definido en 'C:\Users\Miguel\source\repos\Proconenct\ProConnect.Application\Services\ProfessionalSearchService.cs'. [C:\Users\Miguel\source\repos\Proconenct\Proconenct.csproj]
C:\Users\Miguel\source\repos\Proconenct\Program.cs(112,28): warning CS0436: El tipo 'IRecommendationService' de 'C:\Users\Miguel\source\repos\Proconenct\ProConnect.Application\Interfaces\IRecommendationService.cs' est├í en conflicto con el tipo importado 'IRecommendationService' de 'ProConnect.Application, Version=0.0.0.0, Culture=neutral, PublicKeyToken=null'. Se usar├í el tipo definido en 'C:\Users\Miguel\source\repos\Proconenct\ProConnect.Application\Interfaces\IRecommendationService.cs'. [C:\Users\Miguel\source\repos\Proconenct\Proconenct.csproj]
C:\Users\Miguel\source\repos\Proconenct\Program.cs(112,52): warning CS0436: El tipo 'RecommendationService' de 'C:\Users\Miguel\source\repos\Proconenct\ProConnect.Application\Services\RecommendationService.cs' est├í en conflicto con el tipo importado 'RecommendationService' de 'ProConnect.Application, Version=0.0.0.0, Culture=neutral, PublicKeyToken=null'. Se usar├í el tipo definido en 'C:\Users\Miguel\source\repos\Proconenct\ProConnect.Application\Services\RecommendationService.cs'. [C:\Users\Miguel\source\repos\Proconenct\Proconenct.csproj]
C:\Users\Miguel\source\repos\Proconenct\Program.cs(113,28): warning CS0436: El tipo 'IBookingService' de 'C:\Users\Miguel\source\repos\Proconenct\ProConnect.Application\Interfaces\IBookingService.cs' est├í en conflicto con el tipo importado 'IBookingService' de 'ProConnect.Application, Version=0.0.0.0, Culture=neutral, PublicKeyToken=null'. Se usar├í el tipo definido en 'C:\Users\Miguel\source\repos\Proconenct\ProConnect.Application\Interfaces\IBookingService.cs'. [C:\Users\Miguel\source\repos\Proconenct\Proconenct.csproj]
C:\Users\Miguel\source\repos\Proconenct\Program.cs(113,45): warning CS0436: El tipo 'BookingService' de 'C:\Users\Miguel\source\repos\Proconenct\ProConnect.Application\Services\BookingService.cs' est├í en conflicto con el tipo importado 'BookingService' de 'ProConnect.Application, Version=0.0.0.0, Culture=neutral, PublicKeyToken=null'. Se usar├í el tipo definido en 'C:\Users\Miguel\source\repos\Proconenct\ProConnect.Application\Services\BookingService.cs'. [C:\Users\Miguel\source\repos\Proconenct\Proconenct.csproj]
C:\Users\Miguel\source\repos\Proconenct\Program.cs(123,59): warning CS0436: El tipo 'ICacheService' de 'C:\Users\Miguel\source\repos\Proconenct\ProConnect.Core\Interfaces\ICacheService.cs' est├í en conflicto con el tipo importado 'ICacheService' de 'ProConnect.Core, Version=0.0.0.0, Culture=neutral, PublicKeyToken=null'. Se usar├í el tipo definido en 'C:\Users\Miguel\source\repos\Proconenct\ProConnect.Core\Interfaces\ICacheService.cs'. [C:\Users\Miguel\source\repos\Proconenct\Proconenct.csproj]
C:\Users\Miguel\source\repos\Proconenct\Program.cs(123,74): warning CS0436: El tipo 'RedisCacheService' de 'C:\Users\Miguel\source\repos\Proconenct\ProConnect.Infrastructure\Services\RedisCacheService.cs' est├í en conflicto con el tipo importado 'RedisCacheService' de 'ProConnect.Infrastructure, Version=0.0.0.0, Culture=neutral, PublicKeyToken=null'. Se usar├í el tipo definido en 'C:\Users\Miguel\source\repos\Proconenct\ProConnect.Infrastructure\Services\RedisCacheService.cs'. [C:\Users\Miguel\source\repos\Proconenct\Proconenct.csproj]
C:\Users\Miguel\source\repos\Proconenct\Program.cs(130,59): warning CS0436: El tipo 'ICacheService' de 'C:\Users\Miguel\source\repos\Proconenct\ProConnect.Core\Interfaces\ICacheService.cs' est├í en conflicto con el tipo importado 'ICacheService' de 'ProConnect.Core, Version=0.0.0.0, Culture=neutral, PublicKeyToken=null'. Se usar├í el tipo definido en 'C:\Users\Miguel\source\repos\Proconenct\ProConnect.Core\Interfaces\ICacheService.cs'. [C:\Users\Miguel\source\repos\Proconenct\Proconenct.csproj]
C:\Users\Miguel\source\repos\Proconenct\Program.cs(130,74): warning CS0436: El tipo 'NullCacheService' de 'C:\Users\Miguel\source\repos\Proconenct\ProConnect.Infrastructure\Services\NullCacheService.cs' est├í en conflicto con el tipo importado 'NullCacheService' de 'ProConnect.Infrastructure, Version=0.0.0.0, Culture=neutral, PublicKeyToken=null'. Se usar├í el tipo definido en 'C:\Users\Miguel\source\repos\Proconenct\ProConnect.Infrastructure\Services\NullCacheService.cs'. [C:\Users\Miguel\source\repos\Proconenct\Proconenct.csproj]
C:\Users\Miguel\source\repos\Proconenct\Program.cs(134,39): warning CS0436: El tipo 'RegisterUserDto' de 'C:\Users\Miguel\source\repos\Proconenct\ProConnect.Application\DTOs\RegisterUserDto.cs' est├í en conflicto con el tipo importado 'RegisterUserDto' de 'ProConnect.Application, Version=0.0.0.0, Culture=neutral, PublicKeyToken=null'. Se usar├í el tipo definido en 'C:\Users\Miguel\source\repos\Proconenct\ProConnect.Application\DTOs\RegisterUserDto.cs'. [C:\Users\Miguel\source\repos\Proconenct\Proconenct.csproj]
C:\Users\Miguel\source\repos\Proconenct\Program.cs(134,57): warning CS0436: El tipo 'RegisterUserValidator' de 'C:\Users\Miguel\source\repos\Proconenct\ProConnect.Application\Validators\RegisterUserValidator.cs' est├í en conflicto con el tipo importado 'RegisterUserValidator' de 'ProConnect.Application, Version=0.0.0.0, Culture=neutral, PublicKeyToken=null'. Se usar├í el tipo definido en 'C:\Users\Miguel\source\repos\Proconenct\ProConnect.Application\Validators\RegisterUserValidator.cs'. [C:\Users\Miguel\source\repos\Proconenct\Proconenct.csproj]
C:\Users\Miguel\source\repos\Proconenct\Program.cs(135,39): warning CS0436: El tipo 'LoginUserDto' de 'C:\Users\Miguel\source\repos\Proconenct\ProConnect.Application\DTOs\LoginUserDto.cs' est├í en conflicto con el tipo importado 'LoginUserDto' de 'ProConnect.Application, Version=0.0.0.0, Culture=neutral, PublicKeyToken=null'. Se usar├í el tipo definido en 'C:\Users\Miguel\source\repos\Proconenct\ProConnect.Application\DTOs\LoginUserDto.cs'. [C:\Users\Miguel\source\repos\Proconenct\Proconenct.csproj]
C:\Users\Miguel\source\repos\Proconenct\Program.cs(135,54): warning CS0436: El tipo 'LoginUserValidator' de 'C:\Users\Miguel\source\repos\Proconenct\ProConnect.Application\Validators\LoginUserValidator.cs' est├í en conflicto con el tipo importado 'LoginUserValidator' de 'ProConnect.Application, Version=0.0.0.0, Culture=neutral, PublicKeyToken=null'. Se usar├í el tipo definido en 'C:\Users\Miguel\source\repos\Proconenct\ProConnect.Application\Validators\LoginUserValidator.cs'. [C:\Users\Miguel\source\repos\Proconenct\Proconenct.csproj]
C:\Users\Miguel\source\repos\Proconenct\Program.cs(136,39): warning CS0436: El tipo 'CreateProfessionalProfileDto' de 'C:\Users\Miguel\source\repos\Proconenct\ProConnect.Application\DTOs\CreateProfessionalProfileDto.cs' est├í en conflicto con el tipo importado 'CreateProfessionalProfileDto' de 'ProConnect.Application, Version=0.0.0.0, Culture=neutral, PublicKeyToken=null'. Se usar├í el tipo definido en 'C:\Users\Miguel\source\repos\Proconenct\ProConnect.Application\DTOs\CreateProfessionalProfileDto.cs'. [C:\Users\Miguel\source\repos\Proconenct\Proconenct.csproj]
C:\Users\Miguel\source\repos\Proconenct\Program.cs(136,70): warning CS0436: El tipo 'CreateProfessionalProfileValidator' de 'C:\Users\Miguel\source\repos\Proconenct\ProConnect.Application\Validators\CreateProfessionalProfileValidator.cs' est├í en conflicto con el tipo importado 'CreateProfessionalProfileValidator' de 'ProConnect.Application, Version=0.0.0.0, Culture=neutral, PublicKeyToken=null'. Se usar├í el tipo definido en 'C:\Users\Miguel\source\repos\Proconenct\ProConnect.Application\Validators\CreateProfessionalProfileValidator.cs'. [C:\Users\Miguel\source\repos\Proconenct\Proconenct.csproj]
C:\Users\Miguel\source\repos\Proconenct\Program.cs(137,39): warning CS0436: El tipo 'UpdateProfessionalProfileDto' de 'C:\Users\Miguel\source\repos\Proconenct\ProConnect.Application\DTOs\UpdateProfessionalProfileDto.cs' est├í en conflicto con el tipo importado 'UpdateProfessionalProfileDto' de 'ProConnect.Application, Version=0.0.0.0, Culture=neutral, PublicKeyToken=null'. Se usar├í el tipo definido en 'C:\Users\Miguel\source\repos\Proconenct\ProConnect.Application\DTOs\UpdateProfessionalProfileDto.cs'. [C:\Users\Miguel\source\repos\Proconenct\Proconenct.csproj]
C:\Users\Miguel\source\repos\Proconenct\Program.cs(137,70): warning CS0436: El tipo 'UpdateProfessionalProfileValidator' de 'C:\Users\Miguel\source\repos\Proconenct\ProConnect.Application\Validators\UpdateProfessionalProfileValidator.cs' est├í en conflicto con el tipo importado 'UpdateProfessionalProfileValidator' de 'ProConnect.Application, Version=0.0.0.0, Culture=neutral, PublicKeyToken=null'. Se usar├í el tipo definido en 'C:\Users\Miguel\source\repos\Proconenct\ProConnect.Application\Validators\UpdateProfessionalProfileValidator.cs'. [C:\Users\Miguel\source\repos\Proconenct\Proconenct.csproj]
C:\Users\Miguel\source\repos\Proconenct\Program.cs(171,69): warning CS0436: El tipo 'MongoDbContext' de 'C:\Users\Miguel\source\repos\Proconenct\ProConnect.Infrastructure\Database\MongoDbContext.cs' est├í en conflicto con el tipo importado 'MongoDbContext' de 'ProConnect.Infrastructure, Version=0.0.0.0, Culture=neutral, PublicKeyToken=null'. Se usar├í el tipo definido en 'C:\Users\Miguel\source\repos\Proconenct\ProConnect.Infrastructure\Database\MongoDbContext.cs'. [C:\Users\Miguel\source\repos\Proconenct\Proconenct.csproj]
C:\Users\Miguel\source\repos\Proconenct\Program.cs(116,5): warning CS0219: La variable 'redisAvailable' est├í asignada pero su valor nunca se usa [C:\Users\Miguel\source\repos\Proconenct\Proconenct.csproj]
C:\Users\Miguel\source\repos\Proconenct\Pages\booking\Index.cshtml.cs(62,21): error CS0019: El operador '!=' no se puede aplicar a operandos del tipo 'ProfileStatusDto' y 'string' [C:\Users\Miguel\source\repos\Proconenct\Proconenct.csproj]
C:\Users\Miguel\source\repos\Proconenct\Pages\booking\Index.cshtml.cs(77,41): error CS1061: "ProfessionalProfileResponseDto" no contiene una definici├│n para "TimeZone" ni un m├®todo de extensi├│n accesible "TimeZone" que acepte un primer argumento del tipo "ProfessionalProfileResponseDto" (┬┐falta alguna directiva using o una referencia de ensamblado?) [C:\Users\Miguel\source\repos\Proconenct\Proconenct.csproj]
C:\Users\Miguel\source\repos\Proconenct\ProConnect.Infrastructure\Services\JwtTokenService.cs(87,36): warning CS0436: El tipo 'UserType' de 'C:\Users\Miguel\source\repos\Proconenct\ProConnect.Core\Entities\User.cs' est├í en conflicto con el tipo importado 'UserType' de 'ProConnect.Core, Version=0.0.0.0, Culture=neutral, PublicKeyToken=null'. Se usar├í el tipo definido en 'C:\Users\Miguel\source\repos\Proconenct\ProConnect.Core\Entities\User.cs'. [C:\Users\Miguel\source\repos\Proconenct\Proconenct.csproj]
C:\Users\Miguel\source\repos\Proconenct\ProConnect.Infrastructure\Services\JwtTokenService.cs(89,32): warning CS0436: El tipo 'UserType' de 'C:\Users\Miguel\source\repos\Proconenct\ProConnect.Core\Entities\User.cs' est├í en conflicto con el tipo importado 'UserType' de 'ProConnect.Core, Version=0.0.0.0, Culture=neutral, PublicKeyToken=null'. Se usar├í el tipo definido en 'C:\Users\Miguel\source\repos\Proconenct\ProConnect.Core\Entities\User.cs'. [C:\Users\Miguel\source\repos\Proconenct\Proconenct.csproj]
C:\Users\Miguel\source\repos\Proconenct\ProConnect.Infrastructure\Services\JwtTokenService.cs(94,46): warning CS0436: El tipo 'AuthResult' de 'C:\Users\Miguel\source\repos\Proconenct\ProConnect.Core\ValueObjects\AuthResult.cs' est├í en conflicto con el tipo importado 'AuthResult' de 'ProConnect.Core, Version=0.0.0.0, Culture=neutral, PublicKeyToken=null'. Se usar├í el tipo definido en 'C:\Users\Miguel\source\repos\Proconenct\ProConnect.Core\ValueObjects\AuthResult.cs'. [C:\Users\Miguel\source\repos\Proconenct\Proconenct.csproj]
C:\Users\Miguel\source\repos\Proconenct\ProConnect.Infrastructure\Services\JwtTokenService.cs(98,46): warning CS0436: El tipo 'AuthResult' de 'C:\Users\Miguel\source\repos\Proconenct\ProConnect.Core\ValueObjects\AuthResult.cs' est├í en conflicto con el tipo importado 'AuthResult' de 'ProConnect.Core, Version=0.0.0.0, Culture=neutral, PublicKeyToken=null'. Se usar├í el tipo definido en 'C:\Users\Miguel\source\repos\Proconenct\ProConnect.Core\ValueObjects\AuthResult.cs'. [C:\Users\Miguel\source\repos\Proconenct\Proconenct.csproj]
C:\Users\Miguel\source\repos\Proconenct\Pages\booking\Index.cshtml.cs(95,42): warning CS1998: El m├®todo asincr├│nico carece de operadores "await" y se ejecutar├í de forma sincr├│nica. Puede usar el operador 'await' para esperar llamadas API que no sean de bloqueo o 'await Task.Run(...)' para hacer tareas enlazadas a la CPU en un subproceso en segundo plano. [C:\Users\Miguel\source\repos\Proconenct\Proconenct.csproj]
C:\Users\Miguel\source\repos\Proconenct\Pages\auth\Register.cshtml.cs(61,39): warning CS0436: El tipo 'RegisterUserDto' de 'C:\Users\Miguel\source\repos\Proconenct\ProConnect.Application\DTOs\RegisterUserDto.cs' est├í en conflicto con el tipo importado 'RegisterUserDto' de 'ProConnect.Application, Version=0.0.0.0, Culture=neutral, PublicKeyToken=null'. Se usar├í el tipo definido en 'C:\Users\Miguel\source\repos\Proconenct\ProConnect.Application\DTOs\RegisterUserDto.cs'. [C:\Users\Miguel\source\repos\Proconenct\Proconenct.csproj]
C:\Users\Miguel\source\repos\Proconenct\Pages\auth\Register.cshtml.cs(69,58): warning CS0436: El tipo 'UserType' de 'C:\Users\Miguel\source\repos\Proconenct\ProConnect.Core\Entities\User.cs' est├í en conflicto con el tipo importado 'UserType' de 'ProConnect.Core, Version=0.0.0.0, Culture=neutral, PublicKeyToken=null'. Se usar├í el tipo definido en 'C:\Users\Miguel\source\repos\Proconenct\ProConnect.Core\Entities\User.cs'. [C:\Users\Miguel\source\repos\Proconenct\Proconenct.csproj]
C:\Users\Miguel\source\repos\Proconenct\Pages\booking\Index.cshtml.cs(159,20): error CS0019: El operador '==' no se puede aplicar a operandos del tipo 'ProfileStatusDto' y 'string' [C:\Users\Miguel\source\repos\Proconenct\Proconenct.csproj]
C:\Users\Miguel\source\repos\Proconenct\Pages\booking\Index.cshtml.cs(160,33): error CS1061: "ProfessionalProfileResponseDto" no contiene una definici├│n para "IsAvailableForBooking" ni un m├®todo de extensi├│n accesible "IsAvailableForBooking" que acepte un primer argumento del tipo "ProfessionalProfileResponseDto" (┬┐falta alguna directiva using o una referencia de ensamblado?) [C:\Users\Miguel\source\repos\Proconenct\Proconenct.csproj]
C:\Users\Miguel\source\repos\Proconenct\ProConnect.Infrastructure\Services\JwtTokenService.cs(120,42): warning CS0436: El tipo 'AuthResult' de 'C:\Users\Miguel\source\repos\Proconenct\ProConnect.Core\ValueObjects\AuthResult.cs' est├í en conflicto con el tipo importado 'AuthResult' de 'ProConnect.Core, Version=0.0.0.0, Culture=neutral, PublicKeyToken=null'. Se usar├í el tipo definido en 'C:\Users\Miguel\source\repos\Proconenct\ProConnect.Core\ValueObjects\AuthResult.cs'. [C:\Users\Miguel\source\repos\Proconenct\Proconenct.csproj]
C:\Users\Miguel\source\repos\Proconenct\Controllers\ProfessionalProfileController.cs(310,30): warning CS0168: La variable 'ex' se ha declarado pero nunca se usa [C:\Users\Miguel\source\repos\Proconenct\Proconenct.csproj]
C:\Users\Miguel\source\repos\Proconenct\Controllers\ProfessionalProfileController.cs(329,30): warning CS0168: La variable 'ex' se ha declarado pero nunca se usa [C:\Users\Miguel\source\repos\Proconenct\Proconenct.csproj]
C:\Users\Miguel\source\repos\Proconenct\Controllers\ProfessionalProfileController.cs(354,30): warning CS0168: La variable 'ex' se ha declarado pero nunca se usa [C:\Users\Miguel\source\repos\Proconenct\Proconenct.csproj]
C:\Users\Miguel\source\repos\Proconenct\Pages\auth\Profile.cshtml.cs(121,37): warning CS0436: El tipo 'UpdateUserProfileDto' de 'C:\Users\Miguel\source\repos\Proconenct\ProConnect.Application\DTOs\UpdateUserProfileDto.cs' est├í en conflicto con el tipo importado 'UpdateUserProfileDto' de 'ProConnect.Application, Version=0.0.0.0, Culture=neutral, PublicKeyToken=null'. Se usar├í el tipo definido en 'C:\Users\Miguel\source\repos\Proconenct\ProConnect.Application\DTOs\UpdateUserProfileDto.cs'. [C:\Users\Miguel\source\repos\Proconenct\Proconenct.csproj]
C:\Users\Miguel\source\repos\Proconenct\Controllers\ProfessionalProfileController.cs(378,30): warning CS0168: La variable 'ex' se ha declarado pero nunca se usa [C:\Users\Miguel\source\repos\Proconenct\Proconenct.csproj]
C:\Users\Miguel\source\repos\Proconenct\Controllers\ProfessionalProfileController.cs(366,42): warning CS1998: El m├®todo asincr├│nico carece de operadores "await" y se ejecutar├í de forma sincr├│nica. Puede usar el operador 'await' para esperar llamadas API que no sean de bloqueo o 'await Task.Run(...)' para hacer tareas enlazadas a la CPU en un subproceso en segundo plano. [C:\Users\Miguel\source\repos\Proconenct\Proconenct.csproj]
C:\Users\Miguel\source\repos\Proconenct\Pages\booking\Confirmation.cshtml.cs(109,72): error CS1061: "ProfessionalProfileResponseDto" no contiene una definici├│n para "Name" ni un m├®todo de extensi├│n accesible "Name" que acepte un primer argumento del tipo "ProfessionalProfileResponseDto" (┬┐falta alguna directiva using o una referencia de ensamblado?) [C:\Users\Miguel\source\repos\Proconenct\Proconenct.csproj]
C:\Users\Miguel\source\repos\Proconenct\Pages\booking\Confirmation.cshtml.cs(126,72): error CS1061: "ProfessionalProfileResponseDto" no contiene una definici├│n para "Name" ni un m├®todo de extensi├│n accesible "Name" que acepte un primer argumento del tipo "ProfessionalProfileResponseDto" (┬┐falta alguna directiva using o una referencia de ensamblado?) [C:\Users\Miguel\source\repos\Proconenct\Proconenct.csproj]
C:\Users\Miguel\source\repos\Proconenct\Controllers\ProfessionalAvailabilityController.cs(255,46): warning CS1998: El m├®todo asincr├│nico carece de operadores "await" y se ejecutar├í de forma sincr├│nica. Puede usar el operador 'await' para esperar llamadas API que no sean de bloqueo o 'await Task.Run(...)' para hacer tareas enlazadas a la CPU en un subproceso en segundo plano. [C:\Users\Miguel\source\repos\Proconenct\Proconenct.csproj]
C:\Users\Miguel\source\repos\Proconenct\Pages\auth\Login.cshtml.cs(68,36): warning CS0436: El tipo 'LoginUserDto' de 'C:\Users\Miguel\source\repos\Proconenct\ProConnect.Application\DTOs\LoginUserDto.cs' est├í en conflicto con el tipo importado 'LoginUserDto' de 'ProConnect.Application, Version=0.0.0.0, Culture=neutral, PublicKeyToken=null'. Se usar├í el tipo definido en 'C:\Users\Miguel\source\repos\Proconenct\ProConnect.Application\DTOs\LoginUserDto.cs'. [C:\Users\Miguel\source\repos\Proconenct\Proconenct.csproj]
C:\Users\Miguel\source\repos\Proconenct\Pages\ProfessionalProfile.cshtml.cs(63,37): warning CS0436: El tipo 'UpdateProfessionalProfileDto' de 'C:\Users\Miguel\source\repos\Proconenct\ProConnect.Application\DTOs\UpdateProfessionalProfileDto.cs' est├í en conflicto con el tipo importado 'UpdateProfessionalProfileDto' de 'ProConnect.Application, Version=0.0.0.0, Culture=neutral, PublicKeyToken=null'. Se usar├í el tipo definido en 'C:\Users\Miguel\source\repos\Proconenct\ProConnect.Application\DTOs\UpdateProfessionalProfileDto.cs'. [C:\Users\Miguel\source\repos\Proconenct\Proconenct.csproj]
C:\Users\Miguel\source\repos\Proconenct\Pages\ProfessionalProfile.cshtml.cs(78,57): warning CS0436: El tipo 'ProfileStatusDto' de 'C:\Users\Miguel\source\repos\Proconenct\ProConnect.Application\DTOs\Shared\CommonDtos.cs' est├í en conflicto con el tipo importado 'ProfileStatusDto' de 'ProConnect.Application, Version=0.0.0.0, Culture=neutral, PublicKeyToken=null'. Se usar├í el tipo definido en 'C:\Users\Miguel\source\repos\Proconenct\ProConnect.Application\DTOs\Shared\CommonDtos.cs'. [C:\Users\Miguel\source\repos\Proconenct\Proconenct.csproj]
C:\Users\Miguel\source\repos\Proconenct\Pages\ProfessionalProfile.cshtml.cs(88,30): warning CS0168: La variable 'ex' se ha declarado pero nunca se usa [C:\Users\Miguel\source\repos\Proconenct\Proconenct.csproj]
C:\Users\Miguel\source\repos\Proconenct\Pages\booking\Confirmation.cshtml.cs(153,69): error CS1061: "ProfessionalProfileResponseDto" no contiene una definici├│n para "Name" ni un m├®todo de extensi├│n accesible "Name" que acepte un primer argumento del tipo "ProfessionalProfileResponseDto" (┬┐falta alguna directiva using o una referencia de ensamblado?) [C:\Users\Miguel\source\repos\Proconenct\Proconenct.csproj]
C:\Users\Miguel\source\repos\Proconenct\ProConnect.Application\Validators\UpdateProfessionalProfileValidator.cs(45,35): warning CS0436: El tipo 'AvailabilityScheduleValidator' de 'C:\Users\Miguel\source\repos\Proconenct\ProConnect.Application\Validators\CreateProfessionalProfileValidator.cs' est├í en conflicto con el tipo importado 'AvailabilityScheduleValidator' de 'ProConnect.Application, Version=0.0.0.0, Culture=neutral, PublicKeyToken=null'. Se usar├í el tipo definido en 'C:\Users\Miguel\source\repos\Proconenct\ProConnect.Application\Validators\CreateProfessionalProfileValidator.cs'. [C:\Users\Miguel\source\repos\Proconenct\Proconenct.csproj]
C:\Users\Miguel\source\repos\Proconenct\Pages\ProfessionalProfile.cshtml.cs(129,41): warning CS0436: El tipo 'CreateProfessionalProfileDto' de 'C:\Users\Miguel\source\repos\Proconenct\ProConnect.Application\DTOs\CreateProfessionalProfileDto.cs' est├í en conflicto con el tipo importado 'CreateProfessionalProfileDto' de 'ProConnect.Application, Version=0.0.0.0, Culture=neutral, PublicKeyToken=null'. Se usar├í el tipo definido en 'C:\Users\Miguel\source\repos\Proconenct\ProConnect.Application\DTOs\CreateProfessionalProfileDto.cs'. [C:\Users\Miguel\source\repos\Proconenct\Proconenct.csproj]
C:\Users\Miguel\source\repos\Proconenct\Pages\ProfessionalProfile.cshtml.cs(146,41): warning CS0436: El tipo 'UpdateProfessionalProfileDto' de 'C:\Users\Miguel\source\repos\Proconenct\ProConnect.Application\DTOs\UpdateProfessionalProfileDto.cs' est├í en conflicto con el tipo importado 'UpdateProfessionalProfileDto' de 'ProConnect.Application, Version=0.0.0.0, Culture=neutral, PublicKeyToken=null'. Se usar├í el tipo definido en 'C:\Users\Miguel\source\repos\Proconenct\ProConnect.Application\DTOs\UpdateProfessionalProfileDto.cs'. [C:\Users\Miguel\source\repos\Proconenct\Proconenct.csproj]
C:\Users\Miguel\source\repos\Proconenct\Pages\ProfessionalProfile.cshtml.cs(154,52): warning CS0436: El tipo 'ProfileStatusDto' de 'C:\Users\Miguel\source\repos\Proconenct\ProConnect.Application\DTOs\Shared\CommonDtos.cs' est├í en conflicto con el tipo importado 'ProfileStatusDto' de 'ProConnect.Application, Version=0.0.0.0, Culture=neutral, PublicKeyToken=null'. Se usar├í el tipo definido en 'C:\Users\Miguel\source\repos\Proconenct\ProConnect.Application\DTOs\Shared\CommonDtos.cs'. [C:\Users\Miguel\source\repos\Proconenct\Proconenct.csproj]
C:\Users\Miguel\source\repos\Proconenct\Pages\ProfessionalProfile.cshtml.cs(154,78): warning CS0436: El tipo 'ProfileStatusDto' de 'C:\Users\Miguel\source\repos\Proconenct\ProConnect.Application\DTOs\Shared\CommonDtos.cs' est├í en conflicto con el tipo importado 'ProfileStatusDto' de 'ProConnect.Application, Version=0.0.0.0, Culture=neutral, PublicKeyToken=null'. Se usar├í el tipo definido en 'C:\Users\Miguel\source\repos\Proconenct\ProConnect.Application\DTOs\Shared\CommonDtos.cs'. [C:\Users\Miguel\source\repos\Proconenct\Proconenct.csproj]
C:\Users\Miguel\source\repos\Proconenct\Pages\ProfessionalProfile.cshtml.cs(174,30): warning CS0168: La variable 'ex' se ha declarado pero nunca se usa [C:\Users\Miguel\source\repos\Proconenct\Proconenct.csproj]
C:\Users\Miguel\source\repos\Proconenct\ProConnect.Infrastructure\Repositores\UserRepository.cs(68,35): warning CS0436: El tipo 'User' de 'C:\Users\Miguel\source\repos\Proconenct\ProConnect.Core\Entities\User.cs' est├í en conflicto con el tipo importado 'User' de 'ProConnect.Core, Version=0.0.0.0, Culture=neutral, PublicKeyToken=null'. Se usar├í el tipo definido en 'C:\Users\Miguel\source\repos\Proconenct\ProConnect.Core\Entities\User.cs'. [C:\Users\Miguel\source\repos\Proconenct\Proconenct.csproj]
C:\Users\Miguel\source\repos\Proconenct\ProConnect.Core\ValueObjects\AuthResult.cs(19,24): warning CS0436: El tipo 'AuthResult' de 'C:\Users\Miguel\source\repos\Proconenct\ProConnect.Core\ValueObjects\AuthResult.cs' est├í en conflicto con el tipo importado 'AuthResult' de 'ProConnect.Core, Version=0.0.0.0, Culture=neutral, PublicKeyToken=null'. Se usar├í el tipo definido en 'C:\Users\Miguel\source\repos\Proconenct\ProConnect.Core\ValueObjects\AuthResult.cs'. [C:\Users\Miguel\source\repos\Proconenct\Proconenct.csproj]
C:\Users\Miguel\source\repos\Proconenct\ProConnect.Core\ValueObjects\AuthResult.cs(32,24): warning CS0436: El tipo 'AuthResult' de 'C:\Users\Miguel\source\repos\Proconenct\ProConnect.Core\ValueObjects\AuthResult.cs' est├í en conflicto con el tipo importado 'AuthResult' de 'ProConnect.Core, Version=0.0.0.0, Culture=neutral, PublicKeyToken=null'. Se usar├í el tipo definido en 'C:\Users\Miguel\source\repos\Proconenct\ProConnect.Core\ValueObjects\AuthResult.cs'. [C:\Users\Miguel\source\repos\Proconenct\Proconenct.csproj]
C:\Users\Miguel\source\repos\Proconenct\ProConnect.Core\ValueObjects\AuthResult.cs(41,24): warning CS0436: El tipo 'AuthResult' de 'C:\Users\Miguel\source\repos\Proconenct\ProConnect.Core\ValueObjects\AuthResult.cs' est├í en conflicto con el tipo importado 'AuthResult' de 'ProConnect.Core, Version=0.0.0.0, Culture=neutral, PublicKeyToken=null'. Se usar├í el tipo definido en 'C:\Users\Miguel\source\repos\Proconenct\ProConnect.Core\ValueObjects\AuthResult.cs'. [C:\Users\Miguel\source\repos\Proconenct\Proconenct.csproj]
C:\Users\Miguel\source\repos\Proconenct\ProConnect.Core\Entities\User.cs(31,50): warning CS0436: El tipo 'UserType' de 'C:\Users\Miguel\source\repos\Proconenct\ProConnect.Core\Entities\User.cs' est├í en conflicto con el tipo importado 'UserType' de 'ProConnect.Core, Version=0.0.0.0, Culture=neutral, PublicKeyToken=null'. Se usar├í el tipo definido en 'C:\Users\Miguel\source\repos\Proconenct\ProConnect.Core\Entities\User.cs'. [C:\Users\Miguel\source\repos\Proconenct\Proconenct.csproj]
C:\Users\Miguel\source\repos\Proconenct\ProConnect.Core\Entities\User.cs(60,32): warning CS0436: El tipo 'UserType' de 'C:\Users\Miguel\source\repos\Proconenct\ProConnect.Core\Entities\User.cs' est├í en conflicto con el tipo importado 'UserType' de 'ProConnect.Core, Version=0.0.0.0, Culture=neutral, PublicKeyToken=null'. Se usar├í el tipo definido en 'C:\Users\Miguel\source\repos\Proconenct\ProConnect.Core\Entities\User.cs'. [C:\Users\Miguel\source\repos\Proconenct\Proconenct.csproj]
C:\Users\Miguel\source\repos\Proconenct\Pages\booking\Confirmation.cshtml(29,52): error CS1061: "ProfessionalProfileResponseDto" no contiene una definici├│n para "ProfileImageUrl" ni un m├®todo de extensi├│n accesible "ProfileImageUrl" que acepte un primer argumento del tipo "ProfessionalProfileResponseDto" (┬┐falta alguna directiva using o una referencia de ensamblado?) [C:\Users\Miguel\source\repos\Proconenct\Proconenct.csproj]
C:\Users\Miguel\source\repos\Proconenct\Pages\booking\Confirmation.cshtml(30,51): error CS1061: "ProfessionalProfileResponseDto" no contiene una definici├│n para "Name" ni un m├®todo de extensi├│n accesible "Name" que acepte un primer argumento del tipo "ProfessionalProfileResponseDto" (┬┐falta alguna directiva using o una referencia de ensamblado?) [C:\Users\Miguel\source\repos\Proconenct\Proconenct.csproj]
C:\Users\Miguel\source\repos\Proconenct\Pages\booking\Confirmation.cshtml(33,45): error CS1061: "ProfessionalProfileResponseDto" no contiene una definici├│n para "Name" ni un m├®todo de extensi├│n accesible "Name" que acepte un primer argumento del tipo "ProfessionalProfileResponseDto" (┬┐falta alguna directiva using o una referencia de ensamblado?) [C:\Users\Miguel\source\repos\Proconenct\Proconenct.csproj]
C:\Users\Miguel\source\repos\Proconenct\Pages\booking\Confirmation.cshtml(34,44): error CS1061: "ProfessionalProfileResponseDto" no contiene una definici├│n para "Specialty" ni un m├®todo de extensi├│n accesible "Specialty" que acepte un primer argumento del tipo "ProfessionalProfileResponseDto" (┬┐falta alguna directiva using o una referencia de ensamblado?) [C:\Users\Miguel\source\repos\Proconenct\Proconenct.csproj]
C:\Users\Miguel\source\repos\Proconenct\Pages\booking\Confirmation.cshtml(135,80): error CS1061: "string" no contiene una definici├│n para "ics" ni un m├®todo de extensi├│n accesible "ics" que acepte un primer argumento del tipo "string" (┬┐falta alguna directiva using o una referencia de ensamblado?) [C:\Users\Miguel\source\repos\Proconenct\Proconenct.csproj]
C:\Users\Miguel\source\repos\Proconenct\Pages\booking\Confirmation.cshtml(160,74): error CS1061: "ProfessionalProfileResponseDto" no contiene una definici├│n para "Name" ni un m├®todo de extensi├│n accesible "Name" que acepte un primer argumento del tipo "ProfessionalProfileResponseDto" (┬┐falta alguna directiva using o una referencia de ensamblado?) [C:\Users\Miguel\source\repos\Proconenct\Proconenct.csproj]
C:\Users\Miguel\source\repos\Proconenct\Pages\booking\Confirmation.cshtml(161,67): error CS1061: "ProfessionalProfileResponseDto" no contiene una definici├│n para "Email" ni un m├®todo de extensi├│n accesible "Email" que acepte un primer argumento del tipo "ProfessionalProfileResponseDto" (┬┐falta alguna directiva using o una referencia de ensamblado?) [C:\Users\Miguel\source\repos\Proconenct\Proconenct.csproj]
C:\Users\Miguel\source\repos\Proconenct\Pages\booking\Confirmation.cshtml(163,88): error CS1061: "ProfessionalProfileResponseDto" no contiene una definici├│n para "Email" ni un m├®todo de extensi├│n accesible "Email" que acepte un primer argumento del tipo "ProfessionalProfileResponseDto" (┬┐falta alguna directiva using o una referencia de ensamblado?) [C:\Users\Miguel\source\repos\Proconenct\Proconenct.csproj]
C:\Users\Miguel\source\repos\Proconenct\Pages\booking\Confirmation.cshtml(163,115): error CS1061: "ProfessionalProfileResponseDto" no contiene una definici├│n para "Email" ni un m├®todo de extensi├│n accesible "Email" que acepte un primer argumento del tipo "ProfessionalProfileResponseDto" (┬┐falta alguna directiva using o una referencia de ensamblado?) [C:\Users\Miguel\source\repos\Proconenct\Proconenct.csproj]
C:\Users\Miguel\source\repos\Proconenct\Pages\booking\Confirmation.cshtml(165,67): error CS1061: "ProfessionalProfileResponseDto" no contiene una definici├│n para "PhoneNumber" ni un m├®todo de extensi├│n accesible "PhoneNumber" que acepte un primer argumento del tipo "ProfessionalProfileResponseDto" (┬┐falta alguna directiva using o una referencia de ensamblado?) [C:\Users\Miguel\source\repos\Proconenct\Proconenct.csproj]
C:\Users\Miguel\source\repos\Proconenct\Pages\booking\Confirmation.cshtml(167,88): error CS1061: "ProfessionalProfileResponseDto" no contiene una definici├│n para "PhoneNumber" ni un m├®todo de extensi├│n accesible "PhoneNumber" que acepte un primer argumento del tipo "ProfessionalProfileResponseDto" (┬┐falta alguna directiva using o una referencia de ensamblado?) [C:\Users\Miguel\source\repos\Proconenct\Proconenct.csproj]
C:\Users\Miguel\source\repos\Proconenct\Pages\booking\Confirmation.cshtml(167,121): error CS1061: "ProfessionalProfileResponseDto" no contiene una definici├│n para "PhoneNumber" ni un m├®todo de extensi├│n accesible "PhoneNumber" que acepte un primer argumento del tipo "ProfessionalProfileResponseDto" (┬┐falta alguna directiva using o una referencia de ensamblado?) [C:\Users\Miguel\source\repos\Proconenct\Proconenct.csproj]
C:\Users\Miguel\source\repos\Proconenct\ProConnect.Core\Entities\ProfessionalProfile.cs(114,53): warning CS0436: El tipo 'ProfileStatus' de 'C:\Users\Miguel\source\repos\Proconenct\ProConnect.Core\Entities\ProfessionalProfile.cs' est├í en conflicto con el tipo importado 'ProfileStatus' de 'ProConnect.Core, Version=0.0.0.0, Culture=neutral, PublicKeyToken=null'. Se usar├í el tipo definido en 'C:\Users\Miguel\source\repos\Proconenct\ProConnect.Core\Entities\ProfessionalProfile.cs'. [C:\Users\Miguel\source\repos\Proconenct\Proconenct.csproj]
C:\Users\Miguel\source\repos\Proconenct\ProConnect.Application\Services\RecommendationService.cs(27,60): warning CS0436: El tipo 'ProfileStatus' de 'C:\Users\Miguel\source\repos\Proconenct\ProConnect.Core\Entities\ProfessionalProfile.cs' est├í en conflicto con el tipo importado 'ProfileStatus' de 'ProConnect.Core, Version=0.0.0.0, Culture=neutral, PublicKeyToken=null'. Se usar├í el tipo definido en 'C:\Users\Miguel\source\repos\Proconenct\ProConnect.Core\Entities\ProfessionalProfile.cs'. [C:\Users\Miguel\source\repos\Proconenct\Proconenct.csproj]
C:\Users\Miguel\source\repos\Proconenct\ProConnect.Application\Services\RecommendationService.cs(40,32): warning CS0436: El tipo 'ProfessionalRecommendationDto' de 'C:\Users\Miguel\source\repos\Proconenct\ProConnect.Application\DTOs\ProfessionalRecommendationDto.cs' est├í en conflicto con el tipo importado 'ProfessionalRecommendationDto' de 'ProConnect.Application, Version=0.0.0.0, Culture=neutral, PublicKeyToken=null'. Se usar├í el tipo definido en 'C:\Users\Miguel\source\repos\Proconenct\ProConnect.Application\DTOs\ProfessionalRecommendationDto.cs'. [C:\Users\Miguel\source\repos\Proconenct\Proconenct.csproj]
C:\Users\Miguel\source\repos\Proconenct\ProConnect.Core\Entities\ProfessionalProfile.cs(147,30): warning CS0436: El tipo 'ProfileStatus' de 'C:\Users\Miguel\source\repos\Proconenct\ProConnect.Core\Entities\ProfessionalProfile.cs' est├í en conflicto con el tipo importado 'ProfileStatus' de 'ProConnect.Core, Version=0.0.0.0, Culture=neutral, PublicKeyToken=null'. Se usar├í el tipo definido en 'C:\Users\Miguel\source\repos\Proconenct\ProConnect.Core\Entities\ProfessionalProfile.cs'. [C:\Users\Miguel\source\repos\Proconenct\Proconenct.csproj]
C:\Users\Miguel\source\repos\Proconenct\ProConnect.Core\Entities\Booking.cs(51,66): warning CS0436: El tipo 'ConsultationType' de 'C:\Users\Miguel\source\repos\Proconenct\ProConnect.Core\Entities\Booking.cs' est├í en conflicto con el tipo importado 'ConsultationType' de 'ProConnect.Core, Version=0.0.0.0, Culture=neutral, PublicKeyToken=null'. Se usar├í el tipo definido en 'C:\Users\Miguel\source\repos\Proconenct\ProConnect.Core\Entities\Booking.cs'. [C:\Users\Miguel\source\repos\Proconenct\Proconenct.csproj]
C:\Users\Miguel\source\repos\Proconenct\ProConnect.Core\Entities\Booking.cs(57,53): warning CS0436: El tipo 'BookingStatus' de 'C:\Users\Miguel\source\repos\Proconenct\ProConnect.Core\Entities\Booking.cs' est├í en conflicto con el tipo importado 'BookingStatus' de 'ProConnect.Core, Version=0.0.0.0, Culture=neutral, PublicKeyToken=null'. Se usar├í el tipo definido en 'C:\Users\Miguel\source\repos\Proconenct\ProConnect.Core\Entities\Booking.cs'. [C:\Users\Miguel\source\repos\Proconenct\Proconenct.csproj]
C:\Users\Miguel\source\repos\Proconenct\ProConnect.Core\Entities\Booking.cs(116,30): warning CS0436: El tipo 'BookingStatus' de 'C:\Users\Miguel\source\repos\Proconenct\ProConnect.Core\Entities\Booking.cs' est├í en conflicto con el tipo importado 'BookingStatus' de 'ProConnect.Core, Version=0.0.0.0, Culture=neutral, PublicKeyToken=null'. Se usar├í el tipo definido en 'C:\Users\Miguel\source\repos\Proconenct\ProConnect.Core\Entities\Booking.cs'. [C:\Users\Miguel\source\repos\Proconenct\Proconenct.csproj]
C:\Users\Miguel\source\repos\Proconenct\ProConnect.Core\Entities\Booking.cs(116,65): warning CS0436: El tipo 'BookingStatus' de 'C:\Users\Miguel\source\repos\Proconenct\ProConnect.Core\Entities\Booking.cs' est├í en conflicto con el tipo importado 'BookingStatus' de 'ProConnect.Core, Version=0.0.0.0, Culture=neutral, PublicKeyToken=null'. Se usar├í el tipo definido en 'C:\Users\Miguel\source\repos\Proconenct\ProConnect.Core\Entities\Booking.cs'. [C:\Users\Miguel\source\repos\Proconenct\Proconenct.csproj]
C:\Users\Miguel\source\repos\Proconenct\ProConnect.Core\Entities\Booking.cs(140,22): warning CS0436: El tipo 'BookingStatus' de 'C:\Users\Miguel\source\repos\Proconenct\ProConnect.Core\Entities\Booking.cs' est├í en conflicto con el tipo importado 'BookingStatus' de 'ProConnect.Core, Version=0.0.0.0, Culture=neutral, PublicKeyToken=null'. Se usar├í el tipo definido en 'C:\Users\Miguel\source\repos\Proconenct\ProConnect.Core\Entities\Booking.cs'. [C:\Users\Miguel\source\repos\Proconenct\Proconenct.csproj]
C:\Users\Miguel\source\repos\Proconenct\ProConnect.Core\Entities\Booking.cs(152,22): warning CS0436: El tipo 'BookingStatus' de 'C:\Users\Miguel\source\repos\Proconenct\ProConnect.Core\Entities\Booking.cs' est├í en conflicto con el tipo importado 'BookingStatus' de 'ProConnect.Core, Version=0.0.0.0, Culture=neutral, PublicKeyToken=null'. Se usar├í el tipo definido en 'C:\Users\Miguel\source\repos\Proconenct\ProConnect.Core\Entities\Booking.cs'. [C:\Users\Miguel\source\repos\Proconenct\Proconenct.csproj]
C:\Users\Miguel\source\repos\Proconenct\ProConnect.Core\Entities\Booking.cs(161,22): warning CS0436: El tipo 'BookingStatus' de 'C:\Users\Miguel\source\repos\Proconenct\ProConnect.Core\Entities\Booking.cs' est├í en conflicto con el tipo importado 'BookingStatus' de 'ProConnect.Core, Version=0.0.0.0, Culture=neutral, PublicKeyToken=null'. Se usar├í el tipo definido en 'C:\Users\Miguel\source\repos\Proconenct\ProConnect.Core\Entities\Booking.cs'. [C:\Users\Miguel\source\repos\Proconenct\Proconenct.csproj]
C:\Users\Miguel\source\repos\Proconenct\ProConnect.Core\Entities\Booking.cs(170,22): warning CS0436: El tipo 'BookingStatus' de 'C:\Users\Miguel\source\repos\Proconenct\ProConnect.Core\Entities\Booking.cs' est├í en conflicto con el tipo importado 'BookingStatus' de 'ProConnect.Core, Version=0.0.0.0, Culture=neutral, PublicKeyToken=null'. Se usar├í el tipo definido en 'C:\Users\Miguel\source\repos\Proconenct\ProConnect.Core\Entities\Booking.cs'. [C:\Users\Miguel\source\repos\Proconenct\Proconenct.csproj]
C:\Users\Miguel\source\repos\Proconenct\ProConnect.Application\DTOs\UpdateProfessionalProfileDto.cs(60,56): warning CS0436: El tipo 'ProfileStatusDto' de 'C:\Users\Miguel\source\repos\Proconenct\ProConnect.Application\DTOs\Shared\CommonDtos.cs' est├í en conflicto con el tipo importado 'ProfileStatusDto' de 'ProConnect.Application, Version=0.0.0.0, Culture=neutral, PublicKeyToken=null'. Se usar├í el tipo definido en 'C:\Users\Miguel\source\repos\Proconenct\ProConnect.Application\DTOs\Shared\CommonDtos.cs'. [C:\Users\Miguel\source\repos\Proconenct\Proconenct.csproj]
C:\Users\Miguel\source\repos\Proconenct\ProConnect.Application\Services\RecommendationService.cs(92,24): warning CS0436: El tipo 'ProfessionalRecommendationDto' de 'C:\Users\Miguel\source\repos\Proconenct\ProConnect.Application\DTOs\ProfessionalRecommendationDto.cs' est├í en conflicto con el tipo importado 'ProfessionalRecommendationDto' de 'ProConnect.Application, Version=0.0.0.0, Culture=neutral, PublicKeyToken=null'. Se usar├í el tipo definido en 'C:\Users\Miguel\source\repos\Proconenct\ProConnect.Application\DTOs\ProfessionalRecommendationDto.cs'. [C:\Users\Miguel\source\repos\Proconenct\Proconenct.csproj]
C:\Users\Miguel\source\repos\Proconenct\ProConnect.Application\Services\RecommendationService.cs(104,72): warning CS0436: El tipo 'ServiceType' de 'C:\Users\Miguel\source\repos\Proconenct\ProConnect.Core\Entities\ProfessionalProfile.cs' est├í en conflicto con el tipo importado 'ServiceType' de 'ProConnect.Core, Version=0.0.0.0, Culture=neutral, PublicKeyToken=null'. Se usar├í el tipo definido en 'C:\Users\Miguel\source\repos\Proconenct\ProConnect.Core\Entities\ProfessionalProfile.cs'. [C:\Users\Miguel\source\repos\Proconenct\Proconenct.csproj]
C:\Users\Miguel\source\repos\Proconenct\ProConnect.Application\Validators\CreateProfessionalProfileValidator.cs(56,53): warning CS0436: El tipo 'DayScheduleValidator' de 'C:\Users\Miguel\source\repos\Proconenct\ProConnect.Application\Validators\CreateProfessionalProfileValidator.cs' est├í en conflicto con el tipo importado 'DayScheduleValidator' de 'ProConnect.Application, Version=0.0.0.0, Culture=neutral, PublicKeyToken=null'. Se usar├í el tipo definido en 'C:\Users\Miguel\source\repos\Proconenct\ProConnect.Application\Validators\CreateProfessionalProfileValidator.cs'. [C:\Users\Miguel\source\repos\Proconenct\Proconenct.csproj]
C:\Users\Miguel\source\repos\Proconenct\ProConnect.Application\Validators\CreateProfessionalProfileValidator.cs(57,54): warning CS0436: El tipo 'DayScheduleValidator' de 'C:\Users\Miguel\source\repos\Proconenct\ProConnect.Application\Validators\CreateProfessionalProfileValidator.cs' est├í en conflicto con el tipo importado 'DayScheduleValidator' de 'ProConnect.Application, Version=0.0.0.0, Culture=neutral, PublicKeyToken=null'. Se usar├í el tipo definido en 'C:\Users\Miguel\source\repos\Proconenct\ProConnect.Application\Validators\CreateProfessionalProfileValidator.cs'. [C:\Users\Miguel\source\repos\Proconenct\Proconenct.csproj]
C:\Users\Miguel\source\repos\Proconenct\ProConnect.Application\Validators\CreateProfessionalProfileValidator.cs(58,56): warning CS0436: El tipo 'DayScheduleValidator' de 'C:\Users\Miguel\source\repos\Proconenct\ProConnect.Application\Validators\CreateProfessionalProfileValidator.cs' est├í en conflicto con el tipo importado 'DayScheduleValidator' de 'ProConnect.Application, Version=0.0.0.0, Culture=neutral, PublicKeyToken=null'. Se usar├í el tipo definido en 'C:\Users\Miguel\source\repos\Proconenct\ProConnect.Application\Validators\CreateProfessionalProfileValidator.cs'. [C:\Users\Miguel\source\repos\Proconenct\Proconenct.csproj]
C:\Users\Miguel\source\repos\Proconenct\ProConnect.Application\Validators\CreateProfessionalProfileValidator.cs(59,55): warning CS0436: El tipo 'DayScheduleValidator' de 'C:\Users\Miguel\source\repos\Proconenct\ProConnect.Application\Validators\CreateProfessionalProfileValidator.cs' est├í en conflicto con el tipo importado 'DayScheduleValidator' de 'ProConnect.Application, Version=0.0.0.0, Culture=neutral, PublicKeyToken=null'. Se usar├í el tipo definido en 'C:\Users\Miguel\source\repos\Proconenct\ProConnect.Application\Validators\CreateProfessionalProfileValidator.cs'. [C:\Users\Miguel\source\repos\Proconenct\Proconenct.csproj]
C:\Users\Miguel\source\repos\Proconenct\ProConnect.Application\Validators\CreateProfessionalProfileValidator.cs(60,53): warning CS0436: El tipo 'DayScheduleValidator' de 'C:\Users\Miguel\source\repos\Proconenct\ProConnect.Application\Validators\CreateProfessionalProfileValidator.cs' est├í en conflicto con el tipo importado 'DayScheduleValidator' de 'ProConnect.Application, Version=0.0.0.0, Culture=neutral, PublicKeyToken=null'. Se usar├í el tipo definido en 'C:\Users\Miguel\source\repos\Proconenct\ProConnect.Application\Validators\CreateProfessionalProfileValidator.cs'. [C:\Users\Miguel\source\repos\Proconenct\Proconenct.csproj]
C:\Users\Miguel\source\repos\Proconenct\ProConnect.Application\Validators\CreateProfessionalProfileValidator.cs(61,55): warning CS0436: El tipo 'DayScheduleValidator' de 'C:\Users\Miguel\source\repos\Proconenct\ProConnect.Application\Validators\CreateProfessionalProfileValidator.cs' est├í en conflicto con el tipo importado 'DayScheduleValidator' de 'ProConnect.Application, Version=0.0.0.0, Culture=neutral, PublicKeyToken=null'. Se usar├í el tipo definido en 'C:\Users\Miguel\source\repos\Proconenct\ProConnect.Application\Validators\CreateProfessionalProfileValidator.cs'. [C:\Users\Miguel\source\repos\Proconenct\Proconenct.csproj]
C:\Users\Miguel\source\repos\Proconenct\ProConnect.Application\Validators\CreateProfessionalProfileValidator.cs(62,53): warning CS0436: El tipo 'DayScheduleValidator' de 'C:\Users\Miguel\source\repos\Proconenct\ProConnect.Application\Validators\CreateProfessionalProfileValidator.cs' est├í en conflicto con el tipo importado 'DayScheduleValidator' de 'ProConnect.Application, Version=0.0.0.0, Culture=neutral, PublicKeyToken=null'. Se usar├í el tipo definido en 'C:\Users\Miguel\source\repos\Proconenct\ProConnect.Application\Validators\CreateProfessionalProfileValidator.cs'. [C:\Users\Miguel\source\repos\Proconenct\Proconenct.csproj]
C:\Users\Miguel\source\repos\Proconenct\ProConnect.Infrastructure\Database\MongoDbContext.cs(31,72): warning CS0436: El tipo 'User' de 'C:\Users\Miguel\source\repos\Proconenct\ProConnect.Core\Entities\User.cs' est├í en conflicto con el tipo importado 'User' de 'ProConnect.Core, Version=0.0.0.0, Culture=neutral, PublicKeyToken=null'. Se usar├í el tipo definido en 'C:\Users\Miguel\source\repos\Proconenct\ProConnect.Core\Entities\User.cs'. [C:\Users\Miguel\source\repos\Proconenct\Proconenct.csproj]
C:\Users\Miguel\source\repos\Proconenct\ProConnect.Infrastructure\Database\MongoDbContext.cs(33,102): warning CS0436: El tipo 'ProfessionalProfile' de 'C:\Users\Miguel\source\repos\Proconenct\ProConnect.Core\Entities\ProfessionalProfile.cs' est├í en conflicto con el tipo importado 'ProfessionalProfile' de 'ProConnect.Core, Version=0.0.0.0, Culture=neutral, PublicKeyToken=null'. Se usar├í el tipo definido en 'C:\Users\Miguel\source\repos\Proconenct\ProConnect.Core\Entities\ProfessionalProfile.cs'. [C:\Users\Miguel\source\repos\Proconenct\Proconenct.csproj]
C:\Users\Miguel\source\repos\Proconenct\ProConnect.Application\Validators\CreateProfessionalProfileValidator.cs(42,35): warning CS0436: El tipo 'AvailabilityScheduleValidator' de 'C:\Users\Miguel\source\repos\Proconenct\ProConnect.Application\Validators\CreateProfessionalProfileValidator.cs' est├í en conflicto con el tipo importado 'AvailabilityScheduleValidator' de 'ProConnect.Application, Version=0.0.0.0, Culture=neutral, PublicKeyToken=null'. Se usar├í el tipo definido en 'C:\Users\Miguel\source\repos\Proconenct\ProConnect.Application\Validators\CreateProfessionalProfileValidator.cs'. [C:\Users\Miguel\source\repos\Proconenct\Proconenct.csproj]
C:\Users\Miguel\source\repos\Proconenct\ProConnect.Infrastructure\Database\MongoDbContext.cs(35,78): warning CS0436: El tipo 'Booking' de 'C:\Users\Miguel\source\repos\Proconenct\ProConnect.Core\Entities\Booking.cs' est├í en conflicto con el tipo importado 'Booking' de 'ProConnect.Core, Version=0.0.0.0, Culture=neutral, PublicKeyToken=null'. Se usar├í el tipo definido en 'C:\Users\Miguel\source\repos\Proconenct\ProConnect.Core\Entities\Booking.cs'. [C:\Users\Miguel\source\repos\Proconenct\Proconenct.csproj]
C:\Users\Miguel\source\repos\Proconenct\ProConnect.Application\Services\AuthService.cs(41,28): warning CS0436: El tipo 'AuthResponseDto' de 'C:\Users\Miguel\source\repos\Proconenct\ProConnect.Application\DTOs\AuthResponseDto.cs' est├í en conflicto con el tipo importado 'AuthResponseDto' de 'ProConnect.Application, Version=0.0.0.0, Culture=neutral, PublicKeyToken=null'. Se usar├í el tipo definido en 'C:\Users\Miguel\source\repos\Proconenct\ProConnect.Application\DTOs\AuthResponseDto.cs'. [C:\Users\Miguel\source\repos\Proconenct\Proconenct.csproj]
C:\Users\Miguel\source\repos\Proconenct\ProConnect.Application\Services\AuthService.cs(51,32): warning CS0436: El tipo 'User' de 'C:\Users\Miguel\source\repos\Proconenct\ProConnect.Core\Entities\User.cs' est├í en conflicto con el tipo importado 'User' de 'ProConnect.Core, Version=0.0.0.0, Culture=neutral, PublicKeyToken=null'. Se usar├í el tipo definido en 'C:\Users\Miguel\source\repos\Proconenct\ProConnect.Core\Entities\User.cs'. [C:\Users\Miguel\source\repos\Proconenct\Proconenct.csproj]
C:\Users\Miguel\source\repos\Proconenct\ProConnect.Application\Services\AuthService.cs(66,32): warning CS0436: El tipo 'AuthResponseDto' de 'C:\Users\Miguel\source\repos\Proconenct\ProConnect.Application\DTOs\AuthResponseDto.cs' est├í en conflicto con el tipo importado 'AuthResponseDto' de 'ProConnect.Application, Version=0.0.0.0, Culture=neutral, PublicKeyToken=null'. Se usar├í el tipo definido en 'C:\Users\Miguel\source\repos\Proconenct\ProConnect.Application\DTOs\AuthResponseDto.cs'. [C:\Users\Miguel\source\repos\Proconenct\Proconenct.csproj]
C:\Users\Miguel\source\repos\Proconenct\ProConnect.Application\Services\AuthService.cs(88,28): warning CS0436: El tipo 'AuthResponseDto' de 'C:\Users\Miguel\source\repos\Proconenct\ProConnect.Application\DTOs\AuthResponseDto.cs' est├í en conflicto con el tipo importado 'AuthResponseDto' de 'ProConnect.Application, Version=0.0.0.0, Culture=neutral, PublicKeyToken=null'. Se usar├í el tipo definido en 'C:\Users\Miguel\source\repos\Proconenct\ProConnect.Application\DTOs\AuthResponseDto.cs'. [C:\Users\Miguel\source\repos\Proconenct\Proconenct.csproj]
C:\Users\Miguel\source\repos\Proconenct\ProConnect.Application\Services\AuthService.cs(102,28): warning CS0436: El tipo 'AuthResponseDto' de 'C:\Users\Miguel\source\repos\Proconenct\ProConnect.Application\DTOs\AuthResponseDto.cs' est├í en conflicto con el tipo importado 'AuthResponseDto' de 'ProConnect.Application, Version=0.0.0.0, Culture=neutral, PublicKeyToken=null'. Se usar├í el tipo definido en 'C:\Users\Miguel\source\repos\Proconenct\ProConnect.Application\DTOs\AuthResponseDto.cs'. [C:\Users\Miguel\source\repos\Proconenct\Proconenct.csproj]
C:\Users\Miguel\source\repos\Proconenct\ProConnect.Application\Services\PortfolioService.cs(58,30): warning CS0436: El tipo 'PortfolioFile' de 'C:\Users\Miguel\source\repos\Proconenct\ProConnect.Core\Entities\PortfolioFile.cs' est├í en conflicto con el tipo importado 'PortfolioFile' de 'ProConnect.Core, Version=0.0.0.0, Culture=neutral, PublicKeyToken=null'. Se usar├í el tipo definido en 'C:\Users\Miguel\source\repos\Proconenct\ProConnect.Core\Entities\PortfolioFile.cs'. [C:\Users\Miguel\source\repos\Proconenct\Proconenct.csproj]
C:\Users\Miguel\source\repos\Proconenct\ProConnect.Application\Services\PortfolioService.cs(73,24): warning CS0436: El tipo 'PortfolioFileDto' de 'C:\Users\Miguel\source\repos\Proconenct\ProConnect.Application\DTOs\PortfolioFileDto.cs' est├í en conflicto con el tipo importado 'PortfolioFileDto' de 'ProConnect.Application, Version=0.0.0.0, Culture=neutral, PublicKeyToken=null'. Se usar├í el tipo definido en 'C:\Users\Miguel\source\repos\Proconenct\ProConnect.Application\DTOs\PortfolioFileDto.cs'. [C:\Users\Miguel\source\repos\Proconenct\Proconenct.csproj]
C:\Users\Miguel\source\repos\Proconenct\ProConnect.Application\Services\PortfolioService.cs(89,47): warning CS0436: El tipo 'PortfolioFileDto' de 'C:\Users\Miguel\source\repos\Proconenct\ProConnect.Application\DTOs\PortfolioFileDto.cs' est├í en conflicto con el tipo importado 'PortfolioFileDto' de 'ProConnect.Application, Version=0.0.0.0, Culture=neutral, PublicKeyToken=null'. Se usar├í el tipo definido en 'C:\Users\Miguel\source\repos\Proconenct\ProConnect.Application\DTOs\PortfolioFileDto.cs'. [C:\Users\Miguel\source\repos\Proconenct\Proconenct.csproj]
C:\Users\Miguel\source\repos\Proconenct\ProConnect.Application\Services\AuthService.cs(116,28): warning CS0436: El tipo 'AuthResponseDto' de 'C:\Users\Miguel\source\repos\Proconenct\ProConnect.Application\DTOs\AuthResponseDto.cs' est├í en conflicto con el tipo importado 'AuthResponseDto' de 'ProConnect.Application, Version=0.0.0.0, Culture=neutral, PublicKeyToken=null'. Se usar├í el tipo definido en 'C:\Users\Miguel\source\repos\Proconenct\ProConnect.Application\DTOs\AuthResponseDto.cs'. [C:\Users\Miguel\source\repos\Proconenct\Proconenct.csproj]
C:\Users\Miguel\source\repos\Proconenct\ProConnect.Application\Services\AuthService.cs(129,32): warning CS0436: El tipo 'AuthResponseDto' de 'C:\Users\Miguel\source\repos\Proconenct\ProConnect.Application\DTOs\AuthResponseDto.cs' est├í en conflicto con el tipo importado 'AuthResponseDto' de 'ProConnect.Application, Version=0.0.0.0, Culture=neutral, PublicKeyToken=null'. Se usar├í el tipo definido en 'C:\Users\Miguel\source\repos\Proconenct\ProConnect.Application\DTOs\AuthResponseDto.cs'. [C:\Users\Miguel\source\repos\Proconenct\Proconenct.csproj]
C:\Users\Miguel\source\repos\Proconenct\ProConnect.Application\Services\AuthService.cs(139,32): warning CS0436: El tipo 'AuthResponseDto' de 'C:\Users\Miguel\source\repos\Proconenct\ProConnect.Application\DTOs\AuthResponseDto.cs' est├í en conflicto con el tipo importado 'AuthResponseDto' de 'ProConnect.Application, Version=0.0.0.0, Culture=neutral, PublicKeyToken=null'. Se usar├í el tipo definido en 'C:\Users\Miguel\source\repos\Proconenct\ProConnect.Application\DTOs\AuthResponseDto.cs'. [C:\Users\Miguel\source\repos\Proconenct\Proconenct.csproj]
C:\Users\Miguel\source\repos\Proconenct\ProConnect.Application\Services\AuthService.cs(149,32): warning CS0436: El tipo 'AuthResponseDto' de 'C:\Users\Miguel\source\repos\Proconenct\ProConnect.Application\DTOs\AuthResponseDto.cs' est├í en conflicto con el tipo importado 'AuthResponseDto' de 'ProConnect.Application, Version=0.0.0.0, Culture=neutral, PublicKeyToken=null'. Se usar├í el tipo definido en 'C:\Users\Miguel\source\repos\Proconenct\ProConnect.Application\DTOs\AuthResponseDto.cs'. [C:\Users\Miguel\source\repos\Proconenct\Proconenct.csproj]
C:\Users\Miguel\source\repos\Proconenct\ProConnect.Application\Services\AuthService.cs(159,32): warning CS0436: El tipo 'AuthResponseDto' de 'C:\Users\Miguel\source\repos\Proconenct\ProConnect.Application\DTOs\AuthResponseDto.cs' est├í en conflicto con el tipo importado 'AuthResponseDto' de 'ProConnect.Application, Version=0.0.0.0, Culture=neutral, PublicKeyToken=null'. Se usar├í el tipo definido en 'C:\Users\Miguel\source\repos\Proconenct\ProConnect.Application\DTOs\AuthResponseDto.cs'. [C:\Users\Miguel\source\repos\Proconenct\Proconenct.csproj]
C:\Users\Miguel\source\repos\Proconenct\ProConnect.Application\Services\AuthService.cs(173,28): warning CS0436: El tipo 'AuthResponseDto' de 'C:\Users\Miguel\source\repos\Proconenct\ProConnect.Application\DTOs\AuthResponseDto.cs' est├í en conflicto con el tipo importado 'AuthResponseDto' de 'ProConnect.Application, Version=0.0.0.0, Culture=neutral, PublicKeyToken=null'. Se usar├í el tipo definido en 'C:\Users\Miguel\source\repos\Proconenct\ProConnect.Application\DTOs\AuthResponseDto.cs'. [C:\Users\Miguel\source\repos\Proconenct\Proconenct.csproj]
C:\Users\Miguel\source\repos\Proconenct\ProConnect.Application\Services\AuthService.cs(187,28): warning CS0436: El tipo 'AuthResponseDto' de 'C:\Users\Miguel\source\repos\Proconenct\ProConnect.Application\DTOs\AuthResponseDto.cs' est├í en conflicto con el tipo importado 'AuthResponseDto' de 'ProConnect.Application, Version=0.0.0.0, Culture=neutral, PublicKeyToken=null'. Se usar├í el tipo definido en 'C:\Users\Miguel\source\repos\Proconenct\ProConnect.Application\DTOs\AuthResponseDto.cs'. [C:\Users\Miguel\source\repos\Proconenct\Proconenct.csproj]
C:\Users\Miguel\source\repos\Proconenct\ProConnect.Application\Services\AuthService.cs(198,24): warning CS0436: El tipo 'AuthResponseDto' de 'C:\Users\Miguel\source\repos\Proconenct\ProConnect.Application\DTOs\AuthResponseDto.cs' est├í en conflicto con el tipo importado 'AuthResponseDto' de 'ProConnect.Application, Version=0.0.0.0, Culture=neutral, PublicKeyToken=null'. Se usar├í el tipo definido en 'C:\Users\Miguel\source\repos\Proconenct\ProConnect.Application\DTOs\AuthResponseDto.cs'. [C:\Users\Miguel\source\repos\Proconenct\Proconenct.csproj]
C:\Users\Miguel\source\repos\Proconenct\ProConnect.Application\Services\BookingService.cs(42,44): warning CS0436: El tipo 'ProfileStatus' de 'C:\Users\Miguel\source\repos\Proconenct\ProConnect.Core\Entities\ProfessionalProfile.cs' est├í en conflicto con el tipo importado 'ProfileStatus' de 'ProConnect.Core, Version=0.0.0.0, Culture=neutral, PublicKeyToken=null'. Se usar├í el tipo definido en 'C:\Users\Miguel\source\repos\Proconenct\ProConnect.Core\Entities\ProfessionalProfile.cs'. [C:\Users\Miguel\source\repos\Proconenct\Proconenct.csproj]
C:\Users\Miguel\source\repos\Proconenct\ProConnect.Application\Services\BookingService.cs(65,36): warning CS0436: El tipo 'ConsultationType' de 'C:\Users\Miguel\source\repos\Proconenct\ProConnect.Core\Entities\Booking.cs' est├í en conflicto con el tipo importado 'ConsultationType' de 'ProConnect.Core, Version=0.0.0.0, Culture=neutral, PublicKeyToken=null'. Se usar├í el tipo definido en 'C:\Users\Miguel\source\repos\Proconenct\ProConnect.Core\Entities\Booking.cs'. [C:\Users\Miguel\source\repos\Proconenct\Proconenct.csproj]
C:\Users\Miguel\source\repos\Proconenct\ProConnect.Application\Services\BookingService.cs(67,77): warning CS0436: El tipo 'ConsultationType' de 'C:\Users\Miguel\source\repos\Proconenct\ProConnect.Core\Entities\Booking.cs' est├í en conflicto con el tipo importado 'ConsultationType' de 'ProConnect.Core, Version=0.0.0.0, Culture=neutral, PublicKeyToken=null'. Se usar├í el tipo definido en 'C:\Users\Miguel\source\repos\Proconenct\ProConnect.Core\Entities\Booking.cs'. [C:\Users\Miguel\source\repos\Proconenct\Proconenct.csproj]
C:\Users\Miguel\source\repos\Proconenct\ProConnect.Application\Services\BookingService.cs(75,35): warning CS0436: El tipo 'Booking' de 'C:\Users\Miguel\source\repos\Proconenct\ProConnect.Core\Entities\Booking.cs' est├í en conflicto con el tipo importado 'Booking' de 'ProConnect.Core, Version=0.0.0.0, Culture=neutral, PublicKeyToken=null'. Se usar├í el tipo definido en 'C:\Users\Miguel\source\repos\Proconenct\ProConnect.Core\Entities\Booking.cs'. [C:\Users\Miguel\source\repos\Proconenct\Proconenct.csproj]
C:\Users\Miguel\source\repos\Proconenct\ProConnect.Application\Services\BookingService.cs(82,30): warning CS0436: El tipo 'BookingStatus' de 'C:\Users\Miguel\source\repos\Proconenct\ProConnect.Core\Entities\Booking.cs' est├í en conflicto con el tipo importado 'BookingStatus' de 'ProConnect.Core, Version=0.0.0.0, Culture=neutral, PublicKeyToken=null'. Se usar├í el tipo definido en 'C:\Users\Miguel\source\repos\Proconenct\ProConnect.Core\Entities\Booking.cs'. [C:\Users\Miguel\source\repos\Proconenct\Proconenct.csproj]
C:\Users\Miguel\source\repos\Proconenct\ProConnect.Application\Services\ProfessionalProfileService.cs(38,34): warning CS0436: El tipo 'UserType' de 'C:\Users\Miguel\source\repos\Proconenct\ProConnect.Core\Entities\User.cs' est├í en conflicto con el tipo importado 'UserType' de 'ProConnect.Core, Version=0.0.0.0, Culture=neutral, PublicKeyToken=null'. Se usar├í el tipo definido en 'C:\Users\Miguel\source\repos\Proconenct\ProConnect.Core\Entities\User.cs'. [C:\Users\Miguel\source\repos\Proconenct\Proconenct.csproj]
C:\Users\Miguel\source\repos\Proconenct\ProConnect.Application\Services\ProfessionalProfileService.cs(47,31): warning CS0436: El tipo 'ProfessionalProfile' de 'C:\Users\Miguel\source\repos\Proconenct\ProConnect.Core\Entities\ProfessionalProfile.cs' est├í en conflicto con el tipo importado 'ProfessionalProfile' de 'ProConnect.Core, Version=0.0.0.0, Culture=neutral, PublicKeyToken=null'. Se usar├í el tipo definido en 'C:\Users\Miguel\source\repos\Proconenct\ProConnect.Core\Entities\ProfessionalProfile.cs'. [C:\Users\Miguel\source\repos\Proconenct\Proconenct.csproj]
C:\Users\Miguel\source\repos\Proconenct\ProConnect.Application\Services\ProfessionalProfileService.cs(59,23): warning CS0436: El tipo 'ProfileStatus' de 'C:\Users\Miguel\source\repos\Proconenct\ProConnect.Core\Entities\ProfessionalProfile.cs' est├í en conflicto con el tipo importado 'ProfileStatus' de 'ProConnect.Core, Version=0.0.0.0, Culture=neutral, PublicKeyToken=null'. Se usar├í el tipo definido en 'C:\Users\Miguel\source\repos\Proconenct\ProConnect.Core\Entities\ProfessionalProfile.cs'. [C:\Users\Miguel\source\repos\Proconenct\Proconenct.csproj]
C:\Users\Miguel\source\repos\Proconenct\ProConnect.Application\Services\ProfessionalProfileService.cs(60,23): warning CS0436: El tipo 'ProfileStatus' de 'C:\Users\Miguel\source\repos\Proconenct\ProConnect.Core\Entities\ProfessionalProfile.cs' est├í en conflicto con el tipo importado 'ProfileStatus' de 'ProConnect.Core, Version=0.0.0.0, Culture=neutral, PublicKeyToken=null'. Se usar├í el tipo definido en 'C:\Users\Miguel\source\repos\Proconenct\ProConnect.Core\Entities\ProfessionalProfile.cs'. [C:\Users\Miguel\source\repos\Proconenct\Proconenct.csproj]
C:\Users\Miguel\source\repos\Proconenct\ProConnect.Application\Services\ProfessionalProfileService.cs(101,19): warning CS0436: El tipo 'ProfileStatus' de 'C:\Users\Miguel\source\repos\Proconenct\ProConnect.Core\Entities\ProfessionalProfile.cs' est├í en conflicto con el tipo importado 'ProfileStatus' de 'ProConnect.Core, Version=0.0.0.0, Culture=neutral, PublicKeyToken=null'. Se usar├í el tipo definido en 'C:\Users\Miguel\source\repos\Proconenct\ProConnect.Core\Entities\ProfessionalProfile.cs'. [C:\Users\Miguel\source\repos\Proconenct\Proconenct.csproj]
C:\Users\Miguel\source\repos\Proconenct\ProConnect.Application\Services\ProfessionalProfileService.cs(102,19): warning CS0436: El tipo 'ProfileStatus' de 'C:\Users\Miguel\source\repos\Proconenct\ProConnect.Core\Entities\ProfessionalProfile.cs' est├í en conflicto con el tipo importado 'ProfileStatus' de 'ProConnect.Core, Version=0.0.0.0, Culture=neutral, PublicKeyToken=null'. Se usar├í el tipo definido en 'C:\Users\Miguel\source\repos\Proconenct\ProConnect.Core\Entities\ProfessionalProfile.cs'. [C:\Users\Miguel\source\repos\Proconenct\Proconenct.csproj]
C:\Users\Miguel\source\repos\Proconenct\ProConnect.Application\Services\BookingService.cs(131,44): warning CS0436: El tipo 'BookingDto' de 'C:\Users\Miguel\source\repos\Proconenct\ProConnect.Application\DTOs\BookingDto.cs' est├í en conflicto con el tipo importado 'BookingDto' de 'ProConnect.Application, Version=0.0.0.0, Culture=neutral, PublicKeyToken=null'. Se usar├í el tipo definido en 'C:\Users\Miguel\source\repos\Proconenct\ProConnect.Application\DTOs\BookingDto.cs'. [C:\Users\Miguel\source\repos\Proconenct\Proconenct.csproj]
C:\Users\Miguel\source\repos\Proconenct\ProConnect.Application\Services\ProfessionalProfileService.cs(118,54): warning CS0436: El tipo 'ProfileStatus' de 'C:\Users\Miguel\source\repos\Proconenct\ProConnect.Core\Entities\ProfessionalProfile.cs' est├í en conflicto con el tipo importado 'ProfileStatus' de 'ProConnect.Core, Version=0.0.0.0, Culture=neutral, PublicKeyToken=null'. Se usar├í el tipo definido en 'C:\Users\Miguel\source\repos\Proconenct\ProConnect.Core\Entities\ProfessionalProfile.cs'. [C:\Users\Miguel\source\repos\Proconenct\Proconenct.csproj]
C:\Users\Miguel\source\repos\Proconenct\ProConnect.Application\Services\BookingService.cs(152,44): warning CS0436: El tipo 'BookingDto' de 'C:\Users\Miguel\source\repos\Proconenct\ProConnect.Application\DTOs\BookingDto.cs' est├í en conflicto con el tipo importado 'BookingDto' de 'ProConnect.Application, Version=0.0.0.0, Culture=neutral, PublicKeyToken=null'. Se usar├í el tipo definido en 'C:\Users\Miguel\source\repos\Proconenct\ProConnect.Application\DTOs\BookingDto.cs'. [C:\Users\Miguel\source\repos\Proconenct\Proconenct.csproj]
C:\Users\Miguel\source\repos\Proconenct\ProConnect.Infrastructure\Repositores\ProfessionalProfileRepository.cs(75,35): warning CS0436: El tipo 'ProfessionalProfile' de 'C:\Users\Miguel\source\repos\Proconenct\ProConnect.Core\Entities\ProfessionalProfile.cs' est├í en conflicto con el tipo importado 'ProfessionalProfile' de 'ProConnect.Core, Version=0.0.0.0, Culture=neutral, PublicKeyToken=null'. Se usar├í el tipo definido en 'C:\Users\Miguel\source\repos\Proconenct\ProConnect.Core\Entities\ProfessionalProfile.cs'. [C:\Users\Miguel\source\repos\Proconenct\Proconenct.csproj]
C:\Users\Miguel\source\repos\Proconenct\ProConnect.Infrastructure\Repositores\ProfessionalProfileRepository.cs(75,81): warning CS0436: El tipo 'ProfileStatus' de 'C:\Users\Miguel\source\repos\Proconenct\ProConnect.Core\Entities\ProfessionalProfile.cs' est├í en conflicto con el tipo importado 'ProfileStatus' de 'ProConnect.Core, Version=0.0.0.0, Culture=neutral, PublicKeyToken=null'. Se usar├í el tipo definido en 'C:\Users\Miguel\source\repos\Proconenct\ProConnect.Core\Entities\ProfessionalProfile.cs'. [C:\Users\Miguel\source\repos\Proconenct\Proconenct.csproj]
C:\Users\Miguel\source\repos\Proconenct\ProConnect.Infrastructure\Repositores\ProfessionalProfileRepository.cs(79,36): warning CS0436: El tipo 'ProfessionalProfile' de 'C:\Users\Miguel\source\repos\Proconenct\ProConnect.Core\Entities\ProfessionalProfile.cs' est├í en conflicto con el tipo importado 'ProfessionalProfile' de 'ProConnect.Core, Version=0.0.0.0, Culture=neutral, PublicKeyToken=null'. Se usar├í el tipo definido en 'C:\Users\Miguel\source\repos\Proconenct\ProConnect.Core\Entities\ProfessionalProfile.cs'. [C:\Users\Miguel\source\repos\Proconenct\Proconenct.csproj]
C:\Users\Miguel\source\repos\Proconenct\ProConnect.Infrastructure\Repositores\ProfessionalProfileRepository.cs(84,36): warning CS0436: El tipo 'ProfessionalProfile' de 'C:\Users\Miguel\source\repos\Proconenct\ProConnect.Core\Entities\ProfessionalProfile.cs' est├í en conflicto con el tipo importado 'ProfessionalProfile' de 'ProConnect.Core, Version=0.0.0.0, Culture=neutral, PublicKeyToken=null'. Se usar├í el tipo definido en 'C:\Users\Miguel\source\repos\Proconenct\ProConnect.Core\Entities\ProfessionalProfile.cs'. [C:\Users\Miguel\source\repos\Proconenct\Proconenct.csproj]
C:\Users\Miguel\source\repos\Proconenct\ProConnect.Infrastructure\Repositores\ProfessionalProfileRepository.cs(90,36): warning CS0436: El tipo 'ProfessionalProfile' de 'C:\Users\Miguel\source\repos\Proconenct\ProConnect.Core\Entities\ProfessionalProfile.cs' est├í en conflicto con el tipo importado 'ProfessionalProfile' de 'ProConnect.Core, Version=0.0.0.0, Culture=neutral, PublicKeyToken=null'. Se usar├í el tipo definido en 'C:\Users\Miguel\source\repos\Proconenct\ProConnect.Core\Entities\ProfessionalProfile.cs'. [C:\Users\Miguel\source\repos\Proconenct\Proconenct.csproj]
C:\Users\Miguel\source\repos\Proconenct\ProConnect.Infrastructure\Repositores\ProfessionalProfileRepository.cs(95,36): warning CS0436: El tipo 'ProfessionalProfile' de 'C:\Users\Miguel\source\repos\Proconenct\ProConnect.Core\Entities\ProfessionalProfile.cs' est├í en conflicto con el tipo importado 'ProfessionalProfile' de 'ProConnect.Core, Version=0.0.0.0, Culture=neutral, PublicKeyToken=null'. Se usar├í el tipo definido en 'C:\Users\Miguel\source\repos\Proconenct\ProConnect.Core\Entities\ProfessionalProfile.cs'. [C:\Users\Miguel\source\repos\Proconenct\Proconenct.csproj]
C:\Users\Miguel\source\repos\Proconenct\ProConnect.Infrastructure\Repositores\ProfessionalProfileRepository.cs(100,36): warning CS0436: El tipo 'ProfessionalProfile' de 'C:\Users\Miguel\source\repos\Proconenct\ProConnect.Core\Entities\ProfessionalProfile.cs' est├í en conflicto con el tipo importado 'ProfessionalProfile' de 'ProConnect.Core, Version=0.0.0.0, Culture=neutral, PublicKeyToken=null'. Se usar├í el tipo definido en 'C:\Users\Miguel\source\repos\Proconenct\ProConnect.Core\Entities\ProfessionalProfile.cs'. [C:\Users\Miguel\source\repos\Proconenct\Proconenct.csproj]
C:\Users\Miguel\source\repos\Proconenct\ProConnect.Infrastructure\Repositores\ProfessionalProfileRepository.cs(105,36): warning CS0436: El tipo 'ProfessionalProfile' de 'C:\Users\Miguel\source\repos\Proconenct\ProConnect.Core\Entities\ProfessionalProfile.cs' est├í en conflicto con el tipo importado 'ProfessionalProfile' de 'ProConnect.Core, Version=0.0.0.0, Culture=neutral, PublicKeyToken=null'. Se usar├í el tipo definido en 'C:\Users\Miguel\source\repos\Proconenct\ProConnect.Core\Entities\ProfessionalProfile.cs'. [C:\Users\Miguel\source\repos\Proconenct\Proconenct.csproj]
C:\Users\Miguel\source\repos\Proconenct\ProConnect.Infrastructure\Database\MongoDbContext.cs(48,47): warning CS0436: El tipo 'User' de 'C:\Users\Miguel\source\repos\Proconenct\ProConnect.Core\Entities\User.cs' est├í en conflicto con el tipo importado 'User' de 'ProConnect.Core, Version=0.0.0.0, Culture=neutral, PublicKeyToken=null'. Se usar├í el tipo definido en 'C:\Users\Miguel\source\repos\Proconenct\ProConnect.Core\Entities\User.cs'. [C:\Users\Miguel\source\repos\Proconenct\Proconenct.csproj]
C:\Users\Miguel\source\repos\Proconenct\ProConnect.Infrastructure\Database\MongoDbContext.cs(50,73): warning CS0436: El tipo 'User' de 'C:\Users\Miguel\source\repos\Proconenct\ProConnect.Core\Entities\User.cs' est├í en conflicto con el tipo importado 'User' de 'ProConnect.Core, Version=0.0.0.0, Culture=neutral, PublicKeyToken=null'. Se usar├í el tipo definido en 'C:\Users\Miguel\source\repos\Proconenct\ProConnect.Core\Entities\User.cs'. [C:\Users\Miguel\source\repos\Proconenct\Proconenct.csproj]
C:\Users\Miguel\source\repos\Proconenct\ProConnect.Infrastructure\Database\MongoDbContext.cs(52,50): warning CS0436: El tipo 'User' de 'C:\Users\Miguel\source\repos\Proconenct\ProConnect.Core\Entities\User.cs' est├í en conflicto con el tipo importado 'User' de 'ProConnect.Core, Version=0.0.0.0, Culture=neutral, PublicKeyToken=null'. Se usar├í el tipo definido en 'C:\Users\Miguel\source\repos\Proconenct\ProConnect.Core\Entities\User.cs'. [C:\Users\Miguel\source\repos\Proconenct\Proconenct.csproj]
C:\Users\Miguel\source\repos\Proconenct\ProConnect.Infrastructure\Database\MongoDbContext.cs(53,73): warning CS0436: El tipo 'User' de 'C:\Users\Miguel\source\repos\Proconenct\ProConnect.Core\Entities\User.cs' est├í en conflicto con el tipo importado 'User' de 'ProConnect.Core, Version=0.0.0.0, Culture=neutral, PublicKeyToken=null'. Se usar├í el tipo definido en 'C:\Users\Miguel\source\repos\Proconenct\ProConnect.Core\Entities\User.cs'. [C:\Users\Miguel\source\repos\Proconenct\Proconenct.csproj]
C:\Users\Miguel\source\repos\Proconenct\ProConnect.Infrastructure\Database\MongoDbContext.cs(56,48): warning CS0436: El tipo 'ProfessionalProfile' de 'C:\Users\Miguel\source\repos\Proconenct\ProConnect.Core\Entities\ProfessionalProfile.cs' est├í en conflicto con el tipo importado 'ProfessionalProfile' de 'ProConnect.Core, Version=0.0.0.0, Culture=neutral, PublicKeyToken=null'. Se usar├í el tipo definido en 'C:\Users\Miguel\source\repos\Proconenct\ProConnect.Core\Entities\ProfessionalProfile.cs'. [C:\Users\Miguel\source\repos\Proconenct\Proconenct.csproj]
C:\Users\Miguel\source\repos\Proconenct\ProConnect.Infrastructure\Database\MongoDbContext.cs(58,88): warning CS0436: El tipo 'ProfessionalProfile' de 'C:\Users\Miguel\source\repos\Proconenct\ProConnect.Core\Entities\ProfessionalProfile.cs' est├í en conflicto con el tipo importado 'ProfessionalProfile' de 'ProConnect.Core, Version=0.0.0.0, Culture=neutral, PublicKeyToken=null'. Se usar├í el tipo definido en 'C:\Users\Miguel\source\repos\Proconenct\ProConnect.Core\Entities\ProfessionalProfile.cs'. [C:\Users\Miguel\source\repos\Proconenct\Proconenct.csproj]
C:\Users\Miguel\source\repos\Proconenct\ProConnect.Infrastructure\Database\MongoDbContext.cs(60,60): warning CS0436: El tipo 'ProfessionalProfile' de 'C:\Users\Miguel\source\repos\Proconenct\ProConnect.Core\Entities\ProfessionalProfile.cs' est├í en conflicto con el tipo importado 'ProfessionalProfile' de 'ProConnect.Core, Version=0.0.0.0, Culture=neutral, PublicKeyToken=null'. Se usar├í el tipo definido en 'C:\Users\Miguel\source\repos\Proconenct\ProConnect.Core\Entities\ProfessionalProfile.cs'. [C:\Users\Miguel\source\repos\Proconenct\Proconenct.csproj]
C:\Users\Miguel\source\repos\Proconenct\ProConnect.Infrastructure\Database\MongoDbContext.cs(61,88): warning CS0436: El tipo 'ProfessionalProfile' de 'C:\Users\Miguel\source\repos\Proconenct\ProConnect.Core\Entities\ProfessionalProfile.cs' est├í en conflicto con el tipo importado 'ProfessionalProfile' de 'ProConnect.Core, Version=0.0.0.0, Culture=neutral, PublicKeyToken=null'. Se usar├í el tipo definido en 'C:\Users\Miguel\source\repos\Proconenct\ProConnect.Core\Entities\ProfessionalProfile.cs'. [C:\Users\Miguel\source\repos\Proconenct\Proconenct.csproj]
C:\Users\Miguel\source\repos\Proconenct\ProConnect.Infrastructure\Database\MongoDbContext.cs(63,53): warning CS0436: El tipo 'ProfessionalProfile' de 'C:\Users\Miguel\source\repos\Proconenct\ProConnect.Core\Entities\ProfessionalProfile.cs' est├í en conflicto con el tipo importado 'ProfessionalProfile' de 'ProConnect.Core, Version=0.0.0.0, Culture=neutral, PublicKeyToken=null'. Se usar├í el tipo definido en 'C:\Users\Miguel\source\repos\Proconenct\ProConnect.Core\Entities\ProfessionalProfile.cs'. [C:\Users\Miguel\source\repos\Proconenct\Proconenct.csproj]
C:\Users\Miguel\source\repos\Proconenct\ProConnect.Infrastructure\Database\MongoDbContext.cs(64,88): warning CS0436: El tipo 'ProfessionalProfile' de 'C:\Users\Miguel\source\repos\Proconenct\ProConnect.Core\Entities\ProfessionalProfile.cs' est├í en conflicto con el tipo importado 'ProfessionalProfile' de 'ProConnect.Core, Version=0.0.0.0, Culture=neutral, PublicKeyToken=null'. Se usar├í el tipo definido en 'C:\Users\Miguel\source\repos\Proconenct\ProConnect.Core\Entities\ProfessionalProfile.cs'. [C:\Users\Miguel\source\repos\Proconenct\Proconenct.csproj]
C:\Users\Miguel\source\repos\Proconenct\ProConnect.Infrastructure\Database\MongoDbContext.cs(66,50): warning CS0436: El tipo 'ProfessionalProfile' de 'C:\Users\Miguel\source\repos\Proconenct\ProConnect.Core\Entities\ProfessionalProfile.cs' est├í en conflicto con el tipo importado 'ProfessionalProfile' de 'ProConnect.Core, Version=0.0.0.0, Culture=neutral, PublicKeyToken=null'. Se usar├í el tipo definido en 'C:\Users\Miguel\source\repos\Proconenct\ProConnect.Core\Entities\ProfessionalProfile.cs'. [C:\Users\Miguel\source\repos\Proconenct\Proconenct.csproj]
C:\Users\Miguel\source\repos\Proconenct\ProConnect.Infrastructure\Database\MongoDbContext.cs(67,88): warning CS0436: El tipo 'ProfessionalProfile' de 'C:\Users\Miguel\source\repos\Proconenct\ProConnect.Core\Entities\ProfessionalProfile.cs' est├í en conflicto con el tipo importado 'ProfessionalProfile' de 'ProConnect.Core, Version=0.0.0.0, Culture=neutral, PublicKeyToken=null'. Se usar├í el tipo definido en 'C:\Users\Miguel\source\repos\Proconenct\ProConnect.Core\Entities\ProfessionalProfile.cs'. [C:\Users\Miguel\source\repos\Proconenct\Proconenct.csproj]
C:\Users\Miguel\source\repos\Proconenct\ProConnect.Infrastructure\Database\MongoDbContext.cs(69,52): warning CS0436: El tipo 'ProfessionalProfile' de 'C:\Users\Miguel\source\repos\Proconenct\ProConnect.Core\Entities\ProfessionalProfile.cs' est├í en conflicto con el tipo importado 'ProfessionalProfile' de 'ProConnect.Core, Version=0.0.0.0, Culture=neutral, PublicKeyToken=null'. Se usar├í el tipo definido en 'C:\Users\Miguel\source\repos\Proconenct\ProConnect.Core\Entities\ProfessionalProfile.cs'. [C:\Users\Miguel\source\repos\Proconenct\Proconenct.csproj]
C:\Users\Miguel\source\repos\Proconenct\ProConnect.Infrastructure\Database\MongoDbContext.cs(70,88): warning CS0436: El tipo 'ProfessionalProfile' de 'C:\Users\Miguel\source\repos\Proconenct\ProConnect.Core\Entities\ProfessionalProfile.cs' est├í en conflicto con el tipo importado 'ProfessionalProfile' de 'ProConnect.Core, Version=0.0.0.0, Culture=neutral, PublicKeyToken=null'. Se usar├í el tipo definido en 'C:\Users\Miguel\source\repos\Proconenct\ProConnect.Core\Entities\ProfessionalProfile.cs'. [C:\Users\Miguel\source\repos\Proconenct\Proconenct.csproj]
C:\Users\Miguel\source\repos\Proconenct\ProConnect.Infrastructure\Database\MongoDbContext.cs(72,48): warning CS0436: El tipo 'ProfessionalProfile' de 'C:\Users\Miguel\source\repos\Proconenct\ProConnect.Core\Entities\ProfessionalProfile.cs' est├í en conflicto con el tipo importado 'ProfessionalProfile' de 'ProConnect.Core, Version=0.0.0.0, Culture=neutral, PublicKeyToken=null'. Se usar├í el tipo definido en 'C:\Users\Miguel\source\repos\Proconenct\ProConnect.Core\Entities\ProfessionalProfile.cs'. [C:\Users\Miguel\source\repos\Proconenct\Proconenct.csproj]
C:\Users\Miguel\source\repos\Proconenct\ProConnect.Infrastructure\Database\MongoDbContext.cs(73,88): warning CS0436: El tipo 'ProfessionalProfile' de 'C:\Users\Miguel\source\repos\Proconenct\ProConnect.Core\Entities\ProfessionalProfile.cs' est├í en conflicto con el tipo importado 'ProfessionalProfile' de 'ProConnect.Core, Version=0.0.0.0, Culture=neutral, PublicKeyToken=null'. Se usar├í el tipo definido en 'C:\Users\Miguel\source\repos\Proconenct\ProConnect.Core\Entities\ProfessionalProfile.cs'. [C:\Users\Miguel\source\repos\Proconenct\Proconenct.csproj]
C:\Users\Miguel\source\repos\Proconenct\ProConnect.Infrastructure\Database\MongoDbContext.cs(75,52): warning CS0436: El tipo 'ProfessionalProfile' de 'C:\Users\Miguel\source\repos\Proconenct\ProConnect.Core\Entities\ProfessionalProfile.cs' est├í en conflicto con el tipo importado 'ProfessionalProfile' de 'ProConnect.Core, Version=0.0.0.0, Culture=neutral, PublicKeyToken=null'. Se usar├í el tipo definido en 'C:\Users\Miguel\source\repos\Proconenct\ProConnect.Core\Entities\ProfessionalProfile.cs'. [C:\Users\Miguel\source\repos\Proconenct\Proconenct.csproj]
C:\Users\Miguel\source\repos\Proconenct\ProConnect.Infrastructure\Database\MongoDbContext.cs(76,88): warning CS0436: El tipo 'ProfessionalProfile' de 'C:\Users\Miguel\source\repos\Proconenct\ProConnect.Core\Entities\ProfessionalProfile.cs' est├í en conflicto con el tipo importado 'ProfessionalProfile' de 'ProConnect.Core, Version=0.0.0.0, Culture=neutral, PublicKeyToken=null'. Se usar├í el tipo definido en 'C:\Users\Miguel\source\repos\Proconenct\ProConnect.Core\Entities\ProfessionalProfile.cs'. [C:\Users\Miguel\source\repos\Proconenct\Proconenct.csproj]
C:\Users\Miguel\source\repos\Proconenct\ProConnect.Infrastructure\Database\MongoDbContext.cs(79,50): warning CS0436: El tipo 'ProfessionalProfile' de 'C:\Users\Miguel\source\repos\Proconenct\ProConnect.Core\Entities\ProfessionalProfile.cs' est├í en conflicto con el tipo importado 'ProfessionalProfile' de 'ProConnect.Core, Version=0.0.0.0, Culture=neutral, PublicKeyToken=null'. Se usar├í el tipo definido en 'C:\Users\Miguel\source\repos\Proconenct\ProConnect.Core\Entities\ProfessionalProfile.cs'. [C:\Users\Miguel\source\repos\Proconenct\Proconenct.csproj]
C:\Users\Miguel\source\repos\Proconenct\ProConnect.Infrastructure\Database\MongoDbContext.cs(83,88): warning CS0436: El tipo 'ProfessionalProfile' de 'C:\Users\Miguel\source\repos\Proconenct\ProConnect.Core\Entities\ProfessionalProfile.cs' est├í en conflicto con el tipo importado 'ProfessionalProfile' de 'ProConnect.Core, Version=0.0.0.0, Culture=neutral, PublicKeyToken=null'. Se usar├í el tipo definido en 'C:\Users\Miguel\source\repos\Proconenct\ProConnect.Core\Entities\ProfessionalProfile.cs'. [C:\Users\Miguel\source\repos\Proconenct\Proconenct.csproj]
C:\Users\Miguel\source\repos\Proconenct\ProConnect.Infrastructure\Database\MongoDbContext.cs(86,46): warning CS0436: El tipo 'ProfessionalProfile' de 'C:\Users\Miguel\source\repos\Proconenct\ProConnect.Core\Entities\ProfessionalProfile.cs' est├í en conflicto con el tipo importado 'ProfessionalProfile' de 'ProConnect.Core, Version=0.0.0.0, Culture=neutral, PublicKeyToken=null'. Se usar├í el tipo definido en 'C:\Users\Miguel\source\repos\Proconenct\ProConnect.Core\Entities\ProfessionalProfile.cs'. [C:\Users\Miguel\source\repos\Proconenct\Proconenct.csproj]
C:\Users\Miguel\source\repos\Proconenct\ProConnect.Infrastructure\Database\MongoDbContext.cs(100,88): warning CS0436: El tipo 'ProfessionalProfile' de 'C:\Users\Miguel\source\repos\Proconenct\ProConnect.Core\Entities\ProfessionalProfile.cs' est├í en conflicto con el tipo importado 'ProfessionalProfile' de 'ProConnect.Core, Version=0.0.0.0, Culture=neutral, PublicKeyToken=null'. Se usar├í el tipo definido en 'C:\Users\Miguel\source\repos\Proconenct\ProConnect.Core\Entities\ProfessionalProfile.cs'. [C:\Users\Miguel\source\repos\Proconenct\Proconenct.csproj]
C:\Users\Miguel\source\repos\Proconenct\ProConnect.Infrastructure\Database\MongoDbContext.cs(103,50): warning CS0436: El tipo 'Booking' de 'C:\Users\Miguel\source\repos\Proconenct\ProConnect.Core\Entities\Booking.cs' est├í en conflicto con el tipo importado 'Booking' de 'ProConnect.Core, Version=0.0.0.0, Culture=neutral, PublicKeyToken=null'. Se usar├í el tipo definido en 'C:\Users\Miguel\source\repos\Proconenct\ProConnect.Core\Entities\Booking.cs'. [C:\Users\Miguel\source\repos\Proconenct\Proconenct.csproj]
C:\Users\Miguel\source\repos\Proconenct\ProConnect.Infrastructure\Database\MongoDbContext.cs(104,76): warning CS0436: El tipo 'Booking' de 'C:\Users\Miguel\source\repos\Proconenct\ProConnect.Core\Entities\Booking.cs' est├í en conflicto con el tipo importado 'Booking' de 'ProConnect.Core, Version=0.0.0.0, Culture=neutral, PublicKeyToken=null'. Se usar├í el tipo definido en 'C:\Users\Miguel\source\repos\Proconenct\ProConnect.Core\Entities\Booking.cs'. [C:\Users\Miguel\source\repos\Proconenct\Proconenct.csproj]
C:\Users\Miguel\source\repos\Proconenct\ProConnect.Infrastructure\Database\MongoDbContext.cs(106,56): warning CS0436: El tipo 'Booking' de 'C:\Users\Miguel\source\repos\Proconenct\ProConnect.Core\Entities\Booking.cs' est├í en conflicto con el tipo importado 'Booking' de 'ProConnect.Core, Version=0.0.0.0, Culture=neutral, PublicKeyToken=null'. Se usar├í el tipo definido en 'C:\Users\Miguel\source\repos\Proconenct\ProConnect.Core\Entities\Booking.cs'. [C:\Users\Miguel\source\repos\Proconenct\Proconenct.csproj]
C:\Users\Miguel\source\repos\Proconenct\ProConnect.Infrastructure\Database\MongoDbContext.cs(107,76): warning CS0436: El tipo 'Booking' de 'C:\Users\Miguel\source\repos\Proconenct\ProConnect.Core\Entities\Booking.cs' est├í en conflicto con el tipo importado 'Booking' de 'ProConnect.Core, Version=0.0.0.0, Culture=neutral, PublicKeyToken=null'. Se usar├í el tipo definido en 'C:\Users\Miguel\source\repos\Proconenct\ProConnect.Core\Entities\Booking.cs'. [C:\Users\Miguel\source\repos\Proconenct\Proconenct.csproj]
C:\Users\Miguel\source\repos\Proconenct\ProConnect.Infrastructure\Database\MongoDbContext.cs(109,57): warning CS0436: El tipo 'Booking' de 'C:\Users\Miguel\source\repos\Proconenct\ProConnect.Core\Entities\Booking.cs' est├í en conflicto con el tipo importado 'Booking' de 'ProConnect.Core, Version=0.0.0.0, Culture=neutral, PublicKeyToken=null'. Se usar├í el tipo definido en 'C:\Users\Miguel\source\repos\Proconenct\ProConnect.Core\Entities\Booking.cs'. [C:\Users\Miguel\source\repos\Proconenct\Proconenct.csproj]
C:\Users\Miguel\source\repos\Proconenct\ProConnect.Infrastructure\Database\MongoDbContext.cs(110,76): warning CS0436: El tipo 'Booking' de 'C:\Users\Miguel\source\repos\Proconenct\ProConnect.Core\Entities\Booking.cs' est├í en conflicto con el tipo importado 'Booking' de 'ProConnect.Core, Version=0.0.0.0, Culture=neutral, PublicKeyToken=null'. Se usar├í el tipo definido en 'C:\Users\Miguel\source\repos\Proconenct\ProConnect.Core\Entities\Booking.cs'. [C:\Users\Miguel\source\repos\Proconenct\Proconenct.csproj]
C:\Users\Miguel\source\repos\Proconenct\ProConnect.Infrastructure\Database\MongoDbContext.cs(112,55): warning CS0436: El tipo 'Booking' de 'C:\Users\Miguel\source\repos\Proconenct\ProConnect.Core\Entities\Booking.cs' est├í en conflicto con el tipo importado 'Booking' de 'ProConnect.Core, Version=0.0.0.0, Culture=neutral, PublicKeyToken=null'. Se usar├í el tipo definido en 'C:\Users\Miguel\source\repos\Proconenct\ProConnect.Core\Entities\Booking.cs'. [C:\Users\Miguel\source\repos\Proconenct\Proconenct.csproj]
C:\Users\Miguel\source\repos\Proconenct\ProConnect.Infrastructure\Database\MongoDbContext.cs(113,76): warning CS0436: El tipo 'Booking' de 'C:\Users\Miguel\source\repos\Proconenct\ProConnect.Core\Entities\Booking.cs' est├í en conflicto con el tipo importado 'Booking' de 'ProConnect.Core, Version=0.0.0.0, Culture=neutral, PublicKeyToken=null'. Se usar├í el tipo definido en 'C:\Users\Miguel\source\repos\Proconenct\ProConnect.Core\Entities\Booking.cs'. [C:\Users\Miguel\source\repos\Proconenct\Proconenct.csproj]
C:\Users\Miguel\source\repos\Proconenct\ProConnect.Infrastructure\Database\MongoDbContext.cs(116,54): warning CS0436: El tipo 'Booking' de 'C:\Users\Miguel\source\repos\Proconenct\ProConnect.Core\Entities\Booking.cs' est├í en conflicto con el tipo importado 'Booking' de 'ProConnect.Core, Version=0.0.0.0, Culture=neutral, PublicKeyToken=null'. Se usar├í el tipo definido en 'C:\Users\Miguel\source\repos\Proconenct\ProConnect.Core\Entities\Booking.cs'. [C:\Users\Miguel\source\repos\Proconenct\Proconenct.csproj]
C:\Users\Miguel\source\repos\Proconenct\ProConnect.Infrastructure\Database\MongoDbContext.cs(120,76): warning CS0436: El tipo 'Booking' de 'C:\Users\Miguel\source\repos\Proconenct\ProConnect.Core\Entities\Booking.cs' est├í en conflicto con el tipo importado 'Booking' de 'ProConnect.Core, Version=0.0.0.0, Culture=neutral, PublicKeyToken=null'. Se usar├í el tipo definido en 'C:\Users\Miguel\source\repos\Proconenct\ProConnect.Core\Entities\Booking.cs'. [C:\Users\Miguel\source\repos\Proconenct\Proconenct.csproj]
C:\Users\Miguel\source\repos\Proconenct\ProConnect.Infrastructure\Database\MongoDbContext.cs(123,56): warning CS0436: El tipo 'Booking' de 'C:\Users\Miguel\source\repos\Proconenct\ProConnect.Core\Entities\Booking.cs' est├í en conflicto con el tipo importado 'Booking' de 'ProConnect.Core, Version=0.0.0.0, Culture=neutral, PublicKeyToken=null'. Se usar├í el tipo definido en 'C:\Users\Miguel\source\repos\Proconenct\ProConnect.Core\Entities\Booking.cs'. [C:\Users\Miguel\source\repos\Proconenct\Proconenct.csproj]
C:\Users\Miguel\source\repos\Proconenct\ProConnect.Infrastructure\Database\MongoDbContext.cs(126,76): warning CS0436: El tipo 'Booking' de 'C:\Users\Miguel\source\repos\Proconenct\ProConnect.Core\Entities\Booking.cs' est├í en conflicto con el tipo importado 'Booking' de 'ProConnect.Core, Version=0.0.0.0, Culture=neutral, PublicKeyToken=null'. Se usar├í el tipo definido en 'C:\Users\Miguel\source\repos\Proconenct\ProConnect.Core\Entities\Booking.cs'. [C:\Users\Miguel\source\repos\Proconenct\Proconenct.csproj]
C:\Users\Miguel\source\repos\Proconenct\ProConnect.Infrastructure\Database\MongoDbContext.cs(129,45): warning CS0436: El tipo 'Booking' de 'C:\Users\Miguel\source\repos\Proconenct\ProConnect.Core\Entities\Booking.cs' est├í en conflicto con el tipo importado 'Booking' de 'ProConnect.Core, Version=0.0.0.0, Culture=neutral, PublicKeyToken=null'. Se usar├í el tipo definido en 'C:\Users\Miguel\source\repos\Proconenct\ProConnect.Core\Entities\Booking.cs'. [C:\Users\Miguel\source\repos\Proconenct\Proconenct.csproj]
C:\Users\Miguel\source\repos\Proconenct\ProConnect.Infrastructure\Database\MongoDbContext.cs(134,76): warning CS0436: El tipo 'Booking' de 'C:\Users\Miguel\source\repos\Proconenct\ProConnect.Core\Entities\Booking.cs' est├í en conflicto con el tipo importado 'Booking' de 'ProConnect.Core, Version=0.0.0.0, Culture=neutral, PublicKeyToken=null'. Se usar├í el tipo definido en 'C:\Users\Miguel\source\repos\Proconenct\ProConnect.Core\Entities\Booking.cs'. [C:\Users\Miguel\source\repos\Proconenct\Proconenct.csproj]
C:\Users\Miguel\source\repos\Proconenct\Pages\booking\Index.cshtml(4,65): error CS1061: "ProfessionalProfileResponseDto" no contiene una definici├│n para "Name" ni un m├®todo de extensi├│n accesible "Name" que acepte un primer argumento del tipo "ProfessionalProfileResponseDto" (┬┐falta alguna directiva using o una referencia de ensamblado?) [C:\Users\Miguel\source\repos\Proconenct\Proconenct.csproj]
C:\Users\Miguel\source\repos\Proconenct\Pages\booking\Index.cshtml(22,52): error CS1061: "ProfessionalProfileResponseDto" no contiene una definici├│n para "ProfileImageUrl" ni un m├®todo de extensi├│n accesible "ProfileImageUrl" que acepte un primer argumento del tipo "ProfessionalProfileResponseDto" (┬┐falta alguna directiva using o una referencia de ensamblado?) [C:\Users\Miguel\source\repos\Proconenct\Proconenct.csproj]
C:\Users\Miguel\source\repos\Proconenct\Pages\booking\Index.cshtml(23,51): error CS1061: "ProfessionalProfileResponseDto" no contiene una definici├│n para "Name" ni un m├®todo de extensi├│n accesible "Name" que acepte un primer argumento del tipo "ProfessionalProfileResponseDto" (┬┐falta alguna directiva using o una referencia de ensamblado?) [C:\Users\Miguel\source\repos\Proconenct\Proconenct.csproj]
C:\Users\Miguel\source\repos\Proconenct\Pages\booking\Index.cshtml(26,45): error CS1061: "ProfessionalProfileResponseDto" no contiene una definici├│n para "Name" ni un m├®todo de extensi├│n accesible "Name" que acepte un primer argumento del tipo "ProfessionalProfileResponseDto" (┬┐falta alguna directiva using o una referencia de ensamblado?) [C:\Users\Miguel\source\repos\Proconenct\Proconenct.csproj]
C:\Users\Miguel\source\repos\Proconenct\Pages\booking\Index.cshtml(27,62): error CS1061: "ProfessionalProfileResponseDto" no contiene una definici├│n para "Specialty" ni un m├®todo de extensi├│n accesible "Specialty" que acepte un primer argumento del tipo "ProfessionalProfileResponseDto" (┬┐falta alguna directiva using o una referencia de ensamblado?) [C:\Users\Miguel\source\repos\Proconenct\Proconenct.csproj]
C:\Users\Miguel\source\repos\Proconenct\Pages\booking\Index.cshtml(32,81): error CS1061: "ProfessionalProfileResponseDto" no contiene una definici├│n para "AverageRating" ni un m├®todo de extensi├│n accesible "AverageRating" que acepte un primer argumento del tipo "ProfessionalProfileResponseDto" (┬┐falta alguna directiva using o una referencia de ensamblado?) [C:\Users\Miguel\source\repos\Proconenct\Proconenct.csproj]
C:\Users\Miguel\source\repos\Proconenct\Pages\booking\Index.cshtml(35,68): error CS1061: "ProfessionalProfileResponseDto" no contiene una definici├│n para "ReviewCount" ni un m├®todo de extensi├│n accesible "ReviewCount" que acepte un primer argumento del tipo "ProfessionalProfileResponseDto" (┬┐falta alguna directiva using o una referencia de ensamblado?) [C:\Users\Miguel\source\repos\Proconenct\Proconenct.csproj]
C:\Users\Miguel\source\repos\Proconenct\Pages\booking\Index.cshtml(126,57): error CS1061: "UserProfileDto" no contiene una definici├│n para "Name" ni un m├®todo de extensi├│n accesible "Name" que acepte un primer argumento del tipo "UserProfileDto" (┬┐falta alguna directiva using o una referencia de ensamblado?) [C:\Users\Miguel\source\repos\Proconenct\Proconenct.csproj]
C:\Users\Miguel\source\repos\Proconenct\Pages\booking\Index.cshtml(138,61): error CS1061: "UserProfileDto" no contiene una definici├│n para "PhoneNumber" ni un m├®todo de extensi├│n accesible "PhoneNumber" que acepte un primer argumento del tipo "UserProfileDto" (┬┐falta alguna directiva using o una referencia de ensamblado?) [C:\Users\Miguel\source\repos\Proconenct\Proconenct.csproj]
C:\Users\Miguel\source\repos\Proconenct\Pages\booking\Index.cshtml(214,47): error CS1061: "ProfessionalProfileResponseDto" no contiene una definici├│n para "Name" ni un m├®todo de extensi├│n accesible "Name" que acepte un primer argumento del tipo "ProfessionalProfileResponseDto" (┬┐falta alguna directiva using o una referencia de ensamblado?) [C:\Users\Miguel\source\repos\Proconenct\Proconenct.csproj]
C:\Users\Miguel\source\repos\Proconenct\ProConnect.Application\Services\ProfessionalSearchService.cs(39,55): warning CS0436: El tipo 'PagedResultDto<T>' de 'C:\Users\Miguel\source\repos\Proconenct\ProConnect.Application\DTOs\Shared\PagedResultDto.cs' est├í en conflicto con el tipo importado 'PagedResultDto<T>' de 'ProConnect.Application, Version=0.0.0.0, Culture=neutral, PublicKeyToken=null'. Se usar├í el tipo definido en 'C:\Users\Miguel\source\repos\Proconenct\ProConnect.Application\DTOs\Shared\PagedResultDto.cs'. [C:\Users\Miguel\source\repos\Proconenct\Proconenct.csproj]
C:\Users\Miguel\source\repos\Proconenct\ProConnect.Application\Services\ProfessionalSearchService.cs(39,70): warning CS0436: El tipo 'ProfessionalSearchResultDto' de 'C:\Users\Miguel\source\repos\Proconenct\ProConnect.Application\DTOs\ProfessionalSearchResultDto.cs' est├í en conflicto con el tipo importado 'ProfessionalSearchResultDto' de 'ProConnect.Application, Version=0.0.0.0, Culture=neutral, PublicKeyToken=null'. Se usar├í el tipo definido en 'C:\Users\Miguel\source\repos\Proconenct\ProConnect.Application\DTOs\ProfessionalSearchResultDto.cs'. [C:\Users\Miguel\source\repos\Proconenct\Proconenct.csproj]
C:\Users\Miguel\source\repos\Proconenct\ProConnect.Application\Services\ProfessionalSearchService.cs(48,31): warning CS0436: El tipo 'ProfessionalSearchFilters' de 'C:\Users\Miguel\source\repos\Proconenct\ProConnect.Core\Models\ProfessionalSearchFilters.cs' est├í en conflicto con el tipo importado 'ProfessionalSearchFilters' de 'ProConnect.Core, Version=0.0.0.0, Culture=neutral, PublicKeyToken=null'. Se usar├í el tipo definido en 'C:\Users\Miguel\source\repos\Proconenct\ProConnect.Core\Models\ProfessionalSearchFilters.cs'. [C:\Users\Miguel\source\repos\Proconenct\Proconenct.csproj]
C:\Users\Miguel\source\repos\Proconenct\ProConnect.Application\Services\ProfessionalSearchService.cs(67,62): warning CS0436: El tipo 'User' de 'C:\Users\Miguel\source\repos\Proconenct\ProConnect.Core\Entities\User.cs' est├í en conflicto con el tipo importado 'User' de 'ProConnect.Core, Version=0.0.0.0, Culture=neutral, PublicKeyToken=null'. Se usar├í el tipo definido en 'C:\Users\Miguel\source\repos\Proconenct\ProConnect.Core\Entities\User.cs'. [C:\Users\Miguel\source\repos\Proconenct\Proconenct.csproj]
C:\Users\Miguel\source\repos\Proconenct\ProConnect.Application\Services\ProfessionalSearchService.cs(80,65): warning CS0436: El tipo 'ProfessionalSearchResultDto' de 'C:\Users\Miguel\source\repos\Proconenct\ProConnect.Application\DTOs\ProfessionalSearchResultDto.cs' est├í en conflicto con el tipo importado 'ProfessionalSearchResultDto' de 'ProConnect.Application, Version=0.0.0.0, Culture=neutral, PublicKeyToken=null'. Se usar├í el tipo definido en 'C:\Users\Miguel\source\repos\Proconenct\ProConnect.Application\DTOs\ProfessionalSearchResultDto.cs'. [C:\Users\Miguel\source\repos\Proconenct\Proconenct.csproj]
C:\Users\Miguel\source\repos\Proconenct\ProConnect.Application\Services\ProfessionalSearchService.cs(100,30): warning CS0436: El tipo 'PagedResultDto<T>' de 'C:\Users\Miguel\source\repos\Proconenct\ProConnect.Application\DTOs\Shared\PagedResultDto.cs' est├í en conflicto con el tipo importado 'PagedResultDto<T>' de 'ProConnect.Application, Version=0.0.0.0, Culture=neutral, PublicKeyToken=null'. Se usar├í el tipo definido en 'C:\Users\Miguel\source\repos\Proconenct\ProConnect.Application\DTOs\Shared\PagedResultDto.cs'. [C:\Users\Miguel\source\repos\Proconenct\Proconenct.csproj]
C:\Users\Miguel\source\repos\Proconenct\ProConnect.Application\Services\ProfessionalSearchService.cs(100,45): warning CS0436: El tipo 'ProfessionalSearchResultDto' de 'C:\Users\Miguel\source\repos\Proconenct\ProConnect.Application\DTOs\ProfessionalSearchResultDto.cs' est├í en conflicto con el tipo importado 'ProfessionalSearchResultDto' de 'ProConnect.Application, Version=0.0.0.0, Culture=neutral, PublicKeyToken=null'. Se usar├í el tipo definido en 'C:\Users\Miguel\source\repos\Proconenct\ProConnect.Application\DTOs\ProfessionalSearchResultDto.cs'. [C:\Users\Miguel\source\repos\Proconenct\Proconenct.csproj]
C:\Users\Miguel\source\repos\Proconenct\ProConnect.Application\Services\AuthService.cs(268,24): warning CS0436: El tipo 'UserProfileDto' de 'C:\Users\Miguel\source\repos\Proconenct\ProConnect.Application\DTOs\UserProfileDto.cs' est├í en conflicto con el tipo importado 'UserProfileDto' de 'ProConnect.Application, Version=0.0.0.0, Culture=neutral, PublicKeyToken=null'. Se usar├í el tipo definido en 'C:\Users\Miguel\source\repos\Proconenct\ProConnect.Application\DTOs\UserProfileDto.cs'. [C:\Users\Miguel\source\repos\Proconenct\Proconenct.csproj]
C:\Users\Miguel\source\repos\Proconenct\ProConnect.Infrastructure\Repositores\ProfessionalProfileRepository.cs(116,35): warning CS0436: El tipo 'ProfessionalProfile' de 'C:\Users\Miguel\source\repos\Proconenct\ProConnect.Core\Entities\ProfessionalProfile.cs' est├í en conflicto con el tipo importado 'ProfessionalProfile' de 'ProConnect.Core, Version=0.0.0.0, Culture=neutral, PublicKeyToken=null'. Se usar├í el tipo definido en 'C:\Users\Miguel\source\repos\Proconenct\ProConnect.Core\Entities\ProfessionalProfile.cs'. [C:\Users\Miguel\source\repos\Proconenct\Proconenct.csproj]
C:\Users\Miguel\source\repos\Proconenct\ProConnect.Infrastructure\Repositores\ProfessionalProfileRepository.cs(117,26): warning CS0436: El tipo 'ProfessionalProfile' de 'C:\Users\Miguel\source\repos\Proconenct\ProConnect.Core\Entities\ProfessionalProfile.cs' est├í en conflicto con el tipo importado 'ProfessionalProfile' de 'ProConnect.Core, Version=0.0.0.0, Culture=neutral, PublicKeyToken=null'. Se usar├í el tipo definido en 'C:\Users\Miguel\source\repos\Proconenct\ProConnect.Core\Entities\ProfessionalProfile.cs'. [C:\Users\Miguel\source\repos\Proconenct\Proconenct.csproj]
C:\Users\Miguel\source\repos\Proconenct\ProConnect.Infrastructure\Repositores\ProfessionalProfileRepository.cs(117,72): warning CS0436: El tipo 'ProfileStatus' de 'C:\Users\Miguel\source\repos\Proconenct\ProConnect.Core\Entities\ProfessionalProfile.cs' est├í en conflicto con el tipo importado 'ProfileStatus' de 'ProConnect.Core, Version=0.0.0.0, Culture=neutral, PublicKeyToken=null'. Se usar├í el tipo definido en 'C:\Users\Miguel\source\repos\Proconenct\ProConnect.Core\Entities\ProfessionalProfile.cs'. [C:\Users\Miguel\source\repos\Proconenct\Proconenct.csproj]
C:\Users\Miguel\source\repos\Proconenct\ProConnect.Infrastructure\Repositores\ProfessionalProfileRepository.cs(118,26): warning CS0436: El tipo 'ProfessionalProfile' de 'C:\Users\Miguel\source\repos\Proconenct\ProConnect.Core\Entities\ProfessionalProfile.cs' est├í en conflicto con el tipo importado 'ProfessionalProfile' de 'ProConnect.Core, Version=0.0.0.0, Culture=neutral, PublicKeyToken=null'. Se usar├í el tipo definido en 'C:\Users\Miguel\source\repos\Proconenct\ProConnect.Core\Entities\ProfessionalProfile.cs'. [C:\Users\Miguel\source\repos\Proconenct\Proconenct.csproj]
C:\Users\Miguel\source\repos\Proconenct\ProConnect.Infrastructure\Repositores\ProfessionalProfileRepository.cs(119,30): warning CS0436: El tipo 'ProfessionalProfile' de 'C:\Users\Miguel\source\repos\Proconenct\ProConnect.Core\Entities\ProfessionalProfile.cs' est├í en conflicto con el tipo importado 'ProfessionalProfile' de 'ProConnect.Core, Version=0.0.0.0, Culture=neutral, PublicKeyToken=null'. Se usar├í el tipo definido en 'C:\Users\Miguel\source\repos\Proconenct\ProConnect.Core\Entities\ProfessionalProfile.cs'. [C:\Users\Miguel\source\repos\Proconenct\Proconenct.csproj]
C:\Users\Miguel\source\repos\Proconenct\ProConnect.Infrastructure\Repositores\ProfessionalProfileRepository.cs(121,30): warning CS0436: El tipo 'ProfessionalProfile' de 'C:\Users\Miguel\source\repos\Proconenct\ProConnect.Core\Entities\ProfessionalProfile.cs' est├í en conflicto con el tipo importado 'ProfessionalProfile' de 'ProConnect.Core, Version=0.0.0.0, Culture=neutral, PublicKeyToken=null'. Se usar├í el tipo definido en 'C:\Users\Miguel\source\repos\Proconenct\ProConnect.Core\Entities\ProfessionalProfile.cs'. [C:\Users\Miguel\source\repos\Proconenct\Proconenct.csproj]
C:\Users\Miguel\source\repos\Proconenct\ProConnect.Infrastructure\Repositores\ProfessionalProfileRepository.cs(122,30): warning CS0436: El tipo 'ProfessionalProfile' de 'C:\Users\Miguel\source\repos\Proconenct\ProConnect.Core\Entities\ProfessionalProfile.cs' est├í en conflicto con el tipo importado 'ProfessionalProfile' de 'ProConnect.Core, Version=0.0.0.0, Culture=neutral, PublicKeyToken=null'. Se usar├í el tipo definido en 'C:\Users\Miguel\source\repos\Proconenct\ProConnect.Core\Entities\ProfessionalProfile.cs'. [C:\Users\Miguel\source\repos\Proconenct\Proconenct.csproj]
C:\Users\Miguel\source\repos\Proconenct\ProConnect.Application\Services\BookingService.cs(185,39): warning CS0436: El tipo 'BookingStatus' de 'C:\Users\Miguel\source\repos\Proconenct\ProConnect.Core\Entities\Booking.cs' est├í en conflicto con el tipo importado 'BookingStatus' de 'ProConnect.Core, Version=0.0.0.0, Culture=neutral, PublicKeyToken=null'. Se usar├í el tipo definido en 'C:\Users\Miguel\source\repos\Proconenct\ProConnect.Core\Entities\Booking.cs'. [C:\Users\Miguel\source\repos\Proconenct\Proconenct.csproj]
C:\Users\Miguel\source\repos\Proconenct\ProConnect.Application\Services\BookingService.cs(185,84): warning CS0436: El tipo 'BookingStatus' de 'C:\Users\Miguel\source\repos\Proconenct\ProConnect.Core\Entities\Booking.cs' est├í en conflicto con el tipo importado 'BookingStatus' de 'ProConnect.Core, Version=0.0.0.0, Culture=neutral, PublicKeyToken=null'. Se usar├í el tipo definido en 'C:\Users\Miguel\source\repos\Proconenct\ProConnect.Core\Entities\Booking.cs'. [C:\Users\Miguel\source\repos\Proconenct\Proconenct.csproj]
C:\Users\Miguel\source\repos\Proconenct\ProConnect.Application\Services\BookingService.cs(241,39): warning CS0436: El tipo 'ConsultationType' de 'C:\Users\Miguel\source\repos\Proconenct\ProConnect.Core\Entities\Booking.cs' est├í en conflicto con el tipo importado 'ConsultationType' de 'ProConnect.Core, Version=0.0.0.0, Culture=neutral, PublicKeyToken=null'. Se usar├í el tipo definido en 'C:\Users\Miguel\source\repos\Proconenct\ProConnect.Core\Entities\Booking.cs'. [C:\Users\Miguel\source\repos\Proconenct\Proconenct.csproj]
C:\Users\Miguel\source\repos\Proconenct\ProConnect.Application\Services\BookingService.cs(254,39): warning CS0436: El tipo 'BookingStatus' de 'C:\Users\Miguel\source\repos\Proconenct\ProConnect.Core\Entities\Booking.cs' est├í en conflicto con el tipo importado 'BookingStatus' de 'ProConnect.Core, Version=0.0.0.0, Culture=neutral, PublicKeyToken=null'. Se usar├í el tipo definido en 'C:\Users\Miguel\source\repos\Proconenct\ProConnect.Core\Entities\Booking.cs'. [C:\Users\Miguel\source\repos\Proconenct\Proconenct.csproj]
C:\Users\Miguel\source\repos\Proconenct\ProConnect.Infrastructure\Repositores\BookingRepository.cs(18,56): warning CS0436: El tipo 'Booking' de 'C:\Users\Miguel\source\repos\Proconenct\ProConnect.Core\Entities\Booking.cs' est├í en conflicto con el tipo importado 'Booking' de 'ProConnect.Core, Version=0.0.0.0, Culture=neutral, PublicKeyToken=null'. Se usar├í el tipo definido en 'C:\Users\Miguel\source\repos\Proconenct\ProConnect.Core\Entities\Booking.cs'. [C:\Users\Miguel\source\repos\Proconenct\Proconenct.csproj]
C:\Users\Miguel\source\repos\Proconenct\ProConnect.Infrastructure\Repositores\ProfessionalProfileRepository.cs(135,35): warning CS0436: El tipo 'ProfessionalProfile' de 'C:\Users\Miguel\source\repos\Proconenct\ProConnect.Core\Entities\ProfessionalProfile.cs' est├í en conflicto con el tipo importado 'ProfessionalProfile' de 'ProConnect.Core, Version=0.0.0.0, Culture=neutral, PublicKeyToken=null'. Se usar├í el tipo definido en 'C:\Users\Miguel\source\repos\Proconenct\ProConnect.Core\Entities\ProfessionalProfile.cs'. [C:\Users\Miguel\source\repos\Proconenct\Proconenct.csproj]
C:\Users\Miguel\source\repos\Proconenct\ProConnect.Infrastructure\Repositores\ProfessionalProfileRepository.cs(135,81): warning CS0436: El tipo 'ProfileStatus' de 'C:\Users\Miguel\source\repos\Proconenct\ProConnect.Core\Entities\ProfessionalProfile.cs' est├í en conflicto con el tipo importado 'ProfileStatus' de 'ProConnect.Core, Version=0.0.0.0, Culture=neutral, PublicKeyToken=null'. Se usar├í el tipo definido en 'C:\Users\Miguel\source\repos\Proconenct\ProConnect.Core\Entities\ProfessionalProfile.cs'. [C:\Users\Miguel\source\repos\Proconenct\Proconenct.csproj]
C:\Users\Miguel\source\repos\Proconenct\ProConnect.Infrastructure\Repositores\ProfessionalProfileRepository.cs(136,33): warning CS0436: El tipo 'ProfessionalProfile' de 'C:\Users\Miguel\source\repos\Proconenct\ProConnect.Core\Entities\ProfessionalProfile.cs' est├í en conflicto con el tipo importado 'ProfessionalProfile' de 'ProConnect.Core, Version=0.0.0.0, Culture=neutral, PublicKeyToken=null'. Se usar├í el tipo definido en 'C:\Users\Miguel\source\repos\Proconenct\ProConnect.Core\Entities\ProfessionalProfile.cs'. [C:\Users\Miguel\source\repos\Proconenct\Proconenct.csproj]
C:\Users\Miguel\source\repos\Proconenct\ProConnect.Infrastructure\Repositores\BookingRepository.cs(46,39): warning CS0436: El tipo 'Booking' de 'C:\Users\Miguel\source\repos\Proconenct\ProConnect.Core\Entities\Booking.cs' est├í en conflicto con el tipo importado 'Booking' de 'ProConnect.Core, Version=0.0.0.0, Culture=neutral, PublicKeyToken=null'. Se usar├í el tipo definido en 'C:\Users\Miguel\source\repos\Proconenct\ProConnect.Core\Entities\Booking.cs'. [C:\Users\Miguel\source\repos\Proconenct\Proconenct.csproj]
C:\Users\Miguel\source\repos\Proconenct\ProConnect.Application\Services\BookingService.cs(335,39): warning CS0436: El tipo 'BookingStatus' de 'C:\Users\Miguel\source\repos\Proconenct\ProConnect.Core\Entities\Booking.cs' est├í en conflicto con el tipo importado 'BookingStatus' de 'ProConnect.Core, Version=0.0.0.0, Culture=neutral, PublicKeyToken=null'. Se usar├í el tipo definido en 'C:\Users\Miguel\source\repos\Proconenct\ProConnect.Core\Entities\Booking.cs'. [C:\Users\Miguel\source\repos\Proconenct\Proconenct.csproj]
C:\Users\Miguel\source\repos\Proconenct\ProConnect.Application\DTOs\RegisterUserDto.cs(13,50): warning CS0436: El tipo 'UserType' de 'C:\Users\Miguel\source\repos\Proconenct\ProConnect.Core\Entities\User.cs' est├í en conflicto con el tipo importado 'UserType' de 'ProConnect.Core, Version=0.0.0.0, Culture=neutral, PublicKeyToken=null'. Se usar├í el tipo definido en 'C:\Users\Miguel\source\repos\Proconenct\ProConnect.Core\Entities\User.cs'. [C:\Users\Miguel\source\repos\Proconenct\Proconenct.csproj]
C:\Users\Miguel\source\repos\Proconenct\ProConnect.Infrastructure\Repositores\ProfessionalProfileRepository.cs(146,35): warning CS0436: El tipo 'ProfessionalProfile' de 'C:\Users\Miguel\source\repos\Proconenct\ProConnect.Core\Entities\ProfessionalProfile.cs' est├í en conflicto con el tipo importado 'ProfessionalProfile' de 'ProConnect.Core, Version=0.0.0.0, Culture=neutral, PublicKeyToken=null'. Se usar├í el tipo definido en 'C:\Users\Miguel\source\repos\Proconenct\ProConnect.Core\Entities\ProfessionalProfile.cs'. [C:\Users\Miguel\source\repos\Proconenct\Proconenct.csproj]
C:\Users\Miguel\source\repos\Proconenct\ProConnect.Infrastructure\Repositores\ProfessionalProfileRepository.cs(147,26): warning CS0436: El tipo 'ProfessionalProfile' de 'C:\Users\Miguel\source\repos\Proconenct\ProConnect.Core\Entities\ProfessionalProfile.cs' est├í en conflicto con el tipo importado 'ProfessionalProfile' de 'ProConnect.Core, Version=0.0.0.0, Culture=neutral, PublicKeyToken=null'. Se usar├í el tipo definido en 'C:\Users\Miguel\source\repos\Proconenct\ProConnect.Core\Entities\ProfessionalProfile.cs'. [C:\Users\Miguel\source\repos\Proconenct\Proconenct.csproj]
C:\Users\Miguel\source\repos\Proconenct\ProConnect.Infrastructure\Repositores\ProfessionalProfileRepository.cs(147,72): warning CS0436: El tipo 'ProfileStatus' de 'C:\Users\Miguel\source\repos\Proconenct\ProConnect.Core\Entities\ProfessionalProfile.cs' est├í en conflicto con el tipo importado 'ProfileStatus' de 'ProConnect.Core, Version=0.0.0.0, Culture=neutral, PublicKeyToken=null'. Se usar├í el tipo definido en 'C:\Users\Miguel\source\repos\Proconenct\ProConnect.Core\Entities\ProfessionalProfile.cs'. [C:\Users\Miguel\source\repos\Proconenct\Proconenct.csproj]
C:\Users\Miguel\source\repos\Proconenct\ProConnect.Infrastructure\Repositores\ProfessionalProfileRepository.cs(148,26): warning CS0436: El tipo 'ProfessionalProfile' de 'C:\Users\Miguel\source\repos\Proconenct\ProConnect.Core\Entities\ProfessionalProfile.cs' est├í en conflicto con el tipo importado 'ProfessionalProfile' de 'ProConnect.Core, Version=0.0.0.0, Culture=neutral, PublicKeyToken=null'. Se usar├í el tipo definido en 'C:\Users\Miguel\source\repos\Proconenct\ProConnect.Core\Entities\ProfessionalProfile.cs'. [C:\Users\Miguel\source\repos\Proconenct\Proconenct.csproj]
C:\Users\Miguel\source\repos\Proconenct\ProConnect.Application\Services\BookingService.cs(372,39): warning CS0436: El tipo 'BookingStatus' de 'C:\Users\Miguel\source\repos\Proconenct\ProConnect.Core\Entities\Booking.cs' est├í en conflicto con el tipo importado 'BookingStatus' de 'ProConnect.Core, Version=0.0.0.0, Culture=neutral, PublicKeyToken=null'. Se usar├í el tipo definido en 'C:\Users\Miguel\source\repos\Proconenct\ProConnect.Core\Entities\Booking.cs'. [C:\Users\Miguel\source\repos\Proconenct\Proconenct.csproj]
C:\Users\Miguel\source\repos\Proconenct\ProConnect.Infrastructure\Repositores\BookingRepository.cs(60,39): warning CS0436: El tipo 'Booking' de 'C:\Users\Miguel\source\repos\Proconenct\ProConnect.Core\Entities\Booking.cs' est├í en conflicto con el tipo importado 'Booking' de 'ProConnect.Core, Version=0.0.0.0, Culture=neutral, PublicKeyToken=null'. Se usar├í el tipo definido en 'C:\Users\Miguel\source\repos\Proconenct\ProConnect.Core\Entities\Booking.cs'. [C:\Users\Miguel\source\repos\Proconenct\Proconenct.csproj]
C:\Users\Miguel\source\repos\Proconenct\ProConnect.Infrastructure\Repositores\BookingRepository.cs(61,37): warning CS0436: El tipo 'Booking' de 'C:\Users\Miguel\source\repos\Proconenct\ProConnect.Core\Entities\Booking.cs' est├í en conflicto con el tipo importado 'Booking' de 'ProConnect.Core, Version=0.0.0.0, Culture=neutral, PublicKeyToken=null'. Se usar├í el tipo definido en 'C:\Users\Miguel\source\repos\Proconenct\ProConnect.Core\Entities\Booking.cs'. [C:\Users\Miguel\source\repos\Proconenct\Proconenct.csproj]
C:\Users\Miguel\source\repos\Proconenct\ProConnect.Application\Services\BookingService.cs(410,44): warning CS0436: El tipo 'BookingDto' de 'C:\Users\Miguel\source\repos\Proconenct\ProConnect.Application\DTOs\BookingDto.cs' est├í en conflicto con el tipo importado 'BookingDto' de 'ProConnect.Application, Version=0.0.0.0, Culture=neutral, PublicKeyToken=null'. Se usar├í el tipo definido en 'C:\Users\Miguel\source\repos\Proconenct\ProConnect.Application\DTOs\BookingDto.cs'. [C:\Users\Miguel\source\repos\Proconenct\Proconenct.csproj]
C:\Users\Miguel\source\repos\Proconenct\ProConnect.Infrastructure\Repositores\BookingRepository.cs(80,39): warning CS0436: El tipo 'Booking' de 'C:\Users\Miguel\source\repos\Proconenct\ProConnect.Core\Entities\Booking.cs' est├í en conflicto con el tipo importado 'Booking' de 'ProConnect.Core, Version=0.0.0.0, Culture=neutral, PublicKeyToken=null'. Se usar├í el tipo definido en 'C:\Users\Miguel\source\repos\Proconenct\ProConnect.Core\Entities\Booking.cs'. [C:\Users\Miguel\source\repos\Proconenct\Proconenct.csproj]
C:\Users\Miguel\source\repos\Proconenct\ProConnect.Infrastructure\Repositores\BookingRepository.cs(81,37): warning CS0436: El tipo 'Booking' de 'C:\Users\Miguel\source\repos\Proconenct\ProConnect.Core\Entities\Booking.cs' est├í en conflicto con el tipo importado 'Booking' de 'ProConnect.Core, Version=0.0.0.0, Culture=neutral, PublicKeyToken=null'. Se usar├í el tipo definido en 'C:\Users\Miguel\source\repos\Proconenct\ProConnect.Core\Entities\Booking.cs'. [C:\Users\Miguel\source\repos\Proconenct\Proconenct.csproj]
C:\Users\Miguel\source\repos\Proconenct\ProConnect.Application\Services\BookingService.cs(430,35): warning CS0436: El tipo 'BookingStatus' de 'C:\Users\Miguel\source\repos\Proconenct\ProConnect.Core\Entities\Booking.cs' est├í en conflicto con el tipo importado 'BookingStatus' de 'ProConnect.Core, Version=0.0.0.0, Culture=neutral, PublicKeyToken=null'. Se usar├í el tipo definido en 'C:\Users\Miguel\source\repos\Proconenct\ProConnect.Core\Entities\Booking.cs'. [C:\Users\Miguel\source\repos\Proconenct\Proconenct.csproj]
C:\Users\Miguel\source\repos\Proconenct\ProConnect.Infrastructure\Repositores\BookingRepository.cs(100,39): warning CS0436: El tipo 'Booking' de 'C:\Users\Miguel\source\repos\Proconenct\ProConnect.Core\Entities\Booking.cs' est├í en conflicto con el tipo importado 'Booking' de 'ProConnect.Core, Version=0.0.0.0, Culture=neutral, PublicKeyToken=null'. Se usar├í el tipo definido en 'C:\Users\Miguel\source\repos\Proconenct\ProConnect.Core\Entities\Booking.cs'. [C:\Users\Miguel\source\repos\Proconenct\Proconenct.csproj]
C:\Users\Miguel\source\repos\Proconenct\ProConnect.Infrastructure\Repositores\BookingRepository.cs(101,37): warning CS0436: El tipo 'Booking' de 'C:\Users\Miguel\source\repos\Proconenct\ProConnect.Core\Entities\Booking.cs' est├í en conflicto con el tipo importado 'Booking' de 'ProConnect.Core, Version=0.0.0.0, Culture=neutral, PublicKeyToken=null'. Se usar├í el tipo definido en 'C:\Users\Miguel\source\repos\Proconenct\ProConnect.Core\Entities\Booking.cs'. [C:\Users\Miguel\source\repos\Proconenct\Proconenct.csproj]
C:\Users\Miguel\source\repos\Proconenct\ProConnect.Infrastructure\Repositores\PortfolioRepository.cs(16,50): warning CS0436: El tipo 'PortfolioFile' de 'C:\Users\Miguel\source\repos\Proconenct\ProConnect.Core\Entities\PortfolioFile.cs' est├í en conflicto con el tipo importado 'PortfolioFile' de 'ProConnect.Core, Version=0.0.0.0, Culture=neutral, PublicKeyToken=null'. Se usar├í el tipo definido en 'C:\Users\Miguel\source\repos\Proconenct\ProConnect.Core\Entities\PortfolioFile.cs'. [C:\Users\Miguel\source\repos\Proconenct\Proconenct.csproj]
C:\Users\Miguel\source\repos\Proconenct\ProConnect.Infrastructure\Repositores\BookingRepository.cs(120,39): warning CS0436: El tipo 'Booking' de 'C:\Users\Miguel\source\repos\Proconenct\ProConnect.Core\Entities\Booking.cs' est├í en conflicto con el tipo importado 'Booking' de 'ProConnect.Core, Version=0.0.0.0, Culture=neutral, PublicKeyToken=null'. Se usar├í el tipo definido en 'C:\Users\Miguel\source\repos\Proconenct\ProConnect.Core\Entities\Booking.cs'. [C:\Users\Miguel\source\repos\Proconenct\Proconenct.csproj]
C:\Users\Miguel\source\repos\Proconenct\ProConnect.Infrastructure\Repositores\BookingRepository.cs(121,30): warning CS0436: El tipo 'Booking' de 'C:\Users\Miguel\source\repos\Proconenct\ProConnect.Core\Entities\Booking.cs' est├í en conflicto con el tipo importado 'Booking' de 'ProConnect.Core, Version=0.0.0.0, Culture=neutral, PublicKeyToken=null'. Se usar├í el tipo definido en 'C:\Users\Miguel\source\repos\Proconenct\ProConnect.Core\Entities\Booking.cs'. [C:\Users\Miguel\source\repos\Proconenct\Proconenct.csproj]
C:\Users\Miguel\source\repos\Proconenct\ProConnect.Infrastructure\Repositores\BookingRepository.cs(122,30): warning CS0436: El tipo 'Booking' de 'C:\Users\Miguel\source\repos\Proconenct\ProConnect.Core\Entities\Booking.cs' est├í en conflicto con el tipo importado 'Booking' de 'ProConnect.Core, Version=0.0.0.0, Culture=neutral, PublicKeyToken=null'. Se usar├í el tipo definido en 'C:\Users\Miguel\source\repos\Proconenct\ProConnect.Core\Entities\Booking.cs'. [C:\Users\Miguel\source\repos\Proconenct\Proconenct.csproj]
C:\Users\Miguel\source\repos\Proconenct\ProConnect.Infrastructure\Repositores\BookingRepository.cs(124,37): warning CS0436: El tipo 'Booking' de 'C:\Users\Miguel\source\repos\Proconenct\ProConnect.Core\Entities\Booking.cs' est├í en conflicto con el tipo importado 'Booking' de 'ProConnect.Core, Version=0.0.0.0, Culture=neutral, PublicKeyToken=null'. Se usar├í el tipo definido en 'C:\Users\Miguel\source\repos\Proconenct\ProConnect.Core\Entities\Booking.cs'. [C:\Users\Miguel\source\repos\Proconenct\Proconenct.csproj]
C:\Users\Miguel\source\repos\Proconenct\ProConnect.Application\Services\ProfessionalProfileService.cs(150,66): warning CS0436: El tipo 'ProfileStatus' de 'C:\Users\Miguel\source\repos\Proconenct\ProConnect.Core\Entities\ProfessionalProfile.cs' est├í en conflicto con el tipo importado 'ProfileStatus' de 'ProConnect.Core, Version=0.0.0.0, Culture=neutral, PublicKeyToken=null'. Se usar├í el tipo definido en 'C:\Users\Miguel\source\repos\Proconenct\ProConnect.Core\Entities\ProfessionalProfile.cs'. [C:\Users\Miguel\source\repos\Proconenct\Proconenct.csproj]
C:\Users\Miguel\source\repos\Proconenct\ProConnect.Application\Services\ProfessionalProfileService.cs(152,35): warning CS0436: El tipo 'ProfessionalProfileResponseDto' de 'C:\Users\Miguel\source\repos\Proconenct\ProConnect.Application\DTOs\ProfessionalProfileResponseDto.cs' est├í en conflicto con el tipo importado 'ProfessionalProfileResponseDto' de 'ProConnect.Application, Version=0.0.0.0, Culture=neutral, PublicKeyToken=null'. Se usar├í el tipo definido en 'C:\Users\Miguel\source\repos\Proconenct\ProConnect.Application\DTOs\ProfessionalProfileResponseDto.cs'. [C:\Users\Miguel\source\repos\Proconenct\Proconenct.csproj]
C:\Users\Miguel\source\repos\Proconenct\ProConnect.Infrastructure\Repositores\BookingRepository.cs(145,39): warning CS0436: El tipo 'Booking' de 'C:\Users\Miguel\source\repos\Proconenct\ProConnect.Core\Entities\Booking.cs' est├í en conflicto con el tipo importado 'Booking' de 'ProConnect.Core, Version=0.0.0.0, Culture=neutral, PublicKeyToken=null'. Se usar├í el tipo definido en 'C:\Users\Miguel\source\repos\Proconenct\ProConnect.Core\Entities\Booking.cs'. [C:\Users\Miguel\source\repos\Proconenct\Proconenct.csproj]
C:\Users\Miguel\source\repos\Proconenct\ProConnect.Infrastructure\Repositores\ProfessionalProfileRepository.cs(170,87): warning CS0436: El tipo 'ProfileStatus' de 'C:\Users\Miguel\source\repos\Proconenct\ProConnect.Core\Entities\ProfessionalProfile.cs' est├í en conflicto con el tipo importado 'ProfileStatus' de 'ProConnect.Core, Version=0.0.0.0, Culture=neutral, PublicKeyToken=null'. Se usar├í el tipo definido en 'C:\Users\Miguel\source\repos\Proconenct\ProConnect.Core\Entities\ProfessionalProfile.cs'. [C:\Users\Miguel\source\repos\Proconenct\Proconenct.csproj]
C:\Users\Miguel\source\repos\Proconenct\ProConnect.Infrastructure\Repositores\ProfessionalProfileRepository.cs(171,86): warning CS0436: El tipo 'ProfileStatus' de 'C:\Users\Miguel\source\repos\Proconenct\ProConnect.Core\Entities\ProfessionalProfile.cs' est├í en conflicto con el tipo importado 'ProfileStatus' de 'ProConnect.Core, Version=0.0.0.0, Culture=neutral, PublicKeyToken=null'. Se usar├í el tipo definido en 'C:\Users\Miguel\source\repos\Proconenct\ProConnect.Core\Entities\ProfessionalProfile.cs'. [C:\Users\Miguel\source\repos\Proconenct\Proconenct.csproj]
C:\Users\Miguel\source\repos\Proconenct\ProConnect.Infrastructure\Repositores\ProfessionalProfileRepository.cs(174,41): warning CS0436: El tipo 'ProfileStatus' de 'C:\Users\Miguel\source\repos\Proconenct\ProConnect.Core\Entities\ProfessionalProfile.cs' est├í en conflicto con el tipo importado 'ProfileStatus' de 'ProConnect.Core, Version=0.0.0.0, Culture=neutral, PublicKeyToken=null'. Se usar├í el tipo definido en 'C:\Users\Miguel\source\repos\Proconenct\ProConnect.Core\Entities\ProfessionalProfile.cs'. [C:\Users\Miguel\source\repos\Proconenct\Proconenct.csproj]
C:\Users\Miguel\source\repos\Proconenct\ProConnect.Infrastructure\Repositores\ProfessionalProfileRepository.cs(179,41): warning CS0436: El tipo 'ProfileStatus' de 'C:\Users\Miguel\source\repos\Proconenct\ProConnect.Core\Entities\ProfessionalProfile.cs' est├í en conflicto con el tipo importado 'ProfileStatus' de 'ProConnect.Core, Version=0.0.0.0, Culture=neutral, PublicKeyToken=null'. Se usar├í el tipo definido en 'C:\Users\Miguel\source\repos\Proconenct\ProConnect.Core\Entities\ProfessionalProfile.cs'. [C:\Users\Miguel\source\repos\Proconenct\Proconenct.csproj]
C:\Users\Miguel\source\repos\Proconenct\ProConnect.Infrastructure\Repositores\ProfessionalProfileRepository.cs(183,24): warning CS0436: El tipo 'ProfileStatistics' de 'C:\Users\Miguel\source\repos\Proconenct\ProConnect.Core\Models\ProfileStatistics.cs' est├í en conflicto con el tipo importado 'ProfileStatistics' de 'ProConnect.Core, Version=0.0.0.0, Culture=neutral, PublicKeyToken=null'. Se usar├í el tipo definido en 'C:\Users\Miguel\source\repos\Proconenct\ProConnect.Core\Models\ProfileStatistics.cs'. [C:\Users\Miguel\source\repos\Proconenct\Proconenct.csproj]
C:\Users\Miguel\source\repos\Proconenct\ProConnect.Application\Services\ProfessionalProfileService.cs(171,66): warning CS0436: El tipo 'ProfileStatus' de 'C:\Users\Miguel\source\repos\Proconenct\ProConnect.Core\Entities\ProfessionalProfile.cs' est├í en conflicto con el tipo importado 'ProfileStatus' de 'ProConnect.Core, Version=0.0.0.0, Culture=neutral, PublicKeyToken=null'. Se usar├í el tipo definido en 'C:\Users\Miguel\source\repos\Proconenct\ProConnect.Core\Entities\ProfessionalProfile.cs'. [C:\Users\Miguel\source\repos\Proconenct\Proconenct.csproj]
C:\Users\Miguel\source\repos\Proconenct\ProConnect.Application\Services\ProfessionalProfileService.cs(173,35): warning CS0436: El tipo 'ProfessionalProfileResponseDto' de 'C:\Users\Miguel\source\repos\Proconenct\ProConnect.Application\DTOs\ProfessionalProfileResponseDto.cs' est├í en conflicto con el tipo importado 'ProfessionalProfileResponseDto' de 'ProConnect.Application, Version=0.0.0.0, Culture=neutral, PublicKeyToken=null'. Se usar├í el tipo definido en 'C:\Users\Miguel\source\repos\Proconenct\ProConnect.Application\DTOs\ProfessionalProfileResponseDto.cs'. [C:\Users\Miguel\source\repos\Proconenct\Proconenct.csproj]
C:\Users\Miguel\source\repos\Proconenct\ProConnect.Infrastructure\Repositores\BookingRepository.cs(164,39): warning CS0436: El tipo 'Booking' de 'C:\Users\Miguel\source\repos\Proconenct\ProConnect.Core\Entities\Booking.cs' est├í en conflicto con el tipo importado 'Booking' de 'ProConnect.Core, Version=0.0.0.0, Culture=neutral, PublicKeyToken=null'. Se usar├í el tipo definido en 'C:\Users\Miguel\source\repos\Proconenct\ProConnect.Core\Entities\Booking.cs'. [C:\Users\Miguel\source\repos\Proconenct\Proconenct.csproj]
C:\Users\Miguel\source\repos\Proconenct\ProConnect.Infrastructure\Repositores\ProfessionalProfileRepository.cs(195,35): warning CS0436: El tipo 'ProfessionalProfile' de 'C:\Users\Miguel\source\repos\Proconenct\ProConnect.Core\Entities\ProfessionalProfile.cs' est├í en conflicto con el tipo importado 'ProfessionalProfile' de 'ProConnect.Core, Version=0.0.0.0, Culture=neutral, PublicKeyToken=null'. Se usar├í el tipo definido en 'C:\Users\Miguel\source\repos\Proconenct\ProConnect.Core\Entities\ProfessionalProfile.cs'. [C:\Users\Miguel\source\repos\Proconenct\Proconenct.csproj]
C:\Users\Miguel\source\repos\Proconenct\ProConnect.Application\Services\BookingService.cs(451,27): warning CS0436: El tipo 'BookingDto' de 'C:\Users\Miguel\source\repos\Proconenct\ProConnect.Application\DTOs\BookingDto.cs' est├í en conflicto con el tipo importado 'BookingDto' de 'ProConnect.Application, Version=0.0.0.0, Culture=neutral, PublicKeyToken=null'. Se usar├í el tipo definido en 'C:\Users\Miguel\source\repos\Proconenct\ProConnect.Application\DTOs\BookingDto.cs'. [C:\Users\Miguel\source\repos\Proconenct\Proconenct.csproj]
C:\Users\Miguel\source\repos\Proconenct\ProConnect.Application\Services\BookingService.cs(472,42): warning CS0436: El tipo 'MeetingDetailsDto' de 'C:\Users\Miguel\source\repos\Proconenct\ProConnect.Application\DTOs\BookingDto.cs' est├í en conflicto con el tipo importado 'MeetingDetailsDto' de 'ProConnect.Application, Version=0.0.0.0, Culture=neutral, PublicKeyToken=null'. Se usar├í el tipo definido en 'C:\Users\Miguel\source\repos\Proconenct\ProConnect.Application\DTOs\BookingDto.cs'. [C:\Users\Miguel\source\repos\Proconenct\Proconenct.csproj]
C:\Users\Miguel\source\repos\Proconenct\ProConnect.Application\Services\ProfessionalProfileService.cs(219,29): warning CS0436: El tipo 'AvailabilityBlock' de 'C:\Users\Miguel\source\repos\Proconenct\ProConnect.Core\Entities\ProfessionalProfile.cs' est├í en conflicto con el tipo importado 'AvailabilityBlock' de 'ProConnect.Core, Version=0.0.0.0, Culture=neutral, PublicKeyToken=null'. Se usar├í el tipo definido en 'C:\Users\Miguel\source\repos\Proconenct\ProConnect.Core\Entities\ProfessionalProfile.cs'. [C:\Users\Miguel\source\repos\Proconenct\Proconenct.csproj]
C:\Users\Miguel\source\repos\Proconenct\ProConnect.Application\Services\ProfessionalProfileService.cs(229,24): warning CS0436: El tipo 'AvailabilityBlockDto' de 'C:\Users\Miguel\source\repos\Proconenct\ProConnect.Application\DTOs\Shared\CommonDtos.cs' est├í en conflicto con el tipo importado 'AvailabilityBlockDto' de 'ProConnect.Application, Version=0.0.0.0, Culture=neutral, PublicKeyToken=null'. Se usar├í el tipo definido en 'C:\Users\Miguel\source\repos\Proconenct\ProConnect.Application\DTOs\Shared\CommonDtos.cs'. [C:\Users\Miguel\source\repos\Proconenct\Proconenct.csproj]
C:\Users\Miguel\source\repos\Proconenct\ProConnect.Application\Services\ProfessionalProfileService.cs(247,63): warning CS0436: El tipo 'AvailabilityBlockDto' de 'C:\Users\Miguel\source\repos\Proconenct\ProConnect.Application\DTOs\Shared\CommonDtos.cs' est├í en conflicto con el tipo importado 'AvailabilityBlockDto' de 'ProConnect.Application, Version=0.0.0.0, Culture=neutral, PublicKeyToken=null'. Se usar├í el tipo definido en 'C:\Users\Miguel\source\repos\Proconenct\ProConnect.Application\DTOs\Shared\CommonDtos.cs'. [C:\Users\Miguel\source\repos\Proconenct\Proconenct.csproj]
C:\Users\Miguel\source\repos\Proconenct\ProConnect.Infrastructure\Repositores\PortfolioRepository.cs(44,35): warning CS0436: El tipo 'PortfolioFile' de 'C:\Users\Miguel\source\repos\Proconenct\ProConnect.Core\Entities\PortfolioFile.cs' est├í en conflicto con el tipo importado 'PortfolioFile' de 'ProConnect.Core, Version=0.0.0.0, Culture=neutral, PublicKeyToken=null'. Se usar├í el tipo definido en 'C:\Users\Miguel\source\repos\Proconenct\ProConnect.Core\Entities\PortfolioFile.cs'. [C:\Users\Miguel\source\repos\Proconenct\Proconenct.csproj]
C:\Users\Miguel\source\repos\Proconenct\ProConnect.Infrastructure\Repositores\BookingRepository.cs(183,39): warning CS0436: El tipo 'Booking' de 'C:\Users\Miguel\source\repos\Proconenct\ProConnect.Core\Entities\Booking.cs' est├í en conflicto con el tipo importado 'Booking' de 'ProConnect.Core, Version=0.0.0.0, Culture=neutral, PublicKeyToken=null'. Se usar├í el tipo definido en 'C:\Users\Miguel\source\repos\Proconenct\ProConnect.Core\Entities\Booking.cs'. [C:\Users\Miguel\source\repos\Proconenct\Proconenct.csproj]
C:\Users\Miguel\source\repos\Proconenct\ProConnect.Application\Services\ProfessionalProfileService.cs(286,28): warning CS0436: El tipo 'AvailabilityCheckResponseDto' de 'C:\Users\Miguel\source\repos\Proconenct\ProConnect.Application\DTOs\Shared\CommonDtos.cs' est├í en conflicto con el tipo importado 'AvailabilityCheckResponseDto' de 'ProConnect.Application, Version=0.0.0.0, Culture=neutral, PublicKeyToken=null'. Se usar├í el tipo definido en 'C:\Users\Miguel\source\repos\Proconenct\ProConnect.Application\DTOs\Shared\CommonDtos.cs'. [C:\Users\Miguel\source\repos\Proconenct\Proconenct.csproj]
C:\Users\Miguel\source\repos\Proconenct\ProConnect.Application\Services\ProfessionalProfileService.cs(289,47): warning CS0436: El tipo 'AvailableSlotDto' de 'C:\Users\Miguel\source\repos\Proconenct\ProConnect.Application\DTOs\Shared\CommonDtos.cs' est├í en conflicto con el tipo importado 'AvailableSlotDto' de 'ProConnect.Application, Version=0.0.0.0, Culture=neutral, PublicKeyToken=null'. Se usar├í el tipo definido en 'C:\Users\Miguel\source\repos\Proconenct\ProConnect.Application\DTOs\Shared\CommonDtos.cs'. [C:\Users\Miguel\source\repos\Proconenct\Proconenct.csproj]
C:\Users\Miguel\source\repos\Proconenct\ProConnect.Application\Services\ProfessionalProfileService.cs(295,13): warning CS0436: El tipo 'DaySchedule' de 'C:\Users\Miguel\source\repos\Proconenct\ProConnect.Core\Entities\ProfessionalProfile.cs' est├í en conflicto con el tipo importado 'DaySchedule' de 'ProConnect.Core, Version=0.0.0.0, Culture=neutral, PublicKeyToken=null'. Se usar├í el tipo definido en 'C:\Users\Miguel\source\repos\Proconenct\ProConnect.Core\Entities\ProfessionalProfile.cs'. [C:\Users\Miguel\source\repos\Proconenct\Proconenct.csproj]
C:\Users\Miguel\source\repos\Proconenct\ProConnect.Application\Services\ProfessionalProfileService.cs(307,34): warning CS0436: El tipo 'AvailableSlotDto' de 'C:\Users\Miguel\source\repos\Proconenct\ProConnect.Application\DTOs\Shared\CommonDtos.cs' est├í en conflicto con el tipo importado 'AvailableSlotDto' de 'ProConnect.Application, Version=0.0.0.0, Culture=neutral, PublicKeyToken=null'. Se usar├í el tipo definido en 'C:\Users\Miguel\source\repos\Proconenct\ProConnect.Application\DTOs\Shared\CommonDtos.cs'. [C:\Users\Miguel\source\repos\Proconenct\Proconenct.csproj]
C:\Users\Miguel\source\repos\Proconenct\ProConnect.Application\Services\ProfessionalProfileService.cs(310,31): warning CS0436: El tipo 'AvailableSlotDto' de 'C:\Users\Miguel\source\repos\Proconenct\ProConnect.Application\DTOs\Shared\CommonDtos.cs' est├í en conflicto con el tipo importado 'AvailableSlotDto' de 'ProConnect.Application, Version=0.0.0.0, Culture=neutral, PublicKeyToken=null'. Se usar├í el tipo definido en 'C:\Users\Miguel\source\repos\Proconenct\ProConnect.Application\DTOs\Shared\CommonDtos.cs'. [C:\Users\Miguel\source\repos\Proconenct\Proconenct.csproj]
C:\Users\Miguel\source\repos\Proconenct\ProConnect.Application\Services\ProfessionalProfileService.cs(317,24): warning CS0436: El tipo 'AvailabilityCheckResponseDto' de 'C:\Users\Miguel\source\repos\Proconenct\ProConnect.Application\DTOs\Shared\CommonDtos.cs' est├í en conflicto con el tipo importado 'AvailabilityCheckResponseDto' de 'ProConnect.Application, Version=0.0.0.0, Culture=neutral, PublicKeyToken=null'. Se usar├í el tipo definido en 'C:\Users\Miguel\source\repos\Proconenct\ProConnect.Application\DTOs\Shared\CommonDtos.cs'. [C:\Users\Miguel\source\repos\Proconenct\Proconenct.csproj]
C:\Users\Miguel\source\repos\Proconenct\ProConnect.Application\Services\ProfessionalProfileService.cs(337,31): warning CS0436: El tipo 'Service' de 'C:\Users\Miguel\source\repos\Proconenct\ProConnect.Core\Entities\ProfessionalProfile.cs' est├í en conflicto con el tipo importado 'Service' de 'ProConnect.Core, Version=0.0.0.0, Culture=neutral, PublicKeyToken=null'. Se usar├í el tipo definido en 'C:\Users\Miguel\source\repos\Proconenct\ProConnect.Core\Entities\ProfessionalProfile.cs'. [C:\Users\Miguel\source\repos\Proconenct\Proconenct.csproj]
C:\Users\Miguel\source\repos\Proconenct\ProConnect.Application\Services\ProfessionalProfileService.cs(341,25): warning CS0436: El tipo 'ServiceType' de 'C:\Users\Miguel\source\repos\Proconenct\ProConnect.Core\Entities\ProfessionalProfile.cs' est├í en conflicto con el tipo importado 'ServiceType' de 'ProConnect.Core, Version=0.0.0.0, Culture=neutral, PublicKeyToken=null'. Se usar├í el tipo definido en 'C:\Users\Miguel\source\repos\Proconenct\ProConnect.Core\Entities\ProfessionalProfile.cs'. [C:\Users\Miguel\source\repos\Proconenct\Proconenct.csproj]
C:\Users\Miguel\source\repos\Proconenct\ProConnect.Application\Services\ProfessionalProfileService.cs(365,29): warning CS0436: El tipo 'ServiceType' de 'C:\Users\Miguel\source\repos\Proconenct\ProConnect.Core\Entities\ProfessionalProfile.cs' est├í en conflicto con el tipo importado 'ServiceType' de 'ProConnect.Core, Version=0.0.0.0, Culture=neutral, PublicKeyToken=null'. Se usar├í el tipo definido en 'C:\Users\Miguel\source\repos\Proconenct\ProConnect.Core\Entities\ProfessionalProfile.cs'. [C:\Users\Miguel\source\repos\Proconenct\Proconenct.csproj]
C:\Users\Miguel\source\repos\Proconenct\ProConnect.Infrastructure\Repositores\ProfessionalProfileRepository.cs(202,35): warning CS0436: El tipo 'ProfessionalProfile' de 'C:\Users\Miguel\source\repos\Proconenct\ProConnect.Core\Entities\ProfessionalProfile.cs' est├í en conflicto con el tipo importado 'ProfessionalProfile' de 'ProConnect.Core, Version=0.0.0.0, Culture=neutral, PublicKeyToken=null'. Se usar├í el tipo definido en 'C:\Users\Miguel\source\repos\Proconenct\ProConnect.Core\Entities\ProfessionalProfile.cs'. [C:\Users\Miguel\source\repos\Proconenct\Proconenct.csproj]
C:\Users\Miguel\source\repos\Proconenct\ProConnect.Infrastructure\Repositores\ProfessionalProfileRepository.cs(203,26): warning CS0436: El tipo 'ProfessionalProfile' de 'C:\Users\Miguel\source\repos\Proconenct\ProConnect.Core\Entities\ProfessionalProfile.cs' est├í en conflicto con el tipo importado 'ProfessionalProfile' de 'ProConnect.Core, Version=0.0.0.0, Culture=neutral, PublicKeyToken=null'. Se usar├í el tipo definido en 'C:\Users\Miguel\source\repos\Proconenct\ProConnect.Core\Entities\ProfessionalProfile.cs'. [C:\Users\Miguel\source\repos\Proconenct\Proconenct.csproj]
C:\Users\Miguel\source\repos\Proconenct\ProConnect.Infrastructure\Repositores\ProfessionalProfileRepository.cs(204,26): warning CS0436: El tipo 'ProfessionalProfile' de 'C:\Users\Miguel\source\repos\Proconenct\ProConnect.Core\Entities\ProfessionalProfile.cs' est├í en conflicto con el tipo importado 'ProfessionalProfile' de 'ProConnect.Core, Version=0.0.0.0, Culture=neutral, PublicKeyToken=null'. Se usar├í el tipo definido en 'C:\Users\Miguel\source\repos\Proconenct\ProConnect.Core\Entities\ProfessionalProfile.cs'. [C:\Users\Miguel\source\repos\Proconenct\Proconenct.csproj]
C:\Users\Miguel\source\repos\Proconenct\ProConnect.Infrastructure\Repositores\ProfessionalProfileRepository.cs(206,35): warning CS0436: El tipo 'ProfessionalProfile' de 'C:\Users\Miguel\source\repos\Proconenct\ProConnect.Core\Entities\ProfessionalProfile.cs' est├í en conflicto con el tipo importado 'ProfessionalProfile' de 'ProConnect.Core, Version=0.0.0.0, Culture=neutral, PublicKeyToken=null'. Se usar├í el tipo definido en 'C:\Users\Miguel\source\repos\Proconenct\ProConnect.Core\Entities\ProfessionalProfile.cs'. [C:\Users\Miguel\source\repos\Proconenct\Proconenct.csproj]
C:\Users\Miguel\source\repos\Proconenct\ProConnect.Infrastructure\Repositores\BookingRepository.cs(202,33): warning CS0436: El tipo 'BookingStatus' de 'C:\Users\Miguel\source\repos\Proconenct\ProConnect.Core\Entities\Booking.cs' est├í en conflicto con el tipo importado 'BookingStatus' de 'ProConnect.Core, Version=0.0.0.0, Culture=neutral, PublicKeyToken=null'. Se usar├í el tipo definido en 'C:\Users\Miguel\source\repos\Proconenct\ProConnect.Core\Entities\Booking.cs'. [C:\Users\Miguel\source\repos\Proconenct\Proconenct.csproj]
C:\Users\Miguel\source\repos\Proconenct\ProConnect.Infrastructure\Repositores\ProfessionalProfileRepository.cs(219,35): warning CS0436: El tipo 'ProfessionalProfile' de 'C:\Users\Miguel\source\repos\Proconenct\ProConnect.Core\Entities\ProfessionalProfile.cs' est├í en conflicto con el tipo importado 'ProfessionalProfile' de 'ProConnect.Core, Version=0.0.0.0, Culture=neutral, PublicKeyToken=null'. Se usar├í el tipo definido en 'C:\Users\Miguel\source\repos\Proconenct\ProConnect.Core\Entities\ProfessionalProfile.cs'. [C:\Users\Miguel\source\repos\Proconenct\Proconenct.csproj]
C:\Users\Miguel\source\repos\Proconenct\ProConnect.Application\Services\ProfessionalProfileService.cs(386,45): warning CS0436: El tipo 'ServiceDto' de 'C:\Users\Miguel\source\repos\Proconenct\ProConnect.Application\DTOs\Shared\CommonDtos.cs' est├í en conflicto con el tipo importado 'ServiceDto' de 'ProConnect.Application, Version=0.0.0.0, Culture=neutral, PublicKeyToken=null'. Se usar├í el tipo definido en 'C:\Users\Miguel\source\repos\Proconenct\ProConnect.Application\DTOs\Shared\CommonDtos.cs'. [C:\Users\Miguel\source\repos\Proconenct\Proconenct.csproj]
C:\Users\Miguel\source\repos\Proconenct\ProConnect.Application\Services\ProfessionalProfileService.cs(391,25): warning CS0436: El tipo 'ServiceTypeDto' de 'C:\Users\Miguel\source\repos\Proconenct\ProConnect.Application\DTOs\Shared\CommonDtos.cs' est├í en conflicto con el tipo importado 'ServiceTypeDto' de 'ProConnect.Application, Version=0.0.0.0, Culture=neutral, PublicKeyToken=null'. Se usar├í el tipo definido en 'C:\Users\Miguel\source\repos\Proconenct\ProConnect.Application\DTOs\Shared\CommonDtos.cs'. [C:\Users\Miguel\source\repos\Proconenct\Proconenct.csproj]
C:\Users\Miguel\source\repos\Proconenct\ProConnect.Infrastructure\Repositores\BookingRepository.cs(238,39): warning CS0436: El tipo 'Booking' de 'C:\Users\Miguel\source\repos\Proconenct\ProConnect.Core\Entities\Booking.cs' est├í en conflicto con el tipo importado 'Booking' de 'ProConnect.Core, Version=0.0.0.0, Culture=neutral, PublicKeyToken=null'. Se usar├í el tipo definido en 'C:\Users\Miguel\source\repos\Proconenct\ProConnect.Core\Entities\Booking.cs'. [C:\Users\Miguel\source\repos\Proconenct\Proconenct.csproj]
C:\Users\Miguel\source\repos\Proconenct\ProConnect.Infrastructure\Repositores\BookingRepository.cs(239,30): warning CS0436: El tipo 'Booking' de 'C:\Users\Miguel\source\repos\Proconenct\ProConnect.Core\Entities\Booking.cs' est├í en conflicto con el tipo importado 'Booking' de 'ProConnect.Core, Version=0.0.0.0, Culture=neutral, PublicKeyToken=null'. Se usar├í el tipo definido en 'C:\Users\Miguel\source\repos\Proconenct\ProConnect.Core\Entities\Booking.cs'. [C:\Users\Miguel\source\repos\Proconenct\Proconenct.csproj]
C:\Users\Miguel\source\repos\Proconenct\ProConnect.Infrastructure\Repositores\BookingRepository.cs(240,30): warning CS0436: El tipo 'Booking' de 'C:\Users\Miguel\source\repos\Proconenct\ProConnect.Core\Entities\Booking.cs' est├í en conflicto con el tipo importado 'Booking' de 'ProConnect.Core, Version=0.0.0.0, Culture=neutral, PublicKeyToken=null'. Se usar├í el tipo definido en 'C:\Users\Miguel\source\repos\Proconenct\ProConnect.Core\Entities\Booking.cs'. [C:\Users\Miguel\source\repos\Proconenct\Proconenct.csproj]
C:\Users\Miguel\source\repos\Proconenct\ProConnect.Infrastructure\Repositores\BookingRepository.cs(241,30): warning CS0436: El tipo 'Booking' de 'C:\Users\Miguel\source\repos\Proconenct\ProConnect.Core\Entities\Booking.cs' est├í en conflicto con el tipo importado 'Booking' de 'ProConnect.Core, Version=0.0.0.0, Culture=neutral, PublicKeyToken=null'. Se usar├í el tipo definido en 'C:\Users\Miguel\source\repos\Proconenct\ProConnect.Core\Entities\Booking.cs'. [C:\Users\Miguel\source\repos\Proconenct\Proconenct.csproj]
C:\Users\Miguel\source\repos\Proconenct\ProConnect.Infrastructure\Repositores\BookingRepository.cs(241,64): warning CS0436: El tipo 'BookingStatus' de 'C:\Users\Miguel\source\repos\Proconenct\ProConnect.Core\Entities\Booking.cs' est├í en conflicto con el tipo importado 'BookingStatus' de 'ProConnect.Core, Version=0.0.0.0, Culture=neutral, PublicKeyToken=null'. Se usar├í el tipo definido en 'C:\Users\Miguel\source\repos\Proconenct\ProConnect.Core\Entities\Booking.cs'. [C:\Users\Miguel\source\repos\Proconenct\Proconenct.csproj]
C:\Users\Miguel\source\repos\Proconenct\ProConnect.Infrastructure\Repositores\BookingRepository.cs(243,37): warning CS0436: El tipo 'Booking' de 'C:\Users\Miguel\source\repos\Proconenct\ProConnect.Core\Entities\Booking.cs' est├í en conflicto con el tipo importado 'Booking' de 'ProConnect.Core, Version=0.0.0.0, Culture=neutral, PublicKeyToken=null'. Se usar├í el tipo definido en 'C:\Users\Miguel\source\repos\Proconenct\ProConnect.Core\Entities\Booking.cs'. [C:\Users\Miguel\source\repos\Proconenct\Proconenct.csproj]
C:\Users\Miguel\source\repos\Proconenct\ProConnect.Application\Services\ProfessionalProfileService.cs(403,24): warning CS0436: El tipo 'AvailabilitySchedule' de 'C:\Users\Miguel\source\repos\Proconenct\ProConnect.Core\Entities\ProfessionalProfile.cs' est├í en conflicto con el tipo importado 'AvailabilitySchedule' de 'ProConnect.Core, Version=0.0.0.0, Culture=neutral, PublicKeyToken=null'. Se usar├í el tipo definido en 'C:\Users\Miguel\source\repos\Proconenct\ProConnect.Core\Entities\ProfessionalProfile.cs'. [C:\Users\Miguel\source\repos\Proconenct\Proconenct.csproj]
C:\Users\Miguel\source\repos\Proconenct\ProConnect.Application\Services\ProfessionalProfileService.cs(421,24): warning CS0436: El tipo 'DaySchedule' de 'C:\Users\Miguel\source\repos\Proconenct\ProConnect.Core\Entities\ProfessionalProfile.cs' est├í en conflicto con el tipo importado 'DaySchedule' de 'ProConnect.Core, Version=0.0.0.0, Culture=neutral, PublicKeyToken=null'. Se usar├í el tipo definido en 'C:\Users\Miguel\source\repos\Proconenct\ProConnect.Core\Entities\ProfessionalProfile.cs'. [C:\Users\Miguel\source\repos\Proconenct\Proconenct.csproj]
C:\Users\Miguel\source\repos\Proconenct\ProConnect.Infrastructure\Repositores\ProfessionalProfileRepository.cs(227,50): warning CS0436: El tipo 'Service' de 'C:\Users\Miguel\source\repos\Proconenct\ProConnect.Core\Entities\ProfessionalProfile.cs' est├í en conflicto con el tipo importado 'Service' de 'ProConnect.Core, Version=0.0.0.0, Culture=neutral, PublicKeyToken=null'. Se usar├í el tipo definido en 'C:\Users\Miguel\source\repos\Proconenct\ProConnect.Core\Entities\ProfessionalProfile.cs'. [C:\Users\Miguel\source\repos\Proconenct\Proconenct.csproj]
C:\Users\Miguel\source\repos\Proconenct\ProConnect.Infrastructure\Repositores\BookingRepository.cs(261,39): warning CS0436: El tipo 'Booking' de 'C:\Users\Miguel\source\repos\Proconenct\ProConnect.Core\Entities\Booking.cs' est├í en conflicto con el tipo importado 'Booking' de 'ProConnect.Core, Version=0.0.0.0, Culture=neutral, PublicKeyToken=null'. Se usar├í el tipo definido en 'C:\Users\Miguel\source\repos\Proconenct\ProConnect.Core\Entities\Booking.cs'. [C:\Users\Miguel\source\repos\Proconenct\Proconenct.csproj]
C:\Users\Miguel\source\repos\Proconenct\ProConnect.Infrastructure\Repositores\BookingRepository.cs(262,30): warning CS0436: El tipo 'Booking' de 'C:\Users\Miguel\source\repos\Proconenct\ProConnect.Core\Entities\Booking.cs' est├í en conflicto con el tipo importado 'Booking' de 'ProConnect.Core, Version=0.0.0.0, Culture=neutral, PublicKeyToken=null'. Se usar├í el tipo definido en 'C:\Users\Miguel\source\repos\Proconenct\ProConnect.Core\Entities\Booking.cs'. [C:\Users\Miguel\source\repos\Proconenct\Proconenct.csproj]
C:\Users\Miguel\source\repos\Proconenct\ProConnect.Infrastructure\Repositores\BookingRepository.cs(263,30): warning CS0436: El tipo 'Booking' de 'C:\Users\Miguel\source\repos\Proconenct\ProConnect.Core\Entities\Booking.cs' est├í en conflicto con el tipo importado 'Booking' de 'ProConnect.Core, Version=0.0.0.0, Culture=neutral, PublicKeyToken=null'. Se usar├í el tipo definido en 'C:\Users\Miguel\source\repos\Proconenct\ProConnect.Core\Entities\Booking.cs'. [C:\Users\Miguel\source\repos\Proconenct\Proconenct.csproj]
C:\Users\Miguel\source\repos\Proconenct\ProConnect.Infrastructure\Repositores\BookingRepository.cs(263,64): warning CS0436: El tipo 'BookingStatus' de 'C:\Users\Miguel\source\repos\Proconenct\ProConnect.Core\Entities\Booking.cs' est├í en conflicto con el tipo importado 'BookingStatus' de 'ProConnect.Core, Version=0.0.0.0, Culture=neutral, PublicKeyToken=null'. Se usar├í el tipo definido en 'C:\Users\Miguel\source\repos\Proconenct\ProConnect.Core\Entities\Booking.cs'. [C:\Users\Miguel\source\repos\Proconenct\Proconenct.csproj]
C:\Users\Miguel\source\repos\Proconenct\ProConnect.Infrastructure\Repositores\BookingRepository.cs(265,37): warning CS0436: El tipo 'Booking' de 'C:\Users\Miguel\source\repos\Proconenct\ProConnect.Core\Entities\Booking.cs' est├í en conflicto con el tipo importado 'Booking' de 'ProConnect.Core, Version=0.0.0.0, Culture=neutral, PublicKeyToken=null'. Se usar├í el tipo definido en 'C:\Users\Miguel\source\repos\Proconenct\ProConnect.Core\Entities\Booking.cs'. [C:\Users\Miguel\source\repos\Proconenct\Proconenct.csproj]
C:\Users\Miguel\source\repos\Proconenct\ProConnect.Infrastructure\Repositores\BookingRepository.cs(283,39): warning CS0436: El tipo 'Booking' de 'C:\Users\Miguel\source\repos\Proconenct\ProConnect.Core\Entities\Booking.cs' est├í en conflicto con el tipo importado 'Booking' de 'ProConnect.Core, Version=0.0.0.0, Culture=neutral, PublicKeyToken=null'. Se usar├í el tipo definido en 'C:\Users\Miguel\source\repos\Proconenct\ProConnect.Core\Entities\Booking.cs'. [C:\Users\Miguel\source\repos\Proconenct\Proconenct.csproj]
C:\Users\Miguel\source\repos\Proconenct\ProConnect.Application\Services\ProfessionalProfileService.cs(436,35): warning CS0436: El tipo 'ProfessionalProfileResponseDto' de 'C:\Users\Miguel\source\repos\Proconenct\ProConnect.Application\DTOs\ProfessionalProfileResponseDto.cs' est├í en conflicto con el tipo importado 'ProfessionalProfileResponseDto' de 'ProConnect.Application, Version=0.0.0.0, Culture=neutral, PublicKeyToken=null'. Se usar├í el tipo definido en 'C:\Users\Miguel\source\repos\Proconenct\ProConnect.Application\DTOs\ProfessionalProfileResponseDto.cs'. [C:\Users\Miguel\source\repos\Proconenct\Proconenct.csproj]
C:\Users\Miguel\source\repos\Proconenct\ProConnect.Application\Services\ProfessionalProfileService.cs(450,27): warning CS0436: El tipo 'ProfileStatusDto' de 'C:\Users\Miguel\source\repos\Proconenct\ProConnect.Application\DTOs\Shared\CommonDtos.cs' est├í en conflicto con el tipo importado 'ProfileStatusDto' de 'ProConnect.Application, Version=0.0.0.0, Culture=neutral, PublicKeyToken=null'. Se usar├í el tipo definido en 'C:\Users\Miguel\source\repos\Proconenct\ProConnect.Application\DTOs\Shared\CommonDtos.cs'. [C:\Users\Miguel\source\repos\Proconenct\Proconenct.csproj]
C:\Users\Miguel\source\repos\Proconenct\ProConnect.Application\Services\ProfessionalProfileService.cs(434,60): warning CS1998: El m├®todo asincr├│nico carece de operadores "await" y se ejecutar├í de forma sincr├│nica. Puede usar el operador 'await' para esperar llamadas API que no sean de bloqueo o 'await Task.Run(...)' para hacer tareas enlazadas a la CPU en un subproceso en segundo plano. [C:\Users\Miguel\source\repos\Proconenct\Proconenct.csproj]
C:\Users\Miguel\source\repos\Proconenct\ProConnect.Application\Services\ProfessionalProfileService.cs(485,24): warning CS0436: El tipo 'PortfolioItemDto' de 'C:\Users\Miguel\source\repos\Proconenct\ProConnect.Application\DTOs\ProfessionalProfileResponseDto.cs' est├í en conflicto con el tipo importado 'PortfolioItemDto' de 'ProConnect.Application, Version=0.0.0.0, Culture=neutral, PublicKeyToken=null'. Se usar├í el tipo definido en 'C:\Users\Miguel\source\repos\Proconenct\ProConnect.Application\DTOs\ProfessionalProfileResponseDto.cs'. [C:\Users\Miguel\source\repos\Proconenct\Proconenct.csproj]
C:\Users\Miguel\source\repos\Proconenct\ProConnect.Application\Services\ProfessionalProfileService.cs(500,24): warning CS0436: El tipo 'AvailabilityScheduleDto' de 'C:\Users\Miguel\source\repos\Proconenct\ProConnect.Application\DTOs\Shared\CommonDtos.cs' est├í en conflicto con el tipo importado 'AvailabilityScheduleDto' de 'ProConnect.Application, Version=0.0.0.0, Culture=neutral, PublicKeyToken=null'. Se usar├í el tipo definido en 'C:\Users\Miguel\source\repos\Proconenct\ProConnect.Application\DTOs\Shared\CommonDtos.cs'. [C:\Users\Miguel\source\repos\Proconenct\Proconenct.csproj]
C:\Users\Miguel\source\repos\Proconenct\ProConnect.Infrastructure\Repositores\BookingRepository.cs(297,39): warning CS0436: El tipo 'Booking' de 'C:\Users\Miguel\source\repos\Proconenct\ProConnect.Core\Entities\Booking.cs' est├í en conflicto con el tipo importado 'Booking' de 'ProConnect.Core, Version=0.0.0.0, Culture=neutral, PublicKeyToken=null'. Se usar├í el tipo definido en 'C:\Users\Miguel\source\repos\Proconenct\ProConnect.Core\Entities\Booking.cs'. [C:\Users\Miguel\source\repos\Proconenct\Proconenct.csproj]
C:\Users\Miguel\source\repos\Proconenct\ProConnect.Application\Services\ProfessionalProfileService.cs(518,24): warning CS0436: El tipo 'DayScheduleDto' de 'C:\Users\Miguel\source\repos\Proconenct\ProConnect.Application\DTOs\Shared\CommonDtos.cs' est├í en conflicto con el tipo importado 'DayScheduleDto' de 'ProConnect.Application, Version=0.0.0.0, Culture=neutral, PublicKeyToken=null'. Se usar├í el tipo definido en 'C:\Users\Miguel\source\repos\Proconenct\ProConnect.Application\DTOs\Shared\CommonDtos.cs'. [C:\Users\Miguel\source\repos\Proconenct\Proconenct.csproj]
C:\Users\Miguel\source\repos\Proconenct\ProConnect.Infrastructure\Repositores\BookingRepository.cs(311,39): warning CS0436: El tipo 'Booking' de 'C:\Users\Miguel\source\repos\Proconenct\ProConnect.Core\Entities\Booking.cs' est├í en conflicto con el tipo importado 'Booking' de 'ProConnect.Core, Version=0.0.0.0, Culture=neutral, PublicKeyToken=null'. Se usar├í el tipo definido en 'C:\Users\Miguel\source\repos\Proconenct\ProConnect.Core\Entities\Booking.cs'. [C:\Users\Miguel\source\repos\Proconenct\Proconenct.csproj]
C:\Users\Miguel\source\repos\Proconenct\ProConnect.Infrastructure\Repositores\ProfessionalProfileRepository.cs(233,36): warning CS0436: El tipo 'ProfessionalProfile' de 'C:\Users\Miguel\source\repos\Proconenct\ProConnect.Core\Entities\ProfessionalProfile.cs' est├í en conflicto con el tipo importado 'ProfessionalProfile' de 'ProConnect.Core, Version=0.0.0.0, Culture=neutral, PublicKeyToken=null'. Se usar├í el tipo definido en 'C:\Users\Miguel\source\repos\Proconenct\ProConnect.Core\Entities\ProfessionalProfile.cs'. [C:\Users\Miguel\source\repos\Proconenct\Proconenct.csproj]
C:\Users\Miguel\source\repos\Proconenct\ProConnect.Infrastructure\Repositores\ProfessionalProfileRepository.cs(234,56): warning CS0436: El tipo 'ProfessionalProfile' de 'C:\Users\Miguel\source\repos\Proconenct\ProConnect.Core\Entities\ProfessionalProfile.cs' est├í en conflicto con el tipo importado 'ProfessionalProfile' de 'ProConnect.Core, Version=0.0.0.0, Culture=neutral, PublicKeyToken=null'. Se usar├í el tipo definido en 'C:\Users\Miguel\source\repos\Proconenct\ProConnect.Core\Entities\ProfessionalProfile.cs'. [C:\Users\Miguel\source\repos\Proconenct\Proconenct.csproj]
C:\Users\Miguel\source\repos\Proconenct\ProConnect.Infrastructure\Repositores\ProfessionalProfileRepository.cs(236,43): warning CS0436: El tipo 'ProfileStatus' de 'C:\Users\Miguel\source\repos\Proconenct\ProConnect.Core\Entities\ProfessionalProfile.cs' est├í en conflicto con el tipo importado 'ProfileStatus' de 'ProConnect.Core, Version=0.0.0.0, Culture=neutral, PublicKeyToken=null'. Se usar├í el tipo definido en 'C:\Users\Miguel\source\repos\Proconenct\ProConnect.Core\Entities\ProfessionalProfile.cs'. [C:\Users\Miguel\source\repos\Proconenct\Proconenct.csproj]
C:\Users\Miguel\source\repos\Proconenct\ProConnect.Infrastructure\Repositores\ProfessionalProfileRepository.cs(283,92): warning CS0436: El tipo 'ProfessionalProfile' de 'C:\Users\Miguel\source\repos\Proconenct\ProConnect.Core\Entities\ProfessionalProfile.cs' est├í en conflicto con el tipo importado 'ProfessionalProfile' de 'ProConnect.Core, Version=0.0.0.0, Culture=neutral, PublicKeyToken=null'. Se usar├í el tipo definido en 'C:\Users\Miguel\source\repos\Proconenct\ProConnect.Core\Entities\ProfessionalProfile.cs'. [C:\Users\Miguel\source\repos\Proconenct\Proconenct.csproj]
C:\Users\Miguel\source\repos\Proconenct\ProConnect.Infrastructure\Repositores\ProfessionalProfileRepository.cs(295,33): warning CS0436: El tipo 'ProfessionalProfile' de 'C:\Users\Miguel\source\repos\Proconenct\ProConnect.Core\Entities\ProfessionalProfile.cs' est├í en conflicto con el tipo importado 'ProfessionalProfile' de 'ProConnect.Core, Version=0.0.0.0, Culture=neutral, PublicKeyToken=null'. Se usar├í el tipo definido en 'C:\Users\Miguel\source\repos\Proconenct\ProConnect.Core\Entities\ProfessionalProfile.cs'. [C:\Users\Miguel\source\repos\Proconenct\Proconenct.csproj]
C:\Users\Miguel\source\repos\Proconenct\ProConnect.Infrastructure\Repositores\ProfessionalProfileRepository.cs(299,37): warning CS0436: El tipo 'ProfessionalProfile' de 'C:\Users\Miguel\source\repos\Proconenct\ProConnect.Core\Entities\ProfessionalProfile.cs' est├í en conflicto con el tipo importado 'ProfessionalProfile' de 'ProConnect.Core, Version=0.0.0.0, Culture=neutral, PublicKeyToken=null'. Se usar├í el tipo definido en 'C:\Users\Miguel\source\repos\Proconenct\ProConnect.Core\Entities\ProfessionalProfile.cs'. [C:\Users\Miguel\source\repos\Proconenct\Proconenct.csproj]
C:\Users\Miguel\source\repos\Proconenct\ProConnect.Infrastructure\Repositores\ProfessionalProfileRepository.cs(302,37): warning CS0436: El tipo 'ProfessionalProfile' de 'C:\Users\Miguel\source\repos\Proconenct\ProConnect.Core\Entities\ProfessionalProfile.cs' est├í en conflicto con el tipo importado 'ProfessionalProfile' de 'ProConnect.Core, Version=0.0.0.0, Culture=neutral, PublicKeyToken=null'. Se usar├í el tipo definido en 'C:\Users\Miguel\source\repos\Proconenct\ProConnect.Core\Entities\ProfessionalProfile.cs'. [C:\Users\Miguel\source\repos\Proconenct\Proconenct.csproj]
C:\Users\Miguel\source\repos\Proconenct\ProConnect.Infrastructure\Repositores\ProfessionalProfileRepository.cs(305,37): warning CS0436: El tipo 'ProfessionalProfile' de 'C:\Users\Miguel\source\repos\Proconenct\ProConnect.Core\Entities\ProfessionalProfile.cs' est├í en conflicto con el tipo importado 'ProfessionalProfile' de 'ProConnect.Core, Version=0.0.0.0, Culture=neutral, PublicKeyToken=null'. Se usar├í el tipo definido en 'C:\Users\Miguel\source\repos\Proconenct\ProConnect.Core\Entities\ProfessionalProfile.cs'. [C:\Users\Miguel\source\repos\Proconenct\Proconenct.csproj]
C:\Users\Miguel\source\repos\Proconenct\ProConnect.Infrastructure\Repositores\ProfessionalProfileRepository.cs(308,37): warning CS0436: El tipo 'ProfessionalProfile' de 'C:\Users\Miguel\source\repos\Proconenct\ProConnect.Core\Entities\ProfessionalProfile.cs' est├í en conflicto con el tipo importado 'ProfessionalProfile' de 'ProConnect.Core, Version=0.0.0.0, Culture=neutral, PublicKeyToken=null'. Se usar├í el tipo definido en 'C:\Users\Miguel\source\repos\Proconenct\ProConnect.Core\Entities\ProfessionalProfile.cs'. [C:\Users\Miguel\source\repos\Proconenct\Proconenct.csproj]
C:\Users\Miguel\source\repos\Proconenct\ProConnect.Infrastructure\Repositores\ProfessionalProfileRepository.cs(319,39): warning CS0436: El tipo 'ProfessionalProfile' de 'C:\Users\Miguel\source\repos\Proconenct\ProConnect.Core\Entities\ProfessionalProfile.cs' est├í en conflicto con el tipo importado 'ProfessionalProfile' de 'ProConnect.Core, Version=0.0.0.0, Culture=neutral, PublicKeyToken=null'. Se usar├í el tipo definido en 'C:\Users\Miguel\source\repos\Proconenct\ProConnect.Core\Entities\ProfessionalProfile.cs'. [C:\Users\Miguel\source\repos\Proconenct\Proconenct.csproj]
C:\Users\Miguel\source\repos\Proconenct\ProConnect.Infrastructure\Repositores\ProfessionalProfileRepository.cs(334,26): warning CS0436: El tipo 'ProfessionalProfile' de 'C:\Users\Miguel\source\repos\Proconenct\ProConnect.Core\Entities\ProfessionalProfile.cs' est├í en conflicto con el tipo importado 'ProfessionalProfile' de 'ProConnect.Core, Version=0.0.0.0, Culture=neutral, PublicKeyToken=null'. Se usar├í el tipo definido en 'C:\Users\Miguel\source\repos\Proconenct\ProConnect.Core\Entities\ProfessionalProfile.cs'. [C:\Users\Miguel\source\repos\Proconenct\Proconenct.csproj]
C:\Users\Miguel\source\repos\Proconenct\ProConnect.Infrastructure\Repositores\ProfessionalProfileRepository.cs(343,24): warning CS0436: El tipo 'PagedResult<T>' de 'C:\Users\Miguel\source\repos\Proconenct\ProConnect.Core\Models\PagedResult.cs' est├í en conflicto con el tipo importado 'PagedResult<T>' de 'ProConnect.Core, Version=0.0.0.0, Culture=neutral, PublicKeyToken=null'. Se usar├í el tipo definido en 'C:\Users\Miguel\source\repos\Proconenct\ProConnect.Core\Models\PagedResult.cs'. [C:\Users\Miguel\source\repos\Proconenct\Proconenct.csproj]
C:\Users\Miguel\source\repos\Proconenct\ProConnect.Infrastructure\Repositores\ProfessionalProfileRepository.cs(343,36): warning CS0436: El tipo 'ProfessionalProfile' de 'C:\Users\Miguel\source\repos\Proconenct\ProConnect.Core\Entities\ProfessionalProfile.cs' est├í en conflicto con el tipo importado 'ProfessionalProfile' de 'ProConnect.Core, Version=0.0.0.0, Culture=neutral, PublicKeyToken=null'. Se usar├í el tipo definido en 'C:\Users\Miguel\source\repos\Proconenct\ProConnect.Core\Entities\ProfessionalProfile.cs'. [C:\Users\Miguel\source\repos\Proconenct\Proconenct.csproj]
C:\Users\Miguel\source\repos\Proconenct\ProConnect.Infrastructure\Repositores\ProfessionalProfileRepository.cs(252,29): warning CS8602: Desreferencia de una referencia posiblemente NULL. [C:\Users\Miguel\source\repos\Proconenct\Proconenct.csproj]
C:\Users\Miguel\source\repos\Proconenct\ProConnect.Infrastructure\Repositores\ProfessionalProfileRepository.cs(262,76): warning CS8602: Desreferencia de una referencia posiblemente NULL. [C:\Users\Miguel\source\repos\Proconenct\Proconenct.csproj]
C:\Users\Miguel\source\repos\Proconenct\ProConnect.Infrastructure\Repositores\ProfessionalProfileRepository.cs(267,63): warning CS8629: Un tipo que acepta valores NULL puede ser nulo. [C:\Users\Miguel\source\repos\Proconenct\Proconenct.csproj]
C:\Users\Miguel\source\repos\Proconenct\ProConnect.Infrastructure\Repositores\ProfessionalProfileRepository.cs(271,63): warning CS8629: Un tipo que acepta valores NULL puede ser nulo. [C:\Users\Miguel\source\repos\Proconenct\Proconenct.csproj]
C:\Users\Miguel\source\repos\Proconenct\ProConnect.Infrastructure\Repositores\ProfessionalProfileRepository.cs(275,66): warning CS8629: Un tipo que acepta valores NULL puede ser nulo. [C:\Users\Miguel\source\repos\Proconenct\Proconenct.csproj]
C:\Users\Miguel\source\repos\Proconenct\ProConnect.Infrastructure\Repositores\ProfessionalProfileRepository.cs(279,68): warning CS8629: Un tipo que acepta valores NULL puede ser nulo. [C:\Users\Miguel\source\repos\Proconenct\Proconenct.csproj]
C:\Users\Miguel\source\repos\Proconenct\Program.cs(211,9): warning ASP0019: Use IHeaderDictionary.Append or the indexer to append or set headers. IDictionary.Add will throw an ArgumentException when attempting to add a duplicate key. (https://aka.ms/aspnet/analyzers) [C:\Users\Miguel\source\repos\Proconenct\Proconenct.csproj]

ERROR al compilar.

C:\Users\Miguel\source\repos\Proconenct\Controllers\AuthController.cs(30,78): warning CS0436: El tipo 'RegisterUserDto' de 'C:\Users\Miguel\source\repos\Proconenct\ProConnect.Application\DTOs\RegisterUserDto.cs' est├í en conflicto con el tipo importado 'RegisterUserDto' de 'ProConnect.Application, Version=0.0.0.0, Culture=neutral, PublicKeyToken=null'. Se usar├í el tipo definido en 'C:\Users\Miguel\source\repos\Proconenct\ProConnect.Application\DTOs\RegisterUserDto.cs'. [C:\Users\Miguel\source\repos\Proconenct\Proconenct.csproj]
C:\Users\Miguel\source\repos\Proconenct\Controllers\AuthController.cs(30,40): warning CS0436: El tipo 'AuthResponseDto' de 'C:\Users\Miguel\source\repos\Proconenct\ProConnect.Application\DTOs\AuthResponseDto.cs' est├í en conflicto con el tipo importado 'AuthResponseDto' de 'ProConnect.Application, Version=0.0.0.0, Culture=neutral, PublicKeyToken=null'. Se usar├í el tipo definido en 'C:\Users\Miguel\source\repos\Proconenct\ProConnect.Application\DTOs\AuthResponseDto.cs'. [C:\Users\Miguel\source\repos\Proconenct\Proconenct.csproj]
C:\Users\Miguel\source\repos\Proconenct\Controllers\AuthController.cs(68,75): warning CS0436: El tipo 'LoginUserDto' de 'C:\Users\Miguel\source\repos\Proconenct\ProConnect.Application\DTOs\LoginUserDto.cs' est├í en conflicto con el tipo importado 'LoginUserDto' de 'ProConnect.Application, Version=0.0.0.0, Culture=neutral, PublicKeyToken=null'. Se usar├í el tipo definido en 'C:\Users\Miguel\source\repos\Proconenct\ProConnect.Application\DTOs\LoginUserDto.cs'. [C:\Users\Miguel\source\repos\Proconenct\Proconenct.csproj]
C:\Users\Miguel\source\repos\Proconenct\Controllers\AuthController.cs(68,40): warning CS0436: El tipo 'AuthResponseDto' de 'C:\Users\Miguel\source\repos\Proconenct\ProConnect.Application\DTOs\AuthResponseDto.cs' est├í en conflicto con el tipo importado 'AuthResponseDto' de 'ProConnect.Application, Version=0.0.0.0, Culture=neutral, PublicKeyToken=null'. Se usar├í el tipo definido en 'C:\Users\Miguel\source\repos\Proconenct\ProConnect.Application\DTOs\AuthResponseDto.cs'. [C:\Users\Miguel\source\repos\Proconenct\Proconenct.csproj]
C:\Users\Miguel\source\repos\Proconenct\Controllers\AuthController.cs(12,26): warning CS0436: El tipo 'IAuthService' de 'C:\Users\Miguel\source\repos\Proconenct\ProConnect.Application\Interfaces\IAuthService.cs' est├í en conflicto con el tipo importado 'IAuthService' de 'ProConnect.Application, Version=0.0.0.0, Culture=neutral, PublicKeyToken=null'. Se usar├í el tipo definido en 'C:\Users\Miguel\source\repos\Proconenct\ProConnect.Application\Interfaces\IAuthService.cs'. [C:\Users\Miguel\source\repos\Proconenct\Proconenct.csproj]
C:\Users\Miguel\source\repos\Proconenct\Controllers\AuthController.cs(15,31): warning CS0436: El tipo 'IAuthService' de 'C:\Users\Miguel\source\repos\Proconenct\ProConnect.Application\Interfaces\IAuthService.cs' est├í en conflicto con el tipo importado 'IAuthService' de 'ProConnect.Application, Version=0.0.0.0, Culture=neutral, PublicKeyToken=null'. Se usar├í el tipo definido en 'C:\Users\Miguel\source\repos\Proconenct\ProConnect.Application\Interfaces\IAuthService.cs'. [C:\Users\Miguel\source\repos\Proconenct\Proconenct.csproj]
C:\Users\Miguel\source\repos\Proconenct\Controllers\AuthController.cs(27,38): warning CS0436: El tipo 'AuthResponseDto' de 'C:\Users\Miguel\source\repos\Proconenct\ProConnect.Application\DTOs\AuthResponseDto.cs' est├í en conflicto con el tipo importado 'AuthResponseDto' de 'ProConnect.Application, Version=0.0.0.0, Culture=neutral, PublicKeyToken=null'. Se usar├í el tipo definido en 'C:\Users\Miguel\source\repos\Proconenct\ProConnect.Application\DTOs\AuthResponseDto.cs'. [C:\Users\Miguel\source\repos\Proconenct\Proconenct.csproj]
C:\Users\Miguel\source\repos\Proconenct\Controllers\AuthController.cs(28,38): warning CS0436: El tipo 'AuthResponseDto' de 'C:\Users\Miguel\source\repos\Proconenct\ProConnect.Application\DTOs\AuthResponseDto.cs' est├í en conflicto con el tipo importado 'AuthResponseDto' de 'ProConnect.Application, Version=0.0.0.0, Culture=neutral, PublicKeyToken=null'. Se usar├í el tipo definido en 'C:\Users\Miguel\source\repos\Proconenct\ProConnect.Application\DTOs\AuthResponseDto.cs'. [C:\Users\Miguel\source\repos\Proconenct\Proconenct.csproj]
C:\Users\Miguel\source\repos\Proconenct\Pages\auth\Login.cshtml.cs(11,26): warning CS0436: El tipo 'IAuthService' de 'C:\Users\Miguel\source\repos\Proconenct\ProConnect.Application\Interfaces\IAuthService.cs' est├í en conflicto con el tipo importado 'IAuthService' de 'ProConnect.Application, Version=0.0.0.0, Culture=neutral, PublicKeyToken=null'. Se usar├í el tipo definido en 'C:\Users\Miguel\source\repos\Proconenct\ProConnect.Application\Interfaces\IAuthService.cs'. [C:\Users\Miguel\source\repos\Proconenct\Proconenct.csproj]
C:\Users\Miguel\source\repos\Proconenct\Controllers\AuthController.cs(215,67): warning CS0436: El tipo 'UpdateUserProfileDto' de 'C:\Users\Miguel\source\repos\Proconenct\ProConnect.Application\DTOs\UpdateUserProfileDto.cs' est├í en conflicto con el tipo importado 'UpdateUserProfileDto' de 'ProConnect.Application, Version=0.0.0.0, Culture=neutral, PublicKeyToken=null'. Se usar├í el tipo definido en 'C:\Users\Miguel\source\repos\Proconenct\ProConnect.Application\DTOs\UpdateUserProfileDto.cs'. [C:\Users\Miguel\source\repos\Proconenct\Proconenct.csproj]
C:\Users\Miguel\source\repos\Proconenct\Controllers\BookingController.cs(50,78): warning CS0436: El tipo 'CreateBookingDto' de 'C:\Users\Miguel\source\repos\Proconenct\ProConnect.Application\DTOs\CreateBookingDto.cs' est├í en conflicto con el tipo importado 'CreateBookingDto' de 'ProConnect.Application, Version=0.0.0.0, Culture=neutral, PublicKeyToken=null'. Se usar├í el tipo definido en 'C:\Users\Miguel\source\repos\Proconenct\ProConnect.Application\DTOs\CreateBookingDto.cs'. [C:\Users\Miguel\source\repos\Proconenct\Proconenct.csproj]
C:\Users\Miguel\source\repos\Proconenct\Controllers\BookingController.cs(50,40): warning CS0436: El tipo 'BookingDto' de 'C:\Users\Miguel\source\repos\Proconenct\ProConnect.Application\DTOs\BookingDto.cs' est├í en conflicto con el tipo importado 'BookingDto' de 'ProConnect.Application, Version=0.0.0.0, Culture=neutral, PublicKeyToken=null'. Se usar├í el tipo definido en 'C:\Users\Miguel\source\repos\Proconenct\ProConnect.Application\DTOs\BookingDto.cs'. [C:\Users\Miguel\source\repos\Proconenct\Proconenct.csproj]
C:\Users\Miguel\source\repos\Proconenct\Controllers\AuthController.cs(198,26): warning CS0436: El tipo 'IAuthService' de 'C:\Users\Miguel\source\repos\Proconenct\ProConnect.Application\Interfaces\IAuthService.cs' est├í en conflicto con el tipo importado 'IAuthService' de 'ProConnect.Application, Version=0.0.0.0, Culture=neutral, PublicKeyToken=null'. Se usar├í el tipo definido en 'C:\Users\Miguel\source\repos\Proconenct\ProConnect.Application\Interfaces\IAuthService.cs'. [C:\Users\Miguel\source\repos\Proconenct\Proconenct.csproj]
C:\Users\Miguel\source\repos\Proconenct\Controllers\BookingController.cs(89,40): warning CS0436: El tipo 'BookingDto' de 'C:\Users\Miguel\source\repos\Proconenct\ProConnect.Application\DTOs\BookingDto.cs' est├í en conflicto con el tipo importado 'BookingDto' de 'ProConnect.Application, Version=0.0.0.0, Culture=neutral, PublicKeyToken=null'. Se usar├í el tipo definido en 'C:\Users\Miguel\source\repos\Proconenct\ProConnect.Application\DTOs\BookingDto.cs'. [C:\Users\Miguel\source\repos\Proconenct\Proconenct.csproj]
C:\Users\Miguel\source\repos\Proconenct\Controllers\AuthController.cs(199,32): warning CS0436: El tipo 'IAuthService' de 'C:\Users\Miguel\source\repos\Proconenct\ProConnect.Application\Interfaces\IAuthService.cs' est├í en conflicto con el tipo importado 'IAuthService' de 'ProConnect.Application, Version=0.0.0.0, Culture=neutral, PublicKeyToken=null'. Se usar├í el tipo definido en 'C:\Users\Miguel\source\repos\Proconenct\ProConnect.Application\Interfaces\IAuthService.cs'. [C:\Users\Miguel\source\repos\Proconenct\Proconenct.csproj]
C:\Users\Miguel\source\repos\Proconenct\Controllers\AuthController.cs(65,38): warning CS0436: El tipo 'AuthResponseDto' de 'C:\Users\Miguel\source\repos\Proconenct\ProConnect.Application\DTOs\AuthResponseDto.cs' est├í en conflicto con el tipo importado 'AuthResponseDto' de 'ProConnect.Application, Version=0.0.0.0, Culture=neutral, PublicKeyToken=null'. Se usar├í el tipo definido en 'C:\Users\Miguel\source\repos\Proconenct\ProConnect.Application\DTOs\AuthResponseDto.cs'. [C:\Users\Miguel\source\repos\Proconenct\Proconenct.csproj]
C:\Users\Miguel\source\repos\Proconenct\Controllers\AuthController.cs(66,38): warning CS0436: El tipo 'AuthResponseDto' de 'C:\Users\Miguel\source\repos\Proconenct\ProConnect.Application\DTOs\AuthResponseDto.cs' est├í en conflicto con el tipo importado 'AuthResponseDto' de 'ProConnect.Application, Version=0.0.0.0, Culture=neutral, PublicKeyToken=null'. Se usar├í el tipo definido en 'C:\Users\Miguel\source\repos\Proconenct\ProConnect.Application\DTOs\AuthResponseDto.cs'. [C:\Users\Miguel\source\repos\Proconenct\Proconenct.csproj]
C:\Users\Miguel\source\repos\Proconenct\Controllers\BookingController.cs(124,45): warning CS0436: El tipo 'BookingDto' de 'C:\Users\Miguel\source\repos\Proconenct\ProConnect.Application\DTOs\BookingDto.cs' est├í en conflicto con el tipo importado 'BookingDto' de 'ProConnect.Application, Version=0.0.0.0, Culture=neutral, PublicKeyToken=null'. Se usar├í el tipo definido en 'C:\Users\Miguel\source\repos\Proconenct\ProConnect.Application\DTOs\BookingDto.cs'. [C:\Users\Miguel\source\repos\Proconenct\Proconenct.csproj]
C:\Users\Miguel\source\repos\Proconenct\Controllers\BookingController.cs(151,45): warning CS0436: El tipo 'BookingDto' de 'C:\Users\Miguel\source\repos\Proconenct\ProConnect.Application\DTOs\BookingDto.cs' est├í en conflicto con el tipo importado 'BookingDto' de 'ProConnect.Application, Version=0.0.0.0, Culture=neutral, PublicKeyToken=null'. Se usar├í el tipo definido en 'C:\Users\Miguel\source\repos\Proconenct\ProConnect.Application\DTOs\BookingDto.cs'. [C:\Users\Miguel\source\repos\Proconenct\Proconenct.csproj]
C:\Users\Miguel\source\repos\Proconenct\Controllers\BookingController.cs(188,89): warning CS0436: El tipo 'UpdateBookingDto' de 'C:\Users\Miguel\source\repos\Proconenct\ProConnect.Application\DTOs\UpdateBookingDto.cs' est├í en conflicto con el tipo importado 'UpdateBookingDto' de 'ProConnect.Application, Version=0.0.0.0, Culture=neutral, PublicKeyToken=null'. Se usar├í el tipo definido en 'C:\Users\Miguel\source\repos\Proconenct\ProConnect.Application\DTOs\UpdateBookingDto.cs'. [C:\Users\Miguel\source\repos\Proconenct\Proconenct.csproj]
C:\Users\Miguel\source\repos\Proconenct\Controllers\BookingController.cs(188,40): warning CS0436: El tipo 'BookingDto' de 'C:\Users\Miguel\source\repos\Proconenct\ProConnect.Application\DTOs\BookingDto.cs' est├í en conflicto con el tipo importado 'BookingDto' de 'ProConnect.Application, Version=0.0.0.0, Culture=neutral, PublicKeyToken=null'. Se usar├í el tipo definido en 'C:\Users\Miguel\source\repos\Proconenct\ProConnect.Application\DTOs\BookingDto.cs'. [C:\Users\Miguel\source\repos\Proconenct\Proconenct.csproj]
C:\Users\Miguel\source\repos\Proconenct\Pages\auth\Login.cshtml.cs(28,27): warning CS0436: El tipo 'IAuthService' de 'C:\Users\Miguel\source\repos\Proconenct\ProConnect.Application\Interfaces\IAuthService.cs' est├í en conflicto con el tipo importado 'IAuthService' de 'ProConnect.Application, Version=0.0.0.0, Culture=neutral, PublicKeyToken=null'. Se usar├í el tipo definido en 'C:\Users\Miguel\source\repos\Proconenct\ProConnect.Application\Interfaces\IAuthService.cs'. [C:\Users\Miguel\source\repos\Proconenct\Proconenct.csproj]
C:\Users\Miguel\source\repos\Proconenct\Controllers\BookingController.cs(394,45): warning CS0436: El tipo 'BookingDto' de 'C:\Users\Miguel\source\repos\Proconenct\ProConnect.Application\DTOs\BookingDto.cs' est├í en conflicto con el tipo importado 'BookingDto' de 'ProConnect.Application, Version=0.0.0.0, Culture=neutral, PublicKeyToken=null'. Se usar├í el tipo definido en 'C:\Users\Miguel\source\repos\Proconenct\ProConnect.Application\DTOs\BookingDto.cs'. [C:\Users\Miguel\source\repos\Proconenct\Proconenct.csproj]
C:\Users\Miguel\source\repos\Proconenct\Controllers\BookingController.cs(18,26): warning CS0436: El tipo 'IBookingService' de 'C:\Users\Miguel\source\repos\Proconenct\ProConnect.Application\Interfaces\IBookingService.cs' est├í en conflicto con el tipo importado 'IBookingService' de 'ProConnect.Application, Version=0.0.0.0, Culture=neutral, PublicKeyToken=null'. Se usar├í el tipo definido en 'C:\Users\Miguel\source\repos\Proconenct\ProConnect.Application\Interfaces\IBookingService.cs'. [C:\Users\Miguel\source\repos\Proconenct\Proconenct.csproj]
C:\Users\Miguel\source\repos\Proconenct\Controllers\BookingController.cs(21,34): warning CS0436: El tipo 'IBookingService' de 'C:\Users\Miguel\source\repos\Proconenct\ProConnect.Application\Interfaces\IBookingService.cs' est├í en conflicto con el tipo importado 'IBookingService' de 'ProConnect.Application, Version=0.0.0.0, Culture=neutral, PublicKeyToken=null'. Se usar├í el tipo definido en 'C:\Users\Miguel\source\repos\Proconenct\ProConnect.Application\Interfaces\IBookingService.cs'. [C:\Users\Miguel\source\repos\Proconenct\Proconenct.csproj]
C:\Users\Miguel\source\repos\Proconenct\Pages\booking\Confirmation.cshtml.cs(35,16): warning CS0436: El tipo 'BookingDto' de 'C:\Users\Miguel\source\repos\Proconenct\ProConnect.Application\DTOs\BookingDto.cs' est├í en conflicto con el tipo importado 'BookingDto' de 'ProConnect.Application, Version=0.0.0.0, Culture=neutral, PublicKeyToken=null'. Se usar├í el tipo definido en 'C:\Users\Miguel\source\repos\Proconenct\ProConnect.Application\DTOs\BookingDto.cs'. [C:\Users\Miguel\source\repos\Proconenct\Proconenct.csproj]
C:\Users\Miguel\source\repos\Proconenct\Pages\booking\Confirmation.cshtml.cs(36,16): warning CS0436: El tipo 'ProfessionalProfileResponseDto' de 'C:\Users\Miguel\source\repos\Proconenct\ProConnect.Application\DTOs\ProfessionalProfileResponseDto.cs' est├í en conflicto con el tipo importado 'ProfessionalProfileResponseDto' de 'ProConnect.Application, Version=0.0.0.0, Culture=neutral, PublicKeyToken=null'. Se usar├í el tipo definido en 'C:\Users\Miguel\source\repos\Proconenct\ProConnect.Application\DTOs\ProfessionalProfileResponseDto.cs'. [C:\Users\Miguel\source\repos\Proconenct\Proconenct.csproj]
C:\Users\Miguel\source\repos\Proconenct\Controllers\BookingController.cs(46,38): warning CS0436: El tipo 'BookingDto' de 'C:\Users\Miguel\source\repos\Proconenct\ProConnect.Application\DTOs\BookingDto.cs' est├í en conflicto con el tipo importado 'BookingDto' de 'ProConnect.Application, Version=0.0.0.0, Culture=neutral, PublicKeyToken=null'. Se usar├í el tipo definido en 'C:\Users\Miguel\source\repos\Proconenct\ProConnect.Application\DTOs\BookingDto.cs'. [C:\Users\Miguel\source\repos\Proconenct\Proconenct.csproj]
C:\Users\Miguel\source\repos\Proconenct\Pages\booking\Confirmation.cshtml.cs(18,26): warning CS0436: El tipo 'IBookingService' de 'C:\Users\Miguel\source\repos\Proconenct\ProConnect.Application\Interfaces\IBookingService.cs' est├í en conflicto con el tipo importado 'IBookingService' de 'ProConnect.Application, Version=0.0.0.0, Culture=neutral, PublicKeyToken=null'. Se usar├í el tipo definido en 'C:\Users\Miguel\source\repos\Proconenct\ProConnect.Application\Interfaces\IBookingService.cs'. [C:\Users\Miguel\source\repos\Proconenct\Proconenct.csproj]
C:\Users\Miguel\source\repos\Proconenct\Pages\auth\Profile.cshtml.cs(13,26): warning CS0436: El tipo 'IAuthService' de 'C:\Users\Miguel\source\repos\Proconenct\ProConnect.Application\Interfaces\IAuthService.cs' est├í en conflicto con el tipo importado 'IAuthService' de 'ProConnect.Application, Version=0.0.0.0, Culture=neutral, PublicKeyToken=null'. Se usar├í el tipo definido en 'C:\Users\Miguel\source\repos\Proconenct\ProConnect.Application\Interfaces\IAuthService.cs'. [C:\Users\Miguel\source\repos\Proconenct\Proconenct.csproj]
C:\Users\Miguel\source\repos\Proconenct\Pages\auth\Profile.cshtml.cs(31,29): warning CS0436: El tipo 'IAuthService' de 'C:\Users\Miguel\source\repos\Proconenct\ProConnect.Application\Interfaces\IAuthService.cs' est├í en conflicto con el tipo importado 'IAuthService' de 'ProConnect.Application, Version=0.0.0.0, Culture=neutral, PublicKeyToken=null'. Se usar├í el tipo definido en 'C:\Users\Miguel\source\repos\Proconenct\ProConnect.Application\Interfaces\IAuthService.cs'. [C:\Users\Miguel\source\repos\Proconenct\Proconenct.csproj]
C:\Users\Miguel\source\repos\Proconenct\Pages\booking\Confirmation.cshtml.cs(19,26): warning CS0436: El tipo 'IProfessionalProfileService' de 'C:\Users\Miguel\source\repos\Proconenct\ProConnect.Application\Interfaces\IProfessionalProfileService.cs' est├í en conflicto con el tipo importado 'IProfessionalProfileService' de 'ProConnect.Application, Version=0.0.0.0, Culture=neutral, PublicKeyToken=null'. Se usar├í el tipo definido en 'C:\Users\Miguel\source\repos\Proconenct\ProConnect.Application\Interfaces\IProfessionalProfileService.cs'. [C:\Users\Miguel\source\repos\Proconenct\Proconenct.csproj]
C:\Users\Miguel\source\repos\Proconenct\Controllers\BookingController.cs(85,38): warning CS0436: El tipo 'BookingDto' de 'C:\Users\Miguel\source\repos\Proconenct\ProConnect.Application\DTOs\BookingDto.cs' est├í en conflicto con el tipo importado 'BookingDto' de 'ProConnect.Application, Version=0.0.0.0, Culture=neutral, PublicKeyToken=null'. Se usar├í el tipo definido en 'C:\Users\Miguel\source\repos\Proconenct\ProConnect.Application\DTOs\BookingDto.cs'. [C:\Users\Miguel\source\repos\Proconenct\Proconenct.csproj]
C:\Users\Miguel\source\repos\Proconenct\Pages\booking\Confirmation.cshtml.cs(23,13): warning CS0436: El tipo 'IBookingService' de 'C:\Users\Miguel\source\repos\Proconenct\ProConnect.Application\Interfaces\IBookingService.cs' est├í en conflicto con el tipo importado 'IBookingService' de 'ProConnect.Application, Version=0.0.0.0, Culture=neutral, PublicKeyToken=null'. Se usar├í el tipo definido en 'C:\Users\Miguel\source\repos\Proconenct\ProConnect.Application\Interfaces\IBookingService.cs'. [C:\Users\Miguel\source\repos\Proconenct\Proconenct.csproj]
C:\Users\Miguel\source\repos\Proconenct\Pages\booking\Confirmation.cshtml.cs(24,13): warning CS0436: El tipo 'IProfessionalProfileService' de 'C:\Users\Miguel\source\repos\Proconenct\ProConnect.Application\Interfaces\IProfessionalProfileService.cs' est├í en conflicto con el tipo importado 'IProfessionalProfileService' de 'ProConnect.Application, Version=0.0.0.0, Culture=neutral, PublicKeyToken=null'. Se usar├í el tipo definido en 'C:\Users\Miguel\source\repos\Proconenct\ProConnect.Application\Interfaces\IProfessionalProfileService.cs'. [C:\Users\Miguel\source\repos\Proconenct\Proconenct.csproj]
C:\Users\Miguel\source\repos\Proconenct\Controllers\BookingController.cs(122,43): warning CS0436: El tipo 'BookingDto' de 'C:\Users\Miguel\source\repos\Proconenct\ProConnect.Application\DTOs\BookingDto.cs' est├í en conflicto con el tipo importado 'BookingDto' de 'ProConnect.Application, Version=0.0.0.0, Culture=neutral, PublicKeyToken=null'. Se usar├í el tipo definido en 'C:\Users\Miguel\source\repos\Proconenct\ProConnect.Application\DTOs\BookingDto.cs'. [C:\Users\Miguel\source\repos\Proconenct\Proconenct.csproj]
C:\Users\Miguel\source\repos\Proconenct\Pages\auth\Register.cshtml.cs(11,26): warning CS0436: El tipo 'IAuthService' de 'C:\Users\Miguel\source\repos\Proconenct\ProConnect.Application\Interfaces\IAuthService.cs' est├í en conflicto con el tipo importado 'IAuthService' de 'ProConnect.Application, Version=0.0.0.0, Culture=neutral, PublicKeyToken=null'. Se usar├í el tipo definido en 'C:\Users\Miguel\source\repos\Proconenct\ProConnect.Application\Interfaces\IAuthService.cs'. [C:\Users\Miguel\source\repos\Proconenct\Proconenct.csproj]
C:\Users\Miguel\source\repos\Proconenct\Pages\auth\Register.cshtml.cs(37,30): warning CS0436: El tipo 'IAuthService' de 'C:\Users\Miguel\source\repos\Proconenct\ProConnect.Application\Interfaces\IAuthService.cs' est├í en conflicto con el tipo importado 'IAuthService' de 'ProConnect.Application, Version=0.0.0.0, Culture=neutral, PublicKeyToken=null'. Se usar├í el tipo definido en 'C:\Users\Miguel\source\repos\Proconenct\ProConnect.Application\Interfaces\IAuthService.cs'. [C:\Users\Miguel\source\repos\Proconenct\Proconenct.csproj]
C:\Users\Miguel\source\repos\Proconenct\Pages\booking\Index.cshtml.cs(33,16): warning CS0436: El tipo 'ProfessionalProfileResponseDto' de 'C:\Users\Miguel\source\repos\Proconenct\ProConnect.Application\DTOs\ProfessionalProfileResponseDto.cs' est├í en conflicto con el tipo importado 'ProfessionalProfileResponseDto' de 'ProConnect.Application, Version=0.0.0.0, Culture=neutral, PublicKeyToken=null'. Se usar├í el tipo definido en 'C:\Users\Miguel\source\repos\Proconenct\ProConnect.Application\DTOs\ProfessionalProfileResponseDto.cs'. [C:\Users\Miguel\source\repos\Proconenct\Proconenct.csproj]
C:\Users\Miguel\source\repos\Proconenct\Controllers\BookingController.cs(148,43): warning CS0436: El tipo 'BookingDto' de 'C:\Users\Miguel\source\repos\Proconenct\ProConnect.Application\DTOs\BookingDto.cs' est├í en conflicto con el tipo importado 'BookingDto' de 'ProConnect.Application, Version=0.0.0.0, Culture=neutral, PublicKeyToken=null'. Se usar├í el tipo definido en 'C:\Users\Miguel\source\repos\Proconenct\ProConnect.Application\DTOs\BookingDto.cs'. [C:\Users\Miguel\source\repos\Proconenct\Proconenct.csproj]
C:\Users\Miguel\source\repos\Proconenct\Pages\booking\Index.cshtml.cs(34,16): warning CS0436: El tipo 'UserProfileDto' de 'C:\Users\Miguel\source\repos\Proconenct\ProConnect.Application\DTOs\UserProfileDto.cs' est├í en conflicto con el tipo importado 'UserProfileDto' de 'ProConnect.Application, Version=0.0.0.0, Culture=neutral, PublicKeyToken=null'. Se usar├í el tipo definido en 'C:\Users\Miguel\source\repos\Proconenct\ProConnect.Application\DTOs\UserProfileDto.cs'. [C:\Users\Miguel\source\repos\Proconenct\Proconenct.csproj]
C:\Users\Miguel\source\repos\Proconenct\Pages\booking\Index.cshtml.cs(16,26): warning CS0436: El tipo 'IProfessionalProfileService' de 'C:\Users\Miguel\source\repos\Proconenct\ProConnect.Application\Interfaces\IProfessionalProfileService.cs' est├í en conflicto con el tipo importado 'IProfessionalProfileService' de 'ProConnect.Application, Version=0.0.0.0, Culture=neutral, PublicKeyToken=null'. Se usar├í el tipo definido en 'C:\Users\Miguel\source\repos\Proconenct\ProConnect.Application\Interfaces\IProfessionalProfileService.cs'. [C:\Users\Miguel\source\repos\Proconenct\Proconenct.csproj]
C:\Users\Miguel\source\repos\Proconenct\Controllers\BookingController.cs(183,38): warning CS0436: El tipo 'BookingDto' de 'C:\Users\Miguel\source\repos\Proconenct\ProConnect.Application\DTOs\BookingDto.cs' est├í en conflicto con el tipo importado 'BookingDto' de 'ProConnect.Application, Version=0.0.0.0, Culture=neutral, PublicKeyToken=null'. Se usar├í el tipo definido en 'C:\Users\Miguel\source\repos\Proconenct\ProConnect.Application\DTOs\BookingDto.cs'. [C:\Users\Miguel\source\repos\Proconenct\Proconenct.csproj]
C:\Users\Miguel\source\repos\Proconenct\Pages\booking\Index.cshtml.cs(17,26): warning CS0436: El tipo 'IUserService' de 'C:\Users\Miguel\source\repos\Proconenct\ProConnect.Application\Interfaces\IUserService.cs' est├í en conflicto con el tipo importado 'IUserService' de 'ProConnect.Application, Version=0.0.0.0, Culture=neutral, PublicKeyToken=null'. Se usar├í el tipo definido en 'C:\Users\Miguel\source\repos\Proconenct\ProConnect.Application\Interfaces\IUserService.cs'. [C:\Users\Miguel\source\repos\Proconenct\Proconenct.csproj]
C:\Users\Miguel\source\repos\Proconenct\Controllers\AuthorizeRolesAttribute.cs(13,26): warning CS0436: El tipo 'UserType' de 'C:\Users\Miguel\source\repos\Proconenct\ProConnect.Core\Entities\User.cs' est├í en conflicto con el tipo importado 'UserType' de 'ProConnect.Core, Version=0.0.0.0, Culture=neutral, PublicKeyToken=null'. Se usar├í el tipo definido en 'C:\Users\Miguel\source\repos\Proconenct\ProConnect.Core\Entities\User.cs'. [C:\Users\Miguel\source\repos\Proconenct\Proconenct.csproj]
C:\Users\Miguel\source\repos\Proconenct\Pages\Dashboard.cshtml.cs(11,26): warning CS0436: El tipo 'IAuthService' de 'C:\Users\Miguel\source\repos\Proconenct\ProConnect.Application\Interfaces\IAuthService.cs' est├í en conflicto con el tipo importado 'IAuthService' de 'ProConnect.Application, Version=0.0.0.0, Culture=neutral, PublicKeyToken=null'. Se usar├í el tipo definido en 'C:\Users\Miguel\source\repos\Proconenct\ProConnect.Application\Interfaces\IAuthService.cs'. [C:\Users\Miguel\source\repos\Proconenct\Proconenct.csproj]
C:\Users\Miguel\source\repos\Proconenct\Pages\booking\Index.cshtml.cs(21,13): warning CS0436: El tipo 'IProfessionalProfileService' de 'C:\Users\Miguel\source\repos\Proconenct\ProConnect.Application\Interfaces\IProfessionalProfileService.cs' est├í en conflicto con el tipo importado 'IProfessionalProfileService' de 'ProConnect.Application, Version=0.0.0.0, Culture=neutral, PublicKeyToken=null'. Se usar├í el tipo definido en 'C:\Users\Miguel\source\repos\Proconenct\ProConnect.Application\Interfaces\IProfessionalProfileService.cs'. [C:\Users\Miguel\source\repos\Proconenct\Proconenct.csproj]
C:\Users\Miguel\source\repos\Proconenct\Pages\booking\Index.cshtml.cs(22,13): warning CS0436: El tipo 'IUserService' de 'C:\Users\Miguel\source\repos\Proconenct\ProConnect.Application\Interfaces\IUserService.cs' est├í en conflicto con el tipo importado 'IUserService' de 'ProConnect.Application, Version=0.0.0.0, Culture=neutral, PublicKeyToken=null'. Se usar├í el tipo definido en 'C:\Users\Miguel\source\repos\Proconenct\ProConnect.Application\Interfaces\IUserService.cs'. [C:\Users\Miguel\source\repos\Proconenct\Proconenct.csproj]
C:\Users\Miguel\source\repos\Proconenct\Pages\Dashboard.cshtml.cs(20,31): warning CS0436: El tipo 'IAuthService' de 'C:\Users\Miguel\source\repos\Proconenct\ProConnect.Application\Interfaces\IAuthService.cs' est├í en conflicto con el tipo importado 'IAuthService' de 'ProConnect.Application, Version=0.0.0.0, Culture=neutral, PublicKeyToken=null'. Se usar├í el tipo definido en 'C:\Users\Miguel\source\repos\Proconenct\ProConnect.Application\Interfaces\IAuthService.cs'. [C:\Users\Miguel\source\repos\Proconenct\Proconenct.csproj]
C:\Users\Miguel\source\repos\Proconenct\Controllers\AuthorizeRolesAttribute.cs(15,47): warning CS0436: El tipo 'UserType' de 'C:\Users\Miguel\source\repos\Proconenct\ProConnect.Core\Entities\User.cs' est├í en conflicto con el tipo importado 'UserType' de 'ProConnect.Core, Version=0.0.0.0, Culture=neutral, PublicKeyToken=null'. Se usar├í el tipo definido en 'C:\Users\Miguel\source\repos\Proconenct\ProConnect.Core\Entities\User.cs'. [C:\Users\Miguel\source\repos\Proconenct\Proconenct.csproj]
C:\Users\Miguel\source\repos\Proconenct\ProConnect.Application\DTOs\AuthResponseDto.cs(13,16): warning CS0436: El tipo 'UserType' de 'C:\Users\Miguel\source\repos\Proconenct\ProConnect.Core\Entities\User.cs' est├í en conflicto con el tipo importado 'UserType' de 'ProConnect.Core, Version=0.0.0.0, Culture=neutral, PublicKeyToken=null'. Se usar├í el tipo definido en 'C:\Users\Miguel\source\repos\Proconenct\ProConnect.Core\Entities\User.cs'. [C:\Users\Miguel\source\repos\Proconenct\Proconenct.csproj]
C:\Users\Miguel\source\repos\Proconenct\ProConnect.Application\DTOs\BookingDto.cs(19,16): warning CS0436: El tipo 'MeetingDetailsDto' de 'C:\Users\Miguel\source\repos\Proconenct\ProConnect.Application\DTOs\BookingDto.cs' est├í en conflicto con el tipo importado 'MeetingDetailsDto' de 'ProConnect.Application, Version=0.0.0.0, Culture=neutral, PublicKeyToken=null'. Se usar├í el tipo definido en 'C:\Users\Miguel\source\repos\Proconenct\ProConnect.Application\DTOs\BookingDto.cs'. [C:\Users\Miguel\source\repos\Proconenct\Proconenct.csproj]
C:\Users\Miguel\source\repos\Proconenct\Controllers\SearchController.cs(13,26): warning CS0436: El tipo 'IProfessionalSearchService' de 'C:\Users\Miguel\source\repos\Proconenct\ProConnect.Application\Interfaces\IProfessionalSearchService.cs' est├í en conflicto con el tipo importado 'IProfessionalSearchService' de 'ProConnect.Application, Version=0.0.0.0, Culture=neutral, PublicKeyToken=null'. Se usar├í el tipo definido en 'C:\Users\Miguel\source\repos\Proconenct\ProConnect.Application\Interfaces\IProfessionalSearchService.cs'. [C:\Users\Miguel\source\repos\Proconenct\Proconenct.csproj]
C:\Users\Miguel\source\repos\Proconenct\Controllers\BookingController.cs(391,43): warning CS0436: El tipo 'BookingDto' de 'C:\Users\Miguel\source\repos\Proconenct\ProConnect.Application\DTOs\BookingDto.cs' est├í en conflicto con el tipo importado 'BookingDto' de 'ProConnect.Application, Version=0.0.0.0, Culture=neutral, PublicKeyToken=null'. Se usar├í el tipo definido en 'C:\Users\Miguel\source\repos\Proconenct\ProConnect.Application\DTOs\BookingDto.cs'. [C:\Users\Miguel\source\repos\Proconenct\Proconenct.csproj]
C:\Users\Miguel\source\repos\Proconenct\Controllers\SearchController.cs(16,33): warning CS0436: El tipo 'IProfessionalSearchService' de 'C:\Users\Miguel\source\repos\Proconenct\ProConnect.Application\Interfaces\IProfessionalSearchService.cs' est├í en conflicto con el tipo importado 'IProfessionalSearchService' de 'ProConnect.Application, Version=0.0.0.0, Culture=neutral, PublicKeyToken=null'. Se usar├í el tipo definido en 'C:\Users\Miguel\source\repos\Proconenct\ProConnect.Application\Interfaces\IProfessionalSearchService.cs'. [C:\Users\Miguel\source\repos\Proconenct\Proconenct.csproj]
C:\Users\Miguel\source\repos\Proconenct\Pages\ProfessionalProfile.cshtml.cs(20,16): warning CS0436: El tipo 'CreateProfessionalProfileDto' de 'C:\Users\Miguel\source\repos\Proconenct\ProConnect.Application\DTOs\CreateProfessionalProfileDto.cs' est├í en conflicto con el tipo importado 'CreateProfessionalProfileDto' de 'ProConnect.Application, Version=0.0.0.0, Culture=neutral, PublicKeyToken=null'. Se usar├í el tipo definido en 'C:\Users\Miguel\source\repos\Proconenct\ProConnect.Application\DTOs\CreateProfessionalProfileDto.cs'. [C:\Users\Miguel\source\repos\Proconenct\Proconenct.csproj]
C:\Users\Miguel\source\repos\Proconenct\Pages\ProfessionalProfile.cshtml.cs(23,16): warning CS0436: El tipo 'UpdateProfessionalProfileDto' de 'C:\Users\Miguel\source\repos\Proconenct\ProConnect.Application\DTOs\UpdateProfessionalProfileDto.cs' est├í en conflicto con el tipo importado 'UpdateProfessionalProfileDto' de 'ProConnect.Application, Version=0.0.0.0, Culture=neutral, PublicKeyToken=null'. Se usar├í el tipo definido en 'C:\Users\Miguel\source\repos\Proconenct\ProConnect.Application\DTOs\UpdateProfessionalProfileDto.cs'. [C:\Users\Miguel\source\repos\Proconenct\Proconenct.csproj]
C:\Users\Miguel\source\repos\Proconenct\Pages\ProfessionalProfile.cshtml.cs(35,16): warning CS0436: El tipo 'ProfessionalProfileResponseDto' de 'C:\Users\Miguel\source\repos\Proconenct\ProConnect.Application\DTOs\ProfessionalProfileResponseDto.cs' est├í en conflicto con el tipo importado 'ProfessionalProfileResponseDto' de 'ProConnect.Application, Version=0.0.0.0, Culture=neutral, PublicKeyToken=null'. Se usar├í el tipo definido en 'C:\Users\Miguel\source\repos\Proconenct\ProConnect.Application\DTOs\ProfessionalProfileResponseDto.cs'. [C:\Users\Miguel\source\repos\Proconenct\Proconenct.csproj]
C:\Users\Miguel\source\repos\Proconenct\Controllers\ProfessionalAvailabilityController.cs(16,26): warning CS0436: El tipo 'IProfessionalProfileService' de 'C:\Users\Miguel\source\repos\Proconenct\ProConnect.Application\Interfaces\IProfessionalProfileService.cs' est├í en conflicto con el tipo importado 'IProfessionalProfileService' de 'ProConnect.Application, Version=0.0.0.0, Culture=neutral, PublicKeyToken=null'. Se usar├í el tipo definido en 'C:\Users\Miguel\source\repos\Proconenct\ProConnect.Application\Interfaces\IProfessionalProfileService.cs'. [C:\Users\Miguel\source\repos\Proconenct\Proconenct.csproj]
C:\Users\Miguel\source\repos\Proconenct\Controllers\ProfessionalAvailabilityController.cs(17,26): warning CS0436: El tipo 'IBookingService' de 'C:\Users\Miguel\source\repos\Proconenct\ProConnect.Application\Interfaces\IBookingService.cs' est├í en conflicto con el tipo importado 'IBookingService' de 'ProConnect.Application, Version=0.0.0.0, Culture=neutral, PublicKeyToken=null'. Se usar├í el tipo definido en 'C:\Users\Miguel\source\repos\Proconenct\ProConnect.Application\Interfaces\IBookingService.cs'. [C:\Users\Miguel\source\repos\Proconenct\Proconenct.csproj]
C:\Users\Miguel\source\repos\Proconenct\Pages\ProfessionalProfile.cshtml.cs(12,26): warning CS0436: El tipo 'IProfessionalProfileService' de 'C:\Users\Miguel\source\repos\Proconenct\ProConnect.Application\Interfaces\IProfessionalProfileService.cs' est├í en conflicto con el tipo importado 'IProfessionalProfileService' de 'ProConnect.Application, Version=0.0.0.0, Culture=neutral, PublicKeyToken=null'. Se usar├í el tipo definido en 'C:\Users\Miguel\source\repos\Proconenct\ProConnect.Application\Interfaces\IProfessionalProfileService.cs'. [C:\Users\Miguel\source\repos\Proconenct\Proconenct.csproj]
C:\Users\Miguel\source\repos\Proconenct\Pages\ProfessionalProfile.cshtml.cs(14,41): warning CS0436: El tipo 'IProfessionalProfileService' de 'C:\Users\Miguel\source\repos\Proconenct\ProConnect.Application\Interfaces\IProfessionalProfileService.cs' est├í en conflicto con el tipo importado 'IProfessionalProfileService' de 'ProConnect.Application, Version=0.0.0.0, Culture=neutral, PublicKeyToken=null'. Se usar├í el tipo definido en 'C:\Users\Miguel\source\repos\Proconenct\ProConnect.Application\Interfaces\IProfessionalProfileService.cs'. [C:\Users\Miguel\source\repos\Proconenct\Proconenct.csproj]
C:\Users\Miguel\source\repos\Proconenct\Controllers\ProfessionalAvailabilityController.cs(21,13): warning CS0436: El tipo 'IProfessionalProfileService' de 'C:\Users\Miguel\source\repos\Proconenct\ProConnect.Application\Interfaces\IProfessionalProfileService.cs' est├í en conflicto con el tipo importado 'IProfessionalProfileService' de 'ProConnect.Application, Version=0.0.0.0, Culture=neutral, PublicKeyToken=null'. Se usar├í el tipo definido en 'C:\Users\Miguel\source\repos\Proconenct\ProConnect.Application\Interfaces\IProfessionalProfileService.cs'. [C:\Users\Miguel\source\repos\Proconenct\Proconenct.csproj]
C:\Users\Miguel\source\repos\Proconenct\Controllers\ProfessionalAvailabilityController.cs(22,13): warning CS0436: El tipo 'IBookingService' de 'C:\Users\Miguel\source\repos\Proconenct\ProConnect.Application\Interfaces\IBookingService.cs' est├í en conflicto con el tipo importado 'IBookingService' de 'ProConnect.Application, Version=0.0.0.0, Culture=neutral, PublicKeyToken=null'. Se usar├í el tipo definido en 'C:\Users\Miguel\source\repos\Proconenct\ProConnect.Application\Interfaces\IBookingService.cs'. [C:\Users\Miguel\source\repos\Proconenct\Proconenct.csproj]
C:\Users\Miguel\source\repos\Proconenct\Pages\profiles\Detail.cshtml.cs(26,16): warning CS0436: El tipo 'ProfessionalProfileResponseDto' de 'C:\Users\Miguel\source\repos\Proconenct\ProConnect.Application\DTOs\ProfessionalProfileResponseDto.cs' est├í en conflicto con el tipo importado 'ProfessionalProfileResponseDto' de 'ProConnect.Application, Version=0.0.0.0, Culture=neutral, PublicKeyToken=null'. Se usar├í el tipo definido en 'C:\Users\Miguel\source\repos\Proconenct\ProConnect.Application\DTOs\ProfessionalProfileResponseDto.cs'. [C:\Users\Miguel\source\repos\Proconenct\Proconenct.csproj]
C:\Users\Miguel\source\repos\Proconenct\Pages\profiles\Detail.cshtml.cs(27,21): warning CS0436: El tipo 'PortfolioFileDto' de 'C:\Users\Miguel\source\repos\Proconenct\ProConnect.Application\DTOs\PortfolioFileDto.cs' est├í en conflicto con el tipo importado 'PortfolioFileDto' de 'ProConnect.Application, Version=0.0.0.0, Culture=neutral, PublicKeyToken=null'. Se usar├í el tipo definido en 'C:\Users\Miguel\source\repos\Proconenct\ProConnect.Application\DTOs\PortfolioFileDto.cs'. [C:\Users\Miguel\source\repos\Proconenct\Proconenct.csproj]
C:\Users\Miguel\source\repos\Proconenct\Pages\profiles\Detail.cshtml.cs(28,21): warning CS0436: El tipo 'ProfessionalRecommendationDto' de 'C:\Users\Miguel\source\repos\Proconenct\ProConnect.Application\DTOs\ProfessionalRecommendationDto.cs' est├í en conflicto con el tipo importado 'ProfessionalRecommendationDto' de 'ProConnect.Application, Version=0.0.0.0, Culture=neutral, PublicKeyToken=null'. Se usar├í el tipo definido en 'C:\Users\Miguel\source\repos\Proconenct\ProConnect.Application\DTOs\ProfessionalRecommendationDto.cs'. [C:\Users\Miguel\source\repos\Proconenct\Proconenct.csproj]
C:\Users\Miguel\source\repos\Proconenct\Controllers\AuthController.cs(163,25): warning CS0436: El tipo 'UserType' de 'C:\Users\Miguel\source\repos\Proconenct\ProConnect.Core\Entities\User.cs' est├í en conflicto con el tipo importado 'UserType' de 'ProConnect.Core, Version=0.0.0.0, Culture=neutral, PublicKeyToken=null'. Se usar├í el tipo definido en 'C:\Users\Miguel\source\repos\Proconenct\ProConnect.Core\Entities\User.cs'. [C:\Users\Miguel\source\repos\Proconenct\Proconenct.csproj]
C:\Users\Miguel\source\repos\Proconenct\Pages\profiles\Detail.cshtml.cs(14,26): warning CS0436: El tipo 'IProfessionalProfileService' de 'C:\Users\Miguel\source\repos\Proconenct\ProConnect.Application\Interfaces\IProfessionalProfileService.cs' est├í en conflicto con el tipo importado 'IProfessionalProfileService' de 'ProConnect.Application, Version=0.0.0.0, Culture=neutral, PublicKeyToken=null'. Se usar├í el tipo definido en 'C:\Users\Miguel\source\repos\Proconenct\ProConnect.Application\Interfaces\IProfessionalProfileService.cs'. [C:\Users\Miguel\source\repos\Proconenct\Proconenct.csproj]
C:\Users\Miguel\source\repos\Proconenct\Pages\profiles\Detail.cshtml.cs(15,26): warning CS0436: El tipo 'IPortfolioService' de 'C:\Users\Miguel\source\repos\Proconenct\ProConnect.Application\Interfaces\IPortfolioService.cs' est├í en conflicto con el tipo importado 'IPortfolioService' de 'ProConnect.Application, Version=0.0.0.0, Culture=neutral, PublicKeyToken=null'. Se usar├í el tipo definido en 'C:\Users\Miguel\source\repos\Proconenct\ProConnect.Application\Interfaces\IPortfolioService.cs'. [C:\Users\Miguel\source\repos\Proconenct\Proconenct.csproj]
C:\Users\Miguel\source\repos\Proconenct\Pages\profiles\Detail.cshtml.cs(17,28): warning CS0436: El tipo 'IProfessionalProfileService' de 'C:\Users\Miguel\source\repos\Proconenct\ProConnect.Application\Interfaces\IProfessionalProfileService.cs' est├í en conflicto con el tipo importado 'IProfessionalProfileService' de 'ProConnect.Application, Version=0.0.0.0, Culture=neutral, PublicKeyToken=null'. Se usar├í el tipo definido en 'C:\Users\Miguel\source\repos\Proconenct\ProConnect.Application\Interfaces\IProfessionalProfileService.cs'. [C:\Users\Miguel\source\repos\Proconenct\Proconenct.csproj]
C:\Users\Miguel\source\repos\Proconenct\Pages\profiles\Detail.cshtml.cs(17,72): warning CS0436: El tipo 'IPortfolioService' de 'C:\Users\Miguel\source\repos\Proconenct\ProConnect.Application\Interfaces\IPortfolioService.cs' est├í en conflicto con el tipo importado 'IPortfolioService' de 'ProConnect.Application, Version=0.0.0.0, Culture=neutral, PublicKeyToken=null'. Se usar├í el tipo definido en 'C:\Users\Miguel\source\repos\Proconenct\ProConnect.Application\Interfaces\IPortfolioService.cs'. [C:\Users\Miguel\source\repos\Proconenct\Proconenct.csproj]
C:\Users\Miguel\source\repos\Proconenct\Controllers\ProfessionalProfileController.cs(40,67): warning CS0436: El tipo 'CreateProfessionalProfileDto' de 'C:\Users\Miguel\source\repos\Proconenct\ProConnect.Application\DTOs\CreateProfessionalProfileDto.cs' est├í en conflicto con el tipo importado 'CreateProfessionalProfileDto' de 'ProConnect.Application, Version=0.0.0.0, Culture=neutral, PublicKeyToken=null'. Se usar├í el tipo definido en 'C:\Users\Miguel\source\repos\Proconenct\ProConnect.Application\DTOs\CreateProfessionalProfileDto.cs'. [C:\Users\Miguel\source\repos\Proconenct\Proconenct.csproj]
C:\Users\Miguel\source\repos\Proconenct\Controllers\ProfessionalProfileController.cs(112,69): warning CS0436: El tipo 'UpdateProfessionalProfileDto' de 'C:\Users\Miguel\source\repos\Proconenct\ProConnect.Application\DTOs\UpdateProfessionalProfileDto.cs' est├í en conflicto con el tipo importado 'UpdateProfessionalProfileDto' de 'ProConnect.Application, Version=0.0.0.0, Culture=neutral, PublicKeyToken=null'. Se usar├í el tipo definido en 'C:\Users\Miguel\source\repos\Proconenct\ProConnect.Application\DTOs\UpdateProfessionalProfileDto.cs'. [C:\Users\Miguel\source\repos\Proconenct\Proconenct.csproj]
C:\Users\Miguel\source\repos\Proconenct\ProConnect.Application\DTOs\CreateProfessionalProfileDto.cs(55,16): warning CS0436: El tipo 'AvailabilityScheduleDto' de 'C:\Users\Miguel\source\repos\Proconenct\ProConnect.Application\DTOs\Shared\CommonDtos.cs' est├í en conflicto con el tipo importado 'AvailabilityScheduleDto' de 'ProConnect.Application, Version=0.0.0.0, Culture=neutral, PublicKeyToken=null'. Se usar├í el tipo definido en 'C:\Users\Miguel\source\repos\Proconenct\ProConnect.Application\DTOs\Shared\CommonDtos.cs'. [C:\Users\Miguel\source\repos\Proconenct\Proconenct.csproj]
C:\Users\Miguel\source\repos\Proconenct\Controllers\ProfessionalProfileController.cs(158,80): warning CS0436: El tipo 'AvailabilityScheduleDto' de 'C:\Users\Miguel\source\repos\Proconenct\ProConnect.Application\DTOs\Shared\CommonDtos.cs' est├í en conflicto con el tipo importado 'AvailabilityScheduleDto' de 'ProConnect.Application, Version=0.0.0.0, Culture=neutral, PublicKeyToken=null'. Se usar├í el tipo definido en 'C:\Users\Miguel\source\repos\Proconenct\ProConnect.Application\DTOs\Shared\CommonDtos.cs'. [C:\Users\Miguel\source\repos\Proconenct\Proconenct.csproj]
C:\Users\Miguel\source\repos\Proconenct\Pages\profiles\Index.cshtml.cs(47,16): warning CS0436: El tipo 'PagedResultDto<T>' de 'C:\Users\Miguel\source\repos\Proconenct\ProConnect.Application\DTOs\Shared\PagedResultDto.cs' est├í en conflicto con el tipo importado 'PagedResultDto<T>' de 'ProConnect.Application, Version=0.0.0.0, Culture=neutral, PublicKeyToken=null'. Se usar├í el tipo definido en 'C:\Users\Miguel\source\repos\Proconenct\ProConnect.Application\DTOs\Shared\PagedResultDto.cs'. [C:\Users\Miguel\source\repos\Proconenct\Proconenct.csproj]
C:\Users\Miguel\source\repos\Proconenct\Pages\profiles\Index.cshtml.cs(47,31): warning CS0436: El tipo 'ProfessionalSearchResultDto' de 'C:\Users\Miguel\source\repos\Proconenct\ProConnect.Application\DTOs\ProfessionalSearchResultDto.cs' est├í en conflicto con el tipo importado 'ProfessionalSearchResultDto' de 'ProConnect.Application, Version=0.0.0.0, Culture=neutral, PublicKeyToken=null'. Se usar├í el tipo definido en 'C:\Users\Miguel\source\repos\Proconenct\ProConnect.Application\DTOs\ProfessionalSearchResultDto.cs'. [C:\Users\Miguel\source\repos\Proconenct\Proconenct.csproj]
C:\Users\Miguel\source\repos\Proconenct\Controllers\ProfessionalProfileController.cs(184,74): warning CS0436: El tipo 'CreateAvailabilityBlockDto' de 'C:\Users\Miguel\source\repos\Proconenct\ProConnect.Application\DTOs\Shared\CommonDtos.cs' est├í en conflicto con el tipo importado 'CreateAvailabilityBlockDto' de 'ProConnect.Application, Version=0.0.0.0, Culture=neutral, PublicKeyToken=null'. Se usar├í el tipo definido en 'C:\Users\Miguel\source\repos\Proconenct\ProConnect.Application\DTOs\Shared\CommonDtos.cs'. [C:\Users\Miguel\source\repos\Proconenct\Proconenct.csproj]
C:\Users\Miguel\source\repos\Proconenct\Pages\profiles\Index.cshtml.cs(16,26): warning CS0436: El tipo 'IProfessionalSearchService' de 'C:\Users\Miguel\source\repos\Proconenct\ProConnect.Application\Interfaces\IProfessionalSearchService.cs' est├í en conflicto con el tipo importado 'IProfessionalSearchService' de 'ProConnect.Application, Version=0.0.0.0, Culture=neutral, PublicKeyToken=null'. Se usar├í el tipo definido en 'C:\Users\Miguel\source\repos\Proconenct\ProConnect.Application\Interfaces\IProfessionalSearchService.cs'. [C:\Users\Miguel\source\repos\Proconenct\Proconenct.csproj]
C:\Users\Miguel\source\repos\Proconenct\Pages\profiles\Index.cshtml.cs(18,27): warning CS0436: El tipo 'IProfessionalSearchService' de 'C:\Users\Miguel\source\repos\Proconenct\ProConnect.Application\Interfaces\IProfessionalSearchService.cs' est├í en conflicto con el tipo importado 'IProfessionalSearchService' de 'ProConnect.Application, Version=0.0.0.0, Culture=neutral, PublicKeyToken=null'. Se usar├í el tipo definido en 'C:\Users\Miguel\source\repos\Proconenct\ProConnect.Application\Interfaces\IProfessionalSearchService.cs'. [C:\Users\Miguel\source\repos\Proconenct\Proconenct.csproj]
C:\Users\Miguel\source\repos\Proconenct\Controllers\ProfessionalProfileController.cs(389,64): warning CS0436: El tipo 'CreateServiceDto' de 'C:\Users\Miguel\source\repos\Proconenct\ProConnect.Application\DTOs\Shared\CommonDtos.cs' est├í en conflicto con el tipo importado 'CreateServiceDto' de 'ProConnect.Application, Version=0.0.0.0, Culture=neutral, PublicKeyToken=null'. Se usar├í el tipo definido en 'C:\Users\Miguel\source\repos\Proconenct\ProConnect.Application\DTOs\Shared\CommonDtos.cs'. [C:\Users\Miguel\source\repos\Proconenct\Proconenct.csproj]
C:\Users\Miguel\source\repos\Proconenct\Controllers\ProfessionalProfileController.cs(435,78): warning CS0436: El tipo 'UpdateServiceDto' de 'C:\Users\Miguel\source\repos\Proconenct\ProConnect.Application\DTOs\Shared\CommonDtos.cs' est├í en conflicto con el tipo importado 'UpdateServiceDto' de 'ProConnect.Application, Version=0.0.0.0, Culture=neutral, PublicKeyToken=null'. Se usar├í el tipo definido en 'C:\Users\Miguel\source\repos\Proconenct\ProConnect.Application\DTOs\Shared\CommonDtos.cs'. [C:\Users\Miguel\source\repos\Proconenct\Proconenct.csproj]
C:\Users\Miguel\source\repos\Proconenct\Controllers\ProfessionalProfileController.cs(19,26): warning CS0436: El tipo 'IProfessionalProfileService' de 'C:\Users\Miguel\source\repos\Proconenct\ProConnect.Application\Interfaces\IProfessionalProfileService.cs' est├í en conflicto con el tipo importado 'IProfessionalProfileService' de 'ProConnect.Application, Version=0.0.0.0, Culture=neutral, PublicKeyToken=null'. Se usar├í el tipo definido en 'C:\Users\Miguel\source\repos\Proconenct\ProConnect.Application\Interfaces\IProfessionalProfileService.cs'. [C:\Users\Miguel\source\repos\Proconenct\Proconenct.csproj]
C:\Users\Miguel\source\repos\Proconenct\Controllers\ProfessionalProfileController.cs(20,37): warning CS0436: El tipo 'CreateProfessionalProfileDto' de 'C:\Users\Miguel\source\repos\Proconenct\ProConnect.Application\DTOs\CreateProfessionalProfileDto.cs' est├í en conflicto con el tipo importado 'CreateProfessionalProfileDto' de 'ProConnect.Application, Version=0.0.0.0, Culture=neutral, PublicKeyToken=null'. Se usar├í el tipo definido en 'C:\Users\Miguel\source\repos\Proconenct\ProConnect.Application\DTOs\CreateProfessionalProfileDto.cs'. [C:\Users\Miguel\source\repos\Proconenct\Proconenct.csproj]
C:\Users\Miguel\source\repos\Proconenct\Controllers\ProfessionalProfileController.cs(21,37): warning CS0436: El tipo 'UpdateProfessionalProfileDto' de 'C:\Users\Miguel\source\repos\Proconenct\ProConnect.Application\DTOs\UpdateProfessionalProfileDto.cs' est├í en conflicto con el tipo importado 'UpdateProfessionalProfileDto' de 'ProConnect.Application, Version=0.0.0.0, Culture=neutral, PublicKeyToken=null'. Se usar├í el tipo definido en 'C:\Users\Miguel\source\repos\Proconenct\ProConnect.Application\DTOs\UpdateProfessionalProfileDto.cs'. [C:\Users\Miguel\source\repos\Proconenct\Proconenct.csproj]
C:\Users\Miguel\source\repos\Proconenct\Controllers\ProfessionalProfileController.cs(24,13): warning CS0436: El tipo 'IProfessionalProfileService' de 'C:\Users\Miguel\source\repos\Proconenct\ProConnect.Application\Interfaces\IProfessionalProfileService.cs' est├í en conflicto con el tipo importado 'IProfessionalProfileService' de 'ProConnect.Application, Version=0.0.0.0, Culture=neutral, PublicKeyToken=null'. Se usar├í el tipo definido en 'C:\Users\Miguel\source\repos\Proconenct\ProConnect.Application\Interfaces\IProfessionalProfileService.cs'. [C:\Users\Miguel\source\repos\Proconenct\Proconenct.csproj]
C:\Users\Miguel\source\repos\Proconenct\Controllers\ProfessionalProfileController.cs(25,24): warning CS0436: El tipo 'CreateProfessionalProfileDto' de 'C:\Users\Miguel\source\repos\Proconenct\ProConnect.Application\DTOs\CreateProfessionalProfileDto.cs' est├í en conflicto con el tipo importado 'CreateProfessionalProfileDto' de 'ProConnect.Application, Version=0.0.0.0, Culture=neutral, PublicKeyToken=null'. Se usar├í el tipo definido en 'C:\Users\Miguel\source\repos\Proconenct\ProConnect.Application\DTOs\CreateProfessionalProfileDto.cs'. [C:\Users\Miguel\source\repos\Proconenct\Proconenct.csproj]
C:\Users\Miguel\source\repos\Proconenct\Controllers\ProfessionalProfileController.cs(26,24): warning CS0436: El tipo 'UpdateProfessionalProfileDto' de 'C:\Users\Miguel\source\repos\Proconenct\ProConnect.Application\DTOs\UpdateProfessionalProfileDto.cs' est├í en conflicto con el tipo importado 'UpdateProfessionalProfileDto' de 'ProConnect.Application, Version=0.0.0.0, Culture=neutral, PublicKeyToken=null'. Se usar├í el tipo definido en 'C:\Users\Miguel\source\repos\Proconenct\ProConnect.Application\DTOs\UpdateProfessionalProfileDto.cs'. [C:\Users\Miguel\source\repos\Proconenct\Proconenct.csproj]
C:\Users\Miguel\source\repos\Proconenct\ProConnect.Application\DTOs\ProfessionalProfileResponseDto.cs(18,21): warning CS0436: El tipo 'PortfolioItemDto' de 'C:\Users\Miguel\source\repos\Proconenct\ProConnect.Application\DTOs\ProfessionalProfileResponseDto.cs' est├í en conflicto con el tipo importado 'PortfolioItemDto' de 'ProConnect.Application, Version=0.0.0.0, Culture=neutral, PublicKeyToken=null'. Se usar├í el tipo definido en 'C:\Users\Miguel\source\repos\Proconenct\ProConnect.Application\DTOs\ProfessionalProfileResponseDto.cs'. [C:\Users\Miguel\source\repos\Proconenct\Proconenct.csproj]
C:\Users\Miguel\source\repos\Proconenct\ProConnect.Application\DTOs\ProfessionalProfileResponseDto.cs(22,16): warning CS0436: El tipo 'AvailabilityScheduleDto' de 'C:\Users\Miguel\source\repos\Proconenct\ProConnect.Application\DTOs\Shared\CommonDtos.cs' est├í en conflicto con el tipo importado 'AvailabilityScheduleDto' de 'ProConnect.Application, Version=0.0.0.0, Culture=neutral, PublicKeyToken=null'. Se usar├í el tipo definido en 'C:\Users\Miguel\source\repos\Proconenct\ProConnect.Application\DTOs\Shared\CommonDtos.cs'. [C:\Users\Miguel\source\repos\Proconenct\Proconenct.csproj]
C:\Users\Miguel\source\repos\Proconenct\ProConnect.Application\DTOs\ProfessionalProfileResponseDto.cs(23,16): warning CS0436: El tipo 'ProfileStatusDto' de 'C:\Users\Miguel\source\repos\Proconenct\ProConnect.Application\DTOs\Shared\CommonDtos.cs' est├í en conflicto con el tipo importado 'ProfileStatusDto' de 'ProConnect.Application, Version=0.0.0.0, Culture=neutral, PublicKeyToken=null'. Se usar├í el tipo definido en 'C:\Users\Miguel\source\repos\Proconenct\ProConnect.Application\DTOs\Shared\CommonDtos.cs'. [C:\Users\Miguel\source\repos\Proconenct\Proconenct.csproj]
C:\Users\Miguel\source\repos\Proconenct\Controllers\PortfolioController.cs(16,26): warning CS0436: El tipo 'IPortfolioService' de 'C:\Users\Miguel\source\repos\Proconenct\ProConnect.Application\Interfaces\IPortfolioService.cs' est├í en conflicto con el tipo importado 'IPortfolioService' de 'ProConnect.Application, Version=0.0.0.0, Culture=neutral, PublicKeyToken=null'. Se usar├í el tipo definido en 'C:\Users\Miguel\source\repos\Proconenct\ProConnect.Application\Interfaces\IPortfolioService.cs'. [C:\Users\Miguel\source\repos\Proconenct\Proconenct.csproj]
C:\Users\Miguel\source\repos\Proconenct\Controllers\PortfolioController.cs(18,36): warning CS0436: El tipo 'IPortfolioService' de 'C:\Users\Miguel\source\repos\Proconenct\ProConnect.Application\Interfaces\IPortfolioService.cs' est├í en conflicto con el tipo importado 'IPortfolioService' de 'ProConnect.Application, Version=0.0.0.0, Culture=neutral, PublicKeyToken=null'. Se usar├í el tipo definido en 'C:\Users\Miguel\source\repos\Proconenct\ProConnect.Application\Interfaces\IPortfolioService.cs'. [C:\Users\Miguel\source\repos\Proconenct\Proconenct.csproj]
C:\Users\Miguel\source\repos\Proconenct\Controllers\RecommendationsController.cs(11,26): warning CS0436: El tipo 'IRecommendationService' de 'C:\Users\Miguel\source\repos\Proconenct\ProConnect.Application\Interfaces\IRecommendationService.cs' est├í en conflicto con el tipo importado 'IRecommendationService' de 'ProConnect.Application, Version=0.0.0.0, Culture=neutral, PublicKeyToken=null'. Se usar├í el tipo definido en 'C:\Users\Miguel\source\repos\Proconenct\ProConnect.Application\Interfaces\IRecommendationService.cs'. [C:\Users\Miguel\source\repos\Proconenct\Proconenct.csproj]
C:\Users\Miguel\source\repos\Proconenct\Controllers\RecommendationsController.cs(13,42): warning CS0436: El tipo 'IRecommendationService' de 'C:\Users\Miguel\source\repos\Proconenct\ProConnect.Application\Interfaces\IRecommendationService.cs' est├í en conflicto con el tipo importado 'IRecommendationService' de 'ProConnect.Application, Version=0.0.0.0, Culture=neutral, PublicKeyToken=null'. Se usar├í el tipo definido en 'C:\Users\Miguel\source\repos\Proconenct\ProConnect.Application\Interfaces\IRecommendationService.cs'. [C:\Users\Miguel\source\repos\Proconenct\Proconenct.csproj]
C:\Users\Miguel\source\repos\Proconenct\ProConnect.Application\DTOs\RegisterUserDto.cs(13,16): warning CS0436: El tipo 'UserType' de 'C:\Users\Miguel\source\repos\Proconenct\ProConnect.Core\Entities\User.cs' est├í en conflicto con el tipo importado 'UserType' de 'ProConnect.Core, Version=0.0.0.0, Culture=neutral, PublicKeyToken=null'. Se usar├í el tipo definido en 'C:\Users\Miguel\source\repos\Proconenct\ProConnect.Core\Entities\User.cs'. [C:\Users\Miguel\source\repos\Proconenct\Proconenct.csproj]
C:\Users\Miguel\source\repos\Proconenct\ProConnect.Core\Entities\Booking.cs(51,16): warning CS0436: El tipo 'ConsultationType' de 'C:\Users\Miguel\source\repos\Proconenct\ProConnect.Core\Entities\Booking.cs' est├í en conflicto con el tipo importado 'ConsultationType' de 'ProConnect.Core, Version=0.0.0.0, Culture=neutral, PublicKeyToken=null'. Se usar├í el tipo definido en 'C:\Users\Miguel\source\repos\Proconenct\ProConnect.Core\Entities\Booking.cs'. [C:\Users\Miguel\source\repos\Proconenct\Proconenct.csproj]
C:\Users\Miguel\source\repos\Proconenct\ProConnect.Core\Entities\Booking.cs(57,16): warning CS0436: El tipo 'BookingStatus' de 'C:\Users\Miguel\source\repos\Proconenct\ProConnect.Core\Entities\Booking.cs' est├í en conflicto con el tipo importado 'BookingStatus' de 'ProConnect.Core, Version=0.0.0.0, Culture=neutral, PublicKeyToken=null'. Se usar├í el tipo definido en 'C:\Users\Miguel\source\repos\Proconenct\ProConnect.Core\Entities\Booking.cs'. [C:\Users\Miguel\source\repos\Proconenct\Proconenct.csproj]
C:\Users\Miguel\source\repos\Proconenct\ProConnect.Core\Entities\Booking.cs(77,16): warning CS0436: El tipo 'MeetingDetails' de 'C:\Users\Miguel\source\repos\Proconenct\ProConnect.Core\Entities\Booking.cs' est├í en conflicto con el tipo importado 'MeetingDetails' de 'ProConnect.Core, Version=0.0.0.0, Culture=neutral, PublicKeyToken=null'. Se usar├í el tipo definido en 'C:\Users\Miguel\source\repos\Proconenct\ProConnect.Core\Entities\Booking.cs'. [C:\Users\Miguel\source\repos\Proconenct\Proconenct.csproj]
C:\Users\Miguel\source\repos\Proconenct\ProConnect.Application\DTOs\Shared\CommonDtos.cs(8,16): warning CS0436: El tipo 'DayScheduleDto' de 'C:\Users\Miguel\source\repos\Proconenct\ProConnect.Application\DTOs\Shared\CommonDtos.cs' est├í en conflicto con el tipo importado 'DayScheduleDto' de 'ProConnect.Application, Version=0.0.0.0, Culture=neutral, PublicKeyToken=null'. Se usar├í el tipo definido en 'C:\Users\Miguel\source\repos\Proconenct\ProConnect.Application\DTOs\Shared\CommonDtos.cs'. [C:\Users\Miguel\source\repos\Proconenct\Proconenct.csproj]
C:\Users\Miguel\source\repos\Proconenct\ProConnect.Application\DTOs\Shared\CommonDtos.cs(9,16): warning CS0436: El tipo 'DayScheduleDto' de 'C:\Users\Miguel\source\repos\Proconenct\ProConnect.Application\DTOs\Shared\CommonDtos.cs' est├í en conflicto con el tipo importado 'DayScheduleDto' de 'ProConnect.Application, Version=0.0.0.0, Culture=neutral, PublicKeyToken=null'. Se usar├í el tipo definido en 'C:\Users\Miguel\source\repos\Proconenct\ProConnect.Application\DTOs\Shared\CommonDtos.cs'. [C:\Users\Miguel\source\repos\Proconenct\Proconenct.csproj]
C:\Users\Miguel\source\repos\Proconenct\ProConnect.Application\DTOs\Shared\CommonDtos.cs(10,16): warning CS0436: El tipo 'DayScheduleDto' de 'C:\Users\Miguel\source\repos\Proconenct\ProConnect.Application\DTOs\Shared\CommonDtos.cs' est├í en conflicto con el tipo importado 'DayScheduleDto' de 'ProConnect.Application, Version=0.0.0.0, Culture=neutral, PublicKeyToken=null'. Se usar├í el tipo definido en 'C:\Users\Miguel\source\repos\Proconenct\ProConnect.Application\DTOs\Shared\CommonDtos.cs'. [C:\Users\Miguel\source\repos\Proconenct\Proconenct.csproj]
C:\Users\Miguel\source\repos\Proconenct\ProConnect.Application\DTOs\Shared\CommonDtos.cs(11,16): warning CS0436: El tipo 'DayScheduleDto' de 'C:\Users\Miguel\source\repos\Proconenct\ProConnect.Application\DTOs\Shared\CommonDtos.cs' est├í en conflicto con el tipo importado 'DayScheduleDto' de 'ProConnect.Application, Version=0.0.0.0, Culture=neutral, PublicKeyToken=null'. Se usar├í el tipo definido en 'C:\Users\Miguel\source\repos\Proconenct\ProConnect.Application\DTOs\Shared\CommonDtos.cs'. [C:\Users\Miguel\source\repos\Proconenct\Proconenct.csproj]
C:\Users\Miguel\source\repos\Proconenct\ProConnect.Application\DTOs\Shared\CommonDtos.cs(12,16): warning CS0436: El tipo 'DayScheduleDto' de 'C:\Users\Miguel\source\repos\Proconenct\ProConnect.Application\DTOs\Shared\CommonDtos.cs' est├í en conflicto con el tipo importado 'DayScheduleDto' de 'ProConnect.Application, Version=0.0.0.0, Culture=neutral, PublicKeyToken=null'. Se usar├í el tipo definido en 'C:\Users\Miguel\source\repos\Proconenct\ProConnect.Application\DTOs\Shared\CommonDtos.cs'. [C:\Users\Miguel\source\repos\Proconenct\Proconenct.csproj]
C:\Users\Miguel\source\repos\Proconenct\ProConnect.Application\DTOs\Shared\CommonDtos.cs(13,16): warning CS0436: El tipo 'DayScheduleDto' de 'C:\Users\Miguel\source\repos\Proconenct\ProConnect.Application\DTOs\Shared\CommonDtos.cs' est├í en conflicto con el tipo importado 'DayScheduleDto' de 'ProConnect.Application, Version=0.0.0.0, Culture=neutral, PublicKeyToken=null'. Se usar├í el tipo definido en 'C:\Users\Miguel\source\repos\Proconenct\ProConnect.Application\DTOs\Shared\CommonDtos.cs'. [C:\Users\Miguel\source\repos\Proconenct\Proconenct.csproj]
C:\Users\Miguel\source\repos\Proconenct\ProConnect.Application\DTOs\Shared\CommonDtos.cs(14,16): warning CS0436: El tipo 'DayScheduleDto' de 'C:\Users\Miguel\source\repos\Proconenct\ProConnect.Application\DTOs\Shared\CommonDtos.cs' est├í en conflicto con el tipo importado 'DayScheduleDto' de 'ProConnect.Application, Version=0.0.0.0, Culture=neutral, PublicKeyToken=null'. Se usar├í el tipo definido en 'C:\Users\Miguel\source\repos\Proconenct\ProConnect.Application\DTOs\Shared\CommonDtos.cs'. [C:\Users\Miguel\source\repos\Proconenct\Proconenct.csproj]
C:\Users\Miguel\source\repos\Proconenct\ProConnect.Application\DTOs\Shared\CommonDtos.cs(68,21): warning CS0436: El tipo 'AvailableSlotDto' de 'C:\Users\Miguel\source\repos\Proconenct\ProConnect.Application\DTOs\Shared\CommonDtos.cs' est├í en conflicto con el tipo importado 'AvailableSlotDto' de 'ProConnect.Application, Version=0.0.0.0, Culture=neutral, PublicKeyToken=null'. Se usar├í el tipo definido en 'C:\Users\Miguel\source\repos\Proconenct\ProConnect.Application\DTOs\Shared\CommonDtos.cs'. [C:\Users\Miguel\source\repos\Proconenct\Proconenct.csproj]
C:\Users\Miguel\source\repos\Proconenct\ProConnect.Application\DTOs\Shared\CommonDtos.cs(96,16): warning CS0436: El tipo 'ServiceTypeDto' de 'C:\Users\Miguel\source\repos\Proconenct\ProConnect.Application\DTOs\Shared\CommonDtos.cs' est├í en conflicto con el tipo importado 'ServiceTypeDto' de 'ProConnect.Application, Version=0.0.0.0, Culture=neutral, PublicKeyToken=null'. Se usar├í el tipo definido en 'C:\Users\Miguel\source\repos\Proconenct\ProConnect.Application\DTOs\Shared\CommonDtos.cs'. [C:\Users\Miguel\source\repos\Proconenct\Proconenct.csproj]
C:\Users\Miguel\source\repos\Proconenct\ProConnect.Application\DTOs\Shared\CommonDtos.cs(109,16): warning CS0436: El tipo 'ServiceTypeDto' de 'C:\Users\Miguel\source\repos\Proconenct\ProConnect.Application\DTOs\Shared\CommonDtos.cs' est├í en conflicto con el tipo importado 'ServiceTypeDto' de 'ProConnect.Application, Version=0.0.0.0, Culture=neutral, PublicKeyToken=null'. Se usar├í el tipo definido en 'C:\Users\Miguel\source\repos\Proconenct\ProConnect.Application\DTOs\Shared\CommonDtos.cs'. [C:\Users\Miguel\source\repos\Proconenct\Proconenct.csproj]
C:\Users\Miguel\source\repos\Proconenct\ProConnect.Application\DTOs\Shared\CommonDtos.cs(122,16): warning CS0436: El tipo 'ServiceTypeDto' de 'C:\Users\Miguel\source\repos\Proconenct\ProConnect.Application\DTOs\Shared\CommonDtos.cs' est├í en conflicto con el tipo importado 'ServiceTypeDto' de 'ProConnect.Application, Version=0.0.0.0, Culture=neutral, PublicKeyToken=null'. Se usar├í el tipo definido en 'C:\Users\Miguel\source\repos\Proconenct\ProConnect.Application\DTOs\Shared\CommonDtos.cs'. [C:\Users\Miguel\source\repos\Proconenct\Proconenct.csproj]
C:\Users\Miguel\source\repos\Proconenct\ProConnect.Application\DTOs\UpdateProfessionalProfileDto.cs(55,16): warning CS0436: El tipo 'AvailabilityScheduleDto' de 'C:\Users\Miguel\source\repos\Proconenct\ProConnect.Application\DTOs\Shared\CommonDtos.cs' est├í en conflicto con el tipo importado 'AvailabilityScheduleDto' de 'ProConnect.Application, Version=0.0.0.0, Culture=neutral, PublicKeyToken=null'. Se usar├í el tipo definido en 'C:\Users\Miguel\source\repos\Proconenct\ProConnect.Application\DTOs\Shared\CommonDtos.cs'. [C:\Users\Miguel\source\repos\Proconenct\Proconenct.csproj]
C:\Users\Miguel\source\repos\Proconenct\ProConnect.Application\DTOs\UpdateProfessionalProfileDto.cs(60,16): warning CS0436: El tipo 'ProfileStatusDto' de 'C:\Users\Miguel\source\repos\Proconenct\ProConnect.Application\DTOs\Shared\CommonDtos.cs' est├í en conflicto con el tipo importado 'ProfileStatusDto' de 'ProConnect.Application, Version=0.0.0.0, Culture=neutral, PublicKeyToken=null'. Se usar├í el tipo definido en 'C:\Users\Miguel\source\repos\Proconenct\ProConnect.Application\DTOs\Shared\CommonDtos.cs'. [C:\Users\Miguel\source\repos\Proconenct\Proconenct.csproj]
C:\Users\Miguel\source\repos\Proconenct\ProConnect.Application\Interfaces\IAuthService.cs(8,45): warning CS0436: El tipo 'RegisterUserDto' de 'C:\Users\Miguel\source\repos\Proconenct\ProConnect.Application\DTOs\RegisterUserDto.cs' est├í en conflicto con el tipo importado 'RegisterUserDto' de 'ProConnect.Application, Version=0.0.0.0, Culture=neutral, PublicKeyToken=null'. Se usar├í el tipo definido en 'C:\Users\Miguel\source\repos\Proconenct\ProConnect.Application\DTOs\RegisterUserDto.cs'. [C:\Users\Miguel\source\repos\Proconenct\Proconenct.csproj]
C:\Users\Miguel\source\repos\Proconenct\ProConnect.Application\Interfaces\IAuthService.cs(8,14): warning CS0436: El tipo 'AuthResponseDto' de 'C:\Users\Miguel\source\repos\Proconenct\ProConnect.Application\DTOs\AuthResponseDto.cs' est├í en conflicto con el tipo importado 'AuthResponseDto' de 'ProConnect.Application, Version=0.0.0.0, Culture=neutral, PublicKeyToken=null'. Se usar├í el tipo definido en 'C:\Users\Miguel\source\repos\Proconenct\ProConnect.Application\DTOs\AuthResponseDto.cs'. [C:\Users\Miguel\source\repos\Proconenct\Proconenct.csproj]
C:\Users\Miguel\source\repos\Proconenct\ProConnect.Application\Interfaces\IAuthService.cs(9,42): warning CS0436: El tipo 'LoginUserDto' de 'C:\Users\Miguel\source\repos\Proconenct\ProConnect.Application\DTOs\LoginUserDto.cs' est├í en conflicto con el tipo importado 'LoginUserDto' de 'ProConnect.Application, Version=0.0.0.0, Culture=neutral, PublicKeyToken=null'. Se usar├í el tipo definido en 'C:\Users\Miguel\source\repos\Proconenct\ProConnect.Application\DTOs\LoginUserDto.cs'. [C:\Users\Miguel\source\repos\Proconenct\Proconenct.csproj]
C:\Users\Miguel\source\repos\Proconenct\ProConnect.Application\Interfaces\IAuthService.cs(9,14): warning CS0436: El tipo 'AuthResponseDto' de 'C:\Users\Miguel\source\repos\Proconenct\ProConnect.Application\DTOs\AuthResponseDto.cs' est├í en conflicto con el tipo importado 'AuthResponseDto' de 'ProConnect.Application, Version=0.0.0.0, Culture=neutral, PublicKeyToken=null'. Se usar├í el tipo definido en 'C:\Users\Miguel\source\repos\Proconenct\ProConnect.Application\DTOs\AuthResponseDto.cs'. [C:\Users\Miguel\source\repos\Proconenct\Proconenct.csproj]
C:\Users\Miguel\source\repos\Proconenct\ProConnect.Application\Interfaces\IAuthService.cs(10,14): warning CS0436: El tipo 'AuthResponseDto' de 'C:\Users\Miguel\source\repos\Proconenct\ProConnect.Application\DTOs\AuthResponseDto.cs' est├í en conflicto con el tipo importado 'AuthResponseDto' de 'ProConnect.Application, Version=0.0.0.0, Culture=neutral, PublicKeyToken=null'. Se usar├í el tipo definido en 'C:\Users\Miguel\source\repos\Proconenct\ProConnect.Application\DTOs\AuthResponseDto.cs'. [C:\Users\Miguel\source\repos\Proconenct\Proconenct.csproj]
C:\Users\Miguel\source\repos\Proconenct\ProConnect.Application\Interfaces\IAuthService.cs(15,14): warning CS0436: El tipo 'UserProfileDto' de 'C:\Users\Miguel\source\repos\Proconenct\ProConnect.Application\DTOs\UserProfileDto.cs' est├í en conflicto con el tipo importado 'UserProfileDto' de 'ProConnect.Application, Version=0.0.0.0, Culture=neutral, PublicKeyToken=null'. Se usar├í el tipo definido en 'C:\Users\Miguel\source\repos\Proconenct\ProConnect.Application\DTOs\UserProfileDto.cs'. [C:\Users\Miguel\source\repos\Proconenct\Proconenct.csproj]
C:\Users\Miguel\source\repos\Proconenct\ProConnect.Application\Interfaces\IAuthService.cs(16,54): warning CS0436: El tipo 'UpdateUserProfileDto' de 'C:\Users\Miguel\source\repos\Proconenct\ProConnect.Application\DTOs\UpdateUserProfileDto.cs' est├í en conflicto con el tipo importado 'UpdateUserProfileDto' de 'ProConnect.Application, Version=0.0.0.0, Culture=neutral, PublicKeyToken=null'. Se usar├í el tipo definido en 'C:\Users\Miguel\source\repos\Proconenct\ProConnect.Application\DTOs\UpdateUserProfileDto.cs'. [C:\Users\Miguel\source\repos\Proconenct\Proconenct.csproj]
C:\Users\Miguel\source\repos\Proconenct\ProConnect.Application\Interfaces\IBookingService.cs(7,45): warning CS0436: El tipo 'CreateBookingDto' de 'C:\Users\Miguel\source\repos\Proconenct\ProConnect.Application\DTOs\CreateBookingDto.cs' est├í en conflicto con el tipo importado 'CreateBookingDto' de 'ProConnect.Application, Version=0.0.0.0, Culture=neutral, PublicKeyToken=null'. Se usar├í el tipo definido en 'C:\Users\Miguel\source\repos\Proconenct\ProConnect.Application\DTOs\CreateBookingDto.cs'. [C:\Users\Miguel\source\repos\Proconenct\Proconenct.csproj]
C:\Users\Miguel\source\repos\Proconenct\ProConnect.Application\Interfaces\IBookingService.cs(7,14): warning CS0436: El tipo 'BookingDto' de 'C:\Users\Miguel\source\repos\Proconenct\ProConnect.Application\DTOs\BookingDto.cs' est├í en conflicto con el tipo importado 'BookingDto' de 'ProConnect.Application, Version=0.0.0.0, Culture=neutral, PublicKeyToken=null'. Se usar├í el tipo definido en 'C:\Users\Miguel\source\repos\Proconenct\ProConnect.Application\DTOs\BookingDto.cs'. [C:\Users\Miguel\source\repos\Proconenct\Proconenct.csproj]
C:\Users\Miguel\source\repos\Proconenct\ProConnect.Application\Interfaces\IBookingService.cs(8,14): warning CS0436: El tipo 'BookingDto' de 'C:\Users\Miguel\source\repos\Proconenct\ProConnect.Application\DTOs\BookingDto.cs' est├í en conflicto con el tipo importado 'BookingDto' de 'ProConnect.Application, Version=0.0.0.0, Culture=neutral, PublicKeyToken=null'. Se usar├í el tipo definido en 'C:\Users\Miguel\source\repos\Proconenct\ProConnect.Application\DTOs\BookingDto.cs'. [C:\Users\Miguel\source\repos\Proconenct\Proconenct.csproj]
C:\Users\Miguel\source\repos\Proconenct\ProConnect.Application\Services\AuthService.cs(13,32): warning CS0436: El tipo 'IAuthService' de 'C:\Users\Miguel\source\repos\Proconenct\ProConnect.Application\Interfaces\IAuthService.cs' est├í en conflicto con el tipo importado 'IAuthService' de 'ProConnect.Application, Version=0.0.0.0, Culture=neutral, PublicKeyToken=null'. Se usar├í el tipo definido en 'C:\Users\Miguel\source\repos\Proconenct\ProConnect.Application\Interfaces\IAuthService.cs'. [C:\Users\Miguel\source\repos\Proconenct\Proconenct.csproj]
C:\Users\Miguel\source\repos\Proconenct\ProConnect.Application\Interfaces\IBookingService.cs(9,19): warning CS0436: El tipo 'BookingDto' de 'C:\Users\Miguel\source\repos\Proconenct\ProConnect.Application\DTOs\BookingDto.cs' est├í en conflicto con el tipo importado 'BookingDto' de 'ProConnect.Application, Version=0.0.0.0, Culture=neutral, PublicKeyToken=null'. Se usar├í el tipo definido en 'C:\Users\Miguel\source\repos\Proconenct\ProConnect.Application\DTOs\BookingDto.cs'. [C:\Users\Miguel\source\repos\Proconenct\Proconenct.csproj]
C:\Users\Miguel\source\repos\Proconenct\ProConnect.Application\Interfaces\IBookingService.cs(10,19): warning CS0436: El tipo 'BookingDto' de 'C:\Users\Miguel\source\repos\Proconenct\ProConnect.Application\DTOs\BookingDto.cs' est├í en conflicto con el tipo importado 'BookingDto' de 'ProConnect.Application, Version=0.0.0.0, Culture=neutral, PublicKeyToken=null'. Se usar├í el tipo definido en 'C:\Users\Miguel\source\repos\Proconenct\ProConnect.Application\DTOs\BookingDto.cs'. [C:\Users\Miguel\source\repos\Proconenct\Proconenct.csproj]
C:\Users\Miguel\source\repos\Proconenct\ProConnect.Application\Interfaces\IBookingService.cs(11,63): warning CS0436: El tipo 'UpdateBookingDto' de 'C:\Users\Miguel\source\repos\Proconenct\ProConnect.Application\DTOs\UpdateBookingDto.cs' est├í en conflicto con el tipo importado 'UpdateBookingDto' de 'ProConnect.Application, Version=0.0.0.0, Culture=neutral, PublicKeyToken=null'. Se usar├í el tipo definido en 'C:\Users\Miguel\source\repos\Proconenct\ProConnect.Application\DTOs\UpdateBookingDto.cs'. [C:\Users\Miguel\source\repos\Proconenct\Proconenct.csproj]
C:\Users\Miguel\source\repos\Proconenct\ProConnect.Application\Interfaces\IBookingService.cs(11,14): warning CS0436: El tipo 'BookingDto' de 'C:\Users\Miguel\source\repos\Proconenct\ProConnect.Application\DTOs\BookingDto.cs' est├í en conflicto con el tipo importado 'BookingDto' de 'ProConnect.Application, Version=0.0.0.0, Culture=neutral, PublicKeyToken=null'. Se usar├í el tipo definido en 'C:\Users\Miguel\source\repos\Proconenct\ProConnect.Application\DTOs\BookingDto.cs'. [C:\Users\Miguel\source\repos\Proconenct\Proconenct.csproj]
C:\Users\Miguel\source\repos\Proconenct\ProConnect.Application\Interfaces\IBookingService.cs(16,19): warning CS0436: El tipo 'BookingDto' de 'C:\Users\Miguel\source\repos\Proconenct\ProConnect.Application\DTOs\BookingDto.cs' est├í en conflicto con el tipo importado 'BookingDto' de 'ProConnect.Application, Version=0.0.0.0, Culture=neutral, PublicKeyToken=null'. Se usar├í el tipo definido en 'C:\Users\Miguel\source\repos\Proconenct\ProConnect.Application\DTOs\BookingDto.cs'. [C:\Users\Miguel\source\repos\Proconenct\Proconenct.csproj]
C:\Users\Miguel\source\repos\Proconenct\ProConnect.Application\Services\AuthService.cs(35,58): warning CS0436: El tipo 'RegisterUserDto' de 'C:\Users\Miguel\source\repos\Proconenct\ProConnect.Application\DTOs\RegisterUserDto.cs' est├í en conflicto con el tipo importado 'RegisterUserDto' de 'ProConnect.Application, Version=0.0.0.0, Culture=neutral, PublicKeyToken=null'. Se usar├í el tipo definido en 'C:\Users\Miguel\source\repos\Proconenct\ProConnect.Application\DTOs\RegisterUserDto.cs'. [C:\Users\Miguel\source\repos\Proconenct\Proconenct.csproj]
C:\Users\Miguel\source\repos\Proconenct\ProConnect.Application\Services\AuthService.cs(35,27): warning CS0436: El tipo 'AuthResponseDto' de 'C:\Users\Miguel\source\repos\Proconenct\ProConnect.Application\DTOs\AuthResponseDto.cs' est├í en conflicto con el tipo importado 'AuthResponseDto' de 'ProConnect.Application, Version=0.0.0.0, Culture=neutral, PublicKeyToken=null'. Se usar├í el tipo definido en 'C:\Users\Miguel\source\repos\Proconenct\ProConnect.Application\DTOs\AuthResponseDto.cs'. [C:\Users\Miguel\source\repos\Proconenct\Proconenct.csproj]
C:\Users\Miguel\source\repos\Proconenct\ProConnect.Application\Services\AuthService.cs(110,55): warning CS0436: El tipo 'LoginUserDto' de 'C:\Users\Miguel\source\repos\Proconenct\ProConnect.Application\DTOs\LoginUserDto.cs' est├í en conflicto con el tipo importado 'LoginUserDto' de 'ProConnect.Application, Version=0.0.0.0, Culture=neutral, PublicKeyToken=null'. Se usar├í el tipo definido en 'C:\Users\Miguel\source\repos\Proconenct\ProConnect.Application\DTOs\LoginUserDto.cs'. [C:\Users\Miguel\source\repos\Proconenct\Proconenct.csproj]
C:\Users\Miguel\source\repos\Proconenct\ProConnect.Application\Services\AuthService.cs(110,27): warning CS0436: El tipo 'AuthResponseDto' de 'C:\Users\Miguel\source\repos\Proconenct\ProConnect.Application\DTOs\AuthResponseDto.cs' est├í en conflicto con el tipo importado 'AuthResponseDto' de 'ProConnect.Application, Version=0.0.0.0, Culture=neutral, PublicKeyToken=null'. Se usar├í el tipo definido en 'C:\Users\Miguel\source\repos\Proconenct\ProConnect.Application\DTOs\AuthResponseDto.cs'. [C:\Users\Miguel\source\repos\Proconenct\Proconenct.csproj]
C:\Users\Miguel\source\repos\Proconenct\ProConnect.Application\Services\AuthService.cs(195,27): warning CS0436: El tipo 'AuthResponseDto' de 'C:\Users\Miguel\source\repos\Proconenct\ProConnect.Application\DTOs\AuthResponseDto.cs' est├í en conflicto con el tipo importado 'AuthResponseDto' de 'ProConnect.Application, Version=0.0.0.0, Culture=neutral, PublicKeyToken=null'. Se usar├í el tipo definido en 'C:\Users\Miguel\source\repos\Proconenct\ProConnect.Application\DTOs\AuthResponseDto.cs'. [C:\Users\Miguel\source\repos\Proconenct\Proconenct.csproj]
C:\Users\Miguel\source\repos\Proconenct\ProConnect.Application\Services\AuthService.cs(264,27): warning CS0436: El tipo 'UserProfileDto' de 'C:\Users\Miguel\source\repos\Proconenct\ProConnect.Application\DTOs\UserProfileDto.cs' est├í en conflicto con el tipo importado 'UserProfileDto' de 'ProConnect.Application, Version=0.0.0.0, Culture=neutral, PublicKeyToken=null'. Se usar├í el tipo definido en 'C:\Users\Miguel\source\repos\Proconenct\ProConnect.Application\DTOs\UserProfileDto.cs'. [C:\Users\Miguel\source\repos\Proconenct\Proconenct.csproj]
C:\Users\Miguel\source\repos\Proconenct\ProConnect.Application\Services\AuthService.cs(278,67): warning CS0436: El tipo 'UpdateUserProfileDto' de 'C:\Users\Miguel\source\repos\Proconenct\ProConnect.Application\DTOs\UpdateUserProfileDto.cs' est├í en conflicto con el tipo importado 'UpdateUserProfileDto' de 'ProConnect.Application, Version=0.0.0.0, Culture=neutral, PublicKeyToken=null'. Se usar├í el tipo definido en 'C:\Users\Miguel\source\repos\Proconenct\ProConnect.Application\DTOs\UpdateUserProfileDto.cs'. [C:\Users\Miguel\source\repos\Proconenct\Proconenct.csproj]
C:\Users\Miguel\source\repos\Proconenct\ProConnect.Application\Interfaces\IPortfolioService.cs(10,14): warning CS0436: El tipo 'PortfolioFileDto' de 'C:\Users\Miguel\source\repos\Proconenct\ProConnect.Application\DTOs\PortfolioFileDto.cs' est├í en conflicto con el tipo importado 'PortfolioFileDto' de 'ProConnect.Application, Version=0.0.0.0, Culture=neutral, PublicKeyToken=null'. Se usar├í el tipo definido en 'C:\Users\Miguel\source\repos\Proconenct\ProConnect.Application\DTOs\PortfolioFileDto.cs'. [C:\Users\Miguel\source\repos\Proconenct\Proconenct.csproj]
C:\Users\Miguel\source\repos\Proconenct\ProConnect.Application\Interfaces\IPortfolioService.cs(11,19): warning CS0436: El tipo 'PortfolioFileDto' de 'C:\Users\Miguel\source\repos\Proconenct\ProConnect.Application\DTOs\PortfolioFileDto.cs' est├í en conflicto con el tipo importado 'PortfolioFileDto' de 'ProConnect.Application, Version=0.0.0.0, Culture=neutral, PublicKeyToken=null'. Se usar├í el tipo definido en 'C:\Users\Miguel\source\repos\Proconenct\ProConnect.Application\DTOs\PortfolioFileDto.cs'. [C:\Users\Miguel\source\repos\Proconenct\Proconenct.csproj]
C:\Users\Miguel\source\repos\Proconenct\ProConnect.Application\Services\AuthService.cs(15,26): warning CS0436: El tipo 'IUserRepository' de 'C:\Users\Miguel\source\repos\Proconenct\ProConnect.Core\Interfaces\IUserRepository.cs' est├í en conflicto con el tipo importado 'IUserRepository' de 'ProConnect.Core, Version=0.0.0.0, Culture=neutral, PublicKeyToken=null'. Se usar├í el tipo definido en 'C:\Users\Miguel\source\repos\Proconenct\ProConnect.Core\Interfaces\IUserRepository.cs'. [C:\Users\Miguel\source\repos\Proconenct\Proconenct.csproj]
C:\Users\Miguel\source\repos\Proconenct\ProConnect.Application\Interfaces\IProfessionalProfileService.cs(17,65): warning CS0436: El tipo 'CreateProfessionalProfileDto' de 'C:\Users\Miguel\source\repos\Proconenct\ProConnect.Application\DTOs\CreateProfessionalProfileDto.cs' est├í en conflicto con el tipo importado 'CreateProfessionalProfileDto' de 'ProConnect.Application, Version=0.0.0.0, Culture=neutral, PublicKeyToken=null'. Se usar├í el tipo definido en 'C:\Users\Miguel\source\repos\Proconenct\ProConnect.Application\DTOs\CreateProfessionalProfileDto.cs'. [C:\Users\Miguel\source\repos\Proconenct\Proconenct.csproj]
C:\Users\Miguel\source\repos\Proconenct\ProConnect.Application\Interfaces\IProfessionalProfileService.cs(17,14): warning CS0436: El tipo 'ProfessionalProfileResponseDto' de 'C:\Users\Miguel\source\repos\Proconenct\ProConnect.Application\DTOs\ProfessionalProfileResponseDto.cs' est├í en conflicto con el tipo importado 'ProfessionalProfileResponseDto' de 'ProConnect.Application, Version=0.0.0.0, Culture=neutral, PublicKeyToken=null'. Se usar├í el tipo definido en 'C:\Users\Miguel\source\repos\Proconenct\ProConnect.Application\DTOs\ProfessionalProfileResponseDto.cs'. [C:\Users\Miguel\source\repos\Proconenct\Proconenct.csproj]
C:\Users\Miguel\source\repos\Proconenct\ProConnect.Application\Services\AuthService.cs(16,26): warning CS0436: El tipo 'IJwtTokenService' de 'C:\Users\Miguel\source\repos\Proconenct\ProConnect.Core\Interfaces\IJwtTokenService.cs' est├í en conflicto con el tipo importado 'IJwtTokenService' de 'ProConnect.Core, Version=0.0.0.0, Culture=neutral, PublicKeyToken=null'. Se usar├í el tipo definido en 'C:\Users\Miguel\source\repos\Proconenct\ProConnect.Core\Interfaces\IJwtTokenService.cs'. [C:\Users\Miguel\source\repos\Proconenct\Proconenct.csproj]
C:\Users\Miguel\source\repos\Proconenct\ProConnect.Application\Interfaces\IProfessionalProfileService.cs(22,83): warning CS0436: El tipo 'UpdateProfessionalProfileDto' de 'C:\Users\Miguel\source\repos\Proconenct\ProConnect.Application\DTOs\UpdateProfessionalProfileDto.cs' est├í en conflicto con el tipo importado 'UpdateProfessionalProfileDto' de 'ProConnect.Application, Version=0.0.0.0, Culture=neutral, PublicKeyToken=null'. Se usar├í el tipo definido en 'C:\Users\Miguel\source\repos\Proconenct\ProConnect.Application\DTOs\UpdateProfessionalProfileDto.cs'. [C:\Users\Miguel\source\repos\Proconenct\Proconenct.csproj]
C:\Users\Miguel\source\repos\Proconenct\ProConnect.Application\Interfaces\IProfessionalProfileService.cs(22,14): warning CS0436: El tipo 'ProfessionalProfileResponseDto' de 'C:\Users\Miguel\source\repos\Proconenct\ProConnect.Application\DTOs\ProfessionalProfileResponseDto.cs' est├í en conflicto con el tipo importado 'ProfessionalProfileResponseDto' de 'ProConnect.Application, Version=0.0.0.0, Culture=neutral, PublicKeyToken=null'. Se usar├í el tipo definido en 'C:\Users\Miguel\source\repos\Proconenct\ProConnect.Application\DTOs\ProfessionalProfileResponseDto.cs'. [C:\Users\Miguel\source\repos\Proconenct\Proconenct.csproj]
C:\Users\Miguel\source\repos\Proconenct\ProConnect.Application\Services\AuthService.cs(17,37): warning CS0436: El tipo 'RegisterUserDto' de 'C:\Users\Miguel\source\repos\Proconenct\ProConnect.Application\DTOs\RegisterUserDto.cs' est├í en conflicto con el tipo importado 'RegisterUserDto' de 'ProConnect.Application, Version=0.0.0.0, Culture=neutral, PublicKeyToken=null'. Se usar├í el tipo definido en 'C:\Users\Miguel\source\repos\Proconenct\ProConnect.Application\DTOs\RegisterUserDto.cs'. [C:\Users\Miguel\source\repos\Proconenct\Proconenct.csproj]
C:\Users\Miguel\source\repos\Proconenct\ProConnect.Application\Interfaces\IProfessionalProfileService.cs(27,14): warning CS0436: El tipo 'ProfessionalProfileResponseDto' de 'C:\Users\Miguel\source\repos\Proconenct\ProConnect.Application\DTOs\ProfessionalProfileResponseDto.cs' est├í en conflicto con el tipo importado 'ProfessionalProfileResponseDto' de 'ProConnect.Application, Version=0.0.0.0, Culture=neutral, PublicKeyToken=null'. Se usar├í el tipo definido en 'C:\Users\Miguel\source\repos\Proconenct\ProConnect.Application\DTOs\ProfessionalProfileResponseDto.cs'. [C:\Users\Miguel\source\repos\Proconenct\Proconenct.csproj]
C:\Users\Miguel\source\repos\Proconenct\ProConnect.Application\Interfaces\IProfessionalProfileService.cs(32,14): warning CS0436: El tipo 'ProfessionalProfileResponseDto' de 'C:\Users\Miguel\source\repos\Proconenct\ProConnect.Application\DTOs\ProfessionalProfileResponseDto.cs' est├í en conflicto con el tipo importado 'ProfessionalProfileResponseDto' de 'ProConnect.Application, Version=0.0.0.0, Culture=neutral, PublicKeyToken=null'. Se usar├í el tipo definido en 'C:\Users\Miguel\source\repos\Proconenct\ProConnect.Application\DTOs\ProfessionalProfileResponseDto.cs'. [C:\Users\Miguel\source\repos\Proconenct\Proconenct.csproj]
C:\Users\Miguel\source\repos\Proconenct\ProConnect.Application\Services\AuthService.cs(18,37): warning CS0436: El tipo 'LoginUserDto' de 'C:\Users\Miguel\source\repos\Proconenct\ProConnect.Application\DTOs\LoginUserDto.cs' est├í en conflicto con el tipo importado 'LoginUserDto' de 'ProConnect.Application, Version=0.0.0.0, Culture=neutral, PublicKeyToken=null'. Se usar├í el tipo definido en 'C:\Users\Miguel\source\repos\Proconenct\ProConnect.Application\DTOs\LoginUserDto.cs'. [C:\Users\Miguel\source\repos\Proconenct\Proconenct.csproj]
C:\Users\Miguel\source\repos\Proconenct\ProConnect.Application\Interfaces\IProfessionalProfileService.cs(37,19): warning CS0436: El tipo 'ProfessionalProfileResponseDto' de 'C:\Users\Miguel\source\repos\Proconenct\ProConnect.Application\DTOs\ProfessionalProfileResponseDto.cs' est├í en conflicto con el tipo importado 'ProfessionalProfileResponseDto' de 'ProConnect.Application, Version=0.0.0.0, Culture=neutral, PublicKeyToken=null'. Se usar├í el tipo definido en 'C:\Users\Miguel\source\repos\Proconenct\ProConnect.Application\DTOs\ProfessionalProfileResponseDto.cs'. [C:\Users\Miguel\source\repos\Proconenct\Proconenct.csproj]
C:\Users\Miguel\source\repos\Proconenct\ProConnect.Application\Interfaces\IProfessionalProfileService.cs(42,19): warning CS0436: El tipo 'ProfessionalProfileResponseDto' de 'C:\Users\Miguel\source\repos\Proconenct\ProConnect.Application\DTOs\ProfessionalProfileResponseDto.cs' est├í en conflicto con el tipo importado 'ProfessionalProfileResponseDto' de 'ProConnect.Application, Version=0.0.0.0, Culture=neutral, PublicKeyToken=null'. Se usar├í el tipo definido en 'C:\Users\Miguel\source\repos\Proconenct\ProConnect.Application\DTOs\ProfessionalProfileResponseDto.cs'. [C:\Users\Miguel\source\repos\Proconenct\Proconenct.csproj]
C:\Users\Miguel\source\repos\Proconenct\ProConnect.Application\Interfaces\IProfessionalProfileService.cs(47,67): warning CS0436: El tipo 'AvailabilityScheduleDto' de 'C:\Users\Miguel\source\repos\Proconenct\ProConnect.Application\DTOs\Shared\CommonDtos.cs' est├í en conflicto con el tipo importado 'AvailabilityScheduleDto' de 'ProConnect.Application, Version=0.0.0.0, Culture=neutral, PublicKeyToken=null'. Se usar├í el tipo definido en 'C:\Users\Miguel\source\repos\Proconenct\ProConnect.Application\DTOs\Shared\CommonDtos.cs'. [C:\Users\Miguel\source\repos\Proconenct\Proconenct.csproj]
C:\Users\Miguel\source\repos\Proconenct\ProConnect.Core\Entities\ProfessionalProfile.cs(67,21): warning CS0436: El tipo 'PortfolioItem' de 'C:\Users\Miguel\source\repos\Proconenct\ProConnect.Core\Entities\ProfessionalProfile.cs' est├í en conflicto con el tipo importado 'PortfolioItem' de 'ProConnect.Core, Version=0.0.0.0, Culture=neutral, PublicKeyToken=null'. Se usar├í el tipo definido en 'C:\Users\Miguel\source\repos\Proconenct\ProConnect.Core\Entities\ProfessionalProfile.cs'. [C:\Users\Miguel\source\repos\Proconenct\Proconenct.csproj]
C:\Users\Miguel\source\repos\Proconenct\ProConnect.Core\Entities\ProfessionalProfile.cs(96,16): warning CS0436: El tipo 'AvailabilitySchedule' de 'C:\Users\Miguel\source\repos\Proconenct\ProConnect.Core\Entities\ProfessionalProfile.cs' est├í en conflicto con el tipo importado 'AvailabilitySchedule' de 'ProConnect.Core, Version=0.0.0.0, Culture=neutral, PublicKeyToken=null'. Se usar├í el tipo definido en 'C:\Users\Miguel\source\repos\Proconenct\ProConnect.Core\Entities\ProfessionalProfile.cs'. [C:\Users\Miguel\source\repos\Proconenct\Proconenct.csproj]
C:\Users\Miguel\source\repos\Proconenct\ProConnect.Core\Entities\ProfessionalProfile.cs(102,21): warning CS0436: El tipo 'AvailabilityBlock' de 'C:\Users\Miguel\source\repos\Proconenct\ProConnect.Core\Entities\ProfessionalProfile.cs' est├í en conflicto con el tipo importado 'AvailabilityBlock' de 'ProConnect.Core, Version=0.0.0.0, Culture=neutral, PublicKeyToken=null'. Se usar├í el tipo definido en 'C:\Users\Miguel\source\repos\Proconenct\ProConnect.Core\Entities\ProfessionalProfile.cs'. [C:\Users\Miguel\source\repos\Proconenct\Proconenct.csproj]
C:\Users\Miguel\source\repos\Proconenct\ProConnect.Core\Entities\ProfessionalProfile.cs(108,21): warning CS0436: El tipo 'Service' de 'C:\Users\Miguel\source\repos\Proconenct\ProConnect.Core\Entities\ProfessionalProfile.cs' est├í en conflicto con el tipo importado 'Service' de 'ProConnect.Core, Version=0.0.0.0, Culture=neutral, PublicKeyToken=null'. Se usar├í el tipo definido en 'C:\Users\Miguel\source\repos\Proconenct\ProConnect.Core\Entities\ProfessionalProfile.cs'. [C:\Users\Miguel\source\repos\Proconenct\Proconenct.csproj]
C:\Users\Miguel\source\repos\Proconenct\ProConnect.Core\Entities\ProfessionalProfile.cs(114,16): warning CS0436: El tipo 'ProfileStatus' de 'C:\Users\Miguel\source\repos\Proconenct\ProConnect.Core\Entities\ProfessionalProfile.cs' est├í en conflicto con el tipo importado 'ProfileStatus' de 'ProConnect.Core, Version=0.0.0.0, Culture=neutral, PublicKeyToken=null'. Se usar├í el tipo definido en 'C:\Users\Miguel\source\repos\Proconenct\ProConnect.Core\Entities\ProfessionalProfile.cs'. [C:\Users\Miguel\source\repos\Proconenct\Proconenct.csproj]
C:\Users\Miguel\source\repos\Proconenct\ProConnect.Application\Interfaces\IProfessionalProfileService.cs(52,77): warning CS0436: El tipo 'CreateAvailabilityBlockDto' de 'C:\Users\Miguel\source\repos\Proconenct\ProConnect.Application\DTOs\Shared\CommonDtos.cs' est├í en conflicto con el tipo importado 'CreateAvailabilityBlockDto' de 'ProConnect.Application, Version=0.0.0.0, Culture=neutral, PublicKeyToken=null'. Se usar├í el tipo definido en 'C:\Users\Miguel\source\repos\Proconenct\ProConnect.Application\DTOs\Shared\CommonDtos.cs'. [C:\Users\Miguel\source\repos\Proconenct\Proconenct.csproj]
C:\Users\Miguel\source\repos\Proconenct\ProConnect.Application\Interfaces\IProfessionalProfileService.cs(52,14): warning CS0436: El tipo 'AvailabilityBlockDto' de 'C:\Users\Miguel\source\repos\Proconenct\ProConnect.Application\DTOs\Shared\CommonDtos.cs' est├í en conflicto con el tipo importado 'AvailabilityBlockDto' de 'ProConnect.Application, Version=0.0.0.0, Culture=neutral, PublicKeyToken=null'. Se usar├í el tipo definido en 'C:\Users\Miguel\source\repos\Proconenct\ProConnect.Application\DTOs\Shared\CommonDtos.cs'. [C:\Users\Miguel\source\repos\Proconenct\Proconenct.csproj]
C:\Users\Miguel\source\repos\Proconenct\ProConnect.Application\Interfaces\IProfessionalProfileService.cs(57,19): warning CS0436: El tipo 'AvailabilityBlockDto' de 'C:\Users\Miguel\source\repos\Proconenct\ProConnect.Application\DTOs\Shared\CommonDtos.cs' est├í en conflicto con el tipo importado 'AvailabilityBlockDto' de 'ProConnect.Application, Version=0.0.0.0, Culture=neutral, PublicKeyToken=null'. Se usar├í el tipo definido en 'C:\Users\Miguel\source\repos\Proconenct\ProConnect.Application\DTOs\Shared\CommonDtos.cs'. [C:\Users\Miguel\source\repos\Proconenct\Proconenct.csproj]
C:\Users\Miguel\source\repos\Proconenct\ProConnect.Application\Interfaces\IProfessionalProfileService.cs(67,14): warning CS0436: El tipo 'AvailabilityCheckResponseDto' de 'C:\Users\Miguel\source\repos\Proconenct\ProConnect.Application\DTOs\Shared\CommonDtos.cs' est├í en conflicto con el tipo importado 'AvailabilityCheckResponseDto' de 'ProConnect.Application, Version=0.0.0.0, Culture=neutral, PublicKeyToken=null'. Se usar├í el tipo definido en 'C:\Users\Miguel\source\repos\Proconenct\ProConnect.Application\DTOs\Shared\CommonDtos.cs'. [C:\Users\Miguel\source\repos\Proconenct\Proconenct.csproj]
C:\Users\Miguel\source\repos\Proconenct\ProConnect.Application\Interfaces\IProfessionalProfileService.cs(72,51): warning CS0436: El tipo 'CreateServiceDto' de 'C:\Users\Miguel\source\repos\Proconenct\ProConnect.Application\DTOs\Shared\CommonDtos.cs' est├í en conflicto con el tipo importado 'CreateServiceDto' de 'ProConnect.Application, Version=0.0.0.0, Culture=neutral, PublicKeyToken=null'. Se usar├í el tipo definido en 'C:\Users\Miguel\source\repos\Proconenct\ProConnect.Application\DTOs\Shared\CommonDtos.cs'. [C:\Users\Miguel\source\repos\Proconenct\Proconenct.csproj]
C:\Users\Miguel\source\repos\Proconenct\ProConnect.Application\Interfaces\IProfessionalProfileService.cs(77,54): warning CS0436: El tipo 'UpdateServiceDto' de 'C:\Users\Miguel\source\repos\Proconenct\ProConnect.Application\DTOs\Shared\CommonDtos.cs' est├í en conflicto con el tipo importado 'UpdateServiceDto' de 'ProConnect.Application, Version=0.0.0.0, Culture=neutral, PublicKeyToken=null'. Se usar├í el tipo definido en 'C:\Users\Miguel\source\repos\Proconenct\ProConnect.Application\DTOs\Shared\CommonDtos.cs'. [C:\Users\Miguel\source\repos\Proconenct\Proconenct.csproj]
C:\Users\Miguel\source\repos\Proconenct\ProConnect.Application\Interfaces\IProfessionalProfileService.cs(87,19): warning CS0436: El tipo 'ServiceDto' de 'C:\Users\Miguel\source\repos\Proconenct\ProConnect.Application\DTOs\Shared\CommonDtos.cs' est├í en conflicto con el tipo importado 'ServiceDto' de 'ProConnect.Application, Version=0.0.0.0, Culture=neutral, PublicKeyToken=null'. Se usar├í el tipo definido en 'C:\Users\Miguel\source\repos\Proconenct\ProConnect.Application\DTOs\Shared\CommonDtos.cs'. [C:\Users\Miguel\source\repos\Proconenct\Proconenct.csproj]
C:\Users\Miguel\source\repos\Proconenct\ProConnect.Application\Services\AuthService.cs(19,26): warning CS0436: El tipo 'IEmailService' de 'C:\Users\Miguel\source\repos\Proconenct\ProConnect.Core\Interfaces\IEmailService.cs' est├í en conflicto con el tipo importado 'IEmailService' de 'ProConnect.Core, Version=0.0.0.0, Culture=neutral, PublicKeyToken=null'. Se usar├í el tipo definido en 'C:\Users\Miguel\source\repos\Proconenct\ProConnect.Core\Interfaces\IEmailService.cs'. [C:\Users\Miguel\source\repos\Proconenct\Proconenct.csproj]
C:\Users\Miguel\source\repos\Proconenct\ProConnect.Application\Services\AuthService.cs(22,13): warning CS0436: El tipo 'IUserRepository' de 'C:\Users\Miguel\source\repos\Proconenct\ProConnect.Core\Interfaces\IUserRepository.cs' est├í en conflicto con el tipo importado 'IUserRepository' de 'ProConnect.Core, Version=0.0.0.0, Culture=neutral, PublicKeyToken=null'. Se usar├í el tipo definido en 'C:\Users\Miguel\source\repos\Proconenct\ProConnect.Core\Interfaces\IUserRepository.cs'. [C:\Users\Miguel\source\repos\Proconenct\Proconenct.csproj]
C:\Users\Miguel\source\repos\Proconenct\ProConnect.Application\Services\AuthService.cs(23,13): warning CS0436: El tipo 'IJwtTokenService' de 'C:\Users\Miguel\source\repos\Proconenct\ProConnect.Core\Interfaces\IJwtTokenService.cs' est├í en conflicto con el tipo importado 'IJwtTokenService' de 'ProConnect.Core, Version=0.0.0.0, Culture=neutral, PublicKeyToken=null'. Se usar├í el tipo definido en 'C:\Users\Miguel\source\repos\Proconenct\ProConnect.Core\Interfaces\IJwtTokenService.cs'. [C:\Users\Miguel\source\repos\Proconenct\Proconenct.csproj]
C:\Users\Miguel\source\repos\Proconenct\ProConnect.Application\Services\AuthService.cs(24,24): warning CS0436: El tipo 'RegisterUserDto' de 'C:\Users\Miguel\source\repos\Proconenct\ProConnect.Application\DTOs\RegisterUserDto.cs' est├í en conflicto con el tipo importado 'RegisterUserDto' de 'ProConnect.Application, Version=0.0.0.0, Culture=neutral, PublicKeyToken=null'. Se usar├í el tipo definido en 'C:\Users\Miguel\source\repos\Proconenct\ProConnect.Application\DTOs\RegisterUserDto.cs'. [C:\Users\Miguel\source\repos\Proconenct\Proconenct.csproj]
C:\Users\Miguel\source\repos\Proconenct\ProConnect.Application\Services\AuthService.cs(25,24): warning CS0436: El tipo 'LoginUserDto' de 'C:\Users\Miguel\source\repos\Proconenct\ProConnect.Application\DTOs\LoginUserDto.cs' est├í en conflicto con el tipo importado 'LoginUserDto' de 'ProConnect.Application, Version=0.0.0.0, Culture=neutral, PublicKeyToken=null'. Se usar├í el tipo definido en 'C:\Users\Miguel\source\repos\Proconenct\ProConnect.Application\DTOs\LoginUserDto.cs'. [C:\Users\Miguel\source\repos\Proconenct\Proconenct.csproj]
C:\Users\Miguel\source\repos\Proconenct\ProConnect.Application\Services\AuthService.cs(26,13): warning CS0436: El tipo 'IEmailService' de 'C:\Users\Miguel\source\repos\Proconenct\ProConnect.Core\Interfaces\IEmailService.cs' est├í en conflicto con el tipo importado 'IEmailService' de 'ProConnect.Core, Version=0.0.0.0, Culture=neutral, PublicKeyToken=null'. Se usar├í el tipo definido en 'C:\Users\Miguel\source\repos\Proconenct\ProConnect.Core\Interfaces\IEmailService.cs'. [C:\Users\Miguel\source\repos\Proconenct\Proconenct.csproj]
C:\Users\Miguel\source\repos\Proconenct\ProConnect.Application\Interfaces\IProfessionalSearchService.cs(9,84): warning CS0436: El tipo 'ProfessionalSearchFiltersDto' de 'C:\Users\Miguel\source\repos\Proconenct\ProConnect.Application\DTOs\ProfessionalSearchFiltersDto.cs' est├í en conflicto con el tipo importado 'ProfessionalSearchFiltersDto' de 'ProConnect.Application, Version=0.0.0.0, Culture=neutral, PublicKeyToken=null'. Se usar├í el tipo definido en 'C:\Users\Miguel\source\repos\Proconenct\ProConnect.Application\DTOs\ProfessionalSearchFiltersDto.cs'. [C:\Users\Miguel\source\repos\Proconenct\Proconenct.csproj]
C:\Users\Miguel\source\repos\Proconenct\ProConnect.Application\Interfaces\IProfessionalSearchService.cs(9,14): warning CS0436: El tipo 'PagedResultDto<T>' de 'C:\Users\Miguel\source\repos\Proconenct\ProConnect.Application\DTOs\Shared\PagedResultDto.cs' est├í en conflicto con el tipo importado 'PagedResultDto<T>' de 'ProConnect.Application, Version=0.0.0.0, Culture=neutral, PublicKeyToken=null'. Se usar├í el tipo definido en 'C:\Users\Miguel\source\repos\Proconenct\ProConnect.Application\DTOs\Shared\PagedResultDto.cs'. [C:\Users\Miguel\source\repos\Proconenct\Proconenct.csproj]
C:\Users\Miguel\source\repos\Proconenct\ProConnect.Application\Interfaces\IProfessionalSearchService.cs(9,29): warning CS0436: El tipo 'ProfessionalSearchResultDto' de 'C:\Users\Miguel\source\repos\Proconenct\ProConnect.Application\DTOs\ProfessionalSearchResultDto.cs' est├í en conflicto con el tipo importado 'ProfessionalSearchResultDto' de 'ProConnect.Application, Version=0.0.0.0, Culture=neutral, PublicKeyToken=null'. Se usar├í el tipo definido en 'C:\Users\Miguel\source\repos\Proconenct\ProConnect.Application\DTOs\ProfessionalSearchResultDto.cs'. [C:\Users\Miguel\source\repos\Proconenct\Proconenct.csproj]
C:\Users\Miguel\source\repos\Proconenct\ProConnect.Application\Interfaces\IRecommendationService.cs(9,19): warning CS0436: El tipo 'ProfessionalRecommendationDto' de 'C:\Users\Miguel\source\repos\Proconenct\ProConnect.Application\DTOs\ProfessionalRecommendationDto.cs' est├í en conflicto con el tipo importado 'ProfessionalRecommendationDto' de 'ProConnect.Application, Version=0.0.0.0, Culture=neutral, PublicKeyToken=null'. Se usar├í el tipo definido en 'C:\Users\Miguel\source\repos\Proconenct\ProConnect.Application\DTOs\ProfessionalRecommendationDto.cs'. [C:\Users\Miguel\source\repos\Proconenct\Proconenct.csproj]
C:\Users\Miguel\source\repos\Proconenct\ProConnect.Application\Services\BookingService.cs(9,35): warning CS0436: El tipo 'IBookingService' de 'C:\Users\Miguel\source\repos\Proconenct\ProConnect.Application\Interfaces\IBookingService.cs' est├í en conflicto con el tipo importado 'IBookingService' de 'ProConnect.Application, Version=0.0.0.0, Culture=neutral, PublicKeyToken=null'. Se usar├í el tipo definido en 'C:\Users\Miguel\source\repos\Proconenct\ProConnect.Application\Interfaces\IBookingService.cs'. [C:\Users\Miguel\source\repos\Proconenct\Proconenct.csproj]
C:\Users\Miguel\source\repos\Proconenct\ProConnect.Application\Interfaces\IUserService.cs(15,14): warning CS0436: El tipo 'UserProfileDto' de 'C:\Users\Miguel\source\repos\Proconenct\ProConnect.Application\DTOs\UserProfileDto.cs' est├í en conflicto con el tipo importado 'UserProfileDto' de 'ProConnect.Application, Version=0.0.0.0, Culture=neutral, PublicKeyToken=null'. Se usar├í el tipo definido en 'C:\Users\Miguel\source\repos\Proconenct\ProConnect.Application\DTOs\UserProfileDto.cs'. [C:\Users\Miguel\source\repos\Proconenct\Proconenct.csproj]
C:\Users\Miguel\source\repos\Proconenct\ProConnect.Application\Interfaces\IUserService.cs(23,68): warning CS0436: El tipo 'UpdateUserProfileDto' de 'C:\Users\Miguel\source\repos\Proconenct\ProConnect.Application\DTOs\UpdateUserProfileDto.cs' est├í en conflicto con el tipo importado 'UpdateUserProfileDto' de 'ProConnect.Application, Version=0.0.0.0, Culture=neutral, PublicKeyToken=null'. Se usar├í el tipo definido en 'C:\Users\Miguel\source\repos\Proconenct\ProConnect.Application\DTOs\UpdateUserProfileDto.cs'. [C:\Users\Miguel\source\repos\Proconenct\Proconenct.csproj]
C:\Users\Miguel\source\repos\Proconenct\ProConnect.Application\Interfaces\IUserService.cs(23,14): warning CS0436: El tipo 'UserProfileDto' de 'C:\Users\Miguel\source\repos\Proconenct\ProConnect.Application\DTOs\UserProfileDto.cs' est├í en conflicto con el tipo importado 'UserProfileDto' de 'ProConnect.Application, Version=0.0.0.0, Culture=neutral, PublicKeyToken=null'. Se usar├í el tipo definido en 'C:\Users\Miguel\source\repos\Proconenct\ProConnect.Application\DTOs\UserProfileDto.cs'. [C:\Users\Miguel\source\repos\Proconenct\Proconenct.csproj]
C:\Users\Miguel\source\repos\Proconenct\ProConnect.Application\Interfaces\IUserService.cs(37,14): warning CS0436: El tipo 'UserProfileDto' de 'C:\Users\Miguel\source\repos\Proconenct\ProConnect.Application\DTOs\UserProfileDto.cs' est├í en conflicto con el tipo importado 'UserProfileDto' de 'ProConnect.Application, Version=0.0.0.0, Culture=neutral, PublicKeyToken=null'. Se usar├í el tipo definido en 'C:\Users\Miguel\source\repos\Proconenct\ProConnect.Application\DTOs\UserProfileDto.cs'. [C:\Users\Miguel\source\repos\Proconenct\Proconenct.csproj]
C:\Users\Miguel\source\repos\Proconenct\ProConnect.Application\Services\BookingService.cs(28,58): warning CS0436: El tipo 'CreateBookingDto' de 'C:\Users\Miguel\source\repos\Proconenct\ProConnect.Application\DTOs\CreateBookingDto.cs' est├í en conflicto con el tipo importado 'CreateBookingDto' de 'ProConnect.Application, Version=0.0.0.0, Culture=neutral, PublicKeyToken=null'. Se usar├í el tipo definido en 'C:\Users\Miguel\source\repos\Proconenct\ProConnect.Application\DTOs\CreateBookingDto.cs'. [C:\Users\Miguel\source\repos\Proconenct\Proconenct.csproj]
C:\Users\Miguel\source\repos\Proconenct\ProConnect.Application\Services\BookingService.cs(28,27): warning CS0436: El tipo 'BookingDto' de 'C:\Users\Miguel\source\repos\Proconenct\ProConnect.Application\DTOs\BookingDto.cs' est├í en conflicto con el tipo importado 'BookingDto' de 'ProConnect.Application, Version=0.0.0.0, Culture=neutral, PublicKeyToken=null'. Se usar├í el tipo definido en 'C:\Users\Miguel\source\repos\Proconenct\ProConnect.Application\DTOs\BookingDto.cs'. [C:\Users\Miguel\source\repos\Proconenct\Proconenct.csproj]
C:\Users\Miguel\source\repos\Proconenct\ProConnect.Application\Services\BookingService.cs(101,27): warning CS0436: El tipo 'BookingDto' de 'C:\Users\Miguel\source\repos\Proconenct\ProConnect.Application\DTOs\BookingDto.cs' est├í en conflicto con el tipo importado 'BookingDto' de 'ProConnect.Application, Version=0.0.0.0, Culture=neutral, PublicKeyToken=null'. Se usar├í el tipo definido en 'C:\Users\Miguel\source\repos\Proconenct\ProConnect.Application\DTOs\BookingDto.cs'. [C:\Users\Miguel\source\repos\Proconenct\Proconenct.csproj]
C:\Users\Miguel\source\repos\Proconenct\ProConnect.Application\Services\BookingService.cs(126,32): warning CS0436: El tipo 'BookingDto' de 'C:\Users\Miguel\source\repos\Proconenct\ProConnect.Application\DTOs\BookingDto.cs' est├í en conflicto con el tipo importado 'BookingDto' de 'ProConnect.Application, Version=0.0.0.0, Culture=neutral, PublicKeyToken=null'. Se usar├í el tipo definido en 'C:\Users\Miguel\source\repos\Proconenct\ProConnect.Application\DTOs\BookingDto.cs'. [C:\Users\Miguel\source\repos\Proconenct\Proconenct.csproj]
C:\Users\Miguel\source\repos\Proconenct\ProConnect.Application\Services\BookingService.cs(147,32): warning CS0436: El tipo 'BookingDto' de 'C:\Users\Miguel\source\repos\Proconenct\ProConnect.Application\DTOs\BookingDto.cs' est├í en conflicto con el tipo importado 'BookingDto' de 'ProConnect.Application, Version=0.0.0.0, Culture=neutral, PublicKeyToken=null'. Se usar├í el tipo definido en 'C:\Users\Miguel\source\repos\Proconenct\ProConnect.Application\DTOs\BookingDto.cs'. [C:\Users\Miguel\source\repos\Proconenct\Proconenct.csproj]
C:\Users\Miguel\source\repos\Proconenct\ProConnect.Application\Services\BookingService.cs(168,76): warning CS0436: El tipo 'UpdateBookingDto' de 'C:\Users\Miguel\source\repos\Proconenct\ProConnect.Application\DTOs\UpdateBookingDto.cs' est├í en conflicto con el tipo importado 'UpdateBookingDto' de 'ProConnect.Application, Version=0.0.0.0, Culture=neutral, PublicKeyToken=null'. Se usar├í el tipo definido en 'C:\Users\Miguel\source\repos\Proconenct\ProConnect.Application\DTOs\UpdateBookingDto.cs'. [C:\Users\Miguel\source\repos\Proconenct\Proconenct.csproj]
C:\Users\Miguel\source\repos\Proconenct\ProConnect.Application\Services\BookingService.cs(168,27): warning CS0436: El tipo 'BookingDto' de 'C:\Users\Miguel\source\repos\Proconenct\ProConnect.Application\DTOs\BookingDto.cs' est├í en conflicto con el tipo importado 'BookingDto' de 'ProConnect.Application, Version=0.0.0.0, Culture=neutral, PublicKeyToken=null'. Se usar├í el tipo definido en 'C:\Users\Miguel\source\repos\Proconenct\ProConnect.Application\DTOs\BookingDto.cs'. [C:\Users\Miguel\source\repos\Proconenct\Proconenct.csproj]
C:\Users\Miguel\source\repos\Proconenct\ProConnect.Application\Validators\CreateProfessionalProfileValidator.cs(10,73): warning CS0436: El tipo 'CreateProfessionalProfileDto' de 'C:\Users\Miguel\source\repos\Proconenct\ProConnect.Application\DTOs\CreateProfessionalProfileDto.cs' est├í en conflicto con el tipo importado 'CreateProfessionalProfileDto' de 'ProConnect.Application, Version=0.0.0.0, Culture=neutral, PublicKeyToken=null'. Se usar├í el tipo definido en 'C:\Users\Miguel\source\repos\Proconenct\ProConnect.Application\DTOs\CreateProfessionalProfileDto.cs'. [C:\Users\Miguel\source\repos\Proconenct\Proconenct.csproj]
C:\Users\Miguel\source\repos\Proconenct\ProConnect.Application\Services\BookingService.cs(405,32): warning CS0436: El tipo 'BookingDto' de 'C:\Users\Miguel\source\repos\Proconenct\ProConnect.Application\DTOs\BookingDto.cs' est├í en conflicto con el tipo importado 'BookingDto' de 'ProConnect.Application, Version=0.0.0.0, Culture=neutral, PublicKeyToken=null'. Se usar├í el tipo definido en 'C:\Users\Miguel\source\repos\Proconenct\ProConnect.Application\DTOs\BookingDto.cs'. [C:\Users\Miguel\source\repos\Proconenct\Proconenct.csproj]
C:\Users\Miguel\source\repos\Proconenct\ProConnect.Application\Services\BookingService.cs(449,61): warning CS0436: El tipo 'Booking' de 'C:\Users\Miguel\source\repos\Proconenct\ProConnect.Core\Entities\Booking.cs' est├í en conflicto con el tipo importado 'Booking' de 'ProConnect.Core, Version=0.0.0.0, Culture=neutral, PublicKeyToken=null'. Se usar├í el tipo definido en 'C:\Users\Miguel\source\repos\Proconenct\ProConnect.Core\Entities\Booking.cs'. [C:\Users\Miguel\source\repos\Proconenct\Proconenct.csproj]
C:\Users\Miguel\source\repos\Proconenct\ProConnect.Application\Services\BookingService.cs(449,28): warning CS0436: El tipo 'BookingDto' de 'C:\Users\Miguel\source\repos\Proconenct\ProConnect.Application\DTOs\BookingDto.cs' est├í en conflicto con el tipo importado 'BookingDto' de 'ProConnect.Application, Version=0.0.0.0, Culture=neutral, PublicKeyToken=null'. Se usar├í el tipo definido en 'C:\Users\Miguel\source\repos\Proconenct\ProConnect.Application\DTOs\BookingDto.cs'. [C:\Users\Miguel\source\repos\Proconenct\Proconenct.csproj]
C:\Users\Miguel\source\repos\Proconenct\ProConnect.Application\Validators\CreateProfessionalProfileValidator.cs(49,68): warning CS0436: El tipo 'AvailabilityScheduleDto' de 'C:\Users\Miguel\source\repos\Proconenct\ProConnect.Application\DTOs\Shared\CommonDtos.cs' est├í en conflicto con el tipo importado 'AvailabilityScheduleDto' de 'ProConnect.Application, Version=0.0.0.0, Culture=neutral, PublicKeyToken=null'. Se usar├í el tipo definido en 'C:\Users\Miguel\source\repos\Proconenct\ProConnect.Application\DTOs\Shared\CommonDtos.cs'. [C:\Users\Miguel\source\repos\Proconenct\Proconenct.csproj]
C:\Users\Miguel\source\repos\Proconenct\ProConnect.Application\Services\BookingService.cs(11,26): warning CS0436: El tipo 'IBookingRepository' de 'C:\Users\Miguel\source\repos\Proconenct\ProConnect.Core\Interfaces\IBookingRepository.cs' est├í en conflicto con el tipo importado 'IBookingRepository' de 'ProConnect.Core, Version=0.0.0.0, Culture=neutral, PublicKeyToken=null'. Se usar├í el tipo definido en 'C:\Users\Miguel\source\repos\Proconenct\ProConnect.Core\Interfaces\IBookingRepository.cs'. [C:\Users\Miguel\source\repos\Proconenct\Proconenct.csproj]
C:\Users\Miguel\source\repos\Proconenct\ProConnect.Application\Services\BookingService.cs(12,26): warning CS0436: El tipo 'IProfessionalProfileRepository' de 'C:\Users\Miguel\source\repos\Proconenct\ProConnect.Core\Interfaces\IProfessionalProfileRepository.cs' est├í en conflicto con el tipo importado 'IProfessionalProfileRepository' de 'ProConnect.Core, Version=0.0.0.0, Culture=neutral, PublicKeyToken=null'. Se usar├í el tipo definido en 'C:\Users\Miguel\source\repos\Proconenct\ProConnect.Core\Interfaces\IProfessionalProfileRepository.cs'. [C:\Users\Miguel\source\repos\Proconenct\Proconenct.csproj]
C:\Users\Miguel\source\repos\Proconenct\ProConnect.Application\Services\BookingService.cs(13,26): warning CS0436: El tipo 'IUserRepository' de 'C:\Users\Miguel\source\repos\Proconenct\ProConnect.Core\Interfaces\IUserRepository.cs' est├í en conflicto con el tipo importado 'IUserRepository' de 'ProConnect.Core, Version=0.0.0.0, Culture=neutral, PublicKeyToken=null'. Se usar├í el tipo definido en 'C:\Users\Miguel\source\repos\Proconenct\ProConnect.Core\Interfaces\IUserRepository.cs'. [C:\Users\Miguel\source\repos\Proconenct\Proconenct.csproj]
C:\Users\Miguel\source\repos\Proconenct\ProConnect.Application\Services\BookingService.cs(14,34): warning CS0436: El tipo 'BookingService' de 'C:\Users\Miguel\source\repos\Proconenct\ProConnect.Application\Services\BookingService.cs' est├í en conflicto con el tipo importado 'BookingService' de 'ProConnect.Application, Version=0.0.0.0, Culture=neutral, PublicKeyToken=null'. Se usar├í el tipo definido en 'C:\Users\Miguel\source\repos\Proconenct\ProConnect.Application\Services\BookingService.cs'. [C:\Users\Miguel\source\repos\Proconenct\Proconenct.csproj]
C:\Users\Miguel\source\repos\Proconenct\ProConnect.Application\Validators\CreateProfessionalProfileValidator.cs(69,59): warning CS0436: El tipo 'DayScheduleDto' de 'C:\Users\Miguel\source\repos\Proconenct\ProConnect.Application\DTOs\Shared\CommonDtos.cs' est├í en conflicto con el tipo importado 'DayScheduleDto' de 'ProConnect.Application, Version=0.0.0.0, Culture=neutral, PublicKeyToken=null'. Se usar├í el tipo definido en 'C:\Users\Miguel\source\repos\Proconenct\ProConnect.Application\DTOs\Shared\CommonDtos.cs'. [C:\Users\Miguel\source\repos\Proconenct\Proconenct.csproj]
C:\Users\Miguel\source\repos\Proconenct\ProConnect.Application\Services\BookingService.cs(17,13): warning CS0436: El tipo 'IBookingRepository' de 'C:\Users\Miguel\source\repos\Proconenct\ProConnect.Core\Interfaces\IBookingRepository.cs' est├í en conflicto con el tipo importado 'IBookingRepository' de 'ProConnect.Core, Version=0.0.0.0, Culture=neutral, PublicKeyToken=null'. Se usar├í el tipo definido en 'C:\Users\Miguel\source\repos\Proconenct\ProConnect.Core\Interfaces\IBookingRepository.cs'. [C:\Users\Miguel\source\repos\Proconenct\Proconenct.csproj]
C:\Users\Miguel\source\repos\Proconenct\ProConnect.Application\Services\BookingService.cs(18,13): warning CS0436: El tipo 'IProfessionalProfileRepository' de 'C:\Users\Miguel\source\repos\Proconenct\ProConnect.Core\Interfaces\IProfessionalProfileRepository.cs' est├í en conflicto con el tipo importado 'IProfessionalProfileRepository' de 'ProConnect.Core, Version=0.0.0.0, Culture=neutral, PublicKeyToken=null'. Se usar├í el tipo definido en 'C:\Users\Miguel\source\repos\Proconenct\ProConnect.Core\Interfaces\IProfessionalProfileRepository.cs'. [C:\Users\Miguel\source\repos\Proconenct\Proconenct.csproj]
C:\Users\Miguel\source\repos\Proconenct\ProConnect.Application\Services\BookingService.cs(19,13): warning CS0436: El tipo 'IUserRepository' de 'C:\Users\Miguel\source\repos\Proconenct\ProConnect.Core\Interfaces\IUserRepository.cs' est├í en conflicto con el tipo importado 'IUserRepository' de 'ProConnect.Core, Version=0.0.0.0, Culture=neutral, PublicKeyToken=null'. Se usar├í el tipo definido en 'C:\Users\Miguel\source\repos\Proconenct\ProConnect.Core\Interfaces\IUserRepository.cs'. [C:\Users\Miguel\source\repos\Proconenct\Proconenct.csproj]
C:\Users\Miguel\source\repos\Proconenct\ProConnect.Application\Services\BookingService.cs(20,21): warning CS0436: El tipo 'BookingService' de 'C:\Users\Miguel\source\repos\Proconenct\ProConnect.Application\Services\BookingService.cs' est├í en conflicto con el tipo importado 'BookingService' de 'ProConnect.Application, Version=0.0.0.0, Culture=neutral, PublicKeyToken=null'. Se usar├í el tipo definido en 'C:\Users\Miguel\source\repos\Proconenct\ProConnect.Application\Services\BookingService.cs'. [C:\Users\Miguel\source\repos\Proconenct\Proconenct.csproj]
C:\Users\Miguel\source\repos\Proconenct\ProConnect.Application\Validators\LoginUserValidator.cs(6,57): warning CS0436: El tipo 'LoginUserDto' de 'C:\Users\Miguel\source\repos\Proconenct\ProConnect.Application\DTOs\LoginUserDto.cs' est├í en conflicto con el tipo importado 'LoginUserDto' de 'ProConnect.Application, Version=0.0.0.0, Culture=neutral, PublicKeyToken=null'. Se usar├í el tipo definido en 'C:\Users\Miguel\source\repos\Proconenct\ProConnect.Application\DTOs\LoginUserDto.cs'. [C:\Users\Miguel\source\repos\Proconenct\Proconenct.csproj]
C:\Users\Miguel\source\repos\Proconenct\ProConnect.Application\Validators\RegisterUserValidator.cs(7,60): warning CS0436: El tipo 'RegisterUserDto' de 'C:\Users\Miguel\source\repos\Proconenct\ProConnect.Application\DTOs\RegisterUserDto.cs' est├í en conflicto con el tipo importado 'RegisterUserDto' de 'ProConnect.Application, Version=0.0.0.0, Culture=neutral, PublicKeyToken=null'. Se usar├í el tipo definido en 'C:\Users\Miguel\source\repos\Proconenct\ProConnect.Application\DTOs\RegisterUserDto.cs'. [C:\Users\Miguel\source\repos\Proconenct\Proconenct.csproj]
C:\Users\Miguel\source\repos\Proconenct\ProConnect.Application\Services\PortfolioService.cs(15,37): warning CS0436: El tipo 'IPortfolioService' de 'C:\Users\Miguel\source\repos\Proconenct\ProConnect.Application\Interfaces\IPortfolioService.cs' est├í en conflicto con el tipo importado 'IPortfolioService' de 'ProConnect.Application, Version=0.0.0.0, Culture=neutral, PublicKeyToken=null'. Se usar├í el tipo definido en 'C:\Users\Miguel\source\repos\Proconenct\ProConnect.Application\Interfaces\IPortfolioService.cs'. [C:\Users\Miguel\source\repos\Proconenct\Proconenct.csproj]
C:\Users\Miguel\source\repos\Proconenct\ProConnect.Application\Services\PortfolioService.cs(30,27): warning CS0436: El tipo 'PortfolioFileDto' de 'C:\Users\Miguel\source\repos\Proconenct\ProConnect.Application\DTOs\PortfolioFileDto.cs' est├í en conflicto con el tipo importado 'PortfolioFileDto' de 'ProConnect.Application, Version=0.0.0.0, Culture=neutral, PublicKeyToken=null'. Se usar├í el tipo definido en 'C:\Users\Miguel\source\repos\Proconenct\ProConnect.Application\DTOs\PortfolioFileDto.cs'. [C:\Users\Miguel\source\repos\Proconenct\Proconenct.csproj]
C:\Users\Miguel\source\repos\Proconenct\ProConnect.Application\Services\PortfolioService.cs(86,32): warning CS0436: El tipo 'PortfolioFileDto' de 'C:\Users\Miguel\source\repos\Proconenct\ProConnect.Application\DTOs\PortfolioFileDto.cs' est├í en conflicto con el tipo importado 'PortfolioFileDto' de 'ProConnect.Application, Version=0.0.0.0, Culture=neutral, PublicKeyToken=null'. Se usar├í el tipo definido en 'C:\Users\Miguel\source\repos\Proconenct\ProConnect.Application\DTOs\PortfolioFileDto.cs'. [C:\Users\Miguel\source\repos\Proconenct\Proconenct.csproj]
C:\Users\Miguel\source\repos\Proconenct\ProConnect.Core\Entities\ProfessionalProfile.cs(191,16): warning CS0436: El tipo 'DaySchedule' de 'C:\Users\Miguel\source\repos\Proconenct\ProConnect.Core\Entities\ProfessionalProfile.cs' est├í en conflicto con el tipo importado 'DaySchedule' de 'ProConnect.Core, Version=0.0.0.0, Culture=neutral, PublicKeyToken=null'. Se usar├í el tipo definido en 'C:\Users\Miguel\source\repos\Proconenct\ProConnect.Core\Entities\ProfessionalProfile.cs'. [C:\Users\Miguel\source\repos\Proconenct\Proconenct.csproj]
C:\Users\Miguel\source\repos\Proconenct\ProConnect.Core\Entities\ProfessionalProfile.cs(194,16): warning CS0436: El tipo 'DaySchedule' de 'C:\Users\Miguel\source\repos\Proconenct\ProConnect.Core\Entities\ProfessionalProfile.cs' est├í en conflicto con el tipo importado 'DaySchedule' de 'ProConnect.Core, Version=0.0.0.0, Culture=neutral, PublicKeyToken=null'. Se usar├í el tipo definido en 'C:\Users\Miguel\source\repos\Proconenct\ProConnect.Core\Entities\ProfessionalProfile.cs'. [C:\Users\Miguel\source\repos\Proconenct\Proconenct.csproj]
C:\Users\Miguel\source\repos\Proconenct\ProConnect.Core\Entities\ProfessionalProfile.cs(197,16): warning CS0436: El tipo 'DaySchedule' de 'C:\Users\Miguel\source\repos\Proconenct\ProConnect.Core\Entities\ProfessionalProfile.cs' est├í en conflicto con el tipo importado 'DaySchedule' de 'ProConnect.Core, Version=0.0.0.0, Culture=neutral, PublicKeyToken=null'. Se usar├í el tipo definido en 'C:\Users\Miguel\source\repos\Proconenct\ProConnect.Core\Entities\ProfessionalProfile.cs'. [C:\Users\Miguel\source\repos\Proconenct\Proconenct.csproj]
C:\Users\Miguel\source\repos\Proconenct\ProConnect.Core\Entities\ProfessionalProfile.cs(200,16): warning CS0436: El tipo 'DaySchedule' de 'C:\Users\Miguel\source\repos\Proconenct\ProConnect.Core\Entities\ProfessionalProfile.cs' est├í en conflicto con el tipo importado 'DaySchedule' de 'ProConnect.Core, Version=0.0.0.0, Culture=neutral, PublicKeyToken=null'. Se usar├í el tipo definido en 'C:\Users\Miguel\source\repos\Proconenct\ProConnect.Core\Entities\ProfessionalProfile.cs'. [C:\Users\Miguel\source\repos\Proconenct\Proconenct.csproj]
C:\Users\Miguel\source\repos\Proconenct\ProConnect.Application\Validators\RegisterUserValidator.cs(9,26): warning CS0436: El tipo 'IUserRepository' de 'C:\Users\Miguel\source\repos\Proconenct\ProConnect.Core\Interfaces\IUserRepository.cs' est├í en conflicto con el tipo importado 'IUserRepository' de 'ProConnect.Core, Version=0.0.0.0, Culture=neutral, PublicKeyToken=null'. Se usar├í el tipo definido en 'C:\Users\Miguel\source\repos\Proconenct\ProConnect.Core\Interfaces\IUserRepository.cs'. [C:\Users\Miguel\source\repos\Proconenct\Proconenct.csproj]
C:\Users\Miguel\source\repos\Proconenct\ProConnect.Core\Entities\ProfessionalProfile.cs(203,16): warning CS0436: El tipo 'DaySchedule' de 'C:\Users\Miguel\source\repos\Proconenct\ProConnect.Core\Entities\ProfessionalProfile.cs' est├í en conflicto con el tipo importado 'DaySchedule' de 'ProConnect.Core, Version=0.0.0.0, Culture=neutral, PublicKeyToken=null'. Se usar├í el tipo definido en 'C:\Users\Miguel\source\repos\Proconenct\ProConnect.Core\Entities\ProfessionalProfile.cs'. [C:\Users\Miguel\source\repos\Proconenct\Proconenct.csproj]
C:\Users\Miguel\source\repos\Proconenct\ProConnect.Core\Entities\ProfessionalProfile.cs(206,16): warning CS0436: El tipo 'DaySchedule' de 'C:\Users\Miguel\source\repos\Proconenct\ProConnect.Core\Entities\ProfessionalProfile.cs' est├í en conflicto con el tipo importado 'DaySchedule' de 'ProConnect.Core, Version=0.0.0.0, Culture=neutral, PublicKeyToken=null'. Se usar├í el tipo definido en 'C:\Users\Miguel\source\repos\Proconenct\ProConnect.Core\Entities\ProfessionalProfile.cs'. [C:\Users\Miguel\source\repos\Proconenct\Proconenct.csproj]
C:\Users\Miguel\source\repos\Proconenct\ProConnect.Core\Entities\ProfessionalProfile.cs(209,16): warning CS0436: El tipo 'DaySchedule' de 'C:\Users\Miguel\source\repos\Proconenct\ProConnect.Core\Entities\ProfessionalProfile.cs' est├í en conflicto con el tipo importado 'DaySchedule' de 'ProConnect.Core, Version=0.0.0.0, Culture=neutral, PublicKeyToken=null'. Se usar├í el tipo definido en 'C:\Users\Miguel\source\repos\Proconenct\ProConnect.Core\Entities\ProfessionalProfile.cs'. [C:\Users\Miguel\source\repos\Proconenct\Proconenct.csproj]
C:\Users\Miguel\source\repos\Proconenct\ProConnect.Application\Validators\RegisterUserValidator.cs(11,38): warning CS0436: El tipo 'IUserRepository' de 'C:\Users\Miguel\source\repos\Proconenct\ProConnect.Core\Interfaces\IUserRepository.cs' est├í en conflicto con el tipo importado 'IUserRepository' de 'ProConnect.Core, Version=0.0.0.0, Culture=neutral, PublicKeyToken=null'. Se usar├í el tipo definido en 'C:\Users\Miguel\source\repos\Proconenct\ProConnect.Core\Interfaces\IUserRepository.cs'. [C:\Users\Miguel\source\repos\Proconenct\Proconenct.csproj]
C:\Users\Miguel\source\repos\Proconenct\ProConnect.Application\Validators\UpdateProfessionalProfileValidator.cs(10,73): warning CS0436: El tipo 'UpdateProfessionalProfileDto' de 'C:\Users\Miguel\source\repos\Proconenct\ProConnect.Application\DTOs\UpdateProfessionalProfileDto.cs' est├í en conflicto con el tipo importado 'UpdateProfessionalProfileDto' de 'ProConnect.Application, Version=0.0.0.0, Culture=neutral, PublicKeyToken=null'. Se usar├í el tipo definido en 'C:\Users\Miguel\source\repos\Proconenct\ProConnect.Application\DTOs\UpdateProfessionalProfileDto.cs'. [C:\Users\Miguel\source\repos\Proconenct\Proconenct.csproj]
C:\Users\Miguel\source\repos\Proconenct\ProConnect.Application\Services\PortfolioService.cs(23,26): warning CS0436: El tipo 'IPortfolioRepository' de 'C:\Users\Miguel\source\repos\Proconenct\ProConnect.Core\Interfaces\IPortfolioRepository.cs' est├í en conflicto con el tipo importado 'IPortfolioRepository' de 'ProConnect.Core, Version=0.0.0.0, Culture=neutral, PublicKeyToken=null'. Se usar├í el tipo definido en 'C:\Users\Miguel\source\repos\Proconenct\ProConnect.Core\Interfaces\IPortfolioRepository.cs'. [C:\Users\Miguel\source\repos\Proconenct\Proconenct.csproj]
C:\Users\Miguel\source\repos\Proconenct\ProConnect.Application\Services\PortfolioService.cs(25,33): warning CS0436: El tipo 'IPortfolioRepository' de 'C:\Users\Miguel\source\repos\Proconenct\ProConnect.Core\Interfaces\IPortfolioRepository.cs' est├í en conflicto con el tipo importado 'IPortfolioRepository' de 'ProConnect.Core, Version=0.0.0.0, Culture=neutral, PublicKeyToken=null'. Se usar├í el tipo definido en 'C:\Users\Miguel\source\repos\Proconenct\ProConnect.Core\Interfaces\IPortfolioRepository.cs'. [C:\Users\Miguel\source\repos\Proconenct\Proconenct.csproj]
C:\Users\Miguel\source\repos\Proconenct\ProConnect.Application\Services\ProfessionalProfileService.cs(13,47): warning CS0436: El tipo 'IProfessionalProfileService' de 'C:\Users\Miguel\source\repos\Proconenct\ProConnect.Application\Interfaces\IProfessionalProfileService.cs' est├í en conflicto con el tipo importado 'IProfessionalProfileService' de 'ProConnect.Application, Version=0.0.0.0, Culture=neutral, PublicKeyToken=null'. Se usar├í el tipo definido en 'C:\Users\Miguel\source\repos\Proconenct\ProConnect.Application\Interfaces\IProfessionalProfileService.cs'. [C:\Users\Miguel\source\repos\Proconenct\Proconenct.csproj]
C:\Users\Miguel\source\repos\Proconenct\ProConnect.Application\Services\ProfessionalProfileService.cs(30,13): warning CS0436: El tipo 'CreateProfessionalProfileDto' de 'C:\Users\Miguel\source\repos\Proconenct\ProConnect.Application\DTOs\CreateProfessionalProfileDto.cs' est├í en conflicto con el tipo importado 'CreateProfessionalProfileDto' de 'ProConnect.Application, Version=0.0.0.0, Culture=neutral, PublicKeyToken=null'. Se usar├í el tipo definido en 'C:\Users\Miguel\source\repos\Proconenct\ProConnect.Application\DTOs\CreateProfessionalProfileDto.cs'. [C:\Users\Miguel\source\repos\Proconenct\Proconenct.csproj]
C:\Users\Miguel\source\repos\Proconenct\ProConnect.Application\Services\ProfessionalProfileService.cs(29,27): warning CS0436: El tipo 'ProfessionalProfileResponseDto' de 'C:\Users\Miguel\source\repos\Proconenct\ProConnect.Application\DTOs\ProfessionalProfileResponseDto.cs' est├í en conflicto con el tipo importado 'ProfessionalProfileResponseDto' de 'ProConnect.Application, Version=0.0.0.0, Culture=neutral, PublicKeyToken=null'. Se usar├í el tipo definido en 'C:\Users\Miguel\source\repos\Proconenct\ProConnect.Application\DTOs\ProfessionalProfileResponseDto.cs'. [C:\Users\Miguel\source\repos\Proconenct\Proconenct.csproj]
C:\Users\Miguel\source\repos\Proconenct\ProConnect.Application\Services\ProfessionalProfileService.cs(75,13): warning CS0436: El tipo 'UpdateProfessionalProfileDto' de 'C:\Users\Miguel\source\repos\Proconenct\ProConnect.Application\DTOs\UpdateProfessionalProfileDto.cs' est├í en conflicto con el tipo importado 'UpdateProfessionalProfileDto' de 'ProConnect.Application, Version=0.0.0.0, Culture=neutral, PublicKeyToken=null'. Se usar├í el tipo definido en 'C:\Users\Miguel\source\repos\Proconenct\ProConnect.Application\DTOs\UpdateProfessionalProfileDto.cs'. [C:\Users\Miguel\source\repos\Proconenct\Proconenct.csproj]
C:\Users\Miguel\source\repos\Proconenct\ProConnect.Application\Services\ProfessionalProfileService.cs(73,27): warning CS0436: El tipo 'ProfessionalProfileResponseDto' de 'C:\Users\Miguel\source\repos\Proconenct\ProConnect.Application\DTOs\ProfessionalProfileResponseDto.cs' est├í en conflicto con el tipo importado 'ProfessionalProfileResponseDto' de 'ProConnect.Application, Version=0.0.0.0, Culture=neutral, PublicKeyToken=null'. Se usar├í el tipo definido en 'C:\Users\Miguel\source\repos\Proconenct\ProConnect.Application\DTOs\ProfessionalProfileResponseDto.cs'. [C:\Users\Miguel\source\repos\Proconenct\Proconenct.csproj]
C:\Users\Miguel\source\repos\Proconenct\ProConnect.Application\Services\ProfessionalProfileService.cs(115,27): warning CS0436: El tipo 'ProfessionalProfileResponseDto' de 'C:\Users\Miguel\source\repos\Proconenct\ProConnect.Application\DTOs\ProfessionalProfileResponseDto.cs' est├í en conflicto con el tipo importado 'ProfessionalProfileResponseDto' de 'ProConnect.Application, Version=0.0.0.0, Culture=neutral, PublicKeyToken=null'. Se usar├í el tipo definido en 'C:\Users\Miguel\source\repos\Proconenct\ProConnect.Application\DTOs\ProfessionalProfileResponseDto.cs'. [C:\Users\Miguel\source\repos\Proconenct\Proconenct.csproj]
C:\Users\Miguel\source\repos\Proconenct\ProConnect.Application\Services\ProfessionalProfileService.cs(131,27): warning CS0436: El tipo 'ProfessionalProfileResponseDto' de 'C:\Users\Miguel\source\repos\Proconenct\ProConnect.Application\DTOs\ProfessionalProfileResponseDto.cs' est├í en conflicto con el tipo importado 'ProfessionalProfileResponseDto' de 'ProConnect.Application, Version=0.0.0.0, Culture=neutral, PublicKeyToken=null'. Se usar├í el tipo definido en 'C:\Users\Miguel\source\repos\Proconenct\ProConnect.Application\DTOs\ProfessionalProfileResponseDto.cs'. [C:\Users\Miguel\source\repos\Proconenct\Proconenct.csproj]
C:\Users\Miguel\source\repos\Proconenct\ProConnect.Application\Services\ProfessionalProfileService.cs(147,32): warning CS0436: El tipo 'ProfessionalProfileResponseDto' de 'C:\Users\Miguel\source\repos\Proconenct\ProConnect.Application\DTOs\ProfessionalProfileResponseDto.cs' est├í en conflicto con el tipo importado 'ProfessionalProfileResponseDto' de 'ProConnect.Application, Version=0.0.0.0, Culture=neutral, PublicKeyToken=null'. Se usar├í el tipo definido en 'C:\Users\Miguel\source\repos\Proconenct\ProConnect.Application\DTOs\ProfessionalProfileResponseDto.cs'. [C:\Users\Miguel\source\repos\Proconenct\Proconenct.csproj]
C:\Users\Miguel\source\repos\Proconenct\ProConnect.Application\Services\ProfessionalProfileService.cs(168,32): warning CS0436: El tipo 'ProfessionalProfileResponseDto' de 'C:\Users\Miguel\source\repos\Proconenct\ProConnect.Application\DTOs\ProfessionalProfileResponseDto.cs' est├í en conflicto con el tipo importado 'ProfessionalProfileResponseDto' de 'ProConnect.Application, Version=0.0.0.0, Culture=neutral, PublicKeyToken=null'. Se usar├í el tipo definido en 'C:\Users\Miguel\source\repos\Proconenct\ProConnect.Application\DTOs\ProfessionalProfileResponseDto.cs'. [C:\Users\Miguel\source\repos\Proconenct\Proconenct.csproj]
C:\Users\Miguel\source\repos\Proconenct\ProConnect.Application\Services\ProfessionalProfileService.cs(189,80): warning CS0436: El tipo 'AvailabilityScheduleDto' de 'C:\Users\Miguel\source\repos\Proconenct\ProConnect.Application\DTOs\Shared\CommonDtos.cs' est├í en conflicto con el tipo importado 'AvailabilityScheduleDto' de 'ProConnect.Application, Version=0.0.0.0, Culture=neutral, PublicKeyToken=null'. Se usar├í el tipo definido en 'C:\Users\Miguel\source\repos\Proconenct\ProConnect.Application\DTOs\Shared\CommonDtos.cs'. [C:\Users\Miguel\source\repos\Proconenct\Proconenct.csproj]
C:\Users\Miguel\source\repos\Proconenct\ProConnect.Application\Services\ProfessionalProfileService.cs(203,90): warning CS0436: El tipo 'CreateAvailabilityBlockDto' de 'C:\Users\Miguel\source\repos\Proconenct\ProConnect.Application\DTOs\Shared\CommonDtos.cs' est├í en conflicto con el tipo importado 'CreateAvailabilityBlockDto' de 'ProConnect.Application, Version=0.0.0.0, Culture=neutral, PublicKeyToken=null'. Se usar├í el tipo definido en 'C:\Users\Miguel\source\repos\Proconenct\ProConnect.Application\DTOs\Shared\CommonDtos.cs'. [C:\Users\Miguel\source\repos\Proconenct\Proconenct.csproj]
C:\Users\Miguel\source\repos\Proconenct\ProConnect.Application\Services\ProfessionalProfileService.cs(203,27): warning CS0436: El tipo 'AvailabilityBlockDto' de 'C:\Users\Miguel\source\repos\Proconenct\ProConnect.Application\DTOs\Shared\CommonDtos.cs' est├í en conflicto con el tipo importado 'AvailabilityBlockDto' de 'ProConnect.Application, Version=0.0.0.0, Culture=neutral, PublicKeyToken=null'. Se usar├í el tipo definido en 'C:\Users\Miguel\source\repos\Proconenct\ProConnect.Application\DTOs\Shared\CommonDtos.cs'. [C:\Users\Miguel\source\repos\Proconenct\Proconenct.csproj]
C:\Users\Miguel\source\repos\Proconenct\ProConnect.Application\Services\ProfessionalProfileService.cs(241,32): warning CS0436: El tipo 'AvailabilityBlockDto' de 'C:\Users\Miguel\source\repos\Proconenct\ProConnect.Application\DTOs\Shared\CommonDtos.cs' est├í en conflicto con el tipo importado 'AvailabilityBlockDto' de 'ProConnect.Application, Version=0.0.0.0, Culture=neutral, PublicKeyToken=null'. Se usar├í el tipo definido en 'C:\Users\Miguel\source\repos\Proconenct\ProConnect.Application\DTOs\Shared\CommonDtos.cs'. [C:\Users\Miguel\source\repos\Proconenct\Proconenct.csproj]
C:\Users\Miguel\source\repos\Proconenct\ProConnect.Application\Services\ProfessionalProfileService.cs(277,27): warning CS0436: El tipo 'AvailabilityCheckResponseDto' de 'C:\Users\Miguel\source\repos\Proconenct\ProConnect.Application\DTOs\Shared\CommonDtos.cs' est├í en conflicto con el tipo importado 'AvailabilityCheckResponseDto' de 'ProConnect.Application, Version=0.0.0.0, Culture=neutral, PublicKeyToken=null'. Se usar├í el tipo definido en 'C:\Users\Miguel\source\repos\Proconenct\ProConnect.Application\DTOs\Shared\CommonDtos.cs'. [C:\Users\Miguel\source\repos\Proconenct\Proconenct.csproj]
C:\Users\Miguel\source\repos\Proconenct\ProConnect.Application\Services\ProfessionalProfileService.cs(324,64): warning CS0436: El tipo 'CreateServiceDto' de 'C:\Users\Miguel\source\repos\Proconenct\ProConnect.Application\DTOs\Shared\CommonDtos.cs' est├í en conflicto con el tipo importado 'CreateServiceDto' de 'ProConnect.Application, Version=0.0.0.0, Culture=neutral, PublicKeyToken=null'. Se usar├í el tipo definido en 'C:\Users\Miguel\source\repos\Proconenct\ProConnect.Application\DTOs\Shared\CommonDtos.cs'. [C:\Users\Miguel\source\repos\Proconenct\Proconenct.csproj]
C:\Users\Miguel\source\repos\Proconenct\ProConnect.Application\Services\ProfessionalProfileService.cs(349,67): warning CS0436: El tipo 'UpdateServiceDto' de 'C:\Users\Miguel\source\repos\Proconenct\ProConnect.Application\DTOs\Shared\CommonDtos.cs' est├í en conflicto con el tipo importado 'UpdateServiceDto' de 'ProConnect.Application, Version=0.0.0.0, Culture=neutral, PublicKeyToken=null'. Se usar├í el tipo definido en 'C:\Users\Miguel\source\repos\Proconenct\ProConnect.Application\DTOs\Shared\CommonDtos.cs'. [C:\Users\Miguel\source\repos\Proconenct\Proconenct.csproj]
C:\Users\Miguel\source\repos\Proconenct\ProConnect.Application\Services\ProfessionalProfileService.cs(383,32): warning CS0436: El tipo 'ServiceDto' de 'C:\Users\Miguel\source\repos\Proconenct\ProConnect.Application\DTOs\Shared\CommonDtos.cs' est├í en conflicto con el tipo importado 'ServiceDto' de 'ProConnect.Application, Version=0.0.0.0, Culture=neutral, PublicKeyToken=null'. Se usar├í el tipo definido en 'C:\Users\Miguel\source\repos\Proconenct\ProConnect.Application\DTOs\Shared\CommonDtos.cs'. [C:\Users\Miguel\source\repos\Proconenct\Proconenct.csproj]
C:\Users\Miguel\source\repos\Proconenct\ProConnect.Application\Services\ProfessionalProfileService.cs(401,62): warning CS0436: El tipo 'AvailabilityScheduleDto' de 'C:\Users\Miguel\source\repos\Proconenct\ProConnect.Application\DTOs\Shared\CommonDtos.cs' est├í en conflicto con el tipo importado 'AvailabilityScheduleDto' de 'ProConnect.Application, Version=0.0.0.0, Culture=neutral, PublicKeyToken=null'. Se usar├í el tipo definido en 'C:\Users\Miguel\source\repos\Proconenct\ProConnect.Application\DTOs\Shared\CommonDtos.cs'. [C:\Users\Miguel\source\repos\Proconenct\Proconenct.csproj]
C:\Users\Miguel\source\repos\Proconenct\ProConnect.Application\Services\ProfessionalProfileService.cs(401,17): warning CS0436: El tipo 'AvailabilitySchedule' de 'C:\Users\Miguel\source\repos\Proconenct\ProConnect.Core\Entities\ProfessionalProfile.cs' est├í en conflicto con el tipo importado 'AvailabilitySchedule' de 'ProConnect.Core, Version=0.0.0.0, Culture=neutral, PublicKeyToken=null'. Se usar├í el tipo definido en 'C:\Users\Miguel\source\repos\Proconenct\ProConnect.Core\Entities\ProfessionalProfile.cs'. [C:\Users\Miguel\source\repos\Proconenct\Proconenct.csproj]
C:\Users\Miguel\source\repos\Proconenct\ProConnect.Core\Entities\ProfessionalProfile.cs(275,16): warning CS0436: El tipo 'ServiceType' de 'C:\Users\Miguel\source\repos\Proconenct\ProConnect.Core\Entities\ProfessionalProfile.cs' est├í en conflicto con el tipo importado 'ServiceType' de 'ProConnect.Core, Version=0.0.0.0, Culture=neutral, PublicKeyToken=null'. Se usar├í el tipo definido en 'C:\Users\Miguel\source\repos\Proconenct\ProConnect.Core\Entities\ProfessionalProfile.cs'. [C:\Users\Miguel\source\repos\Proconenct\Proconenct.csproj]
C:\Users\Miguel\source\repos\Proconenct\ProConnect.Application\Services\ProfessionalProfileService.cs(419,44): warning CS0436: El tipo 'DayScheduleDto' de 'C:\Users\Miguel\source\repos\Proconenct\ProConnect.Application\DTOs\Shared\CommonDtos.cs' est├í en conflicto con el tipo importado 'DayScheduleDto' de 'ProConnect.Application, Version=0.0.0.0, Culture=neutral, PublicKeyToken=null'. Se usar├í el tipo definido en 'C:\Users\Miguel\source\repos\Proconenct\ProConnect.Application\DTOs\Shared\CommonDtos.cs'. [C:\Users\Miguel\source\repos\Proconenct\Proconenct.csproj]
C:\Users\Miguel\source\repos\Proconenct\ProConnect.Application\Services\ProfessionalProfileService.cs(419,17): warning CS0436: El tipo 'DaySchedule' de 'C:\Users\Miguel\source\repos\Proconenct\ProConnect.Core\Entities\ProfessionalProfile.cs' est├í en conflicto con el tipo importado 'DaySchedule' de 'ProConnect.Core, Version=0.0.0.0, Culture=neutral, PublicKeyToken=null'. Se usar├í el tipo definido en 'C:\Users\Miguel\source\repos\Proconenct\ProConnect.Core\Entities\ProfessionalProfile.cs'. [C:\Users\Miguel\source\repos\Proconenct\Proconenct.csproj]
C:\Users\Miguel\source\repos\Proconenct\ProConnect.Application\Services\ProfessionalProfileService.cs(434,77): warning CS0436: El tipo 'ProfessionalProfile' de 'C:\Users\Miguel\source\repos\Proconenct\ProConnect.Core\Entities\ProfessionalProfile.cs' est├í en conflicto con el tipo importado 'ProfessionalProfile' de 'ProConnect.Core, Version=0.0.0.0, Culture=neutral, PublicKeyToken=null'. Se usar├í el tipo definido en 'C:\Users\Miguel\source\repos\Proconenct\ProConnect.Core\Entities\ProfessionalProfile.cs'. [C:\Users\Miguel\source\repos\Proconenct\Proconenct.csproj]
C:\Users\Miguel\source\repos\Proconenct\ProConnect.Application\Services\ProfessionalProfileService.cs(434,106): warning CS0436: El tipo 'User' de 'C:\Users\Miguel\source\repos\Proconenct\ProConnect.Core\Entities\User.cs' est├í en conflicto con el tipo importado 'User' de 'ProConnect.Core, Version=0.0.0.0, Culture=neutral, PublicKeyToken=null'. Se usar├í el tipo definido en 'C:\Users\Miguel\source\repos\Proconenct\ProConnect.Core\Entities\User.cs'. [C:\Users\Miguel\source\repos\Proconenct\Proconenct.csproj]
C:\Users\Miguel\source\repos\Proconenct\ProConnect.Application\Services\ProfessionalProfileService.cs(434,28): warning CS0436: El tipo 'ProfessionalProfileResponseDto' de 'C:\Users\Miguel\source\repos\Proconenct\ProConnect.Application\DTOs\ProfessionalProfileResponseDto.cs' est├í en conflicto con el tipo importado 'ProfessionalProfileResponseDto' de 'ProConnect.Application, Version=0.0.0.0, Culture=neutral, PublicKeyToken=null'. Se usar├í el tipo definido en 'C:\Users\Miguel\source\repos\Proconenct\ProConnect.Application\DTOs\ProfessionalProfileResponseDto.cs'. [C:\Users\Miguel\source\repos\Proconenct\Proconenct.csproj]
C:\Users\Miguel\source\repos\Proconenct\ProConnect.Application\Services\ProfessionalProfileService.cs(483,51): warning CS0436: El tipo 'PortfolioItem' de 'C:\Users\Miguel\source\repos\Proconenct\ProConnect.Core\Entities\ProfessionalProfile.cs' est├í en conflicto con el tipo importado 'PortfolioItem' de 'ProConnect.Core, Version=0.0.0.0, Culture=neutral, PublicKeyToken=null'. Se usar├í el tipo definido en 'C:\Users\Miguel\source\repos\Proconenct\ProConnect.Core\Entities\ProfessionalProfile.cs'. [C:\Users\Miguel\source\repos\Proconenct\Proconenct.csproj]
C:\Users\Miguel\source\repos\Proconenct\ProConnect.Application\Services\ProfessionalProfileService.cs(483,17): warning CS0436: El tipo 'PortfolioItemDto' de 'C:\Users\Miguel\source\repos\Proconenct\ProConnect.Application\DTOs\ProfessionalProfileResponseDto.cs' est├í en conflicto con el tipo importado 'PortfolioItemDto' de 'ProConnect.Application, Version=0.0.0.0, Culture=neutral, PublicKeyToken=null'. Se usar├í el tipo definido en 'C:\Users\Miguel\source\repos\Proconenct\ProConnect.Application\DTOs\ProfessionalProfileResponseDto.cs'. [C:\Users\Miguel\source\repos\Proconenct\Proconenct.csproj]
C:\Users\Miguel\source\repos\Proconenct\ProConnect.Application\Services\ProfessionalProfileService.cs(498,68): warning CS0436: El tipo 'AvailabilitySchedule' de 'C:\Users\Miguel\source\repos\Proconenct\ProConnect.Core\Entities\ProfessionalProfile.cs' est├í en conflicto con el tipo importado 'AvailabilitySchedule' de 'ProConnect.Core, Version=0.0.0.0, Culture=neutral, PublicKeyToken=null'. Se usar├í el tipo definido en 'C:\Users\Miguel\source\repos\Proconenct\ProConnect.Core\Entities\ProfessionalProfile.cs'. [C:\Users\Miguel\source\repos\Proconenct\Proconenct.csproj]
C:\Users\Miguel\source\repos\Proconenct\ProConnect.Application\Services\ProfessionalProfileService.cs(498,17): warning CS0436: El tipo 'AvailabilityScheduleDto' de 'C:\Users\Miguel\source\repos\Proconenct\ProConnect.Application\DTOs\Shared\CommonDtos.cs' est├í en conflicto con el tipo importado 'AvailabilityScheduleDto' de 'ProConnect.Application, Version=0.0.0.0, Culture=neutral, PublicKeyToken=null'. Se usar├í el tipo definido en 'C:\Users\Miguel\source\repos\Proconenct\ProConnect.Application\DTOs\Shared\CommonDtos.cs'. [C:\Users\Miguel\source\repos\Proconenct\Proconenct.csproj]
C:\Users\Miguel\source\repos\Proconenct\ProConnect.Application\Services\ProfessionalProfileService.cs(516,50): warning CS0436: El tipo 'DaySchedule' de 'C:\Users\Miguel\source\repos\Proconenct\ProConnect.Core\Entities\ProfessionalProfile.cs' est├í en conflicto con el tipo importado 'DaySchedule' de 'ProConnect.Core, Version=0.0.0.0, Culture=neutral, PublicKeyToken=null'. Se usar├í el tipo definido en 'C:\Users\Miguel\source\repos\Proconenct\ProConnect.Core\Entities\ProfessionalProfile.cs'. [C:\Users\Miguel\source\repos\Proconenct\Proconenct.csproj]
C:\Users\Miguel\source\repos\Proconenct\ProConnect.Application\Services\ProfessionalProfileService.cs(516,17): warning CS0436: El tipo 'DayScheduleDto' de 'C:\Users\Miguel\source\repos\Proconenct\ProConnect.Application\DTOs\Shared\CommonDtos.cs' est├í en conflicto con el tipo importado 'DayScheduleDto' de 'ProConnect.Application, Version=0.0.0.0, Culture=neutral, PublicKeyToken=null'. Se usar├í el tipo definido en 'C:\Users\Miguel\source\repos\Proconenct\ProConnect.Application\DTOs\Shared\CommonDtos.cs'. [C:\Users\Miguel\source\repos\Proconenct\Proconenct.csproj]
C:\Users\Miguel\source\repos\Proconenct\ProConnect.Application\Services\ProfessionalProfileService.cs(15,26): warning CS0436: El tipo 'IProfessionalProfileRepository' de 'C:\Users\Miguel\source\repos\Proconenct\ProConnect.Core\Interfaces\IProfessionalProfileRepository.cs' est├í en conflicto con el tipo importado 'IProfessionalProfileRepository' de 'ProConnect.Core, Version=0.0.0.0, Culture=neutral, PublicKeyToken=null'. Se usar├í el tipo definido en 'C:\Users\Miguel\source\repos\Proconenct\ProConnect.Core\Interfaces\IProfessionalProfileRepository.cs'. [C:\Users\Miguel\source\repos\Proconenct\Proconenct.csproj]
C:\Users\Miguel\source\repos\Proconenct\ProConnect.Application\Services\ProfessionalProfileService.cs(16,26): warning CS0436: El tipo 'IUserRepository' de 'C:\Users\Miguel\source\repos\Proconenct\ProConnect.Core\Interfaces\IUserRepository.cs' est├í en conflicto con el tipo importado 'IUserRepository' de 'ProConnect.Core, Version=0.0.0.0, Culture=neutral, PublicKeyToken=null'. Se usar├í el tipo definido en 'C:\Users\Miguel\source\repos\Proconenct\ProConnect.Core\Interfaces\IUserRepository.cs'. [C:\Users\Miguel\source\repos\Proconenct\Proconenct.csproj]
C:\Users\Miguel\source\repos\Proconenct\ProConnect.Application\Services\ProfessionalProfileService.cs(19,13): warning CS0436: El tipo 'IProfessionalProfileRepository' de 'C:\Users\Miguel\source\repos\Proconenct\ProConnect.Core\Interfaces\IProfessionalProfileRepository.cs' est├í en conflicto con el tipo importado 'IProfessionalProfileRepository' de 'ProConnect.Core, Version=0.0.0.0, Culture=neutral, PublicKeyToken=null'. Se usar├í el tipo definido en 'C:\Users\Miguel\source\repos\Proconenct\ProConnect.Core\Interfaces\IProfessionalProfileRepository.cs'. [C:\Users\Miguel\source\repos\Proconenct\Proconenct.csproj]
C:\Users\Miguel\source\repos\Proconenct\ProConnect.Application\Services\ProfessionalProfileService.cs(20,13): warning CS0436: El tipo 'IUserRepository' de 'C:\Users\Miguel\source\repos\Proconenct\ProConnect.Core\Interfaces\IUserRepository.cs' est├í en conflicto con el tipo importado 'IUserRepository' de 'ProConnect.Core, Version=0.0.0.0, Culture=neutral, PublicKeyToken=null'. Se usar├í el tipo definido en 'C:\Users\Miguel\source\repos\Proconenct\ProConnect.Core\Interfaces\IUserRepository.cs'. [C:\Users\Miguel\source\repos\Proconenct\Proconenct.csproj]
C:\Users\Miguel\source\repos\Proconenct\ProConnect.Core\Entities\User.cs(31,16): warning CS0436: El tipo 'UserType' de 'C:\Users\Miguel\source\repos\Proconenct\ProConnect.Core\Entities\User.cs' est├í en conflicto con el tipo importado 'UserType' de 'ProConnect.Core, Version=0.0.0.0, Culture=neutral, PublicKeyToken=null'. Se usar├í el tipo definido en 'C:\Users\Miguel\source\repos\Proconenct\ProConnect.Core\Entities\User.cs'. [C:\Users\Miguel\source\repos\Proconenct\Proconenct.csproj]
C:\Users\Miguel\source\repos\Proconenct\ProConnect.Application\Services\ProfessionalSearchService.cs(17,46): warning CS0436: El tipo 'IProfessionalSearchService' de 'C:\Users\Miguel\source\repos\Proconenct\ProConnect.Application\Interfaces\IProfessionalSearchService.cs' est├í en conflicto con el tipo importado 'IProfessionalSearchService' de 'ProConnect.Application, Version=0.0.0.0, Culture=neutral, PublicKeyToken=null'. Se usar├í el tipo definido en 'C:\Users\Miguel\source\repos\Proconenct\ProConnect.Application\Interfaces\IProfessionalSearchService.cs'. [C:\Users\Miguel\source\repos\Proconenct\Proconenct.csproj]
C:\Users\Miguel\source\repos\Proconenct\ProConnect.Application\Services\ProfessionalSearchService.cs(30,97): warning CS0436: El tipo 'ProfessionalSearchFiltersDto' de 'C:\Users\Miguel\source\repos\Proconenct\ProConnect.Application\DTOs\ProfessionalSearchFiltersDto.cs' est├í en conflicto con el tipo importado 'ProfessionalSearchFiltersDto' de 'ProConnect.Application, Version=0.0.0.0, Culture=neutral, PublicKeyToken=null'. Se usar├í el tipo definido en 'C:\Users\Miguel\source\repos\Proconenct\ProConnect.Application\DTOs\ProfessionalSearchFiltersDto.cs'. [C:\Users\Miguel\source\repos\Proconenct\Proconenct.csproj]
C:\Users\Miguel\source\repos\Proconenct\ProConnect.Application\Services\ProfessionalSearchService.cs(30,27): warning CS0436: El tipo 'PagedResultDto<T>' de 'C:\Users\Miguel\source\repos\Proconenct\ProConnect.Application\DTOs\Shared\PagedResultDto.cs' est├í en conflicto con el tipo importado 'PagedResultDto<T>' de 'ProConnect.Application, Version=0.0.0.0, Culture=neutral, PublicKeyToken=null'. Se usar├í el tipo definido en 'C:\Users\Miguel\source\repos\Proconenct\ProConnect.Application\DTOs\Shared\PagedResultDto.cs'. [C:\Users\Miguel\source\repos\Proconenct\Proconenct.csproj]
C:\Users\Miguel\source\repos\Proconenct\ProConnect.Application\Services\ProfessionalSearchService.cs(30,42): warning CS0436: El tipo 'ProfessionalSearchResultDto' de 'C:\Users\Miguel\source\repos\Proconenct\ProConnect.Application\DTOs\ProfessionalSearchResultDto.cs' est├í en conflicto con el tipo importado 'ProfessionalSearchResultDto' de 'ProConnect.Application, Version=0.0.0.0, Culture=neutral, PublicKeyToken=null'. Se usar├í el tipo definido en 'C:\Users\Miguel\source\repos\Proconenct\ProConnect.Application\DTOs\ProfessionalSearchResultDto.cs'. [C:\Users\Miguel\source\repos\Proconenct\Proconenct.csproj]
C:\Users\Miguel\source\repos\Proconenct\ProConnect.Application\Services\ProfessionalSearchService.cs(19,26): warning CS0436: El tipo 'IProfessionalProfileRepository' de 'C:\Users\Miguel\source\repos\Proconenct\ProConnect.Core\Interfaces\IProfessionalProfileRepository.cs' est├í en conflicto con el tipo importado 'IProfessionalProfileRepository' de 'ProConnect.Core, Version=0.0.0.0, Culture=neutral, PublicKeyToken=null'. Se usar├í el tipo definido en 'C:\Users\Miguel\source\repos\Proconenct\ProConnect.Core\Interfaces\IProfessionalProfileRepository.cs'. [C:\Users\Miguel\source\repos\Proconenct\Proconenct.csproj]
C:\Users\Miguel\source\repos\Proconenct\ProConnect.Application\Services\ProfessionalSearchService.cs(20,26): warning CS0436: El tipo 'IUserRepository' de 'C:\Users\Miguel\source\repos\Proconenct\ProConnect.Core\Interfaces\IUserRepository.cs' est├í en conflicto con el tipo importado 'IUserRepository' de 'ProConnect.Core, Version=0.0.0.0, Culture=neutral, PublicKeyToken=null'. Se usar├í el tipo definido en 'C:\Users\Miguel\source\repos\Proconenct\ProConnect.Core\Interfaces\IUserRepository.cs'. [C:\Users\Miguel\source\repos\Proconenct\Proconenct.csproj]
C:\Users\Miguel\source\repos\Proconenct\ProConnect.Application\Services\ProfessionalSearchService.cs(21,26): warning CS0436: El tipo 'ICacheService' de 'C:\Users\Miguel\source\repos\Proconenct\ProConnect.Core\Interfaces\ICacheService.cs' est├í en conflicto con el tipo importado 'ICacheService' de 'ProConnect.Core, Version=0.0.0.0, Culture=neutral, PublicKeyToken=null'. Se usar├í el tipo definido en 'C:\Users\Miguel\source\repos\Proconenct\ProConnect.Core\Interfaces\ICacheService.cs'. [C:\Users\Miguel\source\repos\Proconenct\Proconenct.csproj]
C:\Users\Miguel\source\repos\Proconenct\ProConnect.Application\Services\ProfessionalSearchService.cs(23,42): warning CS0436: El tipo 'IProfessionalProfileRepository' de 'C:\Users\Miguel\source\repos\Proconenct\ProConnect.Core\Interfaces\IProfessionalProfileRepository.cs' est├í en conflicto con el tipo importado 'IProfessionalProfileRepository' de 'ProConnect.Core, Version=0.0.0.0, Culture=neutral, PublicKeyToken=null'. Se usar├í el tipo definido en 'C:\Users\Miguel\source\repos\Proconenct\ProConnect.Core\Interfaces\IProfessionalProfileRepository.cs'. [C:\Users\Miguel\source\repos\Proconenct\Proconenct.csproj]
C:\Users\Miguel\source\repos\Proconenct\ProConnect.Application\Services\ProfessionalSearchService.cs(23,92): warning CS0436: El tipo 'IUserRepository' de 'C:\Users\Miguel\source\repos\Proconenct\ProConnect.Core\Interfaces\IUserRepository.cs' est├í en conflicto con el tipo importado 'IUserRepository' de 'ProConnect.Core, Version=0.0.0.0, Culture=neutral, PublicKeyToken=null'. Se usar├í el tipo definido en 'C:\Users\Miguel\source\repos\Proconenct\ProConnect.Core\Interfaces\IUserRepository.cs'. [C:\Users\Miguel\source\repos\Proconenct\Proconenct.csproj]
C:\Users\Miguel\source\repos\Proconenct\ProConnect.Application\Services\ProfessionalSearchService.cs(23,124): warning CS0436: El tipo 'ICacheService' de 'C:\Users\Miguel\source\repos\Proconenct\ProConnect.Core\Interfaces\ICacheService.cs' est├í en conflicto con el tipo importado 'ICacheService' de 'ProConnect.Core, Version=0.0.0.0, Culture=neutral, PublicKeyToken=null'. Se usar├í el tipo definido en 'C:\Users\Miguel\source\repos\Proconenct\ProConnect.Core\Interfaces\ICacheService.cs'. [C:\Users\Miguel\source\repos\Proconenct\Proconenct.csproj]
C:\Users\Miguel\source\repos\Proconenct\ProConnect.Application\Services\RecommendationService.cs(12,42): warning CS0436: El tipo 'IRecommendationService' de 'C:\Users\Miguel\source\repos\Proconenct\ProConnect.Application\Interfaces\IRecommendationService.cs' est├í en conflicto con el tipo importado 'IRecommendationService' de 'ProConnect.Application, Version=0.0.0.0, Culture=neutral, PublicKeyToken=null'. Se usar├í el tipo definido en 'C:\Users\Miguel\source\repos\Proconenct\ProConnect.Application\Interfaces\IRecommendationService.cs'. [C:\Users\Miguel\source\repos\Proconenct\Proconenct.csproj]
C:\Users\Miguel\source\repos\Proconenct\ProConnect.Application\Services\RecommendationService.cs(21,32): warning CS0436: El tipo 'ProfessionalRecommendationDto' de 'C:\Users\Miguel\source\repos\Proconenct\ProConnect.Application\DTOs\ProfessionalRecommendationDto.cs' est├í en conflicto con el tipo importado 'ProfessionalRecommendationDto' de 'ProConnect.Application, Version=0.0.0.0, Culture=neutral, PublicKeyToken=null'. Se usar├í el tipo definido en 'C:\Users\Miguel\source\repos\Proconenct\ProConnect.Application\DTOs\ProfessionalRecommendationDto.cs'. [C:\Users\Miguel\source\repos\Proconenct\Proconenct.csproj]
C:\Users\Miguel\source\repos\Proconenct\ProConnect.Application\Services\RecommendationService.cs(75,38): warning CS0436: El tipo 'ProfessionalProfile' de 'C:\Users\Miguel\source\repos\Proconenct\ProConnect.Core\Entities\ProfessionalProfile.cs' est├í en conflicto con el tipo importado 'ProfessionalProfile' de 'ProConnect.Core, Version=0.0.0.0, Culture=neutral, PublicKeyToken=null'. Se usar├í el tipo definido en 'C:\Users\Miguel\source\repos\Proconenct\ProConnect.Core\Entities\ProfessionalProfile.cs'. [C:\Users\Miguel\source\repos\Proconenct\Proconenct.csproj]
C:\Users\Miguel\source\repos\Proconenct\ProConnect.Application\Services\RecommendationService.cs(90,53): warning CS0436: El tipo 'ProfessionalProfile' de 'C:\Users\Miguel\source\repos\Proconenct\ProConnect.Core\Entities\ProfessionalProfile.cs' est├í en conflicto con el tipo importado 'ProfessionalProfile' de 'ProConnect.Core, Version=0.0.0.0, Culture=neutral, PublicKeyToken=null'. Se usar├í el tipo definido en 'C:\Users\Miguel\source\repos\Proconenct\ProConnect.Core\Entities\ProfessionalProfile.cs'. [C:\Users\Miguel\source\repos\Proconenct\Proconenct.csproj]
C:\Users\Miguel\source\repos\Proconenct\ProConnect.Application\Services\RecommendationService.cs(90,17): warning CS0436: El tipo 'ProfessionalRecommendationDto' de 'C:\Users\Miguel\source\repos\Proconenct\ProConnect.Application\DTOs\ProfessionalRecommendationDto.cs' est├í en conflicto con el tipo importado 'ProfessionalRecommendationDto' de 'ProConnect.Application, Version=0.0.0.0, Culture=neutral, PublicKeyToken=null'. Se usar├í el tipo definido en 'C:\Users\Miguel\source\repos\Proconenct\ProConnect.Application\DTOs\ProfessionalRecommendationDto.cs'. [C:\Users\Miguel\source\repos\Proconenct\Proconenct.csproj]
C:\Users\Miguel\source\repos\Proconenct\ProConnect.Application\Services\RecommendationService.cs(14,26): warning CS0436: El tipo 'IProfessionalProfileRepository' de 'C:\Users\Miguel\source\repos\Proconenct\ProConnect.Core\Interfaces\IProfessionalProfileRepository.cs' est├í en conflicto con el tipo importado 'IProfessionalProfileRepository' de 'ProConnect.Core, Version=0.0.0.0, Culture=neutral, PublicKeyToken=null'. Se usar├í el tipo definido en 'C:\Users\Miguel\source\repos\Proconenct\ProConnect.Core\Interfaces\IProfessionalProfileRepository.cs'. [C:\Users\Miguel\source\repos\Proconenct\Proconenct.csproj]
C:\Users\Miguel\source\repos\Proconenct\ProConnect.Application\Services\RecommendationService.cs(16,38): warning CS0436: El tipo 'IProfessionalProfileRepository' de 'C:\Users\Miguel\source\repos\Proconenct\ProConnect.Core\Interfaces\IProfessionalProfileRepository.cs' est├í en conflicto con el tipo importado 'IProfessionalProfileRepository' de 'ProConnect.Core, Version=0.0.0.0, Culture=neutral, PublicKeyToken=null'. Se usar├í el tipo definido en 'C:\Users\Miguel\source\repos\Proconenct\ProConnect.Core\Interfaces\IProfessionalProfileRepository.cs'. [C:\Users\Miguel\source\repos\Proconenct\Proconenct.csproj]
C:\Users\Miguel\source\repos\Proconenct\ProConnect.Core\Interfaces\IBookingRepository.cs(7,35): warning CS0436: El tipo 'Booking' de 'C:\Users\Miguel\source\repos\Proconenct\ProConnect.Core\Entities\Booking.cs' est├í en conflicto con el tipo importado 'Booking' de 'ProConnect.Core, Version=0.0.0.0, Culture=neutral, PublicKeyToken=null'. Se usar├í el tipo definido en 'C:\Users\Miguel\source\repos\Proconenct\ProConnect.Core\Entities\Booking.cs'. [C:\Users\Miguel\source\repos\Proconenct\Proconenct.csproj]
C:\Users\Miguel\source\repos\Proconenct\ProConnect.Core\Interfaces\IBookingRepository.cs(7,14): warning CS0436: El tipo 'Booking' de 'C:\Users\Miguel\source\repos\Proconenct\ProConnect.Core\Entities\Booking.cs' est├í en conflicto con el tipo importado 'Booking' de 'ProConnect.Core, Version=0.0.0.0, Culture=neutral, PublicKeyToken=null'. Se usar├í el tipo definido en 'C:\Users\Miguel\source\repos\Proconenct\ProConnect.Core\Entities\Booking.cs'. [C:\Users\Miguel\source\repos\Proconenct\Proconenct.csproj]
C:\Users\Miguel\source\repos\Proconenct\ProConnect.Core\Interfaces\IBookingRepository.cs(8,14): warning CS0436: El tipo 'Booking' de 'C:\Users\Miguel\source\repos\Proconenct\ProConnect.Core\Entities\Booking.cs' est├í en conflicto con el tipo importado 'Booking' de 'ProConnect.Core, Version=0.0.0.0, Culture=neutral, PublicKeyToken=null'. Se usar├í el tipo definido en 'C:\Users\Miguel\source\repos\Proconenct\ProConnect.Core\Entities\Booking.cs'. [C:\Users\Miguel\source\repos\Proconenct\Proconenct.csproj]
C:\Users\Miguel\source\repos\Proconenct\ProConnect.Core\Interfaces\IBookingRepository.cs(9,19): warning CS0436: El tipo 'Booking' de 'C:\Users\Miguel\source\repos\Proconenct\ProConnect.Core\Entities\Booking.cs' est├í en conflicto con el tipo importado 'Booking' de 'ProConnect.Core, Version=0.0.0.0, Culture=neutral, PublicKeyToken=null'. Se usar├í el tipo definido en 'C:\Users\Miguel\source\repos\Proconenct\ProConnect.Core\Entities\Booking.cs'. [C:\Users\Miguel\source\repos\Proconenct\Proconenct.csproj]
C:\Users\Miguel\source\repos\Proconenct\ProConnect.Core\Interfaces\IBookingRepository.cs(10,19): warning CS0436: El tipo 'Booking' de 'C:\Users\Miguel\source\repos\Proconenct\ProConnect.Core\Entities\Booking.cs' est├í en conflicto con el tipo importado 'Booking' de 'ProConnect.Core, Version=0.0.0.0, Culture=neutral, PublicKeyToken=null'. Se usar├í el tipo definido en 'C:\Users\Miguel\source\repos\Proconenct\ProConnect.Core\Entities\Booking.cs'. [C:\Users\Miguel\source\repos\Proconenct\Proconenct.csproj]
C:\Users\Miguel\source\repos\Proconenct\ProConnect.Core\Interfaces\IBookingRepository.cs(11,46): warning CS0436: El tipo 'BookingStatus' de 'C:\Users\Miguel\source\repos\Proconenct\ProConnect.Core\Entities\Booking.cs' est├í en conflicto con el tipo importado 'BookingStatus' de 'ProConnect.Core, Version=0.0.0.0, Culture=neutral, PublicKeyToken=null'. Se usar├í el tipo definido en 'C:\Users\Miguel\source\repos\Proconenct\ProConnect.Core\Entities\Booking.cs'. [C:\Users\Miguel\source\repos\Proconenct\Proconenct.csproj]
C:\Users\Miguel\source\repos\Proconenct\ProConnect.Core\Interfaces\IBookingRepository.cs(11,19): warning CS0436: El tipo 'Booking' de 'C:\Users\Miguel\source\repos\Proconenct\ProConnect.Core\Entities\Booking.cs' est├í en conflicto con el tipo importado 'Booking' de 'ProConnect.Core, Version=0.0.0.0, Culture=neutral, PublicKeyToken=null'. Se usar├í el tipo definido en 'C:\Users\Miguel\source\repos\Proconenct\ProConnect.Core\Entities\Booking.cs'. [C:\Users\Miguel\source\repos\Proconenct\Proconenct.csproj]
C:\Users\Miguel\source\repos\Proconenct\ProConnect.Core\Interfaces\IBookingRepository.cs(12,19): warning CS0436: El tipo 'Booking' de 'C:\Users\Miguel\source\repos\Proconenct\ProConnect.Core\Entities\Booking.cs' est├í en conflicto con el tipo importado 'Booking' de 'ProConnect.Core, Version=0.0.0.0, Culture=neutral, PublicKeyToken=null'. Se usar├í el tipo definido en 'C:\Users\Miguel\source\repos\Proconenct\ProConnect.Core\Entities\Booking.cs'. [C:\Users\Miguel\source\repos\Proconenct\Proconenct.csproj]
C:\Users\Miguel\source\repos\Proconenct\ProConnect.Core\Interfaces\IBookingRepository.cs(13,35): warning CS0436: El tipo 'Booking' de 'C:\Users\Miguel\source\repos\Proconenct\ProConnect.Core\Entities\Booking.cs' est├í en conflicto con el tipo importado 'Booking' de 'ProConnect.Core, Version=0.0.0.0, Culture=neutral, PublicKeyToken=null'. Se usar├í el tipo definido en 'C:\Users\Miguel\source\repos\Proconenct\ProConnect.Core\Entities\Booking.cs'. [C:\Users\Miguel\source\repos\Proconenct\Proconenct.csproj]
C:\Users\Miguel\source\repos\Proconenct\ProConnect.Core\Interfaces\IBookingRepository.cs(13,14): warning CS0436: El tipo 'Booking' de 'C:\Users\Miguel\source\repos\Proconenct\ProConnect.Core\Entities\Booking.cs' est├í en conflicto con el tipo importado 'Booking' de 'ProConnect.Core, Version=0.0.0.0, Culture=neutral, PublicKeyToken=null'. Se usar├í el tipo definido en 'C:\Users\Miguel\source\repos\Proconenct\ProConnect.Core\Entities\Booking.cs'. [C:\Users\Miguel\source\repos\Proconenct\Proconenct.csproj]
C:\Users\Miguel\source\repos\Proconenct\ProConnect.Core\Interfaces\IBookingRepository.cs(17,19): warning CS0436: El tipo 'Booking' de 'C:\Users\Miguel\source\repos\Proconenct\ProConnect.Core\Entities\Booking.cs' est├í en conflicto con el tipo importado 'Booking' de 'ProConnect.Core, Version=0.0.0.0, Culture=neutral, PublicKeyToken=null'. Se usar├í el tipo definido en 'C:\Users\Miguel\source\repos\Proconenct\ProConnect.Core\Entities\Booking.cs'. [C:\Users\Miguel\source\repos\Proconenct\Proconenct.csproj]
C:\Users\Miguel\source\repos\Proconenct\ProConnect.Core\Interfaces\IBookingRepository.cs(18,19): warning CS0436: El tipo 'Booking' de 'C:\Users\Miguel\source\repos\Proconenct\ProConnect.Core\Entities\Booking.cs' est├í en conflicto con el tipo importado 'Booking' de 'ProConnect.Core, Version=0.0.0.0, Culture=neutral, PublicKeyToken=null'. Se usar├í el tipo definido en 'C:\Users\Miguel\source\repos\Proconenct\ProConnect.Core\Entities\Booking.cs'. [C:\Users\Miguel\source\repos\Proconenct\Proconenct.csproj]
C:\Users\Miguel\source\repos\Proconenct\ProConnect.Infrastructure\Database\MongoDbContext.cs(31,33): warning CS0436: El tipo 'User' de 'C:\Users\Miguel\source\repos\Proconenct\ProConnect.Core\Entities\User.cs' est├í en conflicto con el tipo importado 'User' de 'ProConnect.Core, Version=0.0.0.0, Culture=neutral, PublicKeyToken=null'. Se usar├í el tipo definido en 'C:\Users\Miguel\source\repos\Proconenct\ProConnect.Core\Entities\User.cs'. [C:\Users\Miguel\source\repos\Proconenct\Proconenct.csproj]
C:\Users\Miguel\source\repos\Proconenct\ProConnect.Core\Interfaces\IBookingRepository.cs(19,42): warning CS0436: El tipo 'BookingStatus' de 'C:\Users\Miguel\source\repos\Proconenct\ProConnect.Core\Entities\Booking.cs' est├í en conflicto con el tipo importado 'BookingStatus' de 'ProConnect.Core, Version=0.0.0.0, Culture=neutral, PublicKeyToken=null'. Se usar├í el tipo definido en 'C:\Users\Miguel\source\repos\Proconenct\ProConnect.Core\Entities\Booking.cs'. [C:\Users\Miguel\source\repos\Proconenct\Proconenct.csproj]
C:\Users\Miguel\source\repos\Proconenct\ProConnect.Infrastructure\Database\MongoDbContext.cs(33,33): warning CS0436: El tipo 'ProfessionalProfile' de 'C:\Users\Miguel\source\repos\Proconenct\ProConnect.Core\Entities\ProfessionalProfile.cs' est├í en conflicto con el tipo importado 'ProfessionalProfile' de 'ProConnect.Core, Version=0.0.0.0, Culture=neutral, PublicKeyToken=null'. Se usar├í el tipo definido en 'C:\Users\Miguel\source\repos\Proconenct\ProConnect.Core\Entities\ProfessionalProfile.cs'. [C:\Users\Miguel\source\repos\Proconenct\Proconenct.csproj]
C:\Users\Miguel\source\repos\Proconenct\ProConnect.Infrastructure\Database\MongoDbContext.cs(35,33): warning CS0436: El tipo 'Booking' de 'C:\Users\Miguel\source\repos\Proconenct\ProConnect.Core\Entities\Booking.cs' est├í en conflicto con el tipo importado 'Booking' de 'ProConnect.Core, Version=0.0.0.0, Culture=neutral, PublicKeyToken=null'. Se usar├í el tipo definido en 'C:\Users\Miguel\source\repos\Proconenct\ProConnect.Core\Entities\Booking.cs'. [C:\Users\Miguel\source\repos\Proconenct\Proconenct.csproj]
C:\Users\Miguel\source\repos\Proconenct\ProConnect.Infrastructure\Repositores\BookingRepository.cs(11,38): warning CS0436: El tipo 'IBookingRepository' de 'C:\Users\Miguel\source\repos\Proconenct\ProConnect.Core\Interfaces\IBookingRepository.cs' est├í en conflicto con el tipo importado 'IBookingRepository' de 'ProConnect.Core, Version=0.0.0.0, Culture=neutral, PublicKeyToken=null'. Se usar├í el tipo definido en 'C:\Users\Miguel\source\repos\Proconenct\ProConnect.Core\Interfaces\IBookingRepository.cs'. [C:\Users\Miguel\source\repos\Proconenct\Proconenct.csproj]
C:\Users\Miguel\source\repos\Proconenct\ProConnect.Core\Interfaces\IJwtTokenService.cs(8,41): warning CS0436: El tipo 'User' de 'C:\Users\Miguel\source\repos\Proconenct\ProConnect.Core\Entities\User.cs' est├í en conflicto con el tipo importado 'User' de 'ProConnect.Core, Version=0.0.0.0, Culture=neutral, PublicKeyToken=null'. Se usar├í el tipo definido en 'C:\Users\Miguel\source\repos\Proconenct\ProConnect.Core\Entities\User.cs'. [C:\Users\Miguel\source\repos\Proconenct\Proconenct.csproj]
C:\Users\Miguel\source\repos\Proconenct\ProConnect.Core\Interfaces\IJwtTokenService.cs(9,14): warning CS0436: El tipo 'AuthResult' de 'C:\Users\Miguel\source\repos\Proconenct\ProConnect.Core\ValueObjects\AuthResult.cs' est├í en conflicto con el tipo importado 'AuthResult' de 'ProConnect.Core, Version=0.0.0.0, Culture=neutral, PublicKeyToken=null'. Se usar├í el tipo definido en 'C:\Users\Miguel\source\repos\Proconenct\ProConnect.Core\ValueObjects\AuthResult.cs'. [C:\Users\Miguel\source\repos\Proconenct\Proconenct.csproj]
C:\Users\Miguel\source\repos\Proconenct\ProConnect.Infrastructure\Repositores\BookingRepository.cs(22,48): warning CS0436: El tipo 'Booking' de 'C:\Users\Miguel\source\repos\Proconenct\ProConnect.Core\Entities\Booking.cs' est├í en conflicto con el tipo importado 'Booking' de 'ProConnect.Core, Version=0.0.0.0, Culture=neutral, PublicKeyToken=null'. Se usar├í el tipo definido en 'C:\Users\Miguel\source\repos\Proconenct\ProConnect.Core\Entities\Booking.cs'. [C:\Users\Miguel\source\repos\Proconenct\Proconenct.csproj]
C:\Users\Miguel\source\repos\Proconenct\ProConnect.Infrastructure\Repositores\BookingRepository.cs(22,27): warning CS0436: El tipo 'Booking' de 'C:\Users\Miguel\source\repos\Proconenct\ProConnect.Core\Entities\Booking.cs' est├í en conflicto con el tipo importado 'Booking' de 'ProConnect.Core, Version=0.0.0.0, Culture=neutral, PublicKeyToken=null'. Se usar├í el tipo definido en 'C:\Users\Miguel\source\repos\Proconenct\ProConnect.Core\Entities\Booking.cs'. [C:\Users\Miguel\source\repos\Proconenct\Proconenct.csproj]
C:\Users\Miguel\source\repos\Proconenct\ProConnect.Core\Interfaces\IJwtTokenService.cs(12,14): warning CS0436: El tipo 'AuthResult' de 'C:\Users\Miguel\source\repos\Proconenct\ProConnect.Core\ValueObjects\AuthResult.cs' est├í en conflicto con el tipo importado 'AuthResult' de 'ProConnect.Core, Version=0.0.0.0, Culture=neutral, PublicKeyToken=null'. Se usar├í el tipo definido en 'C:\Users\Miguel\source\repos\Proconenct\ProConnect.Core\ValueObjects\AuthResult.cs'. [C:\Users\Miguel\source\repos\Proconenct\Proconenct.csproj]
C:\Users\Miguel\source\repos\Proconenct\ProConnect.Infrastructure\Repositores\BookingRepository.cs(42,27): warning CS0436: El tipo 'Booking' de 'C:\Users\Miguel\source\repos\Proconenct\ProConnect.Core\Entities\Booking.cs' est├í en conflicto con el tipo importado 'Booking' de 'ProConnect.Core, Version=0.0.0.0, Culture=neutral, PublicKeyToken=null'. Se usar├í el tipo definido en 'C:\Users\Miguel\source\repos\Proconenct\ProConnect.Core\Entities\Booking.cs'. [C:\Users\Miguel\source\repos\Proconenct\Proconenct.csproj]
C:\Users\Miguel\source\repos\Proconenct\ProConnect.Infrastructure\Repositores\BookingRepository.cs(56,32): warning CS0436: El tipo 'Booking' de 'C:\Users\Miguel\source\repos\Proconenct\ProConnect.Core\Entities\Booking.cs' est├í en conflicto con el tipo importado 'Booking' de 'ProConnect.Core, Version=0.0.0.0, Culture=neutral, PublicKeyToken=null'. Se usar├í el tipo definido en 'C:\Users\Miguel\source\repos\Proconenct\ProConnect.Core\Entities\Booking.cs'. [C:\Users\Miguel\source\repos\Proconenct\Proconenct.csproj]
C:\Users\Miguel\source\repos\Proconenct\ProConnect.Infrastructure\Repositores\BookingRepository.cs(76,32): warning CS0436: El tipo 'Booking' de 'C:\Users\Miguel\source\repos\Proconenct\ProConnect.Core\Entities\Booking.cs' est├í en conflicto con el tipo importado 'Booking' de 'ProConnect.Core, Version=0.0.0.0, Culture=neutral, PublicKeyToken=null'. Se usar├í el tipo definido en 'C:\Users\Miguel\source\repos\Proconenct\ProConnect.Core\Entities\Booking.cs'. [C:\Users\Miguel\source\repos\Proconenct\Proconenct.csproj]
C:\Users\Miguel\source\repos\Proconenct\ProConnect.Infrastructure\Repositores\BookingRepository.cs(96,59): warning CS0436: El tipo 'BookingStatus' de 'C:\Users\Miguel\source\repos\Proconenct\ProConnect.Core\Entities\Booking.cs' est├í en conflicto con el tipo importado 'BookingStatus' de 'ProConnect.Core, Version=0.0.0.0, Culture=neutral, PublicKeyToken=null'. Se usar├í el tipo definido en 'C:\Users\Miguel\source\repos\Proconenct\ProConnect.Core\Entities\Booking.cs'. [C:\Users\Miguel\source\repos\Proconenct\Proconenct.csproj]
C:\Users\Miguel\source\repos\Proconenct\ProConnect.Infrastructure\Repositores\BookingRepository.cs(96,32): warning CS0436: El tipo 'Booking' de 'C:\Users\Miguel\source\repos\Proconenct\ProConnect.Core\Entities\Booking.cs' est├í en conflicto con el tipo importado 'Booking' de 'ProConnect.Core, Version=0.0.0.0, Culture=neutral, PublicKeyToken=null'. Se usar├í el tipo definido en 'C:\Users\Miguel\source\repos\Proconenct\ProConnect.Core\Entities\Booking.cs'. [C:\Users\Miguel\source\repos\Proconenct\Proconenct.csproj]
C:\Users\Miguel\source\repos\Proconenct\ProConnect.Infrastructure\Repositores\BookingRepository.cs(116,32): warning CS0436: El tipo 'Booking' de 'C:\Users\Miguel\source\repos\Proconenct\ProConnect.Core\Entities\Booking.cs' est├í en conflicto con el tipo importado 'Booking' de 'ProConnect.Core, Version=0.0.0.0, Culture=neutral, PublicKeyToken=null'. Se usar├í el tipo definido en 'C:\Users\Miguel\source\repos\Proconenct\ProConnect.Core\Entities\Booking.cs'. [C:\Users\Miguel\source\repos\Proconenct\Proconenct.csproj]
C:\Users\Miguel\source\repos\Proconenct\ProConnect.Infrastructure\Repositores\BookingRepository.cs(139,48): warning CS0436: El tipo 'Booking' de 'C:\Users\Miguel\source\repos\Proconenct\ProConnect.Core\Entities\Booking.cs' est├í en conflicto con el tipo importado 'Booking' de 'ProConnect.Core, Version=0.0.0.0, Culture=neutral, PublicKeyToken=null'. Se usar├í el tipo definido en 'C:\Users\Miguel\source\repos\Proconenct\ProConnect.Core\Entities\Booking.cs'. [C:\Users\Miguel\source\repos\Proconenct\Proconenct.csproj]
C:\Users\Miguel\source\repos\Proconenct\ProConnect.Infrastructure\Repositores\BookingRepository.cs(139,27): warning CS0436: El tipo 'Booking' de 'C:\Users\Miguel\source\repos\Proconenct\ProConnect.Core\Entities\Booking.cs' est├í en conflicto con el tipo importado 'Booking' de 'ProConnect.Core, Version=0.0.0.0, Culture=neutral, PublicKeyToken=null'. Se usar├í el tipo definido en 'C:\Users\Miguel\source\repos\Proconenct\ProConnect.Core\Entities\Booking.cs'. [C:\Users\Miguel\source\repos\Proconenct\Proconenct.csproj]
C:\Users\Miguel\source\repos\Proconenct\ProConnect.Infrastructure\Repositores\BookingRepository.cs(234,32): warning CS0436: El tipo 'Booking' de 'C:\Users\Miguel\source\repos\Proconenct\ProConnect.Core\Entities\Booking.cs' est├í en conflicto con el tipo importado 'Booking' de 'ProConnect.Core, Version=0.0.0.0, Culture=neutral, PublicKeyToken=null'. Se usar├í el tipo definido en 'C:\Users\Miguel\source\repos\Proconenct\ProConnect.Core\Entities\Booking.cs'. [C:\Users\Miguel\source\repos\Proconenct\Proconenct.csproj]
C:\Users\Miguel\source\repos\Proconenct\ProConnect.Infrastructure\Repositores\BookingRepository.cs(257,32): warning CS0436: El tipo 'Booking' de 'C:\Users\Miguel\source\repos\Proconenct\ProConnect.Core\Entities\Booking.cs' est├í en conflicto con el tipo importado 'Booking' de 'ProConnect.Core, Version=0.0.0.0, Culture=neutral, PublicKeyToken=null'. Se usar├í el tipo definido en 'C:\Users\Miguel\source\repos\Proconenct\ProConnect.Core\Entities\Booking.cs'. [C:\Users\Miguel\source\repos\Proconenct\Proconenct.csproj]
C:\Users\Miguel\source\repos\Proconenct\ProConnect.Core\Interfaces\IPortfolioRepository.cs(9,27): warning CS0436: El tipo 'PortfolioFile' de 'C:\Users\Miguel\source\repos\Proconenct\ProConnect.Core\Entities\PortfolioFile.cs' est├í en conflicto con el tipo importado 'PortfolioFile' de 'ProConnect.Core, Version=0.0.0.0, Culture=neutral, PublicKeyToken=null'. Se usar├í el tipo definido en 'C:\Users\Miguel\source\repos\Proconenct\ProConnect.Core\Entities\PortfolioFile.cs'. [C:\Users\Miguel\source\repos\Proconenct\Proconenct.csproj]
C:\Users\Miguel\source\repos\Proconenct\ProConnect.Infrastructure\Repositores\BookingRepository.cs(279,55): warning CS0436: El tipo 'BookingStatus' de 'C:\Users\Miguel\source\repos\Proconenct\ProConnect.Core\Entities\Booking.cs' est├í en conflicto con el tipo importado 'BookingStatus' de 'ProConnect.Core, Version=0.0.0.0, Culture=neutral, PublicKeyToken=null'. Se usar├í el tipo definido en 'C:\Users\Miguel\source\repos\Proconenct\ProConnect.Core\Entities\Booking.cs'. [C:\Users\Miguel\source\repos\Proconenct\Proconenct.csproj]
C:\Users\Miguel\source\repos\Proconenct\ProConnect.Core\Interfaces\IPortfolioRepository.cs(10,19): warning CS0436: El tipo 'PortfolioFile' de 'C:\Users\Miguel\source\repos\Proconenct\ProConnect.Core\Entities\PortfolioFile.cs' est├í en conflicto con el tipo importado 'PortfolioFile' de 'ProConnect.Core, Version=0.0.0.0, Culture=neutral, PublicKeyToken=null'. Se usar├í el tipo definido en 'C:\Users\Miguel\source\repos\Proconenct\ProConnect.Core\Entities\PortfolioFile.cs'. [C:\Users\Miguel\source\repos\Proconenct\Proconenct.csproj]
C:\Users\Miguel\source\repos\Proconenct\ProConnect.Core\Interfaces\IPortfolioRepository.cs(11,14): warning CS0436: El tipo 'PortfolioFile' de 'C:\Users\Miguel\source\repos\Proconenct\ProConnect.Core\Entities\PortfolioFile.cs' est├í en conflicto con el tipo importado 'PortfolioFile' de 'ProConnect.Core, Version=0.0.0.0, Culture=neutral, PublicKeyToken=null'. Se usar├í el tipo definido en 'C:\Users\Miguel\source\repos\Proconenct\ProConnect.Core\Entities\PortfolioFile.cs'. [C:\Users\Miguel\source\repos\Proconenct\Proconenct.csproj]
C:\Users\Miguel\source\repos\Proconenct\ProConnect.Infrastructure\Repositores\BookingRepository.cs(13,43): warning CS0436: El tipo 'Booking' de 'C:\Users\Miguel\source\repos\Proconenct\ProConnect.Core\Entities\Booking.cs' est├í en conflicto con el tipo importado 'Booking' de 'ProConnect.Core, Version=0.0.0.0, Culture=neutral, PublicKeyToken=null'. Se usar├í el tipo definido en 'C:\Users\Miguel\source\repos\Proconenct\ProConnect.Core\Entities\Booking.cs'. [C:\Users\Miguel\source\repos\Proconenct\Proconenct.csproj]
C:\Users\Miguel\source\repos\Proconenct\ProConnect.Infrastructure\Repositores\BookingRepository.cs(14,34): warning CS0436: El tipo 'BookingRepository' de 'C:\Users\Miguel\source\repos\Proconenct\ProConnect.Infrastructure\Repositores\BookingRepository.cs' est├í en conflicto con el tipo importado 'BookingRepository' de 'ProConnect.Infrastructure, Version=0.0.0.0, Culture=neutral, PublicKeyToken=null'. Se usar├í el tipo definido en 'C:\Users\Miguel\source\repos\Proconenct\ProConnect.Infrastructure\Repositores\BookingRepository.cs'. [C:\Users\Miguel\source\repos\Proconenct\Proconenct.csproj]
C:\Users\Miguel\source\repos\Proconenct\ProConnect.Core\Interfaces\IProfessionalProfileRepository.cs(13,14): warning CS0436: El tipo 'ProfessionalProfile' de 'C:\Users\Miguel\source\repos\Proconenct\ProConnect.Core\Entities\ProfessionalProfile.cs' est├í en conflicto con el tipo importado 'ProfessionalProfile' de 'ProConnect.Core, Version=0.0.0.0, Culture=neutral, PublicKeyToken=null'. Se usar├í el tipo definido en 'C:\Users\Miguel\source\repos\Proconenct\ProConnect.Core\Entities\ProfessionalProfile.cs'. [C:\Users\Miguel\source\repos\Proconenct\Proconenct.csproj]
C:\Users\Miguel\source\repos\Proconenct\ProConnect.Core\Interfaces\IProfessionalProfileRepository.cs(14,14): warning CS0436: El tipo 'ProfessionalProfile' de 'C:\Users\Miguel\source\repos\Proconenct\ProConnect.Core\Entities\ProfessionalProfile.cs' est├í en conflicto con el tipo importado 'ProfessionalProfile' de 'ProConnect.Core, Version=0.0.0.0, Culture=neutral, PublicKeyToken=null'. Se usar├í el tipo definido en 'C:\Users\Miguel\source\repos\Proconenct\ProConnect.Core\Entities\ProfessionalProfile.cs'. [C:\Users\Miguel\source\repos\Proconenct\Proconenct.csproj]
C:\Users\Miguel\source\repos\Proconenct\ProConnect.Core\Interfaces\IProfessionalProfileRepository.cs(15,34): warning CS0436: El tipo 'ProfessionalProfile' de 'C:\Users\Miguel\source\repos\Proconenct\ProConnect.Core\Entities\ProfessionalProfile.cs' est├í en conflicto con el tipo importado 'ProfessionalProfile' de 'ProConnect.Core, Version=0.0.0.0, Culture=neutral, PublicKeyToken=null'. Se usar├í el tipo definido en 'C:\Users\Miguel\source\repos\Proconenct\ProConnect.Core\Entities\ProfessionalProfile.cs'. [C:\Users\Miguel\source\repos\Proconenct\Proconenct.csproj]
C:\Users\Miguel\source\repos\Proconenct\ProConnect.Core\Interfaces\IProfessionalProfileRepository.cs(16,32): warning CS0436: El tipo 'ProfessionalProfile' de 'C:\Users\Miguel\source\repos\Proconenct\ProConnect.Core\Entities\ProfessionalProfile.cs' est├í en conflicto con el tipo importado 'ProfessionalProfile' de 'ProConnect.Core, Version=0.0.0.0, Culture=neutral, PublicKeyToken=null'. Se usar├í el tipo definido en 'C:\Users\Miguel\source\repos\Proconenct\ProConnect.Core\Entities\ProfessionalProfile.cs'. [C:\Users\Miguel\source\repos\Proconenct\Proconenct.csproj]
C:\Users\Miguel\source\repos\Proconenct\ProConnect.Core\Interfaces\IProfessionalProfileRepository.cs(18,19): warning CS0436: El tipo 'ProfessionalProfile' de 'C:\Users\Miguel\source\repos\Proconenct\ProConnect.Core\Entities\ProfessionalProfile.cs' est├í en conflicto con el tipo importado 'ProfessionalProfile' de 'ProConnect.Core, Version=0.0.0.0, Culture=neutral, PublicKeyToken=null'. Se usar├í el tipo definido en 'C:\Users\Miguel\source\repos\Proconenct\ProConnect.Core\Entities\ProfessionalProfile.cs'. [C:\Users\Miguel\source\repos\Proconenct\Proconenct.csproj]
C:\Users\Miguel\source\repos\Proconenct\ProConnect.Core\Interfaces\IProfessionalProfileRepository.cs(19,19): warning CS0436: El tipo 'ProfessionalProfile' de 'C:\Users\Miguel\source\repos\Proconenct\ProConnect.Core\Entities\ProfessionalProfile.cs' est├í en conflicto con el tipo importado 'ProfessionalProfile' de 'ProConnect.Core, Version=0.0.0.0, Culture=neutral, PublicKeyToken=null'. Se usar├í el tipo definido en 'C:\Users\Miguel\source\repos\Proconenct\ProConnect.Core\Entities\ProfessionalProfile.cs'. [C:\Users\Miguel\source\repos\Proconenct\Proconenct.csproj]
C:\Users\Miguel\source\repos\Proconenct\ProConnect.Core\Interfaces\IProfessionalProfileRepository.cs(24,19): warning CS0436: El tipo 'ProfessionalProfile' de 'C:\Users\Miguel\source\repos\Proconenct\ProConnect.Core\Entities\ProfessionalProfile.cs' est├í en conflicto con el tipo importado 'ProfessionalProfile' de 'ProConnect.Core, Version=0.0.0.0, Culture=neutral, PublicKeyToken=null'. Se usar├í el tipo definido en 'C:\Users\Miguel\source\repos\Proconenct\ProConnect.Core\Entities\ProfessionalProfile.cs'. [C:\Users\Miguel\source\repos\Proconenct\Proconenct.csproj]
C:\Users\Miguel\source\repos\Proconenct\ProConnect.Infrastructure\Repositores\BookingRepository.cs(16,34): warning CS0436: El tipo 'MongoDbContext' de 'C:\Users\Miguel\source\repos\Proconenct\ProConnect.Infrastructure\Database\MongoDbContext.cs' est├í en conflicto con el tipo importado 'MongoDbContext' de 'ProConnect.Infrastructure, Version=0.0.0.0, Culture=neutral, PublicKeyToken=null'. Se usar├í el tipo definido en 'C:\Users\Miguel\source\repos\Proconenct\ProConnect.Infrastructure\Database\MongoDbContext.cs'. [C:\Users\Miguel\source\repos\Proconenct\Proconenct.csproj]
C:\Users\Miguel\source\repos\Proconenct\ProConnect.Infrastructure\Repositores\BookingRepository.cs(16,66): warning CS0436: El tipo 'BookingRepository' de 'C:\Users\Miguel\source\repos\Proconenct\ProConnect.Infrastructure\Repositores\BookingRepository.cs' est├í en conflicto con el tipo importado 'BookingRepository' de 'ProConnect.Infrastructure, Version=0.0.0.0, Culture=neutral, PublicKeyToken=null'. Se usar├í el tipo definido en 'C:\Users\Miguel\source\repos\Proconenct\ProConnect.Infrastructure\Repositores\BookingRepository.cs'. [C:\Users\Miguel\source\repos\Proconenct\Proconenct.csproj]
C:\Users\Miguel\source\repos\Proconenct\ProConnect.Core\Interfaces\IProfessionalProfileRepository.cs(35,19): warning CS0436: El tipo 'ProfessionalProfile' de 'C:\Users\Miguel\source\repos\Proconenct\ProConnect.Core\Entities\ProfessionalProfile.cs' est├í en conflicto con el tipo importado 'ProfessionalProfile' de 'ProConnect.Core, Version=0.0.0.0, Culture=neutral, PublicKeyToken=null'. Se usar├í el tipo definido en 'C:\Users\Miguel\source\repos\Proconenct\ProConnect.Core\Entities\ProfessionalProfile.cs'. [C:\Users\Miguel\source\repos\Proconenct\Proconenct.csproj]
C:\Users\Miguel\source\repos\Proconenct\ProConnect.Core\Interfaces\IProfessionalProfileRepository.cs(40,19): warning CS0436: El tipo 'ProfessionalProfile' de 'C:\Users\Miguel\source\repos\Proconenct\ProConnect.Core\Entities\ProfessionalProfile.cs' est├í en conflicto con el tipo importado 'ProfessionalProfile' de 'ProConnect.Core, Version=0.0.0.0, Culture=neutral, PublicKeyToken=null'. Se usar├í el tipo definido en 'C:\Users\Miguel\source\repos\Proconenct\ProConnect.Core\Entities\ProfessionalProfile.cs'. [C:\Users\Miguel\source\repos\Proconenct\Proconenct.csproj]
C:\Users\Miguel\source\repos\Proconenct\ProConnect.Core\Interfaces\IProfessionalProfileRepository.cs(45,19): warning CS0436: El tipo 'ProfessionalProfile' de 'C:\Users\Miguel\source\repos\Proconenct\ProConnect.Core\Entities\ProfessionalProfile.cs' est├í en conflicto con el tipo importado 'ProfessionalProfile' de 'ProConnect.Core, Version=0.0.0.0, Culture=neutral, PublicKeyToken=null'. Se usar├í el tipo definido en 'C:\Users\Miguel\source\repos\Proconenct\ProConnect.Core\Entities\ProfessionalProfile.cs'. [C:\Users\Miguel\source\repos\Proconenct\Proconenct.csproj]
C:\Users\Miguel\source\repos\Proconenct\ProConnect.Core\Interfaces\IProfessionalProfileRepository.cs(55,14): warning CS0436: El tipo 'ProfileStatistics' de 'C:\Users\Miguel\source\repos\Proconenct\ProConnect.Core\Models\ProfileStatistics.cs' est├í en conflicto con el tipo importado 'ProfileStatistics' de 'ProConnect.Core, Version=0.0.0.0, Culture=neutral, PublicKeyToken=null'. Se usar├í el tipo definido en 'C:\Users\Miguel\source\repos\Proconenct\ProConnect.Core\Models\ProfileStatistics.cs'. [C:\Users\Miguel\source\repos\Proconenct\Proconenct.csproj]
C:\Users\Miguel\source\repos\Proconenct\ProConnect.Core\Interfaces\IProfessionalProfileRepository.cs(60,51): warning CS0436: El tipo 'Service' de 'C:\Users\Miguel\source\repos\Proconenct\ProConnect.Core\Entities\ProfessionalProfile.cs' est├í en conflicto con el tipo importado 'Service' de 'ProConnect.Core, Version=0.0.0.0, Culture=neutral, PublicKeyToken=null'. Se usar├í el tipo definido en 'C:\Users\Miguel\source\repos\Proconenct\ProConnect.Core\Entities\ProfessionalProfile.cs'. [C:\Users\Miguel\source\repos\Proconenct\Proconenct.csproj]
C:\Users\Miguel\source\repos\Proconenct\ProConnect.Core\Interfaces\IProfessionalProfileRepository.cs(65,54): warning CS0436: El tipo 'Service' de 'C:\Users\Miguel\source\repos\Proconenct\ProConnect.Core\Entities\ProfessionalProfile.cs' est├í en conflicto con el tipo importado 'Service' de 'ProConnect.Core, Version=0.0.0.0, Culture=neutral, PublicKeyToken=null'. Se usar├í el tipo definido en 'C:\Users\Miguel\source\repos\Proconenct\ProConnect.Core\Entities\ProfessionalProfile.cs'. [C:\Users\Miguel\source\repos\Proconenct\Proconenct.csproj]
C:\Users\Miguel\source\repos\Proconenct\ProConnect.Infrastructure\Repositores\PortfolioRepository.cs(10,40): warning CS0436: El tipo 'IPortfolioRepository' de 'C:\Users\Miguel\source\repos\Proconenct\ProConnect.Core\Interfaces\IPortfolioRepository.cs' est├í en conflicto con el tipo importado 'IPortfolioRepository' de 'ProConnect.Core, Version=0.0.0.0, Culture=neutral, PublicKeyToken=null'. Se usar├í el tipo definido en 'C:\Users\Miguel\source\repos\Proconenct\ProConnect.Core\Interfaces\IPortfolioRepository.cs'. [C:\Users\Miguel\source\repos\Proconenct\Proconenct.csproj]
C:\Users\Miguel\source\repos\Proconenct\ProConnect.Core\Interfaces\IProfessionalProfileRepository.cs(75,19): warning CS0436: El tipo 'Service' de 'C:\Users\Miguel\source\repos\Proconenct\ProConnect.Core\Entities\ProfessionalProfile.cs' est├í en conflicto con el tipo importado 'Service' de 'ProConnect.Core, Version=0.0.0.0, Culture=neutral, PublicKeyToken=null'. Se usar├í el tipo definido en 'C:\Users\Miguel\source\repos\Proconenct\ProConnect.Core\Entities\ProfessionalProfile.cs'. [C:\Users\Miguel\source\repos\Proconenct\Proconenct.csproj]
C:\Users\Miguel\source\repos\Proconenct\ProConnect.Infrastructure\Repositores\PortfolioRepository.cs(19,40): warning CS0436: El tipo 'PortfolioFile' de 'C:\Users\Miguel\source\repos\Proconenct\ProConnect.Core\Entities\PortfolioFile.cs' est├í en conflicto con el tipo importado 'PortfolioFile' de 'ProConnect.Core, Version=0.0.0.0, Culture=neutral, PublicKeyToken=null'. Se usar├í el tipo definido en 'C:\Users\Miguel\source\repos\Proconenct\ProConnect.Core\Entities\PortfolioFile.cs'. [C:\Users\Miguel\source\repos\Proconenct\Proconenct.csproj]
C:\Users\Miguel\source\repos\Proconenct\ProConnect.Infrastructure\Repositores\PortfolioRepository.cs(24,32): warning CS0436: El tipo 'PortfolioFile' de 'C:\Users\Miguel\source\repos\Proconenct\ProConnect.Core\Entities\PortfolioFile.cs' est├í en conflicto con el tipo importado 'PortfolioFile' de 'ProConnect.Core, Version=0.0.0.0, Culture=neutral, PublicKeyToken=null'. Se usar├í el tipo definido en 'C:\Users\Miguel\source\repos\Proconenct\ProConnect.Core\Entities\PortfolioFile.cs'. [C:\Users\Miguel\source\repos\Proconenct\Proconenct.csproj]
C:\Users\Miguel\source\repos\Proconenct\ProConnect.Infrastructure\Repositores\PortfolioRepository.cs(29,27): warning CS0436: El tipo 'PortfolioFile' de 'C:\Users\Miguel\source\repos\Proconenct\ProConnect.Core\Entities\PortfolioFile.cs' est├í en conflicto con el tipo importado 'PortfolioFile' de 'ProConnect.Core, Version=0.0.0.0, Culture=neutral, PublicKeyToken=null'. Se usar├í el tipo definido en 'C:\Users\Miguel\source\repos\Proconenct\ProConnect.Core\Entities\PortfolioFile.cs'. [C:\Users\Miguel\source\repos\Proconenct\Proconenct.csproj]
C:\Users\Miguel\source\repos\Proconenct\ProConnect.Core\Interfaces\IProfessionalProfileRepository.cs(80,68): warning CS0436: El tipo 'ProfessionalSearchFilters' de 'C:\Users\Miguel\source\repos\Proconenct\ProConnect.Core\Models\ProfessionalSearchFilters.cs' est├í en conflicto con el tipo importado 'ProfessionalSearchFilters' de 'ProConnect.Core, Version=0.0.0.0, Culture=neutral, PublicKeyToken=null'. Se usar├í el tipo definido en 'C:\Users\Miguel\source\repos\Proconenct\ProConnect.Core\Models\ProfessionalSearchFilters.cs'. [C:\Users\Miguel\source\repos\Proconenct\Proconenct.csproj]
C:\Users\Miguel\source\repos\Proconenct\ProConnect.Core\Interfaces\IProfessionalProfileRepository.cs(80,14): warning CS0436: El tipo 'PagedResult<T>' de 'C:\Users\Miguel\source\repos\Proconenct\ProConnect.Core\Models\PagedResult.cs' est├í en conflicto con el tipo importado 'PagedResult<T>' de 'ProConnect.Core, Version=0.0.0.0, Culture=neutral, PublicKeyToken=null'. Se usar├í el tipo definido en 'C:\Users\Miguel\source\repos\Proconenct\ProConnect.Core\Models\PagedResult.cs'. [C:\Users\Miguel\source\repos\Proconenct\Proconenct.csproj]
C:\Users\Miguel\source\repos\Proconenct\ProConnect.Core\Interfaces\IProfessionalProfileRepository.cs(80,26): warning CS0436: El tipo 'ProfessionalProfile' de 'C:\Users\Miguel\source\repos\Proconenct\ProConnect.Core\Entities\ProfessionalProfile.cs' est├í en conflicto con el tipo importado 'ProfessionalProfile' de 'ProConnect.Core, Version=0.0.0.0, Culture=neutral, PublicKeyToken=null'. Se usar├í el tipo definido en 'C:\Users\Miguel\source\repos\Proconenct\ProConnect.Core\Entities\ProfessionalProfile.cs'. [C:\Users\Miguel\source\repos\Proconenct\Proconenct.csproj]
C:\Users\Miguel\source\repos\Proconenct\ProConnect.Infrastructure\Repositores\PortfolioRepository.cs(12,43): warning CS0436: El tipo 'PortfolioFile' de 'C:\Users\Miguel\source\repos\Proconenct\ProConnect.Core\Entities\PortfolioFile.cs' est├í en conflicto con el tipo importado 'PortfolioFile' de 'ProConnect.Core, Version=0.0.0.0, Culture=neutral, PublicKeyToken=null'. Se usar├í el tipo definido en 'C:\Users\Miguel\source\repos\Proconenct\ProConnect.Core\Entities\PortfolioFile.cs'. [C:\Users\Miguel\source\repos\Proconenct\Proconenct.csproj]
C:\Users\Miguel\source\repos\Proconenct\ProConnect.Infrastructure\Repositores\ProfessionalProfileRepository.cs(17,50): warning CS0436: El tipo 'IProfessionalProfileRepository' de 'C:\Users\Miguel\source\repos\Proconenct\ProConnect.Core\Interfaces\IProfessionalProfileRepository.cs' est├í en conflicto con el tipo importado 'IProfessionalProfileRepository' de 'ProConnect.Core, Version=0.0.0.0, Culture=neutral, PublicKeyToken=null'. Se usar├í el tipo definido en 'C:\Users\Miguel\source\repos\Proconenct\ProConnect.Core\Interfaces\IProfessionalProfileRepository.cs'. [C:\Users\Miguel\source\repos\Proconenct\Proconenct.csproj]
C:\Users\Miguel\source\repos\Proconenct\ProConnect.Infrastructure\Repositores\ProfessionalProfileRepository.cs(26,27): warning CS0436: El tipo 'ProfessionalProfile' de 'C:\Users\Miguel\source\repos\Proconenct\ProConnect.Core\Entities\ProfessionalProfile.cs' est├í en conflicto con el tipo importado 'ProfessionalProfile' de 'ProConnect.Core, Version=0.0.0.0, Culture=neutral, PublicKeyToken=null'. Se usar├í el tipo definido en 'C:\Users\Miguel\source\repos\Proconenct\ProConnect.Core\Entities\ProfessionalProfile.cs'. [C:\Users\Miguel\source\repos\Proconenct\Proconenct.csproj]
C:\Users\Miguel\source\repos\Proconenct\ProConnect.Infrastructure\Repositores\ProfessionalProfileRepository.cs(31,27): warning CS0436: El tipo 'ProfessionalProfile' de 'C:\Users\Miguel\source\repos\Proconenct\ProConnect.Core\Entities\ProfessionalProfile.cs' est├í en conflicto con el tipo importado 'ProfessionalProfile' de 'ProConnect.Core, Version=0.0.0.0, Culture=neutral, PublicKeyToken=null'. Se usar├í el tipo definido en 'C:\Users\Miguel\source\repos\Proconenct\ProConnect.Core\Entities\ProfessionalProfile.cs'. [C:\Users\Miguel\source\repos\Proconenct\Proconenct.csproj]
C:\Users\Miguel\source\repos\Proconenct\ProConnect.Infrastructure\Repositores\ProfessionalProfileRepository.cs(36,47): warning CS0436: El tipo 'ProfessionalProfile' de 'C:\Users\Miguel\source\repos\Proconenct\ProConnect.Core\Entities\ProfessionalProfile.cs' est├í en conflicto con el tipo importado 'ProfessionalProfile' de 'ProConnect.Core, Version=0.0.0.0, Culture=neutral, PublicKeyToken=null'. Se usar├í el tipo definido en 'C:\Users\Miguel\source\repos\Proconenct\ProConnect.Core\Entities\ProfessionalProfile.cs'. [C:\Users\Miguel\source\repos\Proconenct\Proconenct.csproj]
C:\Users\Miguel\source\repos\Proconenct\ProConnect.Core\Interfaces\IUserRepository.cs(7,14): warning CS0436: El tipo 'User' de 'C:\Users\Miguel\source\repos\Proconenct\ProConnect.Core\Entities\User.cs' est├í en conflicto con el tipo importado 'User' de 'ProConnect.Core, Version=0.0.0.0, Culture=neutral, PublicKeyToken=null'. Se usar├í el tipo definido en 'C:\Users\Miguel\source\repos\Proconenct\ProConnect.Core\Entities\User.cs'. [C:\Users\Miguel\source\repos\Proconenct\Proconenct.csproj]
C:\Users\Miguel\source\repos\Proconenct\ProConnect.Infrastructure\Repositores\ProfessionalProfileRepository.cs(42,45): warning CS0436: El tipo 'ProfessionalProfile' de 'C:\Users\Miguel\source\repos\Proconenct\ProConnect.Core\Entities\ProfessionalProfile.cs' est├í en conflicto con el tipo importado 'ProfessionalProfile' de 'ProConnect.Core, Version=0.0.0.0, Culture=neutral, PublicKeyToken=null'. Se usar├í el tipo definido en 'C:\Users\Miguel\source\repos\Proconenct\ProConnect.Core\Entities\ProfessionalProfile.cs'. [C:\Users\Miguel\source\repos\Proconenct\Proconenct.csproj]
C:\Users\Miguel\source\repos\Proconenct\ProConnect.Core\Interfaces\IUserRepository.cs(8,14): warning CS0436: El tipo 'User' de 'C:\Users\Miguel\source\repos\Proconenct\ProConnect.Core\Entities\User.cs' est├í en conflicto con el tipo importado 'User' de 'ProConnect.Core, Version=0.0.0.0, Culture=neutral, PublicKeyToken=null'. Se usar├í el tipo definido en 'C:\Users\Miguel\source\repos\Proconenct\ProConnect.Core\Entities\User.cs'. [C:\Users\Miguel\source\repos\Proconenct\Proconenct.csproj]
C:\Users\Miguel\source\repos\Proconenct\ProConnect.Core\Interfaces\IUserRepository.cs(9,34): warning CS0436: El tipo 'User' de 'C:\Users\Miguel\source\repos\Proconenct\ProConnect.Core\Entities\User.cs' est├í en conflicto con el tipo importado 'User' de 'ProConnect.Core, Version=0.0.0.0, Culture=neutral, PublicKeyToken=null'. Se usar├í el tipo definido en 'C:\Users\Miguel\source\repos\Proconenct\ProConnect.Core\Entities\User.cs'. [C:\Users\Miguel\source\repos\Proconenct\Proconenct.csproj]
C:\Users\Miguel\source\repos\Proconenct\ProConnect.Infrastructure\Repositores\ProfessionalProfileRepository.cs(54,32): warning CS0436: El tipo 'ProfessionalProfile' de 'C:\Users\Miguel\source\repos\Proconenct\ProConnect.Core\Entities\ProfessionalProfile.cs' est├í en conflicto con el tipo importado 'ProfessionalProfile' de 'ProConnect.Core, Version=0.0.0.0, Culture=neutral, PublicKeyToken=null'. Se usar├í el tipo definido en 'C:\Users\Miguel\source\repos\Proconenct\ProConnect.Core\Entities\ProfessionalProfile.cs'. [C:\Users\Miguel\source\repos\Proconenct\Proconenct.csproj]
C:\Users\Miguel\source\repos\Proconenct\ProConnect.Core\Interfaces\IUserRepository.cs(10,32): warning CS0436: El tipo 'User' de 'C:\Users\Miguel\source\repos\Proconenct\ProConnect.Core\Entities\User.cs' est├í en conflicto con el tipo importado 'User' de 'ProConnect.Core, Version=0.0.0.0, Culture=neutral, PublicKeyToken=null'. Se usar├í el tipo definido en 'C:\Users\Miguel\source\repos\Proconenct\ProConnect.Core\Entities\User.cs'. [C:\Users\Miguel\source\repos\Proconenct\Proconenct.csproj]
C:\Users\Miguel\source\repos\Proconenct\ProConnect.Infrastructure\Repositores\ProfessionalProfileRepository.cs(59,32): warning CS0436: El tipo 'ProfessionalProfile' de 'C:\Users\Miguel\source\repos\Proconenct\ProConnect.Core\Entities\ProfessionalProfile.cs' est├í en conflicto con el tipo importado 'ProfessionalProfile' de 'ProConnect.Core, Version=0.0.0.0, Culture=neutral, PublicKeyToken=null'. Se usar├í el tipo definido en 'C:\Users\Miguel\source\repos\Proconenct\ProConnect.Core\Entities\ProfessionalProfile.cs'. [C:\Users\Miguel\source\repos\Proconenct\Proconenct.csproj]
C:\Users\Miguel\source\repos\Proconenct\ProConnect.Core\Interfaces\IUserRepository.cs(13,19): warning CS0436: El tipo 'User' de 'C:\Users\Miguel\source\repos\Proconenct\ProConnect.Core\Entities\User.cs' est├í en conflicto con el tipo importado 'User' de 'ProConnect.Core, Version=0.0.0.0, Culture=neutral, PublicKeyToken=null'. Se usar├í el tipo definido en 'C:\Users\Miguel\source\repos\Proconenct\ProConnect.Core\Entities\User.cs'. [C:\Users\Miguel\source\repos\Proconenct\Proconenct.csproj]
C:\Users\Miguel\source\repos\Proconenct\ProConnect.Infrastructure\Repositores\ProfessionalProfileRepository.cs(67,32): warning CS0436: El tipo 'ProfessionalProfile' de 'C:\Users\Miguel\source\repos\Proconenct\ProConnect.Core\Entities\ProfessionalProfile.cs' est├í en conflicto con el tipo importado 'ProfessionalProfile' de 'ProConnect.Core, Version=0.0.0.0, Culture=neutral, PublicKeyToken=null'. Se usar├í el tipo definido en 'C:\Users\Miguel\source\repos\Proconenct\ProConnect.Core\Entities\ProfessionalProfile.cs'. [C:\Users\Miguel\source\repos\Proconenct\Proconenct.csproj]
C:\Users\Miguel\source\repos\Proconenct\ProConnect.Core\Interfaces\IUserRepository.cs(14,45): warning CS0436: El tipo 'UserType' de 'C:\Users\Miguel\source\repos\Proconenct\ProConnect.Core\Entities\User.cs' est├í en conflicto con el tipo importado 'UserType' de 'ProConnect.Core, Version=0.0.0.0, Culture=neutral, PublicKeyToken=null'. Se usar├í el tipo definido en 'C:\Users\Miguel\source\repos\Proconenct\ProConnect.Core\Entities\User.cs'. [C:\Users\Miguel\source\repos\Proconenct\Proconenct.csproj]
C:\Users\Miguel\source\repos\Proconenct\ProConnect.Core\Interfaces\IUserRepository.cs(14,19): warning CS0436: El tipo 'User' de 'C:\Users\Miguel\source\repos\Proconenct\ProConnect.Core\Entities\User.cs' est├í en conflicto con el tipo importado 'User' de 'ProConnect.Core, Version=0.0.0.0, Culture=neutral, PublicKeyToken=null'. Se usar├í el tipo definido en 'C:\Users\Miguel\source\repos\Proconenct\ProConnect.Core\Entities\User.cs'. [C:\Users\Miguel\source\repos\Proconenct\Proconenct.csproj]
C:\Users\Miguel\source\repos\Proconenct\ProConnect.Infrastructure\Repositores\ProfessionalProfileRepository.cs(114,32): warning CS0436: El tipo 'ProfessionalProfile' de 'C:\Users\Miguel\source\repos\Proconenct\ProConnect.Core\Entities\ProfessionalProfile.cs' est├í en conflicto con el tipo importado 'ProfessionalProfile' de 'ProConnect.Core, Version=0.0.0.0, Culture=neutral, PublicKeyToken=null'. Se usar├í el tipo definido en 'C:\Users\Miguel\source\repos\Proconenct\ProConnect.Core\Entities\ProfessionalProfile.cs'. [C:\Users\Miguel\source\repos\Proconenct\Proconenct.csproj]
C:\Users\Miguel\source\repos\Proconenct\ProConnect.Infrastructure\Repositores\ProfessionalProfileRepository.cs(133,32): warning CS0436: El tipo 'ProfessionalProfile' de 'C:\Users\Miguel\source\repos\Proconenct\ProConnect.Core\Entities\ProfessionalProfile.cs' est├í en conflicto con el tipo importado 'ProfessionalProfile' de 'ProConnect.Core, Version=0.0.0.0, Culture=neutral, PublicKeyToken=null'. Se usar├í el tipo definido en 'C:\Users\Miguel\source\repos\Proconenct\ProConnect.Core\Entities\ProfessionalProfile.cs'. [C:\Users\Miguel\source\repos\Proconenct\Proconenct.csproj]
C:\Users\Miguel\source\repos\Proconenct\ProConnect.Infrastructure\Repositores\ProfessionalProfileRepository.cs(144,32): warning CS0436: El tipo 'ProfessionalProfile' de 'C:\Users\Miguel\source\repos\Proconenct\ProConnect.Core\Entities\ProfessionalProfile.cs' est├í en conflicto con el tipo importado 'ProfessionalProfile' de 'ProConnect.Core, Version=0.0.0.0, Culture=neutral, PublicKeyToken=null'. Se usar├í el tipo definido en 'C:\Users\Miguel\source\repos\Proconenct\ProConnect.Core\Entities\ProfessionalProfile.cs'. [C:\Users\Miguel\source\repos\Proconenct\Proconenct.csproj]
C:\Users\Miguel\source\repos\Proconenct\ProConnect.Infrastructure\Repositores\ProfessionalProfileRepository.cs(167,27): warning CS0436: El tipo 'ProfileStatistics' de 'C:\Users\Miguel\source\repos\Proconenct\ProConnect.Core\Models\ProfileStatistics.cs' est├í en conflicto con el tipo importado 'ProfileStatistics' de 'ProConnect.Core, Version=0.0.0.0, Culture=neutral, PublicKeyToken=null'. Se usar├í el tipo definido en 'C:\Users\Miguel\source\repos\Proconenct\ProConnect.Core\Models\ProfileStatistics.cs'. [C:\Users\Miguel\source\repos\Proconenct\Proconenct.csproj]
C:\Users\Miguel\source\repos\Proconenct\ProConnect.Infrastructure\Repositores\ProfessionalProfileRepository.cs(193,64): warning CS0436: El tipo 'Service' de 'C:\Users\Miguel\source\repos\Proconenct\ProConnect.Core\Entities\ProfessionalProfile.cs' est├í en conflicto con el tipo importado 'Service' de 'ProConnect.Core, Version=0.0.0.0, Culture=neutral, PublicKeyToken=null'. Se usar├í el tipo definido en 'C:\Users\Miguel\source\repos\Proconenct\ProConnect.Core\Entities\ProfessionalProfile.cs'. [C:\Users\Miguel\source\repos\Proconenct\Proconenct.csproj]
C:\Users\Miguel\source\repos\Proconenct\ProConnect.Infrastructure\Repositores\ProfessionalProfileRepository.cs(200,67): warning CS0436: El tipo 'Service' de 'C:\Users\Miguel\source\repos\Proconenct\ProConnect.Core\Entities\ProfessionalProfile.cs' est├í en conflicto con el tipo importado 'Service' de 'ProConnect.Core, Version=0.0.0.0, Culture=neutral, PublicKeyToken=null'. Se usar├í el tipo definido en 'C:\Users\Miguel\source\repos\Proconenct\ProConnect.Core\Entities\ProfessionalProfile.cs'. [C:\Users\Miguel\source\repos\Proconenct\Proconenct.csproj]
C:\Users\Miguel\source\repos\Proconenct\ProConnect.Infrastructure\Repositores\ProfessionalProfileRepository.cs(224,32): warning CS0436: El tipo 'Service' de 'C:\Users\Miguel\source\repos\Proconenct\ProConnect.Core\Entities\ProfessionalProfile.cs' est├í en conflicto con el tipo importado 'Service' de 'ProConnect.Core, Version=0.0.0.0, Culture=neutral, PublicKeyToken=null'. Se usar├í el tipo definido en 'C:\Users\Miguel\source\repos\Proconenct\ProConnect.Core\Entities\ProfessionalProfile.cs'. [C:\Users\Miguel\source\repos\Proconenct\Proconenct.csproj]
C:\Users\Miguel\source\repos\Proconenct\ProConnect.Infrastructure\Repositores\ProfessionalProfileRepository.cs(230,81): warning CS0436: El tipo 'ProfessionalSearchFilters' de 'C:\Users\Miguel\source\repos\Proconenct\ProConnect.Core\Models\ProfessionalSearchFilters.cs' est├í en conflicto con el tipo importado 'ProfessionalSearchFilters' de 'ProConnect.Core, Version=0.0.0.0, Culture=neutral, PublicKeyToken=null'. Se usar├í el tipo definido en 'C:\Users\Miguel\source\repos\Proconenct\ProConnect.Core\Models\ProfessionalSearchFilters.cs'. [C:\Users\Miguel\source\repos\Proconenct\Proconenct.csproj]
C:\Users\Miguel\source\repos\Proconenct\ProConnect.Infrastructure\Repositores\ProfessionalProfileRepository.cs(230,27): warning CS0436: El tipo 'PagedResult<T>' de 'C:\Users\Miguel\source\repos\Proconenct\ProConnect.Core\Models\PagedResult.cs' est├í en conflicto con el tipo importado 'PagedResult<T>' de 'ProConnect.Core, Version=0.0.0.0, Culture=neutral, PublicKeyToken=null'. Se usar├í el tipo definido en 'C:\Users\Miguel\source\repos\Proconenct\ProConnect.Core\Models\PagedResult.cs'. [C:\Users\Miguel\source\repos\Proconenct\Proconenct.csproj]
C:\Users\Miguel\source\repos\Proconenct\ProConnect.Infrastructure\Repositores\ProfessionalProfileRepository.cs(230,39): warning CS0436: El tipo 'ProfessionalProfile' de 'C:\Users\Miguel\source\repos\Proconenct\ProConnect.Core\Entities\ProfessionalProfile.cs' est├í en conflicto con el tipo importado 'ProfessionalProfile' de 'ProConnect.Core, Version=0.0.0.0, Culture=neutral, PublicKeyToken=null'. Se usar├í el tipo definido en 'C:\Users\Miguel\source\repos\Proconenct\ProConnect.Core\Entities\ProfessionalProfile.cs'. [C:\Users\Miguel\source\repos\Proconenct\Proconenct.csproj]
C:\Users\Miguel\source\repos\Proconenct\ProConnect.Infrastructure\Repositores\ProfessionalProfileRepository.cs(19,43): warning CS0436: El tipo 'ProfessionalProfile' de 'C:\Users\Miguel\source\repos\Proconenct\ProConnect.Core\Entities\ProfessionalProfile.cs' est├í en conflicto con el tipo importado 'ProfessionalProfile' de 'ProConnect.Core, Version=0.0.0.0, Culture=neutral, PublicKeyToken=null'. Se usar├í el tipo definido en 'C:\Users\Miguel\source\repos\Proconenct\ProConnect.Core\Entities\ProfessionalProfile.cs'. [C:\Users\Miguel\source\repos\Proconenct\Proconenct.csproj]
C:\Users\Miguel\source\repos\Proconenct\ProConnect.Infrastructure\Repositores\ProfessionalProfileRepository.cs(21,46): warning CS0436: El tipo 'MongoDbContext' de 'C:\Users\Miguel\source\repos\Proconenct\ProConnect.Infrastructure\Database\MongoDbContext.cs' est├í en conflicto con el tipo importado 'MongoDbContext' de 'ProConnect.Infrastructure, Version=0.0.0.0, Culture=neutral, PublicKeyToken=null'. Se usar├í el tipo definido en 'C:\Users\Miguel\source\repos\Proconenct\ProConnect.Infrastructure\Database\MongoDbContext.cs'. [C:\Users\Miguel\source\repos\Proconenct\Proconenct.csproj]
C:\Users\Miguel\source\repos\Proconenct\ProConnect.Infrastructure\Repositores\UserRepository.cs(8,35): warning CS0436: El tipo 'IUserRepository' de 'C:\Users\Miguel\source\repos\Proconenct\ProConnect.Core\Interfaces\IUserRepository.cs' est├í en conflicto con el tipo importado 'IUserRepository' de 'ProConnect.Core, Version=0.0.0.0, Culture=neutral, PublicKeyToken=null'. Se usar├í el tipo definido en 'C:\Users\Miguel\source\repos\Proconenct\ProConnect.Core\Interfaces\IUserRepository.cs'. [C:\Users\Miguel\source\repos\Proconenct\Proconenct.csproj]
C:\Users\Miguel\source\repos\Proconenct\ProConnect.Infrastructure\Repositores\UserRepository.cs(19,27): warning CS0436: El tipo 'User' de 'C:\Users\Miguel\source\repos\Proconenct\ProConnect.Core\Entities\User.cs' est├í en conflicto con el tipo importado 'User' de 'ProConnect.Core, Version=0.0.0.0, Culture=neutral, PublicKeyToken=null'. Se usar├í el tipo definido en 'C:\Users\Miguel\source\repos\Proconenct\ProConnect.Core\Entities\User.cs'. [C:\Users\Miguel\source\repos\Proconenct\Proconenct.csproj]
C:\Users\Miguel\source\repos\Proconenct\ProConnect.Infrastructure\Repositores\UserRepository.cs(24,27): warning CS0436: El tipo 'User' de 'C:\Users\Miguel\source\repos\Proconenct\ProConnect.Core\Entities\User.cs' est├í en conflicto con el tipo importado 'User' de 'ProConnect.Core, Version=0.0.0.0, Culture=neutral, PublicKeyToken=null'. Se usar├í el tipo definido en 'C:\Users\Miguel\source\repos\Proconenct\ProConnect.Core\Entities\User.cs'. [C:\Users\Miguel\source\repos\Proconenct\Proconenct.csproj]
C:\Users\Miguel\source\repos\Proconenct\ProConnect.Core\ValueObjects\AuthResult.cs(11,16): warning CS0436: El tipo 'UserType' de 'C:\Users\Miguel\source\repos\Proconenct\ProConnect.Core\Entities\User.cs' est├í en conflicto con el tipo importado 'UserType' de 'ProConnect.Core, Version=0.0.0.0, Culture=neutral, PublicKeyToken=null'. Se usar├í el tipo definido en 'C:\Users\Miguel\source\repos\Proconenct\ProConnect.Core\Entities\User.cs'. [C:\Users\Miguel\source\repos\Proconenct\Proconenct.csproj]
C:\Users\Miguel\source\repos\Proconenct\ProConnect.Core\ValueObjects\AuthResult.cs(17,91): warning CS0436: El tipo 'UserType' de 'C:\Users\Miguel\source\repos\Proconenct\ProConnect.Core\Entities\User.cs' est├í en conflicto con el tipo importado 'UserType' de 'ProConnect.Core, Version=0.0.0.0, Culture=neutral, PublicKeyToken=null'. Se usar├í el tipo definido en 'C:\Users\Miguel\source\repos\Proconenct\ProConnect.Core\Entities\User.cs'. [C:\Users\Miguel\source\repos\Proconenct\Proconenct.csproj]
C:\Users\Miguel\source\repos\Proconenct\ProConnect.Core\ValueObjects\AuthResult.cs(17,23): warning CS0436: El tipo 'AuthResult' de 'C:\Users\Miguel\source\repos\Proconenct\ProConnect.Core\ValueObjects\AuthResult.cs' est├í en conflicto con el tipo importado 'AuthResult' de 'ProConnect.Core, Version=0.0.0.0, Culture=neutral, PublicKeyToken=null'. Se usar├í el tipo definido en 'C:\Users\Miguel\source\repos\Proconenct\ProConnect.Core\ValueObjects\AuthResult.cs'. [C:\Users\Miguel\source\repos\Proconenct\Proconenct.csproj]
C:\Users\Miguel\source\repos\Proconenct\ProConnect.Core\ValueObjects\AuthResult.cs(30,23): warning CS0436: El tipo 'AuthResult' de 'C:\Users\Miguel\source\repos\Proconenct\ProConnect.Core\ValueObjects\AuthResult.cs' est├í en conflicto con el tipo importado 'AuthResult' de 'ProConnect.Core, Version=0.0.0.0, Culture=neutral, PublicKeyToken=null'. Se usar├í el tipo definido en 'C:\Users\Miguel\source\repos\Proconenct\ProConnect.Core\ValueObjects\AuthResult.cs'. [C:\Users\Miguel\source\repos\Proconenct\Proconenct.csproj]
C:\Users\Miguel\source\repos\Proconenct\ProConnect.Core\ValueObjects\AuthResult.cs(39,23): warning CS0436: El tipo 'AuthResult' de 'C:\Users\Miguel\source\repos\Proconenct\ProConnect.Core\ValueObjects\AuthResult.cs' est├í en conflicto con el tipo importado 'AuthResult' de 'ProConnect.Core, Version=0.0.0.0, Culture=neutral, PublicKeyToken=null'. Se usar├í el tipo definido en 'C:\Users\Miguel\source\repos\Proconenct\ProConnect.Core\ValueObjects\AuthResult.cs'. [C:\Users\Miguel\source\repos\Proconenct\Proconenct.csproj]
C:\Users\Miguel\source\repos\Proconenct\ProConnect.Infrastructure\Repositores\UserRepository.cs(29,47): warning CS0436: El tipo 'User' de 'C:\Users\Miguel\source\repos\Proconenct\ProConnect.Core\Entities\User.cs' est├í en conflicto con el tipo importado 'User' de 'ProConnect.Core, Version=0.0.0.0, Culture=neutral, PublicKeyToken=null'. Se usar├í el tipo definido en 'C:\Users\Miguel\source\repos\Proconenct\ProConnect.Core\Entities\User.cs'. [C:\Users\Miguel\source\repos\Proconenct\Proconenct.csproj]
C:\Users\Miguel\source\repos\Proconenct\ProConnect.Infrastructure\Repositores\UserRepository.cs(37,45): warning CS0436: El tipo 'User' de 'C:\Users\Miguel\source\repos\Proconenct\ProConnect.Core\Entities\User.cs' est├í en conflicto con el tipo importado 'User' de 'ProConnect.Core, Version=0.0.0.0, Culture=neutral, PublicKeyToken=null'. Se usar├í el tipo definido en 'C:\Users\Miguel\source\repos\Proconenct\ProConnect.Core\Entities\User.cs'. [C:\Users\Miguel\source\repos\Proconenct\Proconenct.csproj]
C:\Users\Miguel\source\repos\Proconenct\ProConnect.Infrastructure\Repositores\UserRepository.cs(56,32): warning CS0436: El tipo 'User' de 'C:\Users\Miguel\source\repos\Proconenct\ProConnect.Core\Entities\User.cs' est├í en conflicto con el tipo importado 'User' de 'ProConnect.Core, Version=0.0.0.0, Culture=neutral, PublicKeyToken=null'. Se usar├í el tipo definido en 'C:\Users\Miguel\source\repos\Proconenct\ProConnect.Core\Entities\User.cs'. [C:\Users\Miguel\source\repos\Proconenct\Proconenct.csproj]
C:\Users\Miguel\source\repos\Proconenct\ProConnect.Infrastructure\Repositores\UserRepository.cs(61,58): warning CS0436: El tipo 'UserType' de 'C:\Users\Miguel\source\repos\Proconenct\ProConnect.Core\Entities\User.cs' est├í en conflicto con el tipo importado 'UserType' de 'ProConnect.Core, Version=0.0.0.0, Culture=neutral, PublicKeyToken=null'. Se usar├í el tipo definido en 'C:\Users\Miguel\source\repos\Proconenct\ProConnect.Core\Entities\User.cs'. [C:\Users\Miguel\source\repos\Proconenct\Proconenct.csproj]
C:\Users\Miguel\source\repos\Proconenct\ProConnect.Infrastructure\Repositores\UserRepository.cs(61,32): warning CS0436: El tipo 'User' de 'C:\Users\Miguel\source\repos\Proconenct\ProConnect.Core\Entities\User.cs' est├í en conflicto con el tipo importado 'User' de 'ProConnect.Core, Version=0.0.0.0, Culture=neutral, PublicKeyToken=null'. Se usar├í el tipo definido en 'C:\Users\Miguel\source\repos\Proconenct\ProConnect.Core\Entities\User.cs'. [C:\Users\Miguel\source\repos\Proconenct\Proconenct.csproj]
C:\Users\Miguel\source\repos\Proconenct\ProConnect.Infrastructure\Repositores\UserRepository.cs(10,26): warning CS0436: El tipo 'MongoDbContext' de 'C:\Users\Miguel\source\repos\Proconenct\ProConnect.Infrastructure\Database\MongoDbContext.cs' est├í en conflicto con el tipo importado 'MongoDbContext' de 'ProConnect.Infrastructure, Version=0.0.0.0, Culture=neutral, PublicKeyToken=null'. Se usar├í el tipo definido en 'C:\Users\Miguel\source\repos\Proconenct\ProConnect.Infrastructure\Database\MongoDbContext.cs'. [C:\Users\Miguel\source\repos\Proconenct\Proconenct.csproj]
C:\Users\Miguel\source\repos\Proconenct\ProConnect.Infrastructure\Repositores\UserRepository.cs(11,43): warning CS0436: El tipo 'User' de 'C:\Users\Miguel\source\repos\Proconenct\ProConnect.Core\Entities\User.cs' est├í en conflicto con el tipo importado 'User' de 'ProConnect.Core, Version=0.0.0.0, Culture=neutral, PublicKeyToken=null'. Se usar├í el tipo definido en 'C:\Users\Miguel\source\repos\Proconenct\ProConnect.Core\Entities\User.cs'. [C:\Users\Miguel\source\repos\Proconenct\Proconenct.csproj]
C:\Users\Miguel\source\repos\Proconenct\ProConnect.Infrastructure\Repositores\UserRepository.cs(13,31): warning CS0436: El tipo 'MongoDbContext' de 'C:\Users\Miguel\source\repos\Proconenct\ProConnect.Infrastructure\Database\MongoDbContext.cs' est├í en conflicto con el tipo importado 'MongoDbContext' de 'ProConnect.Infrastructure, Version=0.0.0.0, Culture=neutral, PublicKeyToken=null'. Se usar├í el tipo definido en 'C:\Users\Miguel\source\repos\Proconenct\ProConnect.Infrastructure\Database\MongoDbContext.cs'. [C:\Users\Miguel\source\repos\Proconenct\Proconenct.csproj]
C:\Users\Miguel\source\repos\Proconenct\ProConnect.Infrastructure\Services\EmailService.cs(11,33): warning CS0436: El tipo 'IEmailService' de 'C:\Users\Miguel\source\repos\Proconenct\ProConnect.Core\Interfaces\IEmailService.cs' est├í en conflicto con el tipo importado 'IEmailService' de 'ProConnect.Core, Version=0.0.0.0, Culture=neutral, PublicKeyToken=null'. Se usar├í el tipo definido en 'C:\Users\Miguel\source\repos\Proconenct\ProConnect.Core\Interfaces\IEmailService.cs'. [C:\Users\Miguel\source\repos\Proconenct\Proconenct.csproj]
C:\Users\Miguel\source\repos\Proconenct\ProConnect.Infrastructure\Services\EmailService.cs(19,34): warning CS0436: El tipo 'EmailService' de 'C:\Users\Miguel\source\repos\Proconenct\ProConnect.Infrastructure\Services\EmailService.cs' est├í en conflicto con el tipo importado 'EmailService' de 'ProConnect.Infrastructure, Version=0.0.0.0, Culture=neutral, PublicKeyToken=null'. Se usar├í el tipo definido en 'C:\Users\Miguel\source\repos\Proconenct\ProConnect.Infrastructure\Services\EmailService.cs'. [C:\Users\Miguel\source\repos\Proconenct\Proconenct.csproj]
C:\Users\Miguel\source\repos\Proconenct\ProConnect.Infrastructure\Services\EmailService.cs(21,60): warning CS0436: El tipo 'EmailService' de 'C:\Users\Miguel\source\repos\Proconenct\ProConnect.Infrastructure\Services\EmailService.cs' est├í en conflicto con el tipo importado 'EmailService' de 'ProConnect.Infrastructure, Version=0.0.0.0, Culture=neutral, PublicKeyToken=null'. Se usar├í el tipo definido en 'C:\Users\Miguel\source\repos\Proconenct\ProConnect.Infrastructure\Services\EmailService.cs'. [C:\Users\Miguel\source\repos\Proconenct\Proconenct.csproj]
C:\Users\Miguel\source\repos\Proconenct\ProConnect.Infrastructure\Services\JwtTokenService.cs(13,36): warning CS0436: El tipo 'IJwtTokenService' de 'C:\Users\Miguel\source\repos\Proconenct\ProConnect.Core\Interfaces\IJwtTokenService.cs' est├í en conflicto con el tipo importado 'IJwtTokenService' de 'ProConnect.Core, Version=0.0.0.0, Culture=neutral, PublicKeyToken=null'. Se usar├í el tipo definido en 'C:\Users\Miguel\source\repos\Proconenct\ProConnect.Core\Interfaces\IJwtTokenService.cs'. [C:\Users\Miguel\source\repos\Proconenct\Proconenct.csproj]
C:\Users\Miguel\source\repos\Proconenct\ProConnect.Infrastructure\Services\JwtTokenService.cs(30,54): warning CS0436: El tipo 'User' de 'C:\Users\Miguel\source\repos\Proconenct\ProConnect.Core\Entities\User.cs' est├í en conflicto con el tipo importado 'User' de 'ProConnect.Core, Version=0.0.0.0, Culture=neutral, PublicKeyToken=null'. Se usar├í el tipo definido en 'C:\Users\Miguel\source\repos\Proconenct\ProConnect.Core\Entities\User.cs'. [C:\Users\Miguel\source\repos\Proconenct\Proconenct.csproj]
C:\Users\Miguel\source\repos\Proconenct\ProConnect.Infrastructure\Services\JwtTokenService.cs(62,27): warning CS0436: El tipo 'AuthResult' de 'C:\Users\Miguel\source\repos\Proconenct\ProConnect.Core\ValueObjects\AuthResult.cs' est├í en conflicto con el tipo importado 'AuthResult' de 'ProConnect.Core, Version=0.0.0.0, Culture=neutral, PublicKeyToken=null'. Se usar├í el tipo definido en 'C:\Users\Miguel\source\repos\Proconenct\ProConnect.Core\ValueObjects\AuthResult.cs'. [C:\Users\Miguel\source\repos\Proconenct\Proconenct.csproj]
C:\Users\Miguel\source\repos\Proconenct\ProConnect.Infrastructure\Services\JwtTokenService.cs(116,27): warning CS0436: El tipo 'AuthResult' de 'C:\Users\Miguel\source\repos\Proconenct\ProConnect.Core\ValueObjects\AuthResult.cs' est├í en conflicto con el tipo importado 'AuthResult' de 'ProConnect.Core, Version=0.0.0.0, Culture=neutral, PublicKeyToken=null'. Se usar├í el tipo definido en 'C:\Users\Miguel\source\repos\Proconenct\ProConnect.Core\ValueObjects\AuthResult.cs'. [C:\Users\Miguel\source\repos\Proconenct\Proconenct.csproj]
C:\Users\Miguel\source\repos\Proconenct\ProConnect.Infrastructure\Services\NullCacheService.cs(5,37): warning CS0436: El tipo 'ICacheService' de 'C:\Users\Miguel\source\repos\Proconenct\ProConnect.Core\Interfaces\ICacheService.cs' est├í en conflicto con el tipo importado 'ICacheService' de 'ProConnect.Core, Version=0.0.0.0, Culture=neutral, PublicKeyToken=null'. Se usar├í el tipo definido en 'C:\Users\Miguel\source\repos\Proconenct\ProConnect.Core\Interfaces\ICacheService.cs'. [C:\Users\Miguel\source\repos\Proconenct\Proconenct.csproj]
C:\Users\Miguel\source\repos\Proconenct\ProConnect.Infrastructure\Services\RedisCacheService.cs(7,38): warning CS0436: El tipo 'ICacheService' de 'C:\Users\Miguel\source\repos\Proconenct\ProConnect.Core\Interfaces\ICacheService.cs' est├í en conflicto con el tipo importado 'ICacheService' de 'ProConnect.Core, Version=0.0.0.0, Culture=neutral, PublicKeyToken=null'. Se usar├í el tipo definido en 'C:\Users\Miguel\source\repos\Proconenct\ProConnect.Core\Interfaces\ICacheService.cs'. [C:\Users\Miguel\source\repos\Proconenct\Proconenct.csproj]
C:\Users\Miguel\source\repos\Proconenct\ProConnect.Infrastructure\Services\UserService.cs(12,32): warning CS0436: El tipo 'IUserService' de 'C:\Users\Miguel\source\repos\Proconenct\ProConnect.Application\Interfaces\IUserService.cs' est├í en conflicto con el tipo importado 'IUserService' de 'ProConnect.Application, Version=0.0.0.0, Culture=neutral, PublicKeyToken=null'. Se usar├í el tipo definido en 'C:\Users\Miguel\source\repos\Proconenct\ProConnect.Application\Interfaces\IUserService.cs'. [C:\Users\Miguel\source\repos\Proconenct\Proconenct.csproj]
C:\Users\Miguel\source\repos\Proconenct\ProConnect.Infrastructure\Services\UserService.cs(26,27): warning CS0436: El tipo 'UserProfileDto' de 'C:\Users\Miguel\source\repos\Proconenct\ProConnect.Application\DTOs\UserProfileDto.cs' est├í en conflicto con el tipo importado 'UserProfileDto' de 'ProConnect.Application, Version=0.0.0.0, Culture=neutral, PublicKeyToken=null'. Se usar├í el tipo definido en 'C:\Users\Miguel\source\repos\Proconenct\ProConnect.Application\DTOs\UserProfileDto.cs'. [C:\Users\Miguel\source\repos\Proconenct\Proconenct.csproj]
C:\Users\Miguel\source\repos\Proconenct\ProConnect.Infrastructure\Services\UserService.cs(48,81): warning CS0436: El tipo 'UpdateUserProfileDto' de 'C:\Users\Miguel\source\repos\Proconenct\ProConnect.Application\DTOs\UpdateUserProfileDto.cs' est├í en conflicto con el tipo importado 'UpdateUserProfileDto' de 'ProConnect.Application, Version=0.0.0.0, Culture=neutral, PublicKeyToken=null'. Se usar├í el tipo definido en 'C:\Users\Miguel\source\repos\Proconenct\ProConnect.Application\DTOs\UpdateUserProfileDto.cs'. [C:\Users\Miguel\source\repos\Proconenct\Proconenct.csproj]
C:\Users\Miguel\source\repos\Proconenct\ProConnect.Infrastructure\Services\UserService.cs(48,27): warning CS0436: El tipo 'UserProfileDto' de 'C:\Users\Miguel\source\repos\Proconenct\ProConnect.Application\DTOs\UserProfileDto.cs' est├í en conflicto con el tipo importado 'UserProfileDto' de 'ProConnect.Application, Version=0.0.0.0, Culture=neutral, PublicKeyToken=null'. Se usar├í el tipo definido en 'C:\Users\Miguel\source\repos\Proconenct\ProConnect.Application\DTOs\UserProfileDto.cs'. [C:\Users\Miguel\source\repos\Proconenct\Proconenct.csproj]
C:\Users\Miguel\source\repos\Proconenct\ProConnect.Infrastructure\Services\UserService.cs(105,27): warning CS0436: El tipo 'UserProfileDto' de 'C:\Users\Miguel\source\repos\Proconenct\ProConnect.Application\DTOs\UserProfileDto.cs' est├í en conflicto con el tipo importado 'UserProfileDto' de 'ProConnect.Application, Version=0.0.0.0, Culture=neutral, PublicKeyToken=null'. Se usar├í el tipo definido en 'C:\Users\Miguel\source\repos\Proconenct\ProConnect.Application\DTOs\UserProfileDto.cs'. [C:\Users\Miguel\source\repos\Proconenct\Proconenct.csproj]
C:\Users\Miguel\source\repos\Proconenct\ProConnect.Infrastructure\Services\UserService.cs(158,59): warning CS0436: El tipo 'User' de 'C:\Users\Miguel\source\repos\Proconenct\ProConnect.Core\Entities\User.cs' est├í en conflicto con el tipo importado 'User' de 'ProConnect.Core, Version=0.0.0.0, Culture=neutral, PublicKeyToken=null'. Se usar├í el tipo definido en 'C:\Users\Miguel\source\repos\Proconenct\ProConnect.Core\Entities\User.cs'. [C:\Users\Miguel\source\repos\Proconenct\Proconenct.csproj]
C:\Users\Miguel\source\repos\Proconenct\ProConnect.Infrastructure\Services\UserService.cs(158,24): warning CS0436: El tipo 'UserProfileDto' de 'C:\Users\Miguel\source\repos\Proconenct\ProConnect.Application\DTOs\UserProfileDto.cs' est├í en conflicto con el tipo importado 'UserProfileDto' de 'ProConnect.Application, Version=0.0.0.0, Culture=neutral, PublicKeyToken=null'. Se usar├í el tipo definido en 'C:\Users\Miguel\source\repos\Proconenct\ProConnect.Application\DTOs\UserProfileDto.cs'. [C:\Users\Miguel\source\repos\Proconenct\Proconenct.csproj]
C:\Users\Miguel\source\repos\Proconenct\ProConnect.Infrastructure\Services\UserService.cs(14,26): warning CS0436: El tipo 'IUserRepository' de 'C:\Users\Miguel\source\repos\Proconenct\ProConnect.Core\Interfaces\IUserRepository.cs' est├í en conflicto con el tipo importado 'IUserRepository' de 'ProConnect.Core, Version=0.0.0.0, Culture=neutral, PublicKeyToken=null'. Se usar├í el tipo definido en 'C:\Users\Miguel\source\repos\Proconenct\ProConnect.Core\Interfaces\IUserRepository.cs'. [C:\Users\Miguel\source\repos\Proconenct\Proconenct.csproj]
C:\Users\Miguel\source\repos\Proconenct\ProConnect.Infrastructure\Services\UserService.cs(15,34): warning CS0436: El tipo 'UserService' de 'C:\Users\Miguel\source\repos\Proconenct\ProConnect.Infrastructure\Services\UserService.cs' est├í en conflicto con el tipo importado 'UserService' de 'ProConnect.Infrastructure, Version=0.0.0.0, Culture=neutral, PublicKeyToken=null'. Se usar├í el tipo definido en 'C:\Users\Miguel\source\repos\Proconenct\ProConnect.Infrastructure\Services\UserService.cs'. [C:\Users\Miguel\source\repos\Proconenct\Proconenct.csproj]
C:\Users\Miguel\source\repos\Proconenct\ProConnect.Infrastructure\Services\UserService.cs(17,28): warning CS0436: El tipo 'IUserRepository' de 'C:\Users\Miguel\source\repos\Proconenct\ProConnect.Core\Interfaces\IUserRepository.cs' est├í en conflicto con el tipo importado 'IUserRepository' de 'ProConnect.Core, Version=0.0.0.0, Culture=neutral, PublicKeyToken=null'. Se usar├í el tipo definido en 'C:\Users\Miguel\source\repos\Proconenct\ProConnect.Core\Interfaces\IUserRepository.cs'. [C:\Users\Miguel\source\repos\Proconenct\Proconenct.csproj]
C:\Users\Miguel\source\repos\Proconenct\ProConnect.Infrastructure\Services\UserService.cs(17,68): warning CS0436: El tipo 'UserService' de 'C:\Users\Miguel\source\repos\Proconenct\ProConnect.Infrastructure\Services\UserService.cs' est├í en conflicto con el tipo importado 'UserService' de 'ProConnect.Infrastructure, Version=0.0.0.0, Culture=neutral, PublicKeyToken=null'. Se usar├í el tipo definido en 'C:\Users\Miguel\source\repos\Proconenct\ProConnect.Infrastructure\Services\UserService.cs'. [C:\Users\Miguel\source\repos\Proconenct\Proconenct.csproj]
C:\Users\Miguel\source\repos\Proconenct\Pages\profiles\Index.cshtml.cs(18,16): warning CS8618: El elemento propiedad "Query" que no acepta valores NULL debe contener un valor distinto de NULL al salir del constructor. Considere la posibilidad de agregar el modificador "required'"o declarar el propiedad como un valor que acepta valores NULL. [C:\Users\Miguel\source\repos\Proconenct\Proconenct.csproj]
C:\Users\Miguel\source\repos\Proconenct\Pages\profiles\Index.cshtml.cs(18,16): warning CS8618: El elemento propiedad "Specialty" que no acepta valores NULL debe contener un valor distinto de NULL al salir del constructor. Considere la posibilidad de agregar el modificador "required'"o declarar el propiedad como un valor que acepta valores NULL. [C:\Users\Miguel\source\repos\Proconenct\Proconenct.csproj]
C:\Users\Miguel\source\repos\Proconenct\Pages\profiles\Index.cshtml.cs(18,16): warning CS8618: El elemento propiedad "Location" que no acepta valores NULL debe contener un valor distinto de NULL al salir del constructor. Considere la posibilidad de agregar el modificador "required'"o declarar el propiedad como un valor que acepta valores NULL. [C:\Users\Miguel\source\repos\Proconenct\Proconenct.csproj]
C:\Users\Miguel\source\repos\Proconenct\Pages\profiles\Index.cshtml.cs(18,16): warning CS8618: El elemento propiedad "SearchResults" que no acepta valores NULL debe contener un valor distinto de NULL al salir del constructor. Considere la posibilidad de agregar el modificador "required'"o declarar el propiedad como un valor que acepta valores NULL. [C:\Users\Miguel\source\repos\Proconenct\Proconenct.csproj]
C:\Users\Miguel\source\repos\Proconenct\Pages\profiles\Index.cshtml.cs(53,35): warning CS0436: El tipo 'ProfessionalSearchFiltersDto' de 'C:\Users\Miguel\source\repos\Proconenct\ProConnect.Application\DTOs\ProfessionalSearchFiltersDto.cs' est├í en conflicto con el tipo importado 'ProfessionalSearchFiltersDto' de 'ProConnect.Application, Version=0.0.0.0, Culture=neutral, PublicKeyToken=null'. Se usar├í el tipo definido en 'C:\Users\Miguel\source\repos\Proconenct\ProConnect.Application\DTOs\ProfessionalSearchFiltersDto.cs'. [C:\Users\Miguel\source\repos\Proconenct\Proconenct.csproj]
C:\Users\Miguel\source\repos\Proconenct\Pages\profiles\Index.cshtml.cs(71,37): warning CS0436: El tipo 'PagedResultDto<T>' de 'C:\Users\Miguel\source\repos\Proconenct\ProConnect.Application\DTOs\Shared\PagedResultDto.cs' est├í en conflicto con el tipo importado 'PagedResultDto<T>' de 'ProConnect.Application, Version=0.0.0.0, Culture=neutral, PublicKeyToken=null'. Se usar├í el tipo definido en 'C:\Users\Miguel\source\repos\Proconenct\ProConnect.Application\DTOs\Shared\PagedResultDto.cs'. [C:\Users\Miguel\source\repos\Proconenct\Proconenct.csproj]
C:\Users\Miguel\source\repos\Proconenct\Pages\profiles\Index.cshtml.cs(71,52): warning CS0436: El tipo 'ProfessionalSearchResultDto' de 'C:\Users\Miguel\source\repos\Proconenct\ProConnect.Application\DTOs\ProfessionalSearchResultDto.cs' est├í en conflicto con el tipo importado 'ProfessionalSearchResultDto' de 'ProConnect.Application, Version=0.0.0.0, Culture=neutral, PublicKeyToken=null'. Se usar├í el tipo definido en 'C:\Users\Miguel\source\repos\Proconenct\ProConnect.Application\DTOs\ProfessionalSearchResultDto.cs'. [C:\Users\Miguel\source\repos\Proconenct\Proconenct.csproj]
C:\Users\Miguel\source\repos\Proconenct\Pages\profiles\Index.cshtml.cs(73,38): warning CS0436: El tipo 'ProfessionalSearchResultDto' de 'C:\Users\Miguel\source\repos\Proconenct\ProConnect.Application\DTOs\ProfessionalSearchResultDto.cs' est├í en conflicto con el tipo importado 'ProfessionalSearchResultDto' de 'ProConnect.Application, Version=0.0.0.0, Culture=neutral, PublicKeyToken=null'. Se usar├í el tipo definido en 'C:\Users\Miguel\source\repos\Proconenct\ProConnect.Application\DTOs\ProfessionalSearchResultDto.cs'. [C:\Users\Miguel\source\repos\Proconenct\Proconenct.csproj]
C:\Users\Miguel\source\repos\Proconenct\Pages\profiles\Index.cshtml.cs(68,30): warning CS0168: La variable 'ex' se ha declarado pero nunca se usa [C:\Users\Miguel\source\repos\Proconenct\Proconenct.csproj]
C:\Users\Miguel\source\repos\Proconenct\Controllers\AuthController.cs(51,44): warning CS0436: El tipo 'AuthResponseDto' de 'C:\Users\Miguel\source\repos\Proconenct\ProConnect.Application\DTOs\AuthResponseDto.cs' est├í en conflicto con el tipo importado 'AuthResponseDto' de 'ProConnect.Application, Version=0.0.0.0, Culture=neutral, PublicKeyToken=null'. Se usar├í el tipo definido en 'C:\Users\Miguel\source\repos\Proconenct\ProConnect.Application\DTOs\AuthResponseDto.cs'. [C:\Users\Miguel\source\repos\Proconenct\Proconenct.csproj]
C:\Users\Miguel\source\repos\Proconenct\Controllers\SearchController.cs(86,35): warning CS0436: El tipo 'ProfessionalSearchFiltersDto' de 'C:\Users\Miguel\source\repos\Proconenct\ProConnect.Application\DTOs\ProfessionalSearchFiltersDto.cs' est├í en conflicto con el tipo importado 'ProfessionalSearchFiltersDto' de 'ProConnect.Application, Version=0.0.0.0, Culture=neutral, PublicKeyToken=null'. Se usar├í el tipo definido en 'C:\Users\Miguel\source\repos\Proconenct\ProConnect.Application\DTOs\ProfessionalSearchFiltersDto.cs'. [C:\Users\Miguel\source\repos\Proconenct\Proconenct.csproj]
C:\Users\Miguel\source\repos\Proconenct\Controllers\AuthController.cs(89,44): warning CS0436: El tipo 'AuthResponseDto' de 'C:\Users\Miguel\source\repos\Proconenct\ProConnect.Application\DTOs\AuthResponseDto.cs' est├í en conflicto con el tipo importado 'AuthResponseDto' de 'ProConnect.Application, Version=0.0.0.0, Culture=neutral, PublicKeyToken=null'. Se usar├í el tipo definido en 'C:\Users\Miguel\source\repos\Proconenct\ProConnect.Application\DTOs\AuthResponseDto.cs'. [C:\Users\Miguel\source\repos\Proconenct\Proconenct.csproj]
C:\Users\Miguel\source\repos\Proconenct\ProConnect.Infrastructure\Services\UserService.cs(160,24): warning CS0436: El tipo 'UserProfileDto' de 'C:\Users\Miguel\source\repos\Proconenct\ProConnect.Application\DTOs\UserProfileDto.cs' est├í en conflicto con el tipo importado 'UserProfileDto' de 'ProConnect.Application, Version=0.0.0.0, Culture=neutral, PublicKeyToken=null'. Se usar├í el tipo definido en 'C:\Users\Miguel\source\repos\Proconenct\ProConnect.Application\DTOs\UserProfileDto.cs'. [C:\Users\Miguel\source\repos\Proconenct\Proconenct.csproj]
C:\Users\Miguel\source\repos\Proconenct\Controllers\SearchController.cs(120,42): warning CS1998: El m├®todo asincr├│nico carece de operadores "await" y se ejecutar├í de forma sincr├│nica. Puede usar el operador 'await' para esperar llamadas API que no sean de bloqueo o 'await Task.Run(...)' para hacer tareas enlazadas a la CPU en un subproceso en segundo plano. [C:\Users\Miguel\source\repos\Proconenct\Proconenct.csproj]
C:\Users\Miguel\source\repos\Proconenct\Controllers\SearchController.cs(196,42): warning CS1998: El m├®todo asincr├│nico carece de operadores "await" y se ejecutar├í de forma sincr├│nica. Puede usar el operador 'await' para esperar llamadas API que no sean de bloqueo o 'await Task.Run(...)' para hacer tareas enlazadas a la CPU en un subproceso en segundo plano. [C:\Users\Miguel\source\repos\Proconenct\Proconenct.csproj]
C:\Users\Miguel\source\repos\Proconenct\Pages\profiles\Detail.cshtml.cs(17,16): warning CS8618: El elemento propiedad "Id" que no acepta valores NULL debe contener un valor distinto de NULL al salir del constructor. Considere la posibilidad de agregar el modificador "required'"o declarar el propiedad como un valor que acepta valores NULL. [C:\Users\Miguel\source\repos\Proconenct\Proconenct.csproj]
C:\Users\Miguel\source\repos\Proconenct\Pages\profiles\Detail.cshtml.cs(51,36): warning CS0436: El tipo 'ProfessionalRecommendationDto' de 'C:\Users\Miguel\source\repos\Proconenct\ProConnect.Application\DTOs\ProfessionalRecommendationDto.cs' est├í en conflicto con el tipo importado 'ProfessionalRecommendationDto' de 'ProConnect.Application, Version=0.0.0.0, Culture=neutral, PublicKeyToken=null'. Se usar├í el tipo definido en 'C:\Users\Miguel\source\repos\Proconenct\ProConnect.Application\DTOs\ProfessionalRecommendationDto.cs'. [C:\Users\Miguel\source\repos\Proconenct\Proconenct.csproj]
C:\Users\Miguel\source\repos\Proconenct\Pages\profiles\Detail.cshtml.cs(55,30): warning CS0168: La variable 'ex' se ha declarado pero nunca se usa [C:\Users\Miguel\source\repos\Proconenct\Proconenct.csproj]
C:\Users\Miguel\source\repos\Proconenct\Controllers\ProfessionalProfileController.cs(69,30): warning CS0168: La variable 'ex' se ha declarado pero nunca se usa [C:\Users\Miguel\source\repos\Proconenct\Proconenct.csproj]
C:\Users\Miguel\source\repos\Proconenct\Controllers\ProfessionalProfileController.cs(99,30): warning CS0168: La variable 'ex' se ha declarado pero nunca se usa [C:\Users\Miguel\source\repos\Proconenct\Proconenct.csproj]
C:\Users\Miguel\source\repos\Proconenct\Controllers\ProfessionalProfileController.cs(147,30): warning CS0168: La variable 'ex' se ha declarado pero nunca se usa [C:\Users\Miguel\source\repos\Proconenct\Proconenct.csproj]
C:\Users\Miguel\source\repos\Proconenct\Program.cs(58,31): warning CS0436: El tipo 'MongoDbContext' de 'C:\Users\Miguel\source\repos\Proconenct\ProConnect.Infrastructure\Database\MongoDbContext.cs' est├í en conflicto con el tipo importado 'MongoDbContext' de 'ProConnect.Infrastructure, Version=0.0.0.0, Culture=neutral, PublicKeyToken=null'. Se usar├í el tipo definido en 'C:\Users\Miguel\source\repos\Proconenct\ProConnect.Infrastructure\Database\MongoDbContext.cs'. [C:\Users\Miguel\source\repos\Proconenct\Proconenct.csproj]
C:\Users\Miguel\source\repos\Proconenct\Program.cs(59,72): warning CS0436: El tipo 'MongoDbContext' de 'C:\Users\Miguel\source\repos\Proconenct\ProConnect.Infrastructure\Database\MongoDbContext.cs' est├í en conflicto con el tipo importado 'MongoDbContext' de 'ProConnect.Infrastructure, Version=0.0.0.0, Culture=neutral, PublicKeyToken=null'. Se usar├í el tipo definido en 'C:\Users\Miguel\source\repos\Proconenct\ProConnect.Infrastructure\Database\MongoDbContext.cs'. [C:\Users\Miguel\source\repos\Proconenct\Proconenct.csproj]
C:\Users\Miguel\source\repos\Proconenct\Program.cs(99,28): warning CS0436: El tipo 'IUserRepository' de 'C:\Users\Miguel\source\repos\Proconenct\ProConnect.Core\Interfaces\IUserRepository.cs' est├í en conflicto con el tipo importado 'IUserRepository' de 'ProConnect.Core, Version=0.0.0.0, Culture=neutral, PublicKeyToken=null'. Se usar├í el tipo definido en 'C:\Users\Miguel\source\repos\Proconenct\ProConnect.Core\Interfaces\IUserRepository.cs'. [C:\Users\Miguel\source\repos\Proconenct\Proconenct.csproj]
C:\Users\Miguel\source\repos\Proconenct\Program.cs(99,45): warning CS0436: El tipo 'UserRepository' de 'C:\Users\Miguel\source\repos\Proconenct\ProConnect.Infrastructure\Repositores\UserRepository.cs' est├í en conflicto con el tipo importado 'UserRepository' de 'ProConnect.Infrastructure, Version=0.0.0.0, Culture=neutral, PublicKeyToken=null'. Se usar├í el tipo definido en 'C:\Users\Miguel\source\repos\Proconenct\ProConnect.Infrastructure\Repositores\UserRepository.cs'. [C:\Users\Miguel\source\repos\Proconenct\Proconenct.csproj]
C:\Users\Miguel\source\repos\Proconenct\Program.cs(100,28): warning CS0436: El tipo 'IProfessionalProfileRepository' de 'C:\Users\Miguel\source\repos\Proconenct\ProConnect.Core\Interfaces\IProfessionalProfileRepository.cs' est├í en conflicto con el tipo importado 'IProfessionalProfileRepository' de 'ProConnect.Core, Version=0.0.0.0, Culture=neutral, PublicKeyToken=null'. Se usar├í el tipo definido en 'C:\Users\Miguel\source\repos\Proconenct\ProConnect.Core\Interfaces\IProfessionalProfileRepository.cs'. [C:\Users\Miguel\source\repos\Proconenct\Proconenct.csproj]
C:\Users\Miguel\source\repos\Proconenct\Program.cs(100,60): warning CS0436: El tipo 'ProfessionalProfileRepository' de 'C:\Users\Miguel\source\repos\Proconenct\ProConnect.Infrastructure\Repositores\ProfessionalProfileRepository.cs' est├í en conflicto con el tipo importado 'ProfessionalProfileRepository' de 'ProConnect.Infrastructure, Version=0.0.0.0, Culture=neutral, PublicKeyToken=null'. Se usar├í el tipo definido en 'C:\Users\Miguel\source\repos\Proconenct\ProConnect.Infrastructure\Repositores\ProfessionalProfileRepository.cs'. [C:\Users\Miguel\source\repos\Proconenct\Proconenct.csproj]
C:\Users\Miguel\source\repos\Proconenct\Program.cs(101,28): warning CS0436: El tipo 'IPortfolioRepository' de 'C:\Users\Miguel\source\repos\Proconenct\ProConnect.Core\Interfaces\IPortfolioRepository.cs' est├í en conflicto con el tipo importado 'IPortfolioRepository' de 'ProConnect.Core, Version=0.0.0.0, Culture=neutral, PublicKeyToken=null'. Se usar├í el tipo definido en 'C:\Users\Miguel\source\repos\Proconenct\ProConnect.Core\Interfaces\IPortfolioRepository.cs'. [C:\Users\Miguel\source\repos\Proconenct\Proconenct.csproj]
C:\Users\Miguel\source\repos\Proconenct\Program.cs(101,50): warning CS0436: El tipo 'PortfolioRepository' de 'C:\Users\Miguel\source\repos\Proconenct\ProConnect.Infrastructure\Repositores\PortfolioRepository.cs' est├í en conflicto con el tipo importado 'PortfolioRepository' de 'ProConnect.Infrastructure, Version=0.0.0.0, Culture=neutral, PublicKeyToken=null'. Se usar├í el tipo definido en 'C:\Users\Miguel\source\repos\Proconenct\ProConnect.Infrastructure\Repositores\PortfolioRepository.cs'. [C:\Users\Miguel\source\repos\Proconenct\Proconenct.csproj]
C:\Users\Miguel\source\repos\Proconenct\Program.cs(102,28): warning CS0436: El tipo 'IBookingRepository' de 'C:\Users\Miguel\source\repos\Proconenct\ProConnect.Core\Interfaces\IBookingRepository.cs' est├í en conflicto con el tipo importado 'IBookingRepository' de 'ProConnect.Core, Version=0.0.0.0, Culture=neutral, PublicKeyToken=null'. Se usar├í el tipo definido en 'C:\Users\Miguel\source\repos\Proconenct\ProConnect.Core\Interfaces\IBookingRepository.cs'. [C:\Users\Miguel\source\repos\Proconenct\Proconenct.csproj]
C:\Users\Miguel\source\repos\Proconenct\Program.cs(102,48): warning CS0436: El tipo 'BookingRepository' de 'C:\Users\Miguel\source\repos\Proconenct\ProConnect.Infrastructure\Repositores\BookingRepository.cs' est├í en conflicto con el tipo importado 'BookingRepository' de 'ProConnect.Infrastructure, Version=0.0.0.0, Culture=neutral, PublicKeyToken=null'. Se usar├í el tipo definido en 'C:\Users\Miguel\source\repos\Proconenct\ProConnect.Infrastructure\Repositores\BookingRepository.cs'. [C:\Users\Miguel\source\repos\Proconenct\Proconenct.csproj]
C:\Users\Miguel\source\repos\Proconenct\Program.cs(105,28): warning CS0436: El tipo 'IJwtTokenService' de 'C:\Users\Miguel\source\repos\Proconenct\ProConnect.Core\Interfaces\IJwtTokenService.cs' est├í en conflicto con el tipo importado 'IJwtTokenService' de 'ProConnect.Core, Version=0.0.0.0, Culture=neutral, PublicKeyToken=null'. Se usar├í el tipo definido en 'C:\Users\Miguel\source\repos\Proconenct\ProConnect.Core\Interfaces\IJwtTokenService.cs'. [C:\Users\Miguel\source\repos\Proconenct\Proconenct.csproj]
C:\Users\Miguel\source\repos\Proconenct\Program.cs(105,46): warning CS0436: El tipo 'JwtTokenService' de 'C:\Users\Miguel\source\repos\Proconenct\ProConnect.Infrastructure\Services\JwtTokenService.cs' est├í en conflicto con el tipo importado 'JwtTokenService' de 'ProConnect.Infrastructure, Version=0.0.0.0, Culture=neutral, PublicKeyToken=null'. Se usar├í el tipo definido en 'C:\Users\Miguel\source\repos\Proconenct\ProConnect.Infrastructure\Services\JwtTokenService.cs'. [C:\Users\Miguel\source\repos\Proconenct\Proconenct.csproj]
C:\Users\Miguel\source\repos\Proconenct\Program.cs(106,28): warning CS0436: El tipo 'IAuthService' de 'C:\Users\Miguel\source\repos\Proconenct\ProConnect.Application\Interfaces\IAuthService.cs' est├í en conflicto con el tipo importado 'IAuthService' de 'ProConnect.Application, Version=0.0.0.0, Culture=neutral, PublicKeyToken=null'. Se usar├í el tipo definido en 'C:\Users\Miguel\source\repos\Proconenct\ProConnect.Application\Interfaces\IAuthService.cs'. [C:\Users\Miguel\source\repos\Proconenct\Proconenct.csproj]
C:\Users\Miguel\source\repos\Proconenct\Program.cs(106,42): warning CS0436: El tipo 'AuthService' de 'C:\Users\Miguel\source\repos\Proconenct\ProConnect.Application\Services\AuthService.cs' est├í en conflicto con el tipo importado 'AuthService' de 'ProConnect.Application, Version=0.0.0.0, Culture=neutral, PublicKeyToken=null'. Se usar├í el tipo definido en 'C:\Users\Miguel\source\repos\Proconenct\ProConnect.Application\Services\AuthService.cs'. [C:\Users\Miguel\source\repos\Proconenct\Proconenct.csproj]
C:\Users\Miguel\source\repos\Proconenct\Program.cs(107,28): warning CS0436: El tipo 'IEmailService' de 'C:\Users\Miguel\source\repos\Proconenct\ProConnect.Core\Interfaces\IEmailService.cs' est├í en conflicto con el tipo importado 'IEmailService' de 'ProConnect.Core, Version=0.0.0.0, Culture=neutral, PublicKeyToken=null'. Se usar├í el tipo definido en 'C:\Users\Miguel\source\repos\Proconenct\ProConnect.Core\Interfaces\IEmailService.cs'. [C:\Users\Miguel\source\repos\Proconenct\Proconenct.csproj]
C:\Users\Miguel\source\repos\Proconenct\Program.cs(107,43): warning CS0436: El tipo 'EmailService' de 'C:\Users\Miguel\source\repos\Proconenct\ProConnect.Infrastructure\Services\EmailService.cs' est├í en conflicto con el tipo importado 'EmailService' de 'ProConnect.Infrastructure, Version=0.0.0.0, Culture=neutral, PublicKeyToken=null'. Se usar├í el tipo definido en 'C:\Users\Miguel\source\repos\Proconenct\ProConnect.Infrastructure\Services\EmailService.cs'. [C:\Users\Miguel\source\repos\Proconenct\Proconenct.csproj]
C:\Users\Miguel\source\repos\Proconenct\Program.cs(108,28): warning CS0436: El tipo 'IUserService' de 'C:\Users\Miguel\source\repos\Proconenct\ProConnect.Application\Interfaces\IUserService.cs' est├í en conflicto con el tipo importado 'IUserService' de 'ProConnect.Application, Version=0.0.0.0, Culture=neutral, PublicKeyToken=null'. Se usar├í el tipo definido en 'C:\Users\Miguel\source\repos\Proconenct\ProConnect.Application\Interfaces\IUserService.cs'. [C:\Users\Miguel\source\repos\Proconenct\Proconenct.csproj]
C:\Users\Miguel\source\repos\Proconenct\Program.cs(108,42): warning CS0436: El tipo 'UserService' de 'C:\Users\Miguel\source\repos\Proconenct\ProConnect.Infrastructure\Services\UserService.cs' est├í en conflicto con el tipo importado 'UserService' de 'ProConnect.Infrastructure, Version=0.0.0.0, Culture=neutral, PublicKeyToken=null'. Se usar├í el tipo definido en 'C:\Users\Miguel\source\repos\Proconenct\ProConnect.Infrastructure\Services\UserService.cs'. [C:\Users\Miguel\source\repos\Proconenct\Proconenct.csproj]
C:\Users\Miguel\source\repos\Proconenct\Program.cs(109,28): warning CS0436: El tipo 'IProfessionalProfileService' de 'C:\Users\Miguel\source\repos\Proconenct\ProConnect.Application\Interfaces\IProfessionalProfileService.cs' est├í en conflicto con el tipo importado 'IProfessionalProfileService' de 'ProConnect.Application, Version=0.0.0.0, Culture=neutral, PublicKeyToken=null'. Se usar├í el tipo definido en 'C:\Users\Miguel\source\repos\Proconenct\ProConnect.Application\Interfaces\IProfessionalProfileService.cs'. [C:\Users\Miguel\source\repos\Proconenct\Proconenct.csproj]
C:\Users\Miguel\source\repos\Proconenct\Program.cs(109,57): warning CS0436: El tipo 'ProfessionalProfileService' de 'C:\Users\Miguel\source\repos\Proconenct\ProConnect.Application\Services\ProfessionalProfileService.cs' est├í en conflicto con el tipo importado 'ProfessionalProfileService' de 'ProConnect.Application, Version=0.0.0.0, Culture=neutral, PublicKeyToken=null'. Se usar├í el tipo definido en 'C:\Users\Miguel\source\repos\Proconenct\ProConnect.Application\Services\ProfessionalProfileService.cs'. [C:\Users\Miguel\source\repos\Proconenct\Proconenct.csproj]
C:\Users\Miguel\source\repos\Proconenct\Program.cs(110,28): warning CS0436: El tipo 'IPortfolioService' de 'C:\Users\Miguel\source\repos\Proconenct\ProConnect.Application\Interfaces\IPortfolioService.cs' est├í en conflicto con el tipo importado 'IPortfolioService' de 'ProConnect.Application, Version=0.0.0.0, Culture=neutral, PublicKeyToken=null'. Se usar├í el tipo definido en 'C:\Users\Miguel\source\repos\Proconenct\ProConnect.Application\Interfaces\IPortfolioService.cs'. [C:\Users\Miguel\source\repos\Proconenct\Proconenct.csproj]
C:\Users\Miguel\source\repos\Proconenct\Program.cs(110,47): warning CS0436: El tipo 'PortfolioService' de 'C:\Users\Miguel\source\repos\Proconenct\ProConnect.Application\Services\PortfolioService.cs' est├í en conflicto con el tipo importado 'PortfolioService' de 'ProConnect.Application, Version=0.0.0.0, Culture=neutral, PublicKeyToken=null'. Se usar├í el tipo definido en 'C:\Users\Miguel\source\repos\Proconenct\ProConnect.Application\Services\PortfolioService.cs'. [C:\Users\Miguel\source\repos\Proconenct\Proconenct.csproj]
C:\Users\Miguel\source\repos\Proconenct\Program.cs(111,28): warning CS0436: El tipo 'IProfessionalSearchService' de 'C:\Users\Miguel\source\repos\Proconenct\ProConnect.Application\Interfaces\IProfessionalSearchService.cs' est├í en conflicto con el tipo importado 'IProfessionalSearchService' de 'ProConnect.Application, Version=0.0.0.0, Culture=neutral, PublicKeyToken=null'. Se usar├í el tipo definido en 'C:\Users\Miguel\source\repos\Proconenct\ProConnect.Application\Interfaces\IProfessionalSearchService.cs'. [C:\Users\Miguel\source\repos\Proconenct\Proconenct.csproj]
C:\Users\Miguel\source\repos\Proconenct\Program.cs(111,56): warning CS0436: El tipo 'ProfessionalSearchService' de 'C:\Users\Miguel\source\repos\Proconenct\ProConnect.Application\Services\ProfessionalSearchService.cs' est├í en conflicto con el tipo importado 'ProfessionalSearchService' de 'ProConnect.Application, Version=0.0.0.0, Culture=neutral, PublicKeyToken=null'. Se usar├í el tipo definido en 'C:\Users\Miguel\source\repos\Proconenct\ProConnect.Application\Services\ProfessionalSearchService.cs'. [C:\Users\Miguel\source\repos\Proconenct\Proconenct.csproj]
C:\Users\Miguel\source\repos\Proconenct\Program.cs(112,28): warning CS0436: El tipo 'IRecommendationService' de 'C:\Users\Miguel\source\repos\Proconenct\ProConnect.Application\Interfaces\IRecommendationService.cs' est├í en conflicto con el tipo importado 'IRecommendationService' de 'ProConnect.Application, Version=0.0.0.0, Culture=neutral, PublicKeyToken=null'. Se usar├í el tipo definido en 'C:\Users\Miguel\source\repos\Proconenct\ProConnect.Application\Interfaces\IRecommendationService.cs'. [C:\Users\Miguel\source\repos\Proconenct\Proconenct.csproj]
C:\Users\Miguel\source\repos\Proconenct\Program.cs(112,52): warning CS0436: El tipo 'RecommendationService' de 'C:\Users\Miguel\source\repos\Proconenct\ProConnect.Application\Services\RecommendationService.cs' est├í en conflicto con el tipo importado 'RecommendationService' de 'ProConnect.Application, Version=0.0.0.0, Culture=neutral, PublicKeyToken=null'. Se usar├í el tipo definido en 'C:\Users\Miguel\source\repos\Proconenct\ProConnect.Application\Services\RecommendationService.cs'. [C:\Users\Miguel\source\repos\Proconenct\Proconenct.csproj]
C:\Users\Miguel\source\repos\Proconenct\Program.cs(113,28): warning CS0436: El tipo 'IBookingService' de 'C:\Users\Miguel\source\repos\Proconenct\ProConnect.Application\Interfaces\IBookingService.cs' est├í en conflicto con el tipo importado 'IBookingService' de 'ProConnect.Application, Version=0.0.0.0, Culture=neutral, PublicKeyToken=null'. Se usar├í el tipo definido en 'C:\Users\Miguel\source\repos\Proconenct\ProConnect.Application\Interfaces\IBookingService.cs'. [C:\Users\Miguel\source\repos\Proconenct\Proconenct.csproj]
C:\Users\Miguel\source\repos\Proconenct\Program.cs(113,45): warning CS0436: El tipo 'BookingService' de 'C:\Users\Miguel\source\repos\Proconenct\ProConnect.Application\Services\BookingService.cs' est├í en conflicto con el tipo importado 'BookingService' de 'ProConnect.Application, Version=0.0.0.0, Culture=neutral, PublicKeyToken=null'. Se usar├í el tipo definido en 'C:\Users\Miguel\source\repos\Proconenct\ProConnect.Application\Services\BookingService.cs'. [C:\Users\Miguel\source\repos\Proconenct\Proconenct.csproj]
C:\Users\Miguel\source\repos\Proconenct\Program.cs(123,59): warning CS0436: El tipo 'ICacheService' de 'C:\Users\Miguel\source\repos\Proconenct\ProConnect.Core\Interfaces\ICacheService.cs' est├í en conflicto con el tipo importado 'ICacheService' de 'ProConnect.Core, Version=0.0.0.0, Culture=neutral, PublicKeyToken=null'. Se usar├í el tipo definido en 'C:\Users\Miguel\source\repos\Proconenct\ProConnect.Core\Interfaces\ICacheService.cs'. [C:\Users\Miguel\source\repos\Proconenct\Proconenct.csproj]
C:\Users\Miguel\source\repos\Proconenct\Program.cs(123,74): warning CS0436: El tipo 'RedisCacheService' de 'C:\Users\Miguel\source\repos\Proconenct\ProConnect.Infrastructure\Services\RedisCacheService.cs' est├í en conflicto con el tipo importado 'RedisCacheService' de 'ProConnect.Infrastructure, Version=0.0.0.0, Culture=neutral, PublicKeyToken=null'. Se usar├í el tipo definido en 'C:\Users\Miguel\source\repos\Proconenct\ProConnect.Infrastructure\Services\RedisCacheService.cs'. [C:\Users\Miguel\source\repos\Proconenct\Proconenct.csproj]
C:\Users\Miguel\source\repos\Proconenct\Program.cs(130,59): warning CS0436: El tipo 'ICacheService' de 'C:\Users\Miguel\source\repos\Proconenct\ProConnect.Core\Interfaces\ICacheService.cs' est├í en conflicto con el tipo importado 'ICacheService' de 'ProConnect.Core, Version=0.0.0.0, Culture=neutral, PublicKeyToken=null'. Se usar├í el tipo definido en 'C:\Users\Miguel\source\repos\Proconenct\ProConnect.Core\Interfaces\ICacheService.cs'. [C:\Users\Miguel\source\repos\Proconenct\Proconenct.csproj]
C:\Users\Miguel\source\repos\Proconenct\Program.cs(130,74): warning CS0436: El tipo 'NullCacheService' de 'C:\Users\Miguel\source\repos\Proconenct\ProConnect.Infrastructure\Services\NullCacheService.cs' est├í en conflicto con el tipo importado 'NullCacheService' de 'ProConnect.Infrastructure, Version=0.0.0.0, Culture=neutral, PublicKeyToken=null'. Se usar├í el tipo definido en 'C:\Users\Miguel\source\repos\Proconenct\ProConnect.Infrastructure\Services\NullCacheService.cs'. [C:\Users\Miguel\source\repos\Proconenct\Proconenct.csproj]
C:\Users\Miguel\source\repos\Proconenct\Program.cs(134,39): warning CS0436: El tipo 'RegisterUserDto' de 'C:\Users\Miguel\source\repos\Proconenct\ProConnect.Application\DTOs\RegisterUserDto.cs' est├í en conflicto con el tipo importado 'RegisterUserDto' de 'ProConnect.Application, Version=0.0.0.0, Culture=neutral, PublicKeyToken=null'. Se usar├í el tipo definido en 'C:\Users\Miguel\source\repos\Proconenct\ProConnect.Application\DTOs\RegisterUserDto.cs'. [C:\Users\Miguel\source\repos\Proconenct\Proconenct.csproj]
C:\Users\Miguel\source\repos\Proconenct\Program.cs(134,57): warning CS0436: El tipo 'RegisterUserValidator' de 'C:\Users\Miguel\source\repos\Proconenct\ProConnect.Application\Validators\RegisterUserValidator.cs' est├í en conflicto con el tipo importado 'RegisterUserValidator' de 'ProConnect.Application, Version=0.0.0.0, Culture=neutral, PublicKeyToken=null'. Se usar├í el tipo definido en 'C:\Users\Miguel\source\repos\Proconenct\ProConnect.Application\Validators\RegisterUserValidator.cs'. [C:\Users\Miguel\source\repos\Proconenct\Proconenct.csproj]
C:\Users\Miguel\source\repos\Proconenct\Program.cs(135,39): warning CS0436: El tipo 'LoginUserDto' de 'C:\Users\Miguel\source\repos\Proconenct\ProConnect.Application\DTOs\LoginUserDto.cs' est├í en conflicto con el tipo importado 'LoginUserDto' de 'ProConnect.Application, Version=0.0.0.0, Culture=neutral, PublicKeyToken=null'. Se usar├í el tipo definido en 'C:\Users\Miguel\source\repos\Proconenct\ProConnect.Application\DTOs\LoginUserDto.cs'. [C:\Users\Miguel\source\repos\Proconenct\Proconenct.csproj]
C:\Users\Miguel\source\repos\Proconenct\Program.cs(135,54): warning CS0436: El tipo 'LoginUserValidator' de 'C:\Users\Miguel\source\repos\Proconenct\ProConnect.Application\Validators\LoginUserValidator.cs' est├í en conflicto con el tipo importado 'LoginUserValidator' de 'ProConnect.Application, Version=0.0.0.0, Culture=neutral, PublicKeyToken=null'. Se usar├í el tipo definido en 'C:\Users\Miguel\source\repos\Proconenct\ProConnect.Application\Validators\LoginUserValidator.cs'. [C:\Users\Miguel\source\repos\Proconenct\Proconenct.csproj]
C:\Users\Miguel\source\repos\Proconenct\Program.cs(136,39): warning CS0436: El tipo 'CreateProfessionalProfileDto' de 'C:\Users\Miguel\source\repos\Proconenct\ProConnect.Application\DTOs\CreateProfessionalProfileDto.cs' est├í en conflicto con el tipo importado 'CreateProfessionalProfileDto' de 'ProConnect.Application, Version=0.0.0.0, Culture=neutral, PublicKeyToken=null'. Se usar├í el tipo definido en 'C:\Users\Miguel\source\repos\Proconenct\ProConnect.Application\DTOs\CreateProfessionalProfileDto.cs'. [C:\Users\Miguel\source\repos\Proconenct\Proconenct.csproj]
C:\Users\Miguel\source\repos\Proconenct\Program.cs(136,70): warning CS0436: El tipo 'CreateProfessionalProfileValidator' de 'C:\Users\Miguel\source\repos\Proconenct\ProConnect.Application\Validators\CreateProfessionalProfileValidator.cs' est├í en conflicto con el tipo importado 'CreateProfessionalProfileValidator' de 'ProConnect.Application, Version=0.0.0.0, Culture=neutral, PublicKeyToken=null'. Se usar├í el tipo definido en 'C:\Users\Miguel\source\repos\Proconenct\ProConnect.Application\Validators\CreateProfessionalProfileValidator.cs'. [C:\Users\Miguel\source\repos\Proconenct\Proconenct.csproj]
C:\Users\Miguel\source\repos\Proconenct\Program.cs(137,39): warning CS0436: El tipo 'UpdateProfessionalProfileDto' de 'C:\Users\Miguel\source\repos\Proconenct\ProConnect.Application\DTOs\UpdateProfessionalProfileDto.cs' est├í en conflicto con el tipo importado 'UpdateProfessionalProfileDto' de 'ProConnect.Application, Version=0.0.0.0, Culture=neutral, PublicKeyToken=null'. Se usar├í el tipo definido en 'C:\Users\Miguel\source\repos\Proconenct\ProConnect.Application\DTOs\UpdateProfessionalProfileDto.cs'. [C:\Users\Miguel\source\repos\Proconenct\Proconenct.csproj]
C:\Users\Miguel\source\repos\Proconenct\Program.cs(137,70): warning CS0436: El tipo 'UpdateProfessionalProfileValidator' de 'C:\Users\Miguel\source\repos\Proconenct\ProConnect.Application\Validators\UpdateProfessionalProfileValidator.cs' est├í en conflicto con el tipo importado 'UpdateProfessionalProfileValidator' de 'ProConnect.Application, Version=0.0.0.0, Culture=neutral, PublicKeyToken=null'. Se usar├í el tipo definido en 'C:\Users\Miguel\source\repos\Proconenct\ProConnect.Application\Validators\UpdateProfessionalProfileValidator.cs'. [C:\Users\Miguel\source\repos\Proconenct\Proconenct.csproj]
C:\Users\Miguel\source\repos\Proconenct\Program.cs(171,69): warning CS0436: El tipo 'MongoDbContext' de 'C:\Users\Miguel\source\repos\Proconenct\ProConnect.Infrastructure\Database\MongoDbContext.cs' est├í en conflicto con el tipo importado 'MongoDbContext' de 'ProConnect.Infrastructure, Version=0.0.0.0, Culture=neutral, PublicKeyToken=null'. Se usar├í el tipo definido en 'C:\Users\Miguel\source\repos\Proconenct\ProConnect.Infrastructure\Database\MongoDbContext.cs'. [C:\Users\Miguel\source\repos\Proconenct\Proconenct.csproj]
C:\Users\Miguel\source\repos\Proconenct\Program.cs(116,5): warning CS0219: La variable 'redisAvailable' est├í asignada pero su valor nunca se usa [C:\Users\Miguel\source\repos\Proconenct\Proconenct.csproj]
C:\Users\Miguel\source\repos\Proconenct\ProConnect.Infrastructure\Services\JwtTokenService.cs(87,36): warning CS0436: El tipo 'UserType' de 'C:\Users\Miguel\source\repos\Proconenct\ProConnect.Core\Entities\User.cs' est├í en conflicto con el tipo importado 'UserType' de 'ProConnect.Core, Version=0.0.0.0, Culture=neutral, PublicKeyToken=null'. Se usar├í el tipo definido en 'C:\Users\Miguel\source\repos\Proconenct\ProConnect.Core\Entities\User.cs'. [C:\Users\Miguel\source\repos\Proconenct\Proconenct.csproj]
C:\Users\Miguel\source\repos\Proconenct\ProConnect.Infrastructure\Services\JwtTokenService.cs(89,32): warning CS0436: El tipo 'UserType' de 'C:\Users\Miguel\source\repos\Proconenct\ProConnect.Core\Entities\User.cs' est├í en conflicto con el tipo importado 'UserType' de 'ProConnect.Core, Version=0.0.0.0, Culture=neutral, PublicKeyToken=null'. Se usar├í el tipo definido en 'C:\Users\Miguel\source\repos\Proconenct\ProConnect.Core\Entities\User.cs'. [C:\Users\Miguel\source\repos\Proconenct\Proconenct.csproj]
C:\Users\Miguel\source\repos\Proconenct\ProConnect.Infrastructure\Services\JwtTokenService.cs(94,46): warning CS0436: El tipo 'AuthResult' de 'C:\Users\Miguel\source\repos\Proconenct\ProConnect.Core\ValueObjects\AuthResult.cs' est├í en conflicto con el tipo importado 'AuthResult' de 'ProConnect.Core, Version=0.0.0.0, Culture=neutral, PublicKeyToken=null'. Se usar├í el tipo definido en 'C:\Users\Miguel\source\repos\Proconenct\ProConnect.Core\ValueObjects\AuthResult.cs'. [C:\Users\Miguel\source\repos\Proconenct\Proconenct.csproj]
C:\Users\Miguel\source\repos\Proconenct\ProConnect.Infrastructure\Services\JwtTokenService.cs(98,46): warning CS0436: El tipo 'AuthResult' de 'C:\Users\Miguel\source\repos\Proconenct\ProConnect.Core\ValueObjects\AuthResult.cs' est├í en conflicto con el tipo importado 'AuthResult' de 'ProConnect.Core, Version=0.0.0.0, Culture=neutral, PublicKeyToken=null'. Se usar├í el tipo definido en 'C:\Users\Miguel\source\repos\Proconenct\ProConnect.Core\ValueObjects\AuthResult.cs'. [C:\Users\Miguel\source\repos\Proconenct\Proconenct.csproj]
C:\Users\Miguel\source\repos\Proconenct\Pages\booking\Index.cshtml.cs(95,42): warning CS1998: El m├®todo asincr├│nico carece de operadores "await" y se ejecutar├í de forma sincr├│nica. Puede usar el operador 'await' para esperar llamadas API que no sean de bloqueo o 'await Task.Run(...)' para hacer tareas enlazadas a la CPU en un subproceso en segundo plano. [C:\Users\Miguel\source\repos\Proconenct\Proconenct.csproj]
C:\Users\Miguel\source\repos\Proconenct\Pages\auth\Register.cshtml.cs(61,39): warning CS0436: El tipo 'RegisterUserDto' de 'C:\Users\Miguel\source\repos\Proconenct\ProConnect.Application\DTOs\RegisterUserDto.cs' est├í en conflicto con el tipo importado 'RegisterUserDto' de 'ProConnect.Application, Version=0.0.0.0, Culture=neutral, PublicKeyToken=null'. Se usar├í el tipo definido en 'C:\Users\Miguel\source\repos\Proconenct\ProConnect.Application\DTOs\RegisterUserDto.cs'. [C:\Users\Miguel\source\repos\Proconenct\Proconenct.csproj]
C:\Users\Miguel\source\repos\Proconenct\Pages\auth\Register.cshtml.cs(69,58): warning CS0436: El tipo 'UserType' de 'C:\Users\Miguel\source\repos\Proconenct\ProConnect.Core\Entities\User.cs' est├í en conflicto con el tipo importado 'UserType' de 'ProConnect.Core, Version=0.0.0.0, Culture=neutral, PublicKeyToken=null'. Se usar├í el tipo definido en 'C:\Users\Miguel\source\repos\Proconenct\ProConnect.Core\Entities\User.cs'. [C:\Users\Miguel\source\repos\Proconenct\Proconenct.csproj]
C:\Users\Miguel\source\repos\Proconenct\ProConnect.Infrastructure\Services\JwtTokenService.cs(120,42): warning CS0436: El tipo 'AuthResult' de 'C:\Users\Miguel\source\repos\Proconenct\ProConnect.Core\ValueObjects\AuthResult.cs' est├í en conflicto con el tipo importado 'AuthResult' de 'ProConnect.Core, Version=0.0.0.0, Culture=neutral, PublicKeyToken=null'. Se usar├í el tipo definido en 'C:\Users\Miguel\source\repos\Proconenct\ProConnect.Core\ValueObjects\AuthResult.cs'. [C:\Users\Miguel\source\repos\Proconenct\Proconenct.csproj]
C:\Users\Miguel\source\repos\Proconenct\Controllers\ProfessionalProfileController.cs(310,30): warning CS0168: La variable 'ex' se ha declarado pero nunca se usa [C:\Users\Miguel\source\repos\Proconenct\Proconenct.csproj]
C:\Users\Miguel\source\repos\Proconenct\Controllers\ProfessionalProfileController.cs(329,30): warning CS0168: La variable 'ex' se ha declarado pero nunca se usa [C:\Users\Miguel\source\repos\Proconenct\Proconenct.csproj]
C:\Users\Miguel\source\repos\Proconenct\Controllers\ProfessionalProfileController.cs(354,30): warning CS0168: La variable 'ex' se ha declarado pero nunca se usa [C:\Users\Miguel\source\repos\Proconenct\Proconenct.csproj]
C:\Users\Miguel\source\repos\Proconenct\Pages\auth\Profile.cshtml.cs(121,37): warning CS0436: El tipo 'UpdateUserProfileDto' de 'C:\Users\Miguel\source\repos\Proconenct\ProConnect.Application\DTOs\UpdateUserProfileDto.cs' est├í en conflicto con el tipo importado 'UpdateUserProfileDto' de 'ProConnect.Application, Version=0.0.0.0, Culture=neutral, PublicKeyToken=null'. Se usar├í el tipo definido en 'C:\Users\Miguel\source\repos\Proconenct\ProConnect.Application\DTOs\UpdateUserProfileDto.cs'. [C:\Users\Miguel\source\repos\Proconenct\Proconenct.csproj]
C:\Users\Miguel\source\repos\Proconenct\Controllers\ProfessionalProfileController.cs(378,30): warning CS0168: La variable 'ex' se ha declarado pero nunca se usa [C:\Users\Miguel\source\repos\Proconenct\Proconenct.csproj]
C:\Users\Miguel\source\repos\Proconenct\Controllers\ProfessionalProfileController.cs(366,42): warning CS1998: El m├®todo asincr├│nico carece de operadores "await" y se ejecutar├í de forma sincr├│nica. Puede usar el operador 'await' para esperar llamadas API que no sean de bloqueo o 'await Task.Run(...)' para hacer tareas enlazadas a la CPU en un subproceso en segundo plano. [C:\Users\Miguel\source\repos\Proconenct\Proconenct.csproj]
C:\Users\Miguel\source\repos\Proconenct\Controllers\ProfessionalAvailabilityController.cs(255,46): warning CS1998: El m├®todo asincr├│nico carece de operadores "await" y se ejecutar├í de forma sincr├│nica. Puede usar el operador 'await' para esperar llamadas API que no sean de bloqueo o 'await Task.Run(...)' para hacer tareas enlazadas a la CPU en un subproceso en segundo plano. [C:\Users\Miguel\source\repos\Proconenct\Proconenct.csproj]
C:\Users\Miguel\source\repos\Proconenct\Pages\auth\Login.cshtml.cs(68,36): warning CS0436: El tipo 'LoginUserDto' de 'C:\Users\Miguel\source\repos\Proconenct\ProConnect.Application\DTOs\LoginUserDto.cs' est├í en conflicto con el tipo importado 'LoginUserDto' de 'ProConnect.Application, Version=0.0.0.0, Culture=neutral, PublicKeyToken=null'. Se usar├í el tipo definido en 'C:\Users\Miguel\source\repos\Proconenct\ProConnect.Application\DTOs\LoginUserDto.cs'. [C:\Users\Miguel\source\repos\Proconenct\Proconenct.csproj]
C:\Users\Miguel\source\repos\Proconenct\Pages\ProfessionalProfile.cshtml.cs(63,37): warning CS0436: El tipo 'UpdateProfessionalProfileDto' de 'C:\Users\Miguel\source\repos\Proconenct\ProConnect.Application\DTOs\UpdateProfessionalProfileDto.cs' est├í en conflicto con el tipo importado 'UpdateProfessionalProfileDto' de 'ProConnect.Application, Version=0.0.0.0, Culture=neutral, PublicKeyToken=null'. Se usar├í el tipo definido en 'C:\Users\Miguel\source\repos\Proconenct\ProConnect.Application\DTOs\UpdateProfessionalProfileDto.cs'. [C:\Users\Miguel\source\repos\Proconenct\Proconenct.csproj]
C:\Users\Miguel\source\repos\Proconenct\Pages\ProfessionalProfile.cshtml.cs(78,57): warning CS0436: El tipo 'ProfileStatusDto' de 'C:\Users\Miguel\source\repos\Proconenct\ProConnect.Application\DTOs\Shared\CommonDtos.cs' est├í en conflicto con el tipo importado 'ProfileStatusDto' de 'ProConnect.Application, Version=0.0.0.0, Culture=neutral, PublicKeyToken=null'. Se usar├í el tipo definido en 'C:\Users\Miguel\source\repos\Proconenct\ProConnect.Application\DTOs\Shared\CommonDtos.cs'. [C:\Users\Miguel\source\repos\Proconenct\Proconenct.csproj]
C:\Users\Miguel\source\repos\Proconenct\Pages\ProfessionalProfile.cshtml.cs(88,30): warning CS0168: La variable 'ex' se ha declarado pero nunca se usa [C:\Users\Miguel\source\repos\Proconenct\Proconenct.csproj]
C:\Users\Miguel\source\repos\Proconenct\ProConnect.Application\Validators\UpdateProfessionalProfileValidator.cs(45,35): warning CS0436: El tipo 'AvailabilityScheduleValidator' de 'C:\Users\Miguel\source\repos\Proconenct\ProConnect.Application\Validators\CreateProfessionalProfileValidator.cs' est├í en conflicto con el tipo importado 'AvailabilityScheduleValidator' de 'ProConnect.Application, Version=0.0.0.0, Culture=neutral, PublicKeyToken=null'. Se usar├í el tipo definido en 'C:\Users\Miguel\source\repos\Proconenct\ProConnect.Application\Validators\CreateProfessionalProfileValidator.cs'. [C:\Users\Miguel\source\repos\Proconenct\Proconenct.csproj]
C:\Users\Miguel\source\repos\Proconenct\Pages\ProfessionalProfile.cshtml.cs(129,41): warning CS0436: El tipo 'CreateProfessionalProfileDto' de 'C:\Users\Miguel\source\repos\Proconenct\ProConnect.Application\DTOs\CreateProfessionalProfileDto.cs' est├í en conflicto con el tipo importado 'CreateProfessionalProfileDto' de 'ProConnect.Application, Version=0.0.0.0, Culture=neutral, PublicKeyToken=null'. Se usar├í el tipo definido en 'C:\Users\Miguel\source\repos\Proconenct\ProConnect.Application\DTOs\CreateProfessionalProfileDto.cs'. [C:\Users\Miguel\source\repos\Proconenct\Proconenct.csproj]
C:\Users\Miguel\source\repos\Proconenct\Pages\ProfessionalProfile.cshtml.cs(146,41): warning CS0436: El tipo 'UpdateProfessionalProfileDto' de 'C:\Users\Miguel\source\repos\Proconenct\ProConnect.Application\DTOs\UpdateProfessionalProfileDto.cs' est├í en conflicto con el tipo importado 'UpdateProfessionalProfileDto' de 'ProConnect.Application, Version=0.0.0.0, Culture=neutral, PublicKeyToken=null'. Se usar├í el tipo definido en 'C:\Users\Miguel\source\repos\Proconenct\ProConnect.Application\DTOs\UpdateProfessionalProfileDto.cs'. [C:\Users\Miguel\source\repos\Proconenct\Proconenct.csproj]
C:\Users\Miguel\source\repos\Proconenct\Pages\ProfessionalProfile.cshtml.cs(154,52): warning CS0436: El tipo 'ProfileStatusDto' de 'C:\Users\Miguel\source\repos\Proconenct\ProConnect.Application\DTOs\Shared\CommonDtos.cs' est├í en conflicto con el tipo importado 'ProfileStatusDto' de 'ProConnect.Application, Version=0.0.0.0, Culture=neutral, PublicKeyToken=null'. Se usar├í el tipo definido en 'C:\Users\Miguel\source\repos\Proconenct\ProConnect.Application\DTOs\Shared\CommonDtos.cs'. [C:\Users\Miguel\source\repos\Proconenct\Proconenct.csproj]
C:\Users\Miguel\source\repos\Proconenct\Pages\ProfessionalProfile.cshtml.cs(154,78): warning CS0436: El tipo 'ProfileStatusDto' de 'C:\Users\Miguel\source\repos\Proconenct\ProConnect.Application\DTOs\Shared\CommonDtos.cs' est├í en conflicto con el tipo importado 'ProfileStatusDto' de 'ProConnect.Application, Version=0.0.0.0, Culture=neutral, PublicKeyToken=null'. Se usar├í el tipo definido en 'C:\Users\Miguel\source\repos\Proconenct\ProConnect.Application\DTOs\Shared\CommonDtos.cs'. [C:\Users\Miguel\source\repos\Proconenct\Proconenct.csproj]
C:\Users\Miguel\source\repos\Proconenct\Pages\ProfessionalProfile.cshtml.cs(174,30): warning CS0168: La variable 'ex' se ha declarado pero nunca se usa [C:\Users\Miguel\source\repos\Proconenct\Proconenct.csproj]
C:\Users\Miguel\source\repos\Proconenct\ProConnect.Infrastructure\Repositores\UserRepository.cs(68,35): warning CS0436: El tipo 'User' de 'C:\Users\Miguel\source\repos\Proconenct\ProConnect.Core\Entities\User.cs' est├í en conflicto con el tipo importado 'User' de 'ProConnect.Core, Version=0.0.0.0, Culture=neutral, PublicKeyToken=null'. Se usar├í el tipo definido en 'C:\Users\Miguel\source\repos\Proconenct\ProConnect.Core\Entities\User.cs'. [C:\Users\Miguel\source\repos\Proconenct\Proconenct.csproj]
C:\Users\Miguel\source\repos\Proconenct\ProConnect.Core\ValueObjects\AuthResult.cs(19,24): warning CS0436: El tipo 'AuthResult' de 'C:\Users\Miguel\source\repos\Proconenct\ProConnect.Core\ValueObjects\AuthResult.cs' est├í en conflicto con el tipo importado 'AuthResult' de 'ProConnect.Core, Version=0.0.0.0, Culture=neutral, PublicKeyToken=null'. Se usar├í el tipo definido en 'C:\Users\Miguel\source\repos\Proconenct\ProConnect.Core\ValueObjects\AuthResult.cs'. [C:\Users\Miguel\source\repos\Proconenct\Proconenct.csproj]
C:\Users\Miguel\source\repos\Proconenct\ProConnect.Core\ValueObjects\AuthResult.cs(32,24): warning CS0436: El tipo 'AuthResult' de 'C:\Users\Miguel\source\repos\Proconenct\ProConnect.Core\ValueObjects\AuthResult.cs' est├í en conflicto con el tipo importado 'AuthResult' de 'ProConnect.Core, Version=0.0.0.0, Culture=neutral, PublicKeyToken=null'. Se usar├í el tipo definido en 'C:\Users\Miguel\source\repos\Proconenct\ProConnect.Core\ValueObjects\AuthResult.cs'. [C:\Users\Miguel\source\repos\Proconenct\Proconenct.csproj]
C:\Users\Miguel\source\repos\Proconenct\ProConnect.Core\ValueObjects\AuthResult.cs(41,24): warning CS0436: El tipo 'AuthResult' de 'C:\Users\Miguel\source\repos\Proconenct\ProConnect.Core\ValueObjects\AuthResult.cs' est├í en conflicto con el tipo importado 'AuthResult' de 'ProConnect.Core, Version=0.0.0.0, Culture=neutral, PublicKeyToken=null'. Se usar├í el tipo definido en 'C:\Users\Miguel\source\repos\Proconenct\ProConnect.Core\ValueObjects\AuthResult.cs'. [C:\Users\Miguel\source\repos\Proconenct\Proconenct.csproj]
C:\Users\Miguel\source\repos\Proconenct\ProConnect.Core\Entities\User.cs(31,50): warning CS0436: El tipo 'UserType' de 'C:\Users\Miguel\source\repos\Proconenct\ProConnect.Core\Entities\User.cs' est├í en conflicto con el tipo importado 'UserType' de 'ProConnect.Core, Version=0.0.0.0, Culture=neutral, PublicKeyToken=null'. Se usar├í el tipo definido en 'C:\Users\Miguel\source\repos\Proconenct\ProConnect.Core\Entities\User.cs'. [C:\Users\Miguel\source\repos\Proconenct\Proconenct.csproj]
C:\Users\Miguel\source\repos\Proconenct\ProConnect.Core\Entities\User.cs(60,32): warning CS0436: El tipo 'UserType' de 'C:\Users\Miguel\source\repos\Proconenct\ProConnect.Core\Entities\User.cs' est├í en conflicto con el tipo importado 'UserType' de 'ProConnect.Core, Version=0.0.0.0, Culture=neutral, PublicKeyToken=null'. Se usar├í el tipo definido en 'C:\Users\Miguel\source\repos\Proconenct\ProConnect.Core\Entities\User.cs'. [C:\Users\Miguel\source\repos\Proconenct\Proconenct.csproj]
C:\Users\Miguel\source\repos\Proconenct\ProConnect.Core\Entities\ProfessionalProfile.cs(114,53): warning CS0436: El tipo 'ProfileStatus' de 'C:\Users\Miguel\source\repos\Proconenct\ProConnect.Core\Entities\ProfessionalProfile.cs' est├í en conflicto con el tipo importado 'ProfileStatus' de 'ProConnect.Core, Version=0.0.0.0, Culture=neutral, PublicKeyToken=null'. Se usar├í el tipo definido en 'C:\Users\Miguel\source\repos\Proconenct\ProConnect.Core\Entities\ProfessionalProfile.cs'. [C:\Users\Miguel\source\repos\Proconenct\Proconenct.csproj]
C:\Users\Miguel\source\repos\Proconenct\ProConnect.Application\Services\RecommendationService.cs(27,60): warning CS0436: El tipo 'ProfileStatus' de 'C:\Users\Miguel\source\repos\Proconenct\ProConnect.Core\Entities\ProfessionalProfile.cs' est├í en conflicto con el tipo importado 'ProfileStatus' de 'ProConnect.Core, Version=0.0.0.0, Culture=neutral, PublicKeyToken=null'. Se usar├í el tipo definido en 'C:\Users\Miguel\source\repos\Proconenct\ProConnect.Core\Entities\ProfessionalProfile.cs'. [C:\Users\Miguel\source\repos\Proconenct\Proconenct.csproj]
C:\Users\Miguel\source\repos\Proconenct\ProConnect.Application\Services\RecommendationService.cs(40,32): warning CS0436: El tipo 'ProfessionalRecommendationDto' de 'C:\Users\Miguel\source\repos\Proconenct\ProConnect.Application\DTOs\ProfessionalRecommendationDto.cs' est├í en conflicto con el tipo importado 'ProfessionalRecommendationDto' de 'ProConnect.Application, Version=0.0.0.0, Culture=neutral, PublicKeyToken=null'. Se usar├í el tipo definido en 'C:\Users\Miguel\source\repos\Proconenct\ProConnect.Application\DTOs\ProfessionalRecommendationDto.cs'. [C:\Users\Miguel\source\repos\Proconenct\Proconenct.csproj]
C:\Users\Miguel\source\repos\Proconenct\ProConnect.Core\Entities\ProfessionalProfile.cs(147,30): warning CS0436: El tipo 'ProfileStatus' de 'C:\Users\Miguel\source\repos\Proconenct\ProConnect.Core\Entities\ProfessionalProfile.cs' est├í en conflicto con el tipo importado 'ProfileStatus' de 'ProConnect.Core, Version=0.0.0.0, Culture=neutral, PublicKeyToken=null'. Se usar├í el tipo definido en 'C:\Users\Miguel\source\repos\Proconenct\ProConnect.Core\Entities\ProfessionalProfile.cs'. [C:\Users\Miguel\source\repos\Proconenct\Proconenct.csproj]
C:\Users\Miguel\source\repos\Proconenct\ProConnect.Core\Entities\Booking.cs(51,66): warning CS0436: El tipo 'ConsultationType' de 'C:\Users\Miguel\source\repos\Proconenct\ProConnect.Core\Entities\Booking.cs' est├í en conflicto con el tipo importado 'ConsultationType' de 'ProConnect.Core, Version=0.0.0.0, Culture=neutral, PublicKeyToken=null'. Se usar├í el tipo definido en 'C:\Users\Miguel\source\repos\Proconenct\ProConnect.Core\Entities\Booking.cs'. [C:\Users\Miguel\source\repos\Proconenct\Proconenct.csproj]
C:\Users\Miguel\source\repos\Proconenct\ProConnect.Core\Entities\Booking.cs(57,53): warning CS0436: El tipo 'BookingStatus' de 'C:\Users\Miguel\source\repos\Proconenct\ProConnect.Core\Entities\Booking.cs' est├í en conflicto con el tipo importado 'BookingStatus' de 'ProConnect.Core, Version=0.0.0.0, Culture=neutral, PublicKeyToken=null'. Se usar├í el tipo definido en 'C:\Users\Miguel\source\repos\Proconenct\ProConnect.Core\Entities\Booking.cs'. [C:\Users\Miguel\source\repos\Proconenct\Proconenct.csproj]
C:\Users\Miguel\source\repos\Proconenct\ProConnect.Core\Entities\Booking.cs(116,30): warning CS0436: El tipo 'BookingStatus' de 'C:\Users\Miguel\source\repos\Proconenct\ProConnect.Core\Entities\Booking.cs' est├í en conflicto con el tipo importado 'BookingStatus' de 'ProConnect.Core, Version=0.0.0.0, Culture=neutral, PublicKeyToken=null'. Se usar├í el tipo definido en 'C:\Users\Miguel\source\repos\Proconenct\ProConnect.Core\Entities\Booking.cs'. [C:\Users\Miguel\source\repos\Proconenct\Proconenct.csproj]
C:\Users\Miguel\source\repos\Proconenct\ProConnect.Core\Entities\Booking.cs(116,65): warning CS0436: El tipo 'BookingStatus' de 'C:\Users\Miguel\source\repos\Proconenct\ProConnect.Core\Entities\Booking.cs' est├í en conflicto con el tipo importado 'BookingStatus' de 'ProConnect.Core, Version=0.0.0.0, Culture=neutral, PublicKeyToken=null'. Se usar├í el tipo definido en 'C:\Users\Miguel\source\repos\Proconenct\ProConnect.Core\Entities\Booking.cs'. [C:\Users\Miguel\source\repos\Proconenct\Proconenct.csproj]
C:\Users\Miguel\source\repos\Proconenct\ProConnect.Core\Entities\Booking.cs(140,22): warning CS0436: El tipo 'BookingStatus' de 'C:\Users\Miguel\source\repos\Proconenct\ProConnect.Core\Entities\Booking.cs' est├í en conflicto con el tipo importado 'BookingStatus' de 'ProConnect.Core, Version=0.0.0.0, Culture=neutral, PublicKeyToken=null'. Se usar├í el tipo definido en 'C:\Users\Miguel\source\repos\Proconenct\ProConnect.Core\Entities\Booking.cs'. [C:\Users\Miguel\source\repos\Proconenct\Proconenct.csproj]
C:\Users\Miguel\source\repos\Proconenct\ProConnect.Core\Entities\Booking.cs(152,22): warning CS0436: El tipo 'BookingStatus' de 'C:\Users\Miguel\source\repos\Proconenct\ProConnect.Core\Entities\Booking.cs' est├í en conflicto con el tipo importado 'BookingStatus' de 'ProConnect.Core, Version=0.0.0.0, Culture=neutral, PublicKeyToken=null'. Se usar├í el tipo definido en 'C:\Users\Miguel\source\repos\Proconenct\ProConnect.Core\Entities\Booking.cs'. [C:\Users\Miguel\source\repos\Proconenct\Proconenct.csproj]
C:\Users\Miguel\source\repos\Proconenct\ProConnect.Core\Entities\Booking.cs(161,22): warning CS0436: El tipo 'BookingStatus' de 'C:\Users\Miguel\source\repos\Proconenct\ProConnect.Core\Entities\Booking.cs' est├í en conflicto con el tipo importado 'BookingStatus' de 'ProConnect.Core, Version=0.0.0.0, Culture=neutral, PublicKeyToken=null'. Se usar├í el tipo definido en 'C:\Users\Miguel\source\repos\Proconenct\ProConnect.Core\Entities\Booking.cs'. [C:\Users\Miguel\source\repos\Proconenct\Proconenct.csproj]
C:\Users\Miguel\source\repos\Proconenct\ProConnect.Core\Entities\Booking.cs(170,22): warning CS0436: El tipo 'BookingStatus' de 'C:\Users\Miguel\source\repos\Proconenct\ProConnect.Core\Entities\Booking.cs' est├í en conflicto con el tipo importado 'BookingStatus' de 'ProConnect.Core, Version=0.0.0.0, Culture=neutral, PublicKeyToken=null'. Se usar├í el tipo definido en 'C:\Users\Miguel\source\repos\Proconenct\ProConnect.Core\Entities\Booking.cs'. [C:\Users\Miguel\source\repos\Proconenct\Proconenct.csproj]
C:\Users\Miguel\source\repos\Proconenct\ProConnect.Application\DTOs\UpdateProfessionalProfileDto.cs(60,56): warning CS0436: El tipo 'ProfileStatusDto' de 'C:\Users\Miguel\source\repos\Proconenct\ProConnect.Application\DTOs\Shared\CommonDtos.cs' est├í en conflicto con el tipo importado 'ProfileStatusDto' de 'ProConnect.Application, Version=0.0.0.0, Culture=neutral, PublicKeyToken=null'. Se usar├í el tipo definido en 'C:\Users\Miguel\source\repos\Proconenct\ProConnect.Application\DTOs\Shared\CommonDtos.cs'. [C:\Users\Miguel\source\repos\Proconenct\Proconenct.csproj]
C:\Users\Miguel\source\repos\Proconenct\ProConnect.Application\Services\RecommendationService.cs(92,24): warning CS0436: El tipo 'ProfessionalRecommendationDto' de 'C:\Users\Miguel\source\repos\Proconenct\ProConnect.Application\DTOs\ProfessionalRecommendationDto.cs' est├í en conflicto con el tipo importado 'ProfessionalRecommendationDto' de 'ProConnect.Application, Version=0.0.0.0, Culture=neutral, PublicKeyToken=null'. Se usar├í el tipo definido en 'C:\Users\Miguel\source\repos\Proconenct\ProConnect.Application\DTOs\ProfessionalRecommendationDto.cs'. [C:\Users\Miguel\source\repos\Proconenct\Proconenct.csproj]
C:\Users\Miguel\source\repos\Proconenct\ProConnect.Application\Services\RecommendationService.cs(104,72): warning CS0436: El tipo 'ServiceType' de 'C:\Users\Miguel\source\repos\Proconenct\ProConnect.Core\Entities\ProfessionalProfile.cs' est├í en conflicto con el tipo importado 'ServiceType' de 'ProConnect.Core, Version=0.0.0.0, Culture=neutral, PublicKeyToken=null'. Se usar├í el tipo definido en 'C:\Users\Miguel\source\repos\Proconenct\ProConnect.Core\Entities\ProfessionalProfile.cs'. [C:\Users\Miguel\source\repos\Proconenct\Proconenct.csproj]
C:\Users\Miguel\source\repos\Proconenct\ProConnect.Application\Validators\CreateProfessionalProfileValidator.cs(56,53): warning CS0436: El tipo 'DayScheduleValidator' de 'C:\Users\Miguel\source\repos\Proconenct\ProConnect.Application\Validators\CreateProfessionalProfileValidator.cs' est├í en conflicto con el tipo importado 'DayScheduleValidator' de 'ProConnect.Application, Version=0.0.0.0, Culture=neutral, PublicKeyToken=null'. Se usar├í el tipo definido en 'C:\Users\Miguel\source\repos\Proconenct\ProConnect.Application\Validators\CreateProfessionalProfileValidator.cs'. [C:\Users\Miguel\source\repos\Proconenct\Proconenct.csproj]
C:\Users\Miguel\source\repos\Proconenct\ProConnect.Application\Validators\CreateProfessionalProfileValidator.cs(57,54): warning CS0436: El tipo 'DayScheduleValidator' de 'C:\Users\Miguel\source\repos\Proconenct\ProConnect.Application\Validators\CreateProfessionalProfileValidator.cs' est├í en conflicto con el tipo importado 'DayScheduleValidator' de 'ProConnect.Application, Version=0.0.0.0, Culture=neutral, PublicKeyToken=null'. Se usar├í el tipo definido en 'C:\Users\Miguel\source\repos\Proconenct\ProConnect.Application\Validators\CreateProfessionalProfileValidator.cs'. [C:\Users\Miguel\source\repos\Proconenct\Proconenct.csproj]
C:\Users\Miguel\source\repos\Proconenct\ProConnect.Application\Validators\CreateProfessionalProfileValidator.cs(58,56): warning CS0436: El tipo 'DayScheduleValidator' de 'C:\Users\Miguel\source\repos\Proconenct\ProConnect.Application\Validators\CreateProfessionalProfileValidator.cs' est├í en conflicto con el tipo importado 'DayScheduleValidator' de 'ProConnect.Application, Version=0.0.0.0, Culture=neutral, PublicKeyToken=null'. Se usar├í el tipo definido en 'C:\Users\Miguel\source\repos\Proconenct\ProConnect.Application\Validators\CreateProfessionalProfileValidator.cs'. [C:\Users\Miguel\source\repos\Proconenct\Proconenct.csproj]
C:\Users\Miguel\source\repos\Proconenct\ProConnect.Application\Validators\CreateProfessionalProfileValidator.cs(59,55): warning CS0436: El tipo 'DayScheduleValidator' de 'C:\Users\Miguel\source\repos\Proconenct\ProConnect.Application\Validators\CreateProfessionalProfileValidator.cs' est├í en conflicto con el tipo importado 'DayScheduleValidator' de 'ProConnect.Application, Version=0.0.0.0, Culture=neutral, PublicKeyToken=null'. Se usar├í el tipo definido en 'C:\Users\Miguel\source\repos\Proconenct\ProConnect.Application\Validators\CreateProfessionalProfileValidator.cs'. [C:\Users\Miguel\source\repos\Proconenct\Proconenct.csproj]
C:\Users\Miguel\source\repos\Proconenct\ProConnect.Application\Validators\CreateProfessionalProfileValidator.cs(60,53): warning CS0436: El tipo 'DayScheduleValidator' de 'C:\Users\Miguel\source\repos\Proconenct\ProConnect.Application\Validators\CreateProfessionalProfileValidator.cs' est├í en conflicto con el tipo importado 'DayScheduleValidator' de 'ProConnect.Application, Version=0.0.0.0, Culture=neutral, PublicKeyToken=null'. Se usar├í el tipo definido en 'C:\Users\Miguel\source\repos\Proconenct\ProConnect.Application\Validators\CreateProfessionalProfileValidator.cs'. [C:\Users\Miguel\source\repos\Proconenct\Proconenct.csproj]
C:\Users\Miguel\source\repos\Proconenct\ProConnect.Application\Validators\CreateProfessionalProfileValidator.cs(61,55): warning CS0436: El tipo 'DayScheduleValidator' de 'C:\Users\Miguel\source\repos\Proconenct\ProConnect.Application\Validators\CreateProfessionalProfileValidator.cs' est├í en conflicto con el tipo importado 'DayScheduleValidator' de 'ProConnect.Application, Version=0.0.0.0, Culture=neutral, PublicKeyToken=null'. Se usar├í el tipo definido en 'C:\Users\Miguel\source\repos\Proconenct\ProConnect.Application\Validators\CreateProfessionalProfileValidator.cs'. [C:\Users\Miguel\source\repos\Proconenct\Proconenct.csproj]
C:\Users\Miguel\source\repos\Proconenct\ProConnect.Application\Validators\CreateProfessionalProfileValidator.cs(62,53): warning CS0436: El tipo 'DayScheduleValidator' de 'C:\Users\Miguel\source\repos\Proconenct\ProConnect.Application\Validators\CreateProfessionalProfileValidator.cs' est├í en conflicto con el tipo importado 'DayScheduleValidator' de 'ProConnect.Application, Version=0.0.0.0, Culture=neutral, PublicKeyToken=null'. Se usar├í el tipo definido en 'C:\Users\Miguel\source\repos\Proconenct\ProConnect.Application\Validators\CreateProfessionalProfileValidator.cs'. [C:\Users\Miguel\source\repos\Proconenct\Proconenct.csproj]
C:\Users\Miguel\source\repos\Proconenct\ProConnect.Infrastructure\Database\MongoDbContext.cs(31,72): warning CS0436: El tipo 'User' de 'C:\Users\Miguel\source\repos\Proconenct\ProConnect.Core\Entities\User.cs' est├í en conflicto con el tipo importado 'User' de 'ProConnect.Core, Version=0.0.0.0, Culture=neutral, PublicKeyToken=null'. Se usar├í el tipo definido en 'C:\Users\Miguel\source\repos\Proconenct\ProConnect.Core\Entities\User.cs'. [C:\Users\Miguel\source\repos\Proconenct\Proconenct.csproj]
C:\Users\Miguel\source\repos\Proconenct\ProConnect.Infrastructure\Database\MongoDbContext.cs(33,102): warning CS0436: El tipo 'ProfessionalProfile' de 'C:\Users\Miguel\source\repos\Proconenct\ProConnect.Core\Entities\ProfessionalProfile.cs' est├í en conflicto con el tipo importado 'ProfessionalProfile' de 'ProConnect.Core, Version=0.0.0.0, Culture=neutral, PublicKeyToken=null'. Se usar├í el tipo definido en 'C:\Users\Miguel\source\repos\Proconenct\ProConnect.Core\Entities\ProfessionalProfile.cs'. [C:\Users\Miguel\source\repos\Proconenct\Proconenct.csproj]
C:\Users\Miguel\source\repos\Proconenct\ProConnect.Application\Validators\CreateProfessionalProfileValidator.cs(42,35): warning CS0436: El tipo 'AvailabilityScheduleValidator' de 'C:\Users\Miguel\source\repos\Proconenct\ProConnect.Application\Validators\CreateProfessionalProfileValidator.cs' est├í en conflicto con el tipo importado 'AvailabilityScheduleValidator' de 'ProConnect.Application, Version=0.0.0.0, Culture=neutral, PublicKeyToken=null'. Se usar├í el tipo definido en 'C:\Users\Miguel\source\repos\Proconenct\ProConnect.Application\Validators\CreateProfessionalProfileValidator.cs'. [C:\Users\Miguel\source\repos\Proconenct\Proconenct.csproj]
C:\Users\Miguel\source\repos\Proconenct\ProConnect.Infrastructure\Database\MongoDbContext.cs(35,78): warning CS0436: El tipo 'Booking' de 'C:\Users\Miguel\source\repos\Proconenct\ProConnect.Core\Entities\Booking.cs' est├í en conflicto con el tipo importado 'Booking' de 'ProConnect.Core, Version=0.0.0.0, Culture=neutral, PublicKeyToken=null'. Se usar├í el tipo definido en 'C:\Users\Miguel\source\repos\Proconenct\ProConnect.Core\Entities\Booking.cs'. [C:\Users\Miguel\source\repos\Proconenct\Proconenct.csproj]
C:\Users\Miguel\source\repos\Proconenct\ProConnect.Application\Services\AuthService.cs(41,28): warning CS0436: El tipo 'AuthResponseDto' de 'C:\Users\Miguel\source\repos\Proconenct\ProConnect.Application\DTOs\AuthResponseDto.cs' est├í en conflicto con el tipo importado 'AuthResponseDto' de 'ProConnect.Application, Version=0.0.0.0, Culture=neutral, PublicKeyToken=null'. Se usar├í el tipo definido en 'C:\Users\Miguel\source\repos\Proconenct\ProConnect.Application\DTOs\AuthResponseDto.cs'. [C:\Users\Miguel\source\repos\Proconenct\Proconenct.csproj]
C:\Users\Miguel\source\repos\Proconenct\ProConnect.Application\Services\AuthService.cs(51,32): warning CS0436: El tipo 'User' de 'C:\Users\Miguel\source\repos\Proconenct\ProConnect.Core\Entities\User.cs' est├í en conflicto con el tipo importado 'User' de 'ProConnect.Core, Version=0.0.0.0, Culture=neutral, PublicKeyToken=null'. Se usar├í el tipo definido en 'C:\Users\Miguel\source\repos\Proconenct\ProConnect.Core\Entities\User.cs'. [C:\Users\Miguel\source\repos\Proconenct\Proconenct.csproj]
C:\Users\Miguel\source\repos\Proconenct\ProConnect.Application\Services\AuthService.cs(66,32): warning CS0436: El tipo 'AuthResponseDto' de 'C:\Users\Miguel\source\repos\Proconenct\ProConnect.Application\DTOs\AuthResponseDto.cs' est├í en conflicto con el tipo importado 'AuthResponseDto' de 'ProConnect.Application, Version=0.0.0.0, Culture=neutral, PublicKeyToken=null'. Se usar├í el tipo definido en 'C:\Users\Miguel\source\repos\Proconenct\ProConnect.Application\DTOs\AuthResponseDto.cs'. [C:\Users\Miguel\source\repos\Proconenct\Proconenct.csproj]
C:\Users\Miguel\source\repos\Proconenct\ProConnect.Application\Services\AuthService.cs(88,28): warning CS0436: El tipo 'AuthResponseDto' de 'C:\Users\Miguel\source\repos\Proconenct\ProConnect.Application\DTOs\AuthResponseDto.cs' est├í en conflicto con el tipo importado 'AuthResponseDto' de 'ProConnect.Application, Version=0.0.0.0, Culture=neutral, PublicKeyToken=null'. Se usar├í el tipo definido en 'C:\Users\Miguel\source\repos\Proconenct\ProConnect.Application\DTOs\AuthResponseDto.cs'. [C:\Users\Miguel\source\repos\Proconenct\Proconenct.csproj]
C:\Users\Miguel\source\repos\Proconenct\ProConnect.Application\Services\AuthService.cs(102,28): warning CS0436: El tipo 'AuthResponseDto' de 'C:\Users\Miguel\source\repos\Proconenct\ProConnect.Application\DTOs\AuthResponseDto.cs' est├í en conflicto con el tipo importado 'AuthResponseDto' de 'ProConnect.Application, Version=0.0.0.0, Culture=neutral, PublicKeyToken=null'. Se usar├í el tipo definido en 'C:\Users\Miguel\source\repos\Proconenct\ProConnect.Application\DTOs\AuthResponseDto.cs'. [C:\Users\Miguel\source\repos\Proconenct\Proconenct.csproj]
C:\Users\Miguel\source\repos\Proconenct\ProConnect.Application\Services\PortfolioService.cs(58,30): warning CS0436: El tipo 'PortfolioFile' de 'C:\Users\Miguel\source\repos\Proconenct\ProConnect.Core\Entities\PortfolioFile.cs' est├í en conflicto con el tipo importado 'PortfolioFile' de 'ProConnect.Core, Version=0.0.0.0, Culture=neutral, PublicKeyToken=null'. Se usar├í el tipo definido en 'C:\Users\Miguel\source\repos\Proconenct\ProConnect.Core\Entities\PortfolioFile.cs'. [C:\Users\Miguel\source\repos\Proconenct\Proconenct.csproj]
C:\Users\Miguel\source\repos\Proconenct\ProConnect.Application\Services\PortfolioService.cs(73,24): warning CS0436: El tipo 'PortfolioFileDto' de 'C:\Users\Miguel\source\repos\Proconenct\ProConnect.Application\DTOs\PortfolioFileDto.cs' est├í en conflicto con el tipo importado 'PortfolioFileDto' de 'ProConnect.Application, Version=0.0.0.0, Culture=neutral, PublicKeyToken=null'. Se usar├í el tipo definido en 'C:\Users\Miguel\source\repos\Proconenct\ProConnect.Application\DTOs\PortfolioFileDto.cs'. [C:\Users\Miguel\source\repos\Proconenct\Proconenct.csproj]
C:\Users\Miguel\source\repos\Proconenct\ProConnect.Application\Services\PortfolioService.cs(89,47): warning CS0436: El tipo 'PortfolioFileDto' de 'C:\Users\Miguel\source\repos\Proconenct\ProConnect.Application\DTOs\PortfolioFileDto.cs' est├í en conflicto con el tipo importado 'PortfolioFileDto' de 'ProConnect.Application, Version=0.0.0.0, Culture=neutral, PublicKeyToken=null'. Se usar├í el tipo definido en 'C:\Users\Miguel\source\repos\Proconenct\ProConnect.Application\DTOs\PortfolioFileDto.cs'. [C:\Users\Miguel\source\repos\Proconenct\Proconenct.csproj]
C:\Users\Miguel\source\repos\Proconenct\ProConnect.Application\Services\AuthService.cs(116,28): warning CS0436: El tipo 'AuthResponseDto' de 'C:\Users\Miguel\source\repos\Proconenct\ProConnect.Application\DTOs\AuthResponseDto.cs' est├í en conflicto con el tipo importado 'AuthResponseDto' de 'ProConnect.Application, Version=0.0.0.0, Culture=neutral, PublicKeyToken=null'. Se usar├í el tipo definido en 'C:\Users\Miguel\source\repos\Proconenct\ProConnect.Application\DTOs\AuthResponseDto.cs'. [C:\Users\Miguel\source\repos\Proconenct\Proconenct.csproj]
C:\Users\Miguel\source\repos\Proconenct\ProConnect.Application\Services\AuthService.cs(129,32): warning CS0436: El tipo 'AuthResponseDto' de 'C:\Users\Miguel\source\repos\Proconenct\ProConnect.Application\DTOs\AuthResponseDto.cs' est├í en conflicto con el tipo importado 'AuthResponseDto' de 'ProConnect.Application, Version=0.0.0.0, Culture=neutral, PublicKeyToken=null'. Se usar├í el tipo definido en 'C:\Users\Miguel\source\repos\Proconenct\ProConnect.Application\DTOs\AuthResponseDto.cs'. [C:\Users\Miguel\source\repos\Proconenct\Proconenct.csproj]
C:\Users\Miguel\source\repos\Proconenct\ProConnect.Application\Services\AuthService.cs(139,32): warning CS0436: El tipo 'AuthResponseDto' de 'C:\Users\Miguel\source\repos\Proconenct\ProConnect.Application\DTOs\AuthResponseDto.cs' est├í en conflicto con el tipo importado 'AuthResponseDto' de 'ProConnect.Application, Version=0.0.0.0, Culture=neutral, PublicKeyToken=null'. Se usar├í el tipo definido en 'C:\Users\Miguel\source\repos\Proconenct\ProConnect.Application\DTOs\AuthResponseDto.cs'. [C:\Users\Miguel\source\repos\Proconenct\Proconenct.csproj]
C:\Users\Miguel\source\repos\Proconenct\ProConnect.Application\Services\AuthService.cs(149,32): warning CS0436: El tipo 'AuthResponseDto' de 'C:\Users\Miguel\source\repos\Proconenct\ProConnect.Application\DTOs\AuthResponseDto.cs' est├í en conflicto con el tipo importado 'AuthResponseDto' de 'ProConnect.Application, Version=0.0.0.0, Culture=neutral, PublicKeyToken=null'. Se usar├í el tipo definido en 'C:\Users\Miguel\source\repos\Proconenct\ProConnect.Application\DTOs\AuthResponseDto.cs'. [C:\Users\Miguel\source\repos\Proconenct\Proconenct.csproj]
C:\Users\Miguel\source\repos\Proconenct\ProConnect.Application\Services\AuthService.cs(159,32): warning CS0436: El tipo 'AuthResponseDto' de 'C:\Users\Miguel\source\repos\Proconenct\ProConnect.Application\DTOs\AuthResponseDto.cs' est├í en conflicto con el tipo importado 'AuthResponseDto' de 'ProConnect.Application, Version=0.0.0.0, Culture=neutral, PublicKeyToken=null'. Se usar├í el tipo definido en 'C:\Users\Miguel\source\repos\Proconenct\ProConnect.Application\DTOs\AuthResponseDto.cs'. [C:\Users\Miguel\source\repos\Proconenct\Proconenct.csproj]
C:\Users\Miguel\source\repos\Proconenct\ProConnect.Application\Services\AuthService.cs(173,28): warning CS0436: El tipo 'AuthResponseDto' de 'C:\Users\Miguel\source\repos\Proconenct\ProConnect.Application\DTOs\AuthResponseDto.cs' est├í en conflicto con el tipo importado 'AuthResponseDto' de 'ProConnect.Application, Version=0.0.0.0, Culture=neutral, PublicKeyToken=null'. Se usar├í el tipo definido en 'C:\Users\Miguel\source\repos\Proconenct\ProConnect.Application\DTOs\AuthResponseDto.cs'. [C:\Users\Miguel\source\repos\Proconenct\Proconenct.csproj]
C:\Users\Miguel\source\repos\Proconenct\ProConnect.Application\Services\AuthService.cs(187,28): warning CS0436: El tipo 'AuthResponseDto' de 'C:\Users\Miguel\source\repos\Proconenct\ProConnect.Application\DTOs\AuthResponseDto.cs' est├í en conflicto con el tipo importado 'AuthResponseDto' de 'ProConnect.Application, Version=0.0.0.0, Culture=neutral, PublicKeyToken=null'. Se usar├í el tipo definido en 'C:\Users\Miguel\source\repos\Proconenct\ProConnect.Application\DTOs\AuthResponseDto.cs'. [C:\Users\Miguel\source\repos\Proconenct\Proconenct.csproj]
C:\Users\Miguel\source\repos\Proconenct\ProConnect.Application\Services\AuthService.cs(198,24): warning CS0436: El tipo 'AuthResponseDto' de 'C:\Users\Miguel\source\repos\Proconenct\ProConnect.Application\DTOs\AuthResponseDto.cs' est├í en conflicto con el tipo importado 'AuthResponseDto' de 'ProConnect.Application, Version=0.0.0.0, Culture=neutral, PublicKeyToken=null'. Se usar├í el tipo definido en 'C:\Users\Miguel\source\repos\Proconenct\ProConnect.Application\DTOs\AuthResponseDto.cs'. [C:\Users\Miguel\source\repos\Proconenct\Proconenct.csproj]
C:\Users\Miguel\source\repos\Proconenct\ProConnect.Application\Services\BookingService.cs(42,44): warning CS0436: El tipo 'ProfileStatus' de 'C:\Users\Miguel\source\repos\Proconenct\ProConnect.Core\Entities\ProfessionalProfile.cs' est├í en conflicto con el tipo importado 'ProfileStatus' de 'ProConnect.Core, Version=0.0.0.0, Culture=neutral, PublicKeyToken=null'. Se usar├í el tipo definido en 'C:\Users\Miguel\source\repos\Proconenct\ProConnect.Core\Entities\ProfessionalProfile.cs'. [C:\Users\Miguel\source\repos\Proconenct\Proconenct.csproj]
C:\Users\Miguel\source\repos\Proconenct\ProConnect.Application\Services\BookingService.cs(65,36): warning CS0436: El tipo 'ConsultationType' de 'C:\Users\Miguel\source\repos\Proconenct\ProConnect.Core\Entities\Booking.cs' est├í en conflicto con el tipo importado 'ConsultationType' de 'ProConnect.Core, Version=0.0.0.0, Culture=neutral, PublicKeyToken=null'. Se usar├í el tipo definido en 'C:\Users\Miguel\source\repos\Proconenct\ProConnect.Core\Entities\Booking.cs'. [C:\Users\Miguel\source\repos\Proconenct\Proconenct.csproj]
C:\Users\Miguel\source\repos\Proconenct\ProConnect.Application\Services\BookingService.cs(67,77): warning CS0436: El tipo 'ConsultationType' de 'C:\Users\Miguel\source\repos\Proconenct\ProConnect.Core\Entities\Booking.cs' est├í en conflicto con el tipo importado 'ConsultationType' de 'ProConnect.Core, Version=0.0.0.0, Culture=neutral, PublicKeyToken=null'. Se usar├í el tipo definido en 'C:\Users\Miguel\source\repos\Proconenct\ProConnect.Core\Entities\Booking.cs'. [C:\Users\Miguel\source\repos\Proconenct\Proconenct.csproj]
C:\Users\Miguel\source\repos\Proconenct\ProConnect.Application\Services\BookingService.cs(75,35): warning CS0436: El tipo 'Booking' de 'C:\Users\Miguel\source\repos\Proconenct\ProConnect.Core\Entities\Booking.cs' est├í en conflicto con el tipo importado 'Booking' de 'ProConnect.Core, Version=0.0.0.0, Culture=neutral, PublicKeyToken=null'. Se usar├í el tipo definido en 'C:\Users\Miguel\source\repos\Proconenct\ProConnect.Core\Entities\Booking.cs'. [C:\Users\Miguel\source\repos\Proconenct\Proconenct.csproj]
C:\Users\Miguel\source\repos\Proconenct\ProConnect.Application\Services\BookingService.cs(82,30): warning CS0436: El tipo 'BookingStatus' de 'C:\Users\Miguel\source\repos\Proconenct\ProConnect.Core\Entities\Booking.cs' est├í en conflicto con el tipo importado 'BookingStatus' de 'ProConnect.Core, Version=0.0.0.0, Culture=neutral, PublicKeyToken=null'. Se usar├í el tipo definido en 'C:\Users\Miguel\source\repos\Proconenct\ProConnect.Core\Entities\Booking.cs'. [C:\Users\Miguel\source\repos\Proconenct\Proconenct.csproj]
C:\Users\Miguel\source\repos\Proconenct\ProConnect.Application\Services\ProfessionalProfileService.cs(38,34): warning CS0436: El tipo 'UserType' de 'C:\Users\Miguel\source\repos\Proconenct\ProConnect.Core\Entities\User.cs' est├í en conflicto con el tipo importado 'UserType' de 'ProConnect.Core, Version=0.0.0.0, Culture=neutral, PublicKeyToken=null'. Se usar├í el tipo definido en 'C:\Users\Miguel\source\repos\Proconenct\ProConnect.Core\Entities\User.cs'. [C:\Users\Miguel\source\repos\Proconenct\Proconenct.csproj]
C:\Users\Miguel\source\repos\Proconenct\ProConnect.Application\Services\ProfessionalProfileService.cs(47,31): warning CS0436: El tipo 'ProfessionalProfile' de 'C:\Users\Miguel\source\repos\Proconenct\ProConnect.Core\Entities\ProfessionalProfile.cs' est├í en conflicto con el tipo importado 'ProfessionalProfile' de 'ProConnect.Core, Version=0.0.0.0, Culture=neutral, PublicKeyToken=null'. Se usar├í el tipo definido en 'C:\Users\Miguel\source\repos\Proconenct\ProConnect.Core\Entities\ProfessionalProfile.cs'. [C:\Users\Miguel\source\repos\Proconenct\Proconenct.csproj]
C:\Users\Miguel\source\repos\Proconenct\ProConnect.Application\Services\ProfessionalProfileService.cs(59,23): warning CS0436: El tipo 'ProfileStatus' de 'C:\Users\Miguel\source\repos\Proconenct\ProConnect.Core\Entities\ProfessionalProfile.cs' est├í en conflicto con el tipo importado 'ProfileStatus' de 'ProConnect.Core, Version=0.0.0.0, Culture=neutral, PublicKeyToken=null'. Se usar├í el tipo definido en 'C:\Users\Miguel\source\repos\Proconenct\ProConnect.Core\Entities\ProfessionalProfile.cs'. [C:\Users\Miguel\source\repos\Proconenct\Proconenct.csproj]
C:\Users\Miguel\source\repos\Proconenct\ProConnect.Application\Services\ProfessionalProfileService.cs(60,23): warning CS0436: El tipo 'ProfileStatus' de 'C:\Users\Miguel\source\repos\Proconenct\ProConnect.Core\Entities\ProfessionalProfile.cs' est├í en conflicto con el tipo importado 'ProfileStatus' de 'ProConnect.Core, Version=0.0.0.0, Culture=neutral, PublicKeyToken=null'. Se usar├í el tipo definido en 'C:\Users\Miguel\source\repos\Proconenct\ProConnect.Core\Entities\ProfessionalProfile.cs'. [C:\Users\Miguel\source\repos\Proconenct\Proconenct.csproj]
C:\Users\Miguel\source\repos\Proconenct\ProConnect.Application\Services\ProfessionalProfileService.cs(101,19): warning CS0436: El tipo 'ProfileStatus' de 'C:\Users\Miguel\source\repos\Proconenct\ProConnect.Core\Entities\ProfessionalProfile.cs' est├í en conflicto con el tipo importado 'ProfileStatus' de 'ProConnect.Core, Version=0.0.0.0, Culture=neutral, PublicKeyToken=null'. Se usar├í el tipo definido en 'C:\Users\Miguel\source\repos\Proconenct\ProConnect.Core\Entities\ProfessionalProfile.cs'. [C:\Users\Miguel\source\repos\Proconenct\Proconenct.csproj]
C:\Users\Miguel\source\repos\Proconenct\ProConnect.Application\Services\ProfessionalProfileService.cs(102,19): warning CS0436: El tipo 'ProfileStatus' de 'C:\Users\Miguel\source\repos\Proconenct\ProConnect.Core\Entities\ProfessionalProfile.cs' est├í en conflicto con el tipo importado 'ProfileStatus' de 'ProConnect.Core, Version=0.0.0.0, Culture=neutral, PublicKeyToken=null'. Se usar├í el tipo definido en 'C:\Users\Miguel\source\repos\Proconenct\ProConnect.Core\Entities\ProfessionalProfile.cs'. [C:\Users\Miguel\source\repos\Proconenct\Proconenct.csproj]
C:\Users\Miguel\source\repos\Proconenct\ProConnect.Application\Services\BookingService.cs(131,44): warning CS0436: El tipo 'BookingDto' de 'C:\Users\Miguel\source\repos\Proconenct\ProConnect.Application\DTOs\BookingDto.cs' est├í en conflicto con el tipo importado 'BookingDto' de 'ProConnect.Application, Version=0.0.0.0, Culture=neutral, PublicKeyToken=null'. Se usar├í el tipo definido en 'C:\Users\Miguel\source\repos\Proconenct\ProConnect.Application\DTOs\BookingDto.cs'. [C:\Users\Miguel\source\repos\Proconenct\Proconenct.csproj]
C:\Users\Miguel\source\repos\Proconenct\ProConnect.Application\Services\ProfessionalProfileService.cs(118,54): warning CS0436: El tipo 'ProfileStatus' de 'C:\Users\Miguel\source\repos\Proconenct\ProConnect.Core\Entities\ProfessionalProfile.cs' est├í en conflicto con el tipo importado 'ProfileStatus' de 'ProConnect.Core, Version=0.0.0.0, Culture=neutral, PublicKeyToken=null'. Se usar├í el tipo definido en 'C:\Users\Miguel\source\repos\Proconenct\ProConnect.Core\Entities\ProfessionalProfile.cs'. [C:\Users\Miguel\source\repos\Proconenct\Proconenct.csproj]
C:\Users\Miguel\source\repos\Proconenct\ProConnect.Application\Services\BookingService.cs(152,44): warning CS0436: El tipo 'BookingDto' de 'C:\Users\Miguel\source\repos\Proconenct\ProConnect.Application\DTOs\BookingDto.cs' est├í en conflicto con el tipo importado 'BookingDto' de 'ProConnect.Application, Version=0.0.0.0, Culture=neutral, PublicKeyToken=null'. Se usar├í el tipo definido en 'C:\Users\Miguel\source\repos\Proconenct\ProConnect.Application\DTOs\BookingDto.cs'. [C:\Users\Miguel\source\repos\Proconenct\Proconenct.csproj]
C:\Users\Miguel\source\repos\Proconenct\ProConnect.Infrastructure\Repositores\ProfessionalProfileRepository.cs(75,35): warning CS0436: El tipo 'ProfessionalProfile' de 'C:\Users\Miguel\source\repos\Proconenct\ProConnect.Core\Entities\ProfessionalProfile.cs' est├í en conflicto con el tipo importado 'ProfessionalProfile' de 'ProConnect.Core, Version=0.0.0.0, Culture=neutral, PublicKeyToken=null'. Se usar├í el tipo definido en 'C:\Users\Miguel\source\repos\Proconenct\ProConnect.Core\Entities\ProfessionalProfile.cs'. [C:\Users\Miguel\source\repos\Proconenct\Proconenct.csproj]
C:\Users\Miguel\source\repos\Proconenct\ProConnect.Infrastructure\Repositores\ProfessionalProfileRepository.cs(75,81): warning CS0436: El tipo 'ProfileStatus' de 'C:\Users\Miguel\source\repos\Proconenct\ProConnect.Core\Entities\ProfessionalProfile.cs' est├í en conflicto con el tipo importado 'ProfileStatus' de 'ProConnect.Core, Version=0.0.0.0, Culture=neutral, PublicKeyToken=null'. Se usar├í el tipo definido en 'C:\Users\Miguel\source\repos\Proconenct\ProConnect.Core\Entities\ProfessionalProfile.cs'. [C:\Users\Miguel\source\repos\Proconenct\Proconenct.csproj]
C:\Users\Miguel\source\repos\Proconenct\ProConnect.Infrastructure\Repositores\ProfessionalProfileRepository.cs(79,36): warning CS0436: El tipo 'ProfessionalProfile' de 'C:\Users\Miguel\source\repos\Proconenct\ProConnect.Core\Entities\ProfessionalProfile.cs' est├í en conflicto con el tipo importado 'ProfessionalProfile' de 'ProConnect.Core, Version=0.0.0.0, Culture=neutral, PublicKeyToken=null'. Se usar├í el tipo definido en 'C:\Users\Miguel\source\repos\Proconenct\ProConnect.Core\Entities\ProfessionalProfile.cs'. [C:\Users\Miguel\source\repos\Proconenct\Proconenct.csproj]
C:\Users\Miguel\source\repos\Proconenct\ProConnect.Infrastructure\Repositores\ProfessionalProfileRepository.cs(84,36): warning CS0436: El tipo 'ProfessionalProfile' de 'C:\Users\Miguel\source\repos\Proconenct\ProConnect.Core\Entities\ProfessionalProfile.cs' est├í en conflicto con el tipo importado 'ProfessionalProfile' de 'ProConnect.Core, Version=0.0.0.0, Culture=neutral, PublicKeyToken=null'. Se usar├í el tipo definido en 'C:\Users\Miguel\source\repos\Proconenct\ProConnect.Core\Entities\ProfessionalProfile.cs'. [C:\Users\Miguel\source\repos\Proconenct\Proconenct.csproj]
C:\Users\Miguel\source\repos\Proconenct\ProConnect.Infrastructure\Repositores\ProfessionalProfileRepository.cs(90,36): warning CS0436: El tipo 'ProfessionalProfile' de 'C:\Users\Miguel\source\repos\Proconenct\ProConnect.Core\Entities\ProfessionalProfile.cs' est├í en conflicto con el tipo importado 'ProfessionalProfile' de 'ProConnect.Core, Version=0.0.0.0, Culture=neutral, PublicKeyToken=null'. Se usar├í el tipo definido en 'C:\Users\Miguel\source\repos\Proconenct\ProConnect.Core\Entities\ProfessionalProfile.cs'. [C:\Users\Miguel\source\repos\Proconenct\Proconenct.csproj]
C:\Users\Miguel\source\repos\Proconenct\ProConnect.Infrastructure\Repositores\ProfessionalProfileRepository.cs(95,36): warning CS0436: El tipo 'ProfessionalProfile' de 'C:\Users\Miguel\source\repos\Proconenct\ProConnect.Core\Entities\ProfessionalProfile.cs' est├í en conflicto con el tipo importado 'ProfessionalProfile' de 'ProConnect.Core, Version=0.0.0.0, Culture=neutral, PublicKeyToken=null'. Se usar├í el tipo definido en 'C:\Users\Miguel\source\repos\Proconenct\ProConnect.Core\Entities\ProfessionalProfile.cs'. [C:\Users\Miguel\source\repos\Proconenct\Proconenct.csproj]
C:\Users\Miguel\source\repos\Proconenct\ProConnect.Infrastructure\Repositores\ProfessionalProfileRepository.cs(100,36): warning CS0436: El tipo 'ProfessionalProfile' de 'C:\Users\Miguel\source\repos\Proconenct\ProConnect.Core\Entities\ProfessionalProfile.cs' est├í en conflicto con el tipo importado 'ProfessionalProfile' de 'ProConnect.Core, Version=0.0.0.0, Culture=neutral, PublicKeyToken=null'. Se usar├í el tipo definido en 'C:\Users\Miguel\source\repos\Proconenct\ProConnect.Core\Entities\ProfessionalProfile.cs'. [C:\Users\Miguel\source\repos\Proconenct\Proconenct.csproj]
C:\Users\Miguel\source\repos\Proconenct\ProConnect.Infrastructure\Repositores\ProfessionalProfileRepository.cs(105,36): warning CS0436: El tipo 'ProfessionalProfile' de 'C:\Users\Miguel\source\repos\Proconenct\ProConnect.Core\Entities\ProfessionalProfile.cs' est├í en conflicto con el tipo importado 'ProfessionalProfile' de 'ProConnect.Core, Version=0.0.0.0, Culture=neutral, PublicKeyToken=null'. Se usar├í el tipo definido en 'C:\Users\Miguel\source\repos\Proconenct\ProConnect.Core\Entities\ProfessionalProfile.cs'. [C:\Users\Miguel\source\repos\Proconenct\Proconenct.csproj]
C:\Users\Miguel\source\repos\Proconenct\ProConnect.Infrastructure\Database\MongoDbContext.cs(48,47): warning CS0436: El tipo 'User' de 'C:\Users\Miguel\source\repos\Proconenct\ProConnect.Core\Entities\User.cs' est├í en conflicto con el tipo importado 'User' de 'ProConnect.Core, Version=0.0.0.0, Culture=neutral, PublicKeyToken=null'. Se usar├í el tipo definido en 'C:\Users\Miguel\source\repos\Proconenct\ProConnect.Core\Entities\User.cs'. [C:\Users\Miguel\source\repos\Proconenct\Proconenct.csproj]
C:\Users\Miguel\source\repos\Proconenct\ProConnect.Infrastructure\Database\MongoDbContext.cs(50,73): warning CS0436: El tipo 'User' de 'C:\Users\Miguel\source\repos\Proconenct\ProConnect.Core\Entities\User.cs' est├í en conflicto con el tipo importado 'User' de 'ProConnect.Core, Version=0.0.0.0, Culture=neutral, PublicKeyToken=null'. Se usar├í el tipo definido en 'C:\Users\Miguel\source\repos\Proconenct\ProConnect.Core\Entities\User.cs'. [C:\Users\Miguel\source\repos\Proconenct\Proconenct.csproj]
C:\Users\Miguel\source\repos\Proconenct\ProConnect.Infrastructure\Database\MongoDbContext.cs(52,50): warning CS0436: El tipo 'User' de 'C:\Users\Miguel\source\repos\Proconenct\ProConnect.Core\Entities\User.cs' est├í en conflicto con el tipo importado 'User' de 'ProConnect.Core, Version=0.0.0.0, Culture=neutral, PublicKeyToken=null'. Se usar├í el tipo definido en 'C:\Users\Miguel\source\repos\Proconenct\ProConnect.Core\Entities\User.cs'. [C:\Users\Miguel\source\repos\Proconenct\Proconenct.csproj]
C:\Users\Miguel\source\repos\Proconenct\ProConnect.Infrastructure\Database\MongoDbContext.cs(53,73): warning CS0436: El tipo 'User' de 'C:\Users\Miguel\source\repos\Proconenct\ProConnect.Core\Entities\User.cs' est├í en conflicto con el tipo importado 'User' de 'ProConnect.Core, Version=0.0.0.0, Culture=neutral, PublicKeyToken=null'. Se usar├í el tipo definido en 'C:\Users\Miguel\source\repos\Proconenct\ProConnect.Core\Entities\User.cs'. [C:\Users\Miguel\source\repos\Proconenct\Proconenct.csproj]
C:\Users\Miguel\source\repos\Proconenct\ProConnect.Infrastructure\Database\MongoDbContext.cs(56,48): warning CS0436: El tipo 'ProfessionalProfile' de 'C:\Users\Miguel\source\repos\Proconenct\ProConnect.Core\Entities\ProfessionalProfile.cs' est├í en conflicto con el tipo importado 'ProfessionalProfile' de 'ProConnect.Core, Version=0.0.0.0, Culture=neutral, PublicKeyToken=null'. Se usar├í el tipo definido en 'C:\Users\Miguel\source\repos\Proconenct\ProConnect.Core\Entities\ProfessionalProfile.cs'. [C:\Users\Miguel\source\repos\Proconenct\Proconenct.csproj]
C:\Users\Miguel\source\repos\Proconenct\ProConnect.Infrastructure\Database\MongoDbContext.cs(58,88): warning CS0436: El tipo 'ProfessionalProfile' de 'C:\Users\Miguel\source\repos\Proconenct\ProConnect.Core\Entities\ProfessionalProfile.cs' est├í en conflicto con el tipo importado 'ProfessionalProfile' de 'ProConnect.Core, Version=0.0.0.0, Culture=neutral, PublicKeyToken=null'. Se usar├í el tipo definido en 'C:\Users\Miguel\source\repos\Proconenct\ProConnect.Core\Entities\ProfessionalProfile.cs'. [C:\Users\Miguel\source\repos\Proconenct\Proconenct.csproj]
C:\Users\Miguel\source\repos\Proconenct\ProConnect.Infrastructure\Database\MongoDbContext.cs(60,60): warning CS0436: El tipo 'ProfessionalProfile' de 'C:\Users\Miguel\source\repos\Proconenct\ProConnect.Core\Entities\ProfessionalProfile.cs' est├í en conflicto con el tipo importado 'ProfessionalProfile' de 'ProConnect.Core, Version=0.0.0.0, Culture=neutral, PublicKeyToken=null'. Se usar├í el tipo definido en 'C:\Users\Miguel\source\repos\Proconenct\ProConnect.Core\Entities\ProfessionalProfile.cs'. [C:\Users\Miguel\source\repos\Proconenct\Proconenct.csproj]
C:\Users\Miguel\source\repos\Proconenct\ProConnect.Infrastructure\Database\MongoDbContext.cs(61,88): warning CS0436: El tipo 'ProfessionalProfile' de 'C:\Users\Miguel\source\repos\Proconenct\ProConnect.Core\Entities\ProfessionalProfile.cs' est├í en conflicto con el tipo importado 'ProfessionalProfile' de 'ProConnect.Core, Version=0.0.0.0, Culture=neutral, PublicKeyToken=null'. Se usar├í el tipo definido en 'C:\Users\Miguel\source\repos\Proconenct\ProConnect.Core\Entities\ProfessionalProfile.cs'. [C:\Users\Miguel\source\repos\Proconenct\Proconenct.csproj]
C:\Users\Miguel\source\repos\Proconenct\ProConnect.Infrastructure\Database\MongoDbContext.cs(63,53): warning CS0436: El tipo 'ProfessionalProfile' de 'C:\Users\Miguel\source\repos\Proconenct\ProConnect.Core\Entities\ProfessionalProfile.cs' est├í en conflicto con el tipo importado 'ProfessionalProfile' de 'ProConnect.Core, Version=0.0.0.0, Culture=neutral, PublicKeyToken=null'. Se usar├í el tipo definido en 'C:\Users\Miguel\source\repos\Proconenct\ProConnect.Core\Entities\ProfessionalProfile.cs'. [C:\Users\Miguel\source\repos\Proconenct\Proconenct.csproj]
C:\Users\Miguel\source\repos\Proconenct\ProConnect.Infrastructure\Database\MongoDbContext.cs(64,88): warning CS0436: El tipo 'ProfessionalProfile' de 'C:\Users\Miguel\source\repos\Proconenct\ProConnect.Core\Entities\ProfessionalProfile.cs' est├í en conflicto con el tipo importado 'ProfessionalProfile' de 'ProConnect.Core, Version=0.0.0.0, Culture=neutral, PublicKeyToken=null'. Se usar├í el tipo definido en 'C:\Users\Miguel\source\repos\Proconenct\ProConnect.Core\Entities\ProfessionalProfile.cs'. [C:\Users\Miguel\source\repos\Proconenct\Proconenct.csproj]
C:\Users\Miguel\source\repos\Proconenct\ProConnect.Infrastructure\Database\MongoDbContext.cs(66,50): warning CS0436: El tipo 'ProfessionalProfile' de 'C:\Users\Miguel\source\repos\Proconenct\ProConnect.Core\Entities\ProfessionalProfile.cs' est├í en conflicto con el tipo importado 'ProfessionalProfile' de 'ProConnect.Core, Version=0.0.0.0, Culture=neutral, PublicKeyToken=null'. Se usar├í el tipo definido en 'C:\Users\Miguel\source\repos\Proconenct\ProConnect.Core\Entities\ProfessionalProfile.cs'. [C:\Users\Miguel\source\repos\Proconenct\Proconenct.csproj]
C:\Users\Miguel\source\repos\Proconenct\ProConnect.Infrastructure\Database\MongoDbContext.cs(67,88): warning CS0436: El tipo 'ProfessionalProfile' de 'C:\Users\Miguel\source\repos\Proconenct\ProConnect.Core\Entities\ProfessionalProfile.cs' est├í en conflicto con el tipo importado 'ProfessionalProfile' de 'ProConnect.Core, Version=0.0.0.0, Culture=neutral, PublicKeyToken=null'. Se usar├í el tipo definido en 'C:\Users\Miguel\source\repos\Proconenct\ProConnect.Core\Entities\ProfessionalProfile.cs'. [C:\Users\Miguel\source\repos\Proconenct\Proconenct.csproj]
C:\Users\Miguel\source\repos\Proconenct\ProConnect.Infrastructure\Database\MongoDbContext.cs(69,52): warning CS0436: El tipo 'ProfessionalProfile' de 'C:\Users\Miguel\source\repos\Proconenct\ProConnect.Core\Entities\ProfessionalProfile.cs' est├í en conflicto con el tipo importado 'ProfessionalProfile' de 'ProConnect.Core, Version=0.0.0.0, Culture=neutral, PublicKeyToken=null'. Se usar├í el tipo definido en 'C:\Users\Miguel\source\repos\Proconenct\ProConnect.Core\Entities\ProfessionalProfile.cs'. [C:\Users\Miguel\source\repos\Proconenct\Proconenct.csproj]
C:\Users\Miguel\source\repos\Proconenct\ProConnect.Infrastructure\Database\MongoDbContext.cs(70,88): warning CS0436: El tipo 'ProfessionalProfile' de 'C:\Users\Miguel\source\repos\Proconenct\ProConnect.Core\Entities\ProfessionalProfile.cs' est├í en conflicto con el tipo importado 'ProfessionalProfile' de 'ProConnect.Core, Version=0.0.0.0, Culture=neutral, PublicKeyToken=null'. Se usar├í el tipo definido en 'C:\Users\Miguel\source\repos\Proconenct\ProConnect.Core\Entities\ProfessionalProfile.cs'. [C:\Users\Miguel\source\repos\Proconenct\Proconenct.csproj]
C:\Users\Miguel\source\repos\Proconenct\ProConnect.Infrastructure\Database\MongoDbContext.cs(72,48): warning CS0436: El tipo 'ProfessionalProfile' de 'C:\Users\Miguel\source\repos\Proconenct\ProConnect.Core\Entities\ProfessionalProfile.cs' est├í en conflicto con el tipo importado 'ProfessionalProfile' de 'ProConnect.Core, Version=0.0.0.0, Culture=neutral, PublicKeyToken=null'. Se usar├í el tipo definido en 'C:\Users\Miguel\source\repos\Proconenct\ProConnect.Core\Entities\ProfessionalProfile.cs'. [C:\Users\Miguel\source\repos\Proconenct\Proconenct.csproj]
C:\Users\Miguel\source\repos\Proconenct\ProConnect.Infrastructure\Database\MongoDbContext.cs(73,88): warning CS0436: El tipo 'ProfessionalProfile' de 'C:\Users\Miguel\source\repos\Proconenct\ProConnect.Core\Entities\ProfessionalProfile.cs' est├í en conflicto con el tipo importado 'ProfessionalProfile' de 'ProConnect.Core, Version=0.0.0.0, Culture=neutral, PublicKeyToken=null'. Se usar├í el tipo definido en 'C:\Users\Miguel\source\repos\Proconenct\ProConnect.Core\Entities\ProfessionalProfile.cs'. [C:\Users\Miguel\source\repos\Proconenct\Proconenct.csproj]
C:\Users\Miguel\source\repos\Proconenct\ProConnect.Infrastructure\Database\MongoDbContext.cs(75,52): warning CS0436: El tipo 'ProfessionalProfile' de 'C:\Users\Miguel\source\repos\Proconenct\ProConnect.Core\Entities\ProfessionalProfile.cs' est├í en conflicto con el tipo importado 'ProfessionalProfile' de 'ProConnect.Core, Version=0.0.0.0, Culture=neutral, PublicKeyToken=null'. Se usar├í el tipo definido en 'C:\Users\Miguel\source\repos\Proconenct\ProConnect.Core\Entities\ProfessionalProfile.cs'. [C:\Users\Miguel\source\repos\Proconenct\Proconenct.csproj]
C:\Users\Miguel\source\repos\Proconenct\ProConnect.Infrastructure\Database\MongoDbContext.cs(76,88): warning CS0436: El tipo 'ProfessionalProfile' de 'C:\Users\Miguel\source\repos\Proconenct\ProConnect.Core\Entities\ProfessionalProfile.cs' est├í en conflicto con el tipo importado 'ProfessionalProfile' de 'ProConnect.Core, Version=0.0.0.0, Culture=neutral, PublicKeyToken=null'. Se usar├í el tipo definido en 'C:\Users\Miguel\source\repos\Proconenct\ProConnect.Core\Entities\ProfessionalProfile.cs'. [C:\Users\Miguel\source\repos\Proconenct\Proconenct.csproj]
C:\Users\Miguel\source\repos\Proconenct\ProConnect.Infrastructure\Database\MongoDbContext.cs(79,50): warning CS0436: El tipo 'ProfessionalProfile' de 'C:\Users\Miguel\source\repos\Proconenct\ProConnect.Core\Entities\ProfessionalProfile.cs' est├í en conflicto con el tipo importado 'ProfessionalProfile' de 'ProConnect.Core, Version=0.0.0.0, Culture=neutral, PublicKeyToken=null'. Se usar├í el tipo definido en 'C:\Users\Miguel\source\repos\Proconenct\ProConnect.Core\Entities\ProfessionalProfile.cs'. [C:\Users\Miguel\source\repos\Proconenct\Proconenct.csproj]
C:\Users\Miguel\source\repos\Proconenct\ProConnect.Infrastructure\Database\MongoDbContext.cs(83,88): warning CS0436: El tipo 'ProfessionalProfile' de 'C:\Users\Miguel\source\repos\Proconenct\ProConnect.Core\Entities\ProfessionalProfile.cs' est├í en conflicto con el tipo importado 'ProfessionalProfile' de 'ProConnect.Core, Version=0.0.0.0, Culture=neutral, PublicKeyToken=null'. Se usar├í el tipo definido en 'C:\Users\Miguel\source\repos\Proconenct\ProConnect.Core\Entities\ProfessionalProfile.cs'. [C:\Users\Miguel\source\repos\Proconenct\Proconenct.csproj]
C:\Users\Miguel\source\repos\Proconenct\ProConnect.Infrastructure\Database\MongoDbContext.cs(86,46): warning CS0436: El tipo 'ProfessionalProfile' de 'C:\Users\Miguel\source\repos\Proconenct\ProConnect.Core\Entities\ProfessionalProfile.cs' est├í en conflicto con el tipo importado 'ProfessionalProfile' de 'ProConnect.Core, Version=0.0.0.0, Culture=neutral, PublicKeyToken=null'. Se usar├í el tipo definido en 'C:\Users\Miguel\source\repos\Proconenct\ProConnect.Core\Entities\ProfessionalProfile.cs'. [C:\Users\Miguel\source\repos\Proconenct\Proconenct.csproj]
C:\Users\Miguel\source\repos\Proconenct\ProConnect.Infrastructure\Database\MongoDbContext.cs(100,88): warning CS0436: El tipo 'ProfessionalProfile' de 'C:\Users\Miguel\source\repos\Proconenct\ProConnect.Core\Entities\ProfessionalProfile.cs' est├í en conflicto con el tipo importado 'ProfessionalProfile' de 'ProConnect.Core, Version=0.0.0.0, Culture=neutral, PublicKeyToken=null'. Se usar├í el tipo definido en 'C:\Users\Miguel\source\repos\Proconenct\ProConnect.Core\Entities\ProfessionalProfile.cs'. [C:\Users\Miguel\source\repos\Proconenct\Proconenct.csproj]
C:\Users\Miguel\source\repos\Proconenct\ProConnect.Infrastructure\Database\MongoDbContext.cs(103,50): warning CS0436: El tipo 'Booking' de 'C:\Users\Miguel\source\repos\Proconenct\ProConnect.Core\Entities\Booking.cs' est├í en conflicto con el tipo importado 'Booking' de 'ProConnect.Core, Version=0.0.0.0, Culture=neutral, PublicKeyToken=null'. Se usar├í el tipo definido en 'C:\Users\Miguel\source\repos\Proconenct\ProConnect.Core\Entities\Booking.cs'. [C:\Users\Miguel\source\repos\Proconenct\Proconenct.csproj]
C:\Users\Miguel\source\repos\Proconenct\ProConnect.Infrastructure\Database\MongoDbContext.cs(104,76): warning CS0436: El tipo 'Booking' de 'C:\Users\Miguel\source\repos\Proconenct\ProConnect.Core\Entities\Booking.cs' est├í en conflicto con el tipo importado 'Booking' de 'ProConnect.Core, Version=0.0.0.0, Culture=neutral, PublicKeyToken=null'. Se usar├í el tipo definido en 'C:\Users\Miguel\source\repos\Proconenct\ProConnect.Core\Entities\Booking.cs'. [C:\Users\Miguel\source\repos\Proconenct\Proconenct.csproj]
C:\Users\Miguel\source\repos\Proconenct\ProConnect.Infrastructure\Database\MongoDbContext.cs(106,56): warning CS0436: El tipo 'Booking' de 'C:\Users\Miguel\source\repos\Proconenct\ProConnect.Core\Entities\Booking.cs' est├í en conflicto con el tipo importado 'Booking' de 'ProConnect.Core, Version=0.0.0.0, Culture=neutral, PublicKeyToken=null'. Se usar├í el tipo definido en 'C:\Users\Miguel\source\repos\Proconenct\ProConnect.Core\Entities\Booking.cs'. [C:\Users\Miguel\source\repos\Proconenct\Proconenct.csproj]
C:\Users\Miguel\source\repos\Proconenct\ProConnect.Infrastructure\Database\MongoDbContext.cs(107,76): warning CS0436: El tipo 'Booking' de 'C:\Users\Miguel\source\repos\Proconenct\ProConnect.Core\Entities\Booking.cs' est├í en conflicto con el tipo importado 'Booking' de 'ProConnect.Core, Version=0.0.0.0, Culture=neutral, PublicKeyToken=null'. Se usar├í el tipo definido en 'C:\Users\Miguel\source\repos\Proconenct\ProConnect.Core\Entities\Booking.cs'. [C:\Users\Miguel\source\repos\Proconenct\Proconenct.csproj]
C:\Users\Miguel\source\repos\Proconenct\ProConnect.Infrastructure\Database\MongoDbContext.cs(109,57): warning CS0436: El tipo 'Booking' de 'C:\Users\Miguel\source\repos\Proconenct\ProConnect.Core\Entities\Booking.cs' est├í en conflicto con el tipo importado 'Booking' de 'ProConnect.Core, Version=0.0.0.0, Culture=neutral, PublicKeyToken=null'. Se usar├í el tipo definido en 'C:\Users\Miguel\source\repos\Proconenct\ProConnect.Core\Entities\Booking.cs'. [C:\Users\Miguel\source\repos\Proconenct\Proconenct.csproj]
C:\Users\Miguel\source\repos\Proconenct\ProConnect.Infrastructure\Database\MongoDbContext.cs(110,76): warning CS0436: El tipo 'Booking' de 'C:\Users\Miguel\source\repos\Proconenct\ProConnect.Core\Entities\Booking.cs' est├í en conflicto con el tipo importado 'Booking' de 'ProConnect.Core, Version=0.0.0.0, Culture=neutral, PublicKeyToken=null'. Se usar├í el tipo definido en 'C:\Users\Miguel\source\repos\Proconenct\ProConnect.Core\Entities\Booking.cs'. [C:\Users\Miguel\source\repos\Proconenct\Proconenct.csproj]
C:\Users\Miguel\source\repos\Proconenct\ProConnect.Infrastructure\Database\MongoDbContext.cs(112,55): warning CS0436: El tipo 'Booking' de 'C:\Users\Miguel\source\repos\Proconenct\ProConnect.Core\Entities\Booking.cs' est├í en conflicto con el tipo importado 'Booking' de 'ProConnect.Core, Version=0.0.0.0, Culture=neutral, PublicKeyToken=null'. Se usar├í el tipo definido en 'C:\Users\Miguel\source\repos\Proconenct\ProConnect.Core\Entities\Booking.cs'. [C:\Users\Miguel\source\repos\Proconenct\Proconenct.csproj]
C:\Users\Miguel\source\repos\Proconenct\ProConnect.Infrastructure\Database\MongoDbContext.cs(113,76): warning CS0436: El tipo 'Booking' de 'C:\Users\Miguel\source\repos\Proconenct\ProConnect.Core\Entities\Booking.cs' est├í en conflicto con el tipo importado 'Booking' de 'ProConnect.Core, Version=0.0.0.0, Culture=neutral, PublicKeyToken=null'. Se usar├í el tipo definido en 'C:\Users\Miguel\source\repos\Proconenct\ProConnect.Core\Entities\Booking.cs'. [C:\Users\Miguel\source\repos\Proconenct\Proconenct.csproj]
C:\Users\Miguel\source\repos\Proconenct\ProConnect.Infrastructure\Database\MongoDbContext.cs(116,54): warning CS0436: El tipo 'Booking' de 'C:\Users\Miguel\source\repos\Proconenct\ProConnect.Core\Entities\Booking.cs' est├í en conflicto con el tipo importado 'Booking' de 'ProConnect.Core, Version=0.0.0.0, Culture=neutral, PublicKeyToken=null'. Se usar├í el tipo definido en 'C:\Users\Miguel\source\repos\Proconenct\ProConnect.Core\Entities\Booking.cs'. [C:\Users\Miguel\source\repos\Proconenct\Proconenct.csproj]
C:\Users\Miguel\source\repos\Proconenct\ProConnect.Infrastructure\Database\MongoDbContext.cs(120,76): warning CS0436: El tipo 'Booking' de 'C:\Users\Miguel\source\repos\Proconenct\ProConnect.Core\Entities\Booking.cs' est├í en conflicto con el tipo importado 'Booking' de 'ProConnect.Core, Version=0.0.0.0, Culture=neutral, PublicKeyToken=null'. Se usar├í el tipo definido en 'C:\Users\Miguel\source\repos\Proconenct\ProConnect.Core\Entities\Booking.cs'. [C:\Users\Miguel\source\repos\Proconenct\Proconenct.csproj]
C:\Users\Miguel\source\repos\Proconenct\ProConnect.Infrastructure\Database\MongoDbContext.cs(123,56): warning CS0436: El tipo 'Booking' de 'C:\Users\Miguel\source\repos\Proconenct\ProConnect.Core\Entities\Booking.cs' est├í en conflicto con el tipo importado 'Booking' de 'ProConnect.Core, Version=0.0.0.0, Culture=neutral, PublicKeyToken=null'. Se usar├í el tipo definido en 'C:\Users\Miguel\source\repos\Proconenct\ProConnect.Core\Entities\Booking.cs'. [C:\Users\Miguel\source\repos\Proconenct\Proconenct.csproj]
C:\Users\Miguel\source\repos\Proconenct\ProConnect.Infrastructure\Database\MongoDbContext.cs(126,76): warning CS0436: El tipo 'Booking' de 'C:\Users\Miguel\source\repos\Proconenct\ProConnect.Core\Entities\Booking.cs' est├í en conflicto con el tipo importado 'Booking' de 'ProConnect.Core, Version=0.0.0.0, Culture=neutral, PublicKeyToken=null'. Se usar├í el tipo definido en 'C:\Users\Miguel\source\repos\Proconenct\ProConnect.Core\Entities\Booking.cs'. [C:\Users\Miguel\source\repos\Proconenct\Proconenct.csproj]
C:\Users\Miguel\source\repos\Proconenct\ProConnect.Infrastructure\Database\MongoDbContext.cs(129,45): warning CS0436: El tipo 'Booking' de 'C:\Users\Miguel\source\repos\Proconenct\ProConnect.Core\Entities\Booking.cs' est├í en conflicto con el tipo importado 'Booking' de 'ProConnect.Core, Version=0.0.0.0, Culture=neutral, PublicKeyToken=null'. Se usar├í el tipo definido en 'C:\Users\Miguel\source\repos\Proconenct\ProConnect.Core\Entities\Booking.cs'. [C:\Users\Miguel\source\repos\Proconenct\Proconenct.csproj]
C:\Users\Miguel\source\repos\Proconenct\ProConnect.Infrastructure\Database\MongoDbContext.cs(134,76): warning CS0436: El tipo 'Booking' de 'C:\Users\Miguel\source\repos\Proconenct\ProConnect.Core\Entities\Booking.cs' est├í en conflicto con el tipo importado 'Booking' de 'ProConnect.Core, Version=0.0.0.0, Culture=neutral, PublicKeyToken=null'. Se usar├í el tipo definido en 'C:\Users\Miguel\source\repos\Proconenct\ProConnect.Core\Entities\Booking.cs'. [C:\Users\Miguel\source\repos\Proconenct\Proconenct.csproj]
C:\Users\Miguel\source\repos\Proconenct\ProConnect.Application\Services\ProfessionalSearchService.cs(39,55): warning CS0436: El tipo 'PagedResultDto<T>' de 'C:\Users\Miguel\source\repos\Proconenct\ProConnect.Application\DTOs\Shared\PagedResultDto.cs' est├í en conflicto con el tipo importado 'PagedResultDto<T>' de 'ProConnect.Application, Version=0.0.0.0, Culture=neutral, PublicKeyToken=null'. Se usar├í el tipo definido en 'C:\Users\Miguel\source\repos\Proconenct\ProConnect.Application\DTOs\Shared\PagedResultDto.cs'. [C:\Users\Miguel\source\repos\Proconenct\Proconenct.csproj]
C:\Users\Miguel\source\repos\Proconenct\ProConnect.Application\Services\ProfessionalSearchService.cs(39,70): warning CS0436: El tipo 'ProfessionalSearchResultDto' de 'C:\Users\Miguel\source\repos\Proconenct\ProConnect.Application\DTOs\ProfessionalSearchResultDto.cs' est├í en conflicto con el tipo importado 'ProfessionalSearchResultDto' de 'ProConnect.Application, Version=0.0.0.0, Culture=neutral, PublicKeyToken=null'. Se usar├í el tipo definido en 'C:\Users\Miguel\source\repos\Proconenct\ProConnect.Application\DTOs\ProfessionalSearchResultDto.cs'. [C:\Users\Miguel\source\repos\Proconenct\Proconenct.csproj]
C:\Users\Miguel\source\repos\Proconenct\ProConnect.Application\Services\ProfessionalSearchService.cs(48,31): warning CS0436: El tipo 'ProfessionalSearchFilters' de 'C:\Users\Miguel\source\repos\Proconenct\ProConnect.Core\Models\ProfessionalSearchFilters.cs' est├í en conflicto con el tipo importado 'ProfessionalSearchFilters' de 'ProConnect.Core, Version=0.0.0.0, Culture=neutral, PublicKeyToken=null'. Se usar├í el tipo definido en 'C:\Users\Miguel\source\repos\Proconenct\ProConnect.Core\Models\ProfessionalSearchFilters.cs'. [C:\Users\Miguel\source\repos\Proconenct\Proconenct.csproj]
C:\Users\Miguel\source\repos\Proconenct\ProConnect.Application\Services\ProfessionalSearchService.cs(67,62): warning CS0436: El tipo 'User' de 'C:\Users\Miguel\source\repos\Proconenct\ProConnect.Core\Entities\User.cs' est├í en conflicto con el tipo importado 'User' de 'ProConnect.Core, Version=0.0.0.0, Culture=neutral, PublicKeyToken=null'. Se usar├í el tipo definido en 'C:\Users\Miguel\source\repos\Proconenct\ProConnect.Core\Entities\User.cs'. [C:\Users\Miguel\source\repos\Proconenct\Proconenct.csproj]
C:\Users\Miguel\source\repos\Proconenct\ProConnect.Application\Services\ProfessionalSearchService.cs(80,65): warning CS0436: El tipo 'ProfessionalSearchResultDto' de 'C:\Users\Miguel\source\repos\Proconenct\ProConnect.Application\DTOs\ProfessionalSearchResultDto.cs' est├í en conflicto con el tipo importado 'ProfessionalSearchResultDto' de 'ProConnect.Application, Version=0.0.0.0, Culture=neutral, PublicKeyToken=null'. Se usar├í el tipo definido en 'C:\Users\Miguel\source\repos\Proconenct\ProConnect.Application\DTOs\ProfessionalSearchResultDto.cs'. [C:\Users\Miguel\source\repos\Proconenct\Proconenct.csproj]
C:\Users\Miguel\source\repos\Proconenct\ProConnect.Application\Services\ProfessionalSearchService.cs(100,30): warning CS0436: El tipo 'PagedResultDto<T>' de 'C:\Users\Miguel\source\repos\Proconenct\ProConnect.Application\DTOs\Shared\PagedResultDto.cs' est├í en conflicto con el tipo importado 'PagedResultDto<T>' de 'ProConnect.Application, Version=0.0.0.0, Culture=neutral, PublicKeyToken=null'. Se usar├í el tipo definido en 'C:\Users\Miguel\source\repos\Proconenct\ProConnect.Application\DTOs\Shared\PagedResultDto.cs'. [C:\Users\Miguel\source\repos\Proconenct\Proconenct.csproj]
C:\Users\Miguel\source\repos\Proconenct\ProConnect.Application\Services\ProfessionalSearchService.cs(100,45): warning CS0436: El tipo 'ProfessionalSearchResultDto' de 'C:\Users\Miguel\source\repos\Proconenct\ProConnect.Application\DTOs\ProfessionalSearchResultDto.cs' est├í en conflicto con el tipo importado 'ProfessionalSearchResultDto' de 'ProConnect.Application, Version=0.0.0.0, Culture=neutral, PublicKeyToken=null'. Se usar├í el tipo definido en 'C:\Users\Miguel\source\repos\Proconenct\ProConnect.Application\DTOs\ProfessionalSearchResultDto.cs'. [C:\Users\Miguel\source\repos\Proconenct\Proconenct.csproj]
C:\Users\Miguel\source\repos\Proconenct\ProConnect.Application\Services\AuthService.cs(268,24): warning CS0436: El tipo 'UserProfileDto' de 'C:\Users\Miguel\source\repos\Proconenct\ProConnect.Application\DTOs\UserProfileDto.cs' est├í en conflicto con el tipo importado 'UserProfileDto' de 'ProConnect.Application, Version=0.0.0.0, Culture=neutral, PublicKeyToken=null'. Se usar├í el tipo definido en 'C:\Users\Miguel\source\repos\Proconenct\ProConnect.Application\DTOs\UserProfileDto.cs'. [C:\Users\Miguel\source\repos\Proconenct\Proconenct.csproj]
C:\Users\Miguel\source\repos\Proconenct\ProConnect.Infrastructure\Repositores\ProfessionalProfileRepository.cs(116,35): warning CS0436: El tipo 'ProfessionalProfile' de 'C:\Users\Miguel\source\repos\Proconenct\ProConnect.Core\Entities\ProfessionalProfile.cs' est├í en conflicto con el tipo importado 'ProfessionalProfile' de 'ProConnect.Core, Version=0.0.0.0, Culture=neutral, PublicKeyToken=null'. Se usar├í el tipo definido en 'C:\Users\Miguel\source\repos\Proconenct\ProConnect.Core\Entities\ProfessionalProfile.cs'. [C:\Users\Miguel\source\repos\Proconenct\Proconenct.csproj]
C:\Users\Miguel\source\repos\Proconenct\ProConnect.Infrastructure\Repositores\ProfessionalProfileRepository.cs(117,26): warning CS0436: El tipo 'ProfessionalProfile' de 'C:\Users\Miguel\source\repos\Proconenct\ProConnect.Core\Entities\ProfessionalProfile.cs' est├í en conflicto con el tipo importado 'ProfessionalProfile' de 'ProConnect.Core, Version=0.0.0.0, Culture=neutral, PublicKeyToken=null'. Se usar├í el tipo definido en 'C:\Users\Miguel\source\repos\Proconenct\ProConnect.Core\Entities\ProfessionalProfile.cs'. [C:\Users\Miguel\source\repos\Proconenct\Proconenct.csproj]
C:\Users\Miguel\source\repos\Proconenct\ProConnect.Infrastructure\Repositores\ProfessionalProfileRepository.cs(117,72): warning CS0436: El tipo 'ProfileStatus' de 'C:\Users\Miguel\source\repos\Proconenct\ProConnect.Core\Entities\ProfessionalProfile.cs' est├í en conflicto con el tipo importado 'ProfileStatus' de 'ProConnect.Core, Version=0.0.0.0, Culture=neutral, PublicKeyToken=null'. Se usar├í el tipo definido en 'C:\Users\Miguel\source\repos\Proconenct\ProConnect.Core\Entities\ProfessionalProfile.cs'. [C:\Users\Miguel\source\repos\Proconenct\Proconenct.csproj]
C:\Users\Miguel\source\repos\Proconenct\ProConnect.Infrastructure\Repositores\ProfessionalProfileRepository.cs(118,26): warning CS0436: El tipo 'ProfessionalProfile' de 'C:\Users\Miguel\source\repos\Proconenct\ProConnect.Core\Entities\ProfessionalProfile.cs' est├í en conflicto con el tipo importado 'ProfessionalProfile' de 'ProConnect.Core, Version=0.0.0.0, Culture=neutral, PublicKeyToken=null'. Se usar├í el tipo definido en 'C:\Users\Miguel\source\repos\Proconenct\ProConnect.Core\Entities\ProfessionalProfile.cs'. [C:\Users\Miguel\source\repos\Proconenct\Proconenct.csproj]
C:\Users\Miguel\source\repos\Proconenct\ProConnect.Infrastructure\Repositores\ProfessionalProfileRepository.cs(119,30): warning CS0436: El tipo 'ProfessionalProfile' de 'C:\Users\Miguel\source\repos\Proconenct\ProConnect.Core\Entities\ProfessionalProfile.cs' est├í en conflicto con el tipo importado 'ProfessionalProfile' de 'ProConnect.Core, Version=0.0.0.0, Culture=neutral, PublicKeyToken=null'. Se usar├í el tipo definido en 'C:\Users\Miguel\source\repos\Proconenct\ProConnect.Core\Entities\ProfessionalProfile.cs'. [C:\Users\Miguel\source\repos\Proconenct\Proconenct.csproj]
C:\Users\Miguel\source\repos\Proconenct\ProConnect.Infrastructure\Repositores\ProfessionalProfileRepository.cs(121,30): warning CS0436: El tipo 'ProfessionalProfile' de 'C:\Users\Miguel\source\repos\Proconenct\ProConnect.Core\Entities\ProfessionalProfile.cs' est├í en conflicto con el tipo importado 'ProfessionalProfile' de 'ProConnect.Core, Version=0.0.0.0, Culture=neutral, PublicKeyToken=null'. Se usar├í el tipo definido en 'C:\Users\Miguel\source\repos\Proconenct\ProConnect.Core\Entities\ProfessionalProfile.cs'. [C:\Users\Miguel\source\repos\Proconenct\Proconenct.csproj]
C:\Users\Miguel\source\repos\Proconenct\ProConnect.Infrastructure\Repositores\ProfessionalProfileRepository.cs(122,30): warning CS0436: El tipo 'ProfessionalProfile' de 'C:\Users\Miguel\source\repos\Proconenct\ProConnect.Core\Entities\ProfessionalProfile.cs' est├í en conflicto con el tipo importado 'ProfessionalProfile' de 'ProConnect.Core, Version=0.0.0.0, Culture=neutral, PublicKeyToken=null'. Se usar├í el tipo definido en 'C:\Users\Miguel\source\repos\Proconenct\ProConnect.Core\Entities\ProfessionalProfile.cs'. [C:\Users\Miguel\source\repos\Proconenct\Proconenct.csproj]
C:\Users\Miguel\source\repos\Proconenct\ProConnect.Application\Services\BookingService.cs(185,39): warning CS0436: El tipo 'BookingStatus' de 'C:\Users\Miguel\source\repos\Proconenct\ProConnect.Core\Entities\Booking.cs' est├í en conflicto con el tipo importado 'BookingStatus' de 'ProConnect.Core, Version=0.0.0.0, Culture=neutral, PublicKeyToken=null'. Se usar├í el tipo definido en 'C:\Users\Miguel\source\repos\Proconenct\ProConnect.Core\Entities\Booking.cs'. [C:\Users\Miguel\source\repos\Proconenct\Proconenct.csproj]
C:\Users\Miguel\source\repos\Proconenct\ProConnect.Application\Services\BookingService.cs(185,84): warning CS0436: El tipo 'BookingStatus' de 'C:\Users\Miguel\source\repos\Proconenct\ProConnect.Core\Entities\Booking.cs' est├í en conflicto con el tipo importado 'BookingStatus' de 'ProConnect.Core, Version=0.0.0.0, Culture=neutral, PublicKeyToken=null'. Se usar├í el tipo definido en 'C:\Users\Miguel\source\repos\Proconenct\ProConnect.Core\Entities\Booking.cs'. [C:\Users\Miguel\source\repos\Proconenct\Proconenct.csproj]
C:\Users\Miguel\source\repos\Proconenct\ProConnect.Application\Services\BookingService.cs(241,39): warning CS0436: El tipo 'ConsultationType' de 'C:\Users\Miguel\source\repos\Proconenct\ProConnect.Core\Entities\Booking.cs' est├í en conflicto con el tipo importado 'ConsultationType' de 'ProConnect.Core, Version=0.0.0.0, Culture=neutral, PublicKeyToken=null'. Se usar├í el tipo definido en 'C:\Users\Miguel\source\repos\Proconenct\ProConnect.Core\Entities\Booking.cs'. [C:\Users\Miguel\source\repos\Proconenct\Proconenct.csproj]
C:\Users\Miguel\source\repos\Proconenct\ProConnect.Application\Services\BookingService.cs(254,39): warning CS0436: El tipo 'BookingStatus' de 'C:\Users\Miguel\source\repos\Proconenct\ProConnect.Core\Entities\Booking.cs' est├í en conflicto con el tipo importado 'BookingStatus' de 'ProConnect.Core, Version=0.0.0.0, Culture=neutral, PublicKeyToken=null'. Se usar├í el tipo definido en 'C:\Users\Miguel\source\repos\Proconenct\ProConnect.Core\Entities\Booking.cs'. [C:\Users\Miguel\source\repos\Proconenct\Proconenct.csproj]
C:\Users\Miguel\source\repos\Proconenct\ProConnect.Infrastructure\Repositores\BookingRepository.cs(18,56): warning CS0436: El tipo 'Booking' de 'C:\Users\Miguel\source\repos\Proconenct\ProConnect.Core\Entities\Booking.cs' est├í en conflicto con el tipo importado 'Booking' de 'ProConnect.Core, Version=0.0.0.0, Culture=neutral, PublicKeyToken=null'. Se usar├í el tipo definido en 'C:\Users\Miguel\source\repos\Proconenct\ProConnect.Core\Entities\Booking.cs'. [C:\Users\Miguel\source\repos\Proconenct\Proconenct.csproj]
C:\Users\Miguel\source\repos\Proconenct\ProConnect.Infrastructure\Repositores\ProfessionalProfileRepository.cs(135,35): warning CS0436: El tipo 'ProfessionalProfile' de 'C:\Users\Miguel\source\repos\Proconenct\ProConnect.Core\Entities\ProfessionalProfile.cs' est├í en conflicto con el tipo importado 'ProfessionalProfile' de 'ProConnect.Core, Version=0.0.0.0, Culture=neutral, PublicKeyToken=null'. Se usar├í el tipo definido en 'C:\Users\Miguel\source\repos\Proconenct\ProConnect.Core\Entities\ProfessionalProfile.cs'. [C:\Users\Miguel\source\repos\Proconenct\Proconenct.csproj]
C:\Users\Miguel\source\repos\Proconenct\ProConnect.Infrastructure\Repositores\ProfessionalProfileRepository.cs(135,81): warning CS0436: El tipo 'ProfileStatus' de 'C:\Users\Miguel\source\repos\Proconenct\ProConnect.Core\Entities\ProfessionalProfile.cs' est├í en conflicto con el tipo importado 'ProfileStatus' de 'ProConnect.Core, Version=0.0.0.0, Culture=neutral, PublicKeyToken=null'. Se usar├í el tipo definido en 'C:\Users\Miguel\source\repos\Proconenct\ProConnect.Core\Entities\ProfessionalProfile.cs'. [C:\Users\Miguel\source\repos\Proconenct\Proconenct.csproj]
C:\Users\Miguel\source\repos\Proconenct\ProConnect.Infrastructure\Repositores\ProfessionalProfileRepository.cs(136,33): warning CS0436: El tipo 'ProfessionalProfile' de 'C:\Users\Miguel\source\repos\Proconenct\ProConnect.Core\Entities\ProfessionalProfile.cs' est├í en conflicto con el tipo importado 'ProfessionalProfile' de 'ProConnect.Core, Version=0.0.0.0, Culture=neutral, PublicKeyToken=null'. Se usar├í el tipo definido en 'C:\Users\Miguel\source\repos\Proconenct\ProConnect.Core\Entities\ProfessionalProfile.cs'. [C:\Users\Miguel\source\repos\Proconenct\Proconenct.csproj]
C:\Users\Miguel\source\repos\Proconenct\ProConnect.Infrastructure\Repositores\BookingRepository.cs(46,39): warning CS0436: El tipo 'Booking' de 'C:\Users\Miguel\source\repos\Proconenct\ProConnect.Core\Entities\Booking.cs' est├í en conflicto con el tipo importado 'Booking' de 'ProConnect.Core, Version=0.0.0.0, Culture=neutral, PublicKeyToken=null'. Se usar├í el tipo definido en 'C:\Users\Miguel\source\repos\Proconenct\ProConnect.Core\Entities\Booking.cs'. [C:\Users\Miguel\source\repos\Proconenct\Proconenct.csproj]
C:\Users\Miguel\source\repos\Proconenct\ProConnect.Application\Services\BookingService.cs(335,39): warning CS0436: El tipo 'BookingStatus' de 'C:\Users\Miguel\source\repos\Proconenct\ProConnect.Core\Entities\Booking.cs' est├í en conflicto con el tipo importado 'BookingStatus' de 'ProConnect.Core, Version=0.0.0.0, Culture=neutral, PublicKeyToken=null'. Se usar├í el tipo definido en 'C:\Users\Miguel\source\repos\Proconenct\ProConnect.Core\Entities\Booking.cs'. [C:\Users\Miguel\source\repos\Proconenct\Proconenct.csproj]
C:\Users\Miguel\source\repos\Proconenct\ProConnect.Application\DTOs\RegisterUserDto.cs(13,50): warning CS0436: El tipo 'UserType' de 'C:\Users\Miguel\source\repos\Proconenct\ProConnect.Core\Entities\User.cs' est├í en conflicto con el tipo importado 'UserType' de 'ProConnect.Core, Version=0.0.0.0, Culture=neutral, PublicKeyToken=null'. Se usar├í el tipo definido en 'C:\Users\Miguel\source\repos\Proconenct\ProConnect.Core\Entities\User.cs'. [C:\Users\Miguel\source\repos\Proconenct\Proconenct.csproj]
C:\Users\Miguel\source\repos\Proconenct\ProConnect.Infrastructure\Repositores\ProfessionalProfileRepository.cs(146,35): warning CS0436: El tipo 'ProfessionalProfile' de 'C:\Users\Miguel\source\repos\Proconenct\ProConnect.Core\Entities\ProfessionalProfile.cs' est├í en conflicto con el tipo importado 'ProfessionalProfile' de 'ProConnect.Core, Version=0.0.0.0, Culture=neutral, PublicKeyToken=null'. Se usar├í el tipo definido en 'C:\Users\Miguel\source\repos\Proconenct\ProConnect.Core\Entities\ProfessionalProfile.cs'. [C:\Users\Miguel\source\repos\Proconenct\Proconenct.csproj]
C:\Users\Miguel\source\repos\Proconenct\ProConnect.Infrastructure\Repositores\ProfessionalProfileRepository.cs(147,26): warning CS0436: El tipo 'ProfessionalProfile' de 'C:\Users\Miguel\source\repos\Proconenct\ProConnect.Core\Entities\ProfessionalProfile.cs' est├í en conflicto con el tipo importado 'ProfessionalProfile' de 'ProConnect.Core, Version=0.0.0.0, Culture=neutral, PublicKeyToken=null'. Se usar├í el tipo definido en 'C:\Users\Miguel\source\repos\Proconenct\ProConnect.Core\Entities\ProfessionalProfile.cs'. [C:\Users\Miguel\source\repos\Proconenct\Proconenct.csproj]
C:\Users\Miguel\source\repos\Proconenct\ProConnect.Infrastructure\Repositores\ProfessionalProfileRepository.cs(147,72): warning CS0436: El tipo 'ProfileStatus' de 'C:\Users\Miguel\source\repos\Proconenct\ProConnect.Core\Entities\ProfessionalProfile.cs' est├í en conflicto con el tipo importado 'ProfileStatus' de 'ProConnect.Core, Version=0.0.0.0, Culture=neutral, PublicKeyToken=null'. Se usar├í el tipo definido en 'C:\Users\Miguel\source\repos\Proconenct\ProConnect.Core\Entities\ProfessionalProfile.cs'. [C:\Users\Miguel\source\repos\Proconenct\Proconenct.csproj]
C:\Users\Miguel\source\repos\Proconenct\ProConnect.Infrastructure\Repositores\ProfessionalProfileRepository.cs(148,26): warning CS0436: El tipo 'ProfessionalProfile' de 'C:\Users\Miguel\source\repos\Proconenct\ProConnect.Core\Entities\ProfessionalProfile.cs' est├í en conflicto con el tipo importado 'ProfessionalProfile' de 'ProConnect.Core, Version=0.0.0.0, Culture=neutral, PublicKeyToken=null'. Se usar├í el tipo definido en 'C:\Users\Miguel\source\repos\Proconenct\ProConnect.Core\Entities\ProfessionalProfile.cs'. [C:\Users\Miguel\source\repos\Proconenct\Proconenct.csproj]
C:\Users\Miguel\source\repos\Proconenct\ProConnect.Application\Services\BookingService.cs(372,39): warning CS0436: El tipo 'BookingStatus' de 'C:\Users\Miguel\source\repos\Proconenct\ProConnect.Core\Entities\Booking.cs' est├í en conflicto con el tipo importado 'BookingStatus' de 'ProConnect.Core, Version=0.0.0.0, Culture=neutral, PublicKeyToken=null'. Se usar├í el tipo definido en 'C:\Users\Miguel\source\repos\Proconenct\ProConnect.Core\Entities\Booking.cs'. [C:\Users\Miguel\source\repos\Proconenct\Proconenct.csproj]
C:\Users\Miguel\source\repos\Proconenct\ProConnect.Infrastructure\Repositores\BookingRepository.cs(60,39): warning CS0436: El tipo 'Booking' de 'C:\Users\Miguel\source\repos\Proconenct\ProConnect.Core\Entities\Booking.cs' est├í en conflicto con el tipo importado 'Booking' de 'ProConnect.Core, Version=0.0.0.0, Culture=neutral, PublicKeyToken=null'. Se usar├í el tipo definido en 'C:\Users\Miguel\source\repos\Proconenct\ProConnect.Core\Entities\Booking.cs'. [C:\Users\Miguel\source\repos\Proconenct\Proconenct.csproj]
C:\Users\Miguel\source\repos\Proconenct\ProConnect.Infrastructure\Repositores\BookingRepository.cs(61,37): warning CS0436: El tipo 'Booking' de 'C:\Users\Miguel\source\repos\Proconenct\ProConnect.Core\Entities\Booking.cs' est├í en conflicto con el tipo importado 'Booking' de 'ProConnect.Core, Version=0.0.0.0, Culture=neutral, PublicKeyToken=null'. Se usar├í el tipo definido en 'C:\Users\Miguel\source\repos\Proconenct\ProConnect.Core\Entities\Booking.cs'. [C:\Users\Miguel\source\repos\Proconenct\Proconenct.csproj]
C:\Users\Miguel\source\repos\Proconenct\ProConnect.Application\Services\BookingService.cs(410,44): warning CS0436: El tipo 'BookingDto' de 'C:\Users\Miguel\source\repos\Proconenct\ProConnect.Application\DTOs\BookingDto.cs' est├í en conflicto con el tipo importado 'BookingDto' de 'ProConnect.Application, Version=0.0.0.0, Culture=neutral, PublicKeyToken=null'. Se usar├í el tipo definido en 'C:\Users\Miguel\source\repos\Proconenct\ProConnect.Application\DTOs\BookingDto.cs'. [C:\Users\Miguel\source\repos\Proconenct\Proconenct.csproj]
C:\Users\Miguel\source\repos\Proconenct\ProConnect.Infrastructure\Repositores\BookingRepository.cs(80,39): warning CS0436: El tipo 'Booking' de 'C:\Users\Miguel\source\repos\Proconenct\ProConnect.Core\Entities\Booking.cs' est├í en conflicto con el tipo importado 'Booking' de 'ProConnect.Core, Version=0.0.0.0, Culture=neutral, PublicKeyToken=null'. Se usar├í el tipo definido en 'C:\Users\Miguel\source\repos\Proconenct\ProConnect.Core\Entities\Booking.cs'. [C:\Users\Miguel\source\repos\Proconenct\Proconenct.csproj]
C:\Users\Miguel\source\repos\Proconenct\ProConnect.Infrastructure\Repositores\BookingRepository.cs(81,37): warning CS0436: El tipo 'Booking' de 'C:\Users\Miguel\source\repos\Proconenct\ProConnect.Core\Entities\Booking.cs' est├í en conflicto con el tipo importado 'Booking' de 'ProConnect.Core, Version=0.0.0.0, Culture=neutral, PublicKeyToken=null'. Se usar├í el tipo definido en 'C:\Users\Miguel\source\repos\Proconenct\ProConnect.Core\Entities\Booking.cs'. [C:\Users\Miguel\source\repos\Proconenct\Proconenct.csproj]
C:\Users\Miguel\source\repos\Proconenct\ProConnect.Application\Services\BookingService.cs(430,35): warning CS0436: El tipo 'BookingStatus' de 'C:\Users\Miguel\source\repos\Proconenct\ProConnect.Core\Entities\Booking.cs' est├í en conflicto con el tipo importado 'BookingStatus' de 'ProConnect.Core, Version=0.0.0.0, Culture=neutral, PublicKeyToken=null'. Se usar├í el tipo definido en 'C:\Users\Miguel\source\repos\Proconenct\ProConnect.Core\Entities\Booking.cs'. [C:\Users\Miguel\source\repos\Proconenct\Proconenct.csproj]
C:\Users\Miguel\source\repos\Proconenct\ProConnect.Infrastructure\Repositores\BookingRepository.cs(100,39): warning CS0436: El tipo 'Booking' de 'C:\Users\Miguel\source\repos\Proconenct\ProConnect.Core\Entities\Booking.cs' est├í en conflicto con el tipo importado 'Booking' de 'ProConnect.Core, Version=0.0.0.0, Culture=neutral, PublicKeyToken=null'. Se usar├í el tipo definido en 'C:\Users\Miguel\source\repos\Proconenct\ProConnect.Core\Entities\Booking.cs'. [C:\Users\Miguel\source\repos\Proconenct\Proconenct.csproj]
C:\Users\Miguel\source\repos\Proconenct\ProConnect.Infrastructure\Repositores\BookingRepository.cs(101,37): warning CS0436: El tipo 'Booking' de 'C:\Users\Miguel\source\repos\Proconenct\ProConnect.Core\Entities\Booking.cs' est├í en conflicto con el tipo importado 'Booking' de 'ProConnect.Core, Version=0.0.0.0, Culture=neutral, PublicKeyToken=null'. Se usar├í el tipo definido en 'C:\Users\Miguel\source\repos\Proconenct\ProConnect.Core\Entities\Booking.cs'. [C:\Users\Miguel\source\repos\Proconenct\Proconenct.csproj]
C:\Users\Miguel\source\repos\Proconenct\ProConnect.Infrastructure\Repositores\PortfolioRepository.cs(16,50): warning CS0436: El tipo 'PortfolioFile' de 'C:\Users\Miguel\source\repos\Proconenct\ProConnect.Core\Entities\PortfolioFile.cs' est├í en conflicto con el tipo importado 'PortfolioFile' de 'ProConnect.Core, Version=0.0.0.0, Culture=neutral, PublicKeyToken=null'. Se usar├í el tipo definido en 'C:\Users\Miguel\source\repos\Proconenct\ProConnect.Core\Entities\PortfolioFile.cs'. [C:\Users\Miguel\source\repos\Proconenct\Proconenct.csproj]
C:\Users\Miguel\source\repos\Proconenct\ProConnect.Infrastructure\Repositores\BookingRepository.cs(120,39): warning CS0436: El tipo 'Booking' de 'C:\Users\Miguel\source\repos\Proconenct\ProConnect.Core\Entities\Booking.cs' est├í en conflicto con el tipo importado 'Booking' de 'ProConnect.Core, Version=0.0.0.0, Culture=neutral, PublicKeyToken=null'. Se usar├í el tipo definido en 'C:\Users\Miguel\source\repos\Proconenct\ProConnect.Core\Entities\Booking.cs'. [C:\Users\Miguel\source\repos\Proconenct\Proconenct.csproj]
C:\Users\Miguel\source\repos\Proconenct\ProConnect.Infrastructure\Repositores\BookingRepository.cs(121,30): warning CS0436: El tipo 'Booking' de 'C:\Users\Miguel\source\repos\Proconenct\ProConnect.Core\Entities\Booking.cs' est├í en conflicto con el tipo importado 'Booking' de 'ProConnect.Core, Version=0.0.0.0, Culture=neutral, PublicKeyToken=null'. Se usar├í el tipo definido en 'C:\Users\Miguel\source\repos\Proconenct\ProConnect.Core\Entities\Booking.cs'. [C:\Users\Miguel\source\repos\Proconenct\Proconenct.csproj]
C:\Users\Miguel\source\repos\Proconenct\ProConnect.Infrastructure\Repositores\BookingRepository.cs(122,30): warning CS0436: El tipo 'Booking' de 'C:\Users\Miguel\source\repos\Proconenct\ProConnect.Core\Entities\Booking.cs' est├í en conflicto con el tipo importado 'Booking' de 'ProConnect.Core, Version=0.0.0.0, Culture=neutral, PublicKeyToken=null'. Se usar├í el tipo definido en 'C:\Users\Miguel\source\repos\Proconenct\ProConnect.Core\Entities\Booking.cs'. [C:\Users\Miguel\source\repos\Proconenct\Proconenct.csproj]
C:\Users\Miguel\source\repos\Proconenct\ProConnect.Infrastructure\Repositores\BookingRepository.cs(124,37): warning CS0436: El tipo 'Booking' de 'C:\Users\Miguel\source\repos\Proconenct\ProConnect.Core\Entities\Booking.cs' est├í en conflicto con el tipo importado 'Booking' de 'ProConnect.Core, Version=0.0.0.0, Culture=neutral, PublicKeyToken=null'. Se usar├í el tipo definido en 'C:\Users\Miguel\source\repos\Proconenct\ProConnect.Core\Entities\Booking.cs'. [C:\Users\Miguel\source\repos\Proconenct\Proconenct.csproj]
C:\Users\Miguel\source\repos\Proconenct\ProConnect.Application\Services\ProfessionalProfileService.cs(150,66): warning CS0436: El tipo 'ProfileStatus' de 'C:\Users\Miguel\source\repos\Proconenct\ProConnect.Core\Entities\ProfessionalProfile.cs' est├í en conflicto con el tipo importado 'ProfileStatus' de 'ProConnect.Core, Version=0.0.0.0, Culture=neutral, PublicKeyToken=null'. Se usar├í el tipo definido en 'C:\Users\Miguel\source\repos\Proconenct\ProConnect.Core\Entities\ProfessionalProfile.cs'. [C:\Users\Miguel\source\repos\Proconenct\Proconenct.csproj]
C:\Users\Miguel\source\repos\Proconenct\ProConnect.Application\Services\ProfessionalProfileService.cs(152,35): warning CS0436: El tipo 'ProfessionalProfileResponseDto' de 'C:\Users\Miguel\source\repos\Proconenct\ProConnect.Application\DTOs\ProfessionalProfileResponseDto.cs' est├í en conflicto con el tipo importado 'ProfessionalProfileResponseDto' de 'ProConnect.Application, Version=0.0.0.0, Culture=neutral, PublicKeyToken=null'. Se usar├í el tipo definido en 'C:\Users\Miguel\source\repos\Proconenct\ProConnect.Application\DTOs\ProfessionalProfileResponseDto.cs'. [C:\Users\Miguel\source\repos\Proconenct\Proconenct.csproj]
C:\Users\Miguel\source\repos\Proconenct\ProConnect.Infrastructure\Repositores\BookingRepository.cs(145,39): warning CS0436: El tipo 'Booking' de 'C:\Users\Miguel\source\repos\Proconenct\ProConnect.Core\Entities\Booking.cs' est├í en conflicto con el tipo importado 'Booking' de 'ProConnect.Core, Version=0.0.0.0, Culture=neutral, PublicKeyToken=null'. Se usar├í el tipo definido en 'C:\Users\Miguel\source\repos\Proconenct\ProConnect.Core\Entities\Booking.cs'. [C:\Users\Miguel\source\repos\Proconenct\Proconenct.csproj]
C:\Users\Miguel\source\repos\Proconenct\ProConnect.Infrastructure\Repositores\ProfessionalProfileRepository.cs(170,87): warning CS0436: El tipo 'ProfileStatus' de 'C:\Users\Miguel\source\repos\Proconenct\ProConnect.Core\Entities\ProfessionalProfile.cs' est├í en conflicto con el tipo importado 'ProfileStatus' de 'ProConnect.Core, Version=0.0.0.0, Culture=neutral, PublicKeyToken=null'. Se usar├í el tipo definido en 'C:\Users\Miguel\source\repos\Proconenct\ProConnect.Core\Entities\ProfessionalProfile.cs'. [C:\Users\Miguel\source\repos\Proconenct\Proconenct.csproj]
C:\Users\Miguel\source\repos\Proconenct\ProConnect.Infrastructure\Repositores\ProfessionalProfileRepository.cs(171,86): warning CS0436: El tipo 'ProfileStatus' de 'C:\Users\Miguel\source\repos\Proconenct\ProConnect.Core\Entities\ProfessionalProfile.cs' est├í en conflicto con el tipo importado 'ProfileStatus' de 'ProConnect.Core, Version=0.0.0.0, Culture=neutral, PublicKeyToken=null'. Se usar├í el tipo definido en 'C:\Users\Miguel\source\repos\Proconenct\ProConnect.Core\Entities\ProfessionalProfile.cs'. [C:\Users\Miguel\source\repos\Proconenct\Proconenct.csproj]
C:\Users\Miguel\source\repos\Proconenct\ProConnect.Infrastructure\Repositores\ProfessionalProfileRepository.cs(174,41): warning CS0436: El tipo 'ProfileStatus' de 'C:\Users\Miguel\source\repos\Proconenct\ProConnect.Core\Entities\ProfessionalProfile.cs' est├í en conflicto con el tipo importado 'ProfileStatus' de 'ProConnect.Core, Version=0.0.0.0, Culture=neutral, PublicKeyToken=null'. Se usar├í el tipo definido en 'C:\Users\Miguel\source\repos\Proconenct\ProConnect.Core\Entities\ProfessionalProfile.cs'. [C:\Users\Miguel\source\repos\Proconenct\Proconenct.csproj]
C:\Users\Miguel\source\repos\Proconenct\ProConnect.Infrastructure\Repositores\ProfessionalProfileRepository.cs(179,41): warning CS0436: El tipo 'ProfileStatus' de 'C:\Users\Miguel\source\repos\Proconenct\ProConnect.Core\Entities\ProfessionalProfile.cs' est├í en conflicto con el tipo importado 'ProfileStatus' de 'ProConnect.Core, Version=0.0.0.0, Culture=neutral, PublicKeyToken=null'. Se usar├í el tipo definido en 'C:\Users\Miguel\source\repos\Proconenct\ProConnect.Core\Entities\ProfessionalProfile.cs'. [C:\Users\Miguel\source\repos\Proconenct\Proconenct.csproj]
C:\Users\Miguel\source\repos\Proconenct\ProConnect.Infrastructure\Repositores\ProfessionalProfileRepository.cs(183,24): warning CS0436: El tipo 'ProfileStatistics' de 'C:\Users\Miguel\source\repos\Proconenct\ProConnect.Core\Models\ProfileStatistics.cs' est├í en conflicto con el tipo importado 'ProfileStatistics' de 'ProConnect.Core, Version=0.0.0.0, Culture=neutral, PublicKeyToken=null'. Se usar├í el tipo definido en 'C:\Users\Miguel\source\repos\Proconenct\ProConnect.Core\Models\ProfileStatistics.cs'. [C:\Users\Miguel\source\repos\Proconenct\Proconenct.csproj]
C:\Users\Miguel\source\repos\Proconenct\ProConnect.Application\Services\ProfessionalProfileService.cs(171,66): warning CS0436: El tipo 'ProfileStatus' de 'C:\Users\Miguel\source\repos\Proconenct\ProConnect.Core\Entities\ProfessionalProfile.cs' est├í en conflicto con el tipo importado 'ProfileStatus' de 'ProConnect.Core, Version=0.0.0.0, Culture=neutral, PublicKeyToken=null'. Se usar├í el tipo definido en 'C:\Users\Miguel\source\repos\Proconenct\ProConnect.Core\Entities\ProfessionalProfile.cs'. [C:\Users\Miguel\source\repos\Proconenct\Proconenct.csproj]
C:\Users\Miguel\source\repos\Proconenct\ProConnect.Application\Services\ProfessionalProfileService.cs(173,35): warning CS0436: El tipo 'ProfessionalProfileResponseDto' de 'C:\Users\Miguel\source\repos\Proconenct\ProConnect.Application\DTOs\ProfessionalProfileResponseDto.cs' est├í en conflicto con el tipo importado 'ProfessionalProfileResponseDto' de 'ProConnect.Application, Version=0.0.0.0, Culture=neutral, PublicKeyToken=null'. Se usar├í el tipo definido en 'C:\Users\Miguel\source\repos\Proconenct\ProConnect.Application\DTOs\ProfessionalProfileResponseDto.cs'. [C:\Users\Miguel\source\repos\Proconenct\Proconenct.csproj]
C:\Users\Miguel\source\repos\Proconenct\ProConnect.Infrastructure\Repositores\BookingRepository.cs(164,39): warning CS0436: El tipo 'Booking' de 'C:\Users\Miguel\source\repos\Proconenct\ProConnect.Core\Entities\Booking.cs' est├í en conflicto con el tipo importado 'Booking' de 'ProConnect.Core, Version=0.0.0.0, Culture=neutral, PublicKeyToken=null'. Se usar├í el tipo definido en 'C:\Users\Miguel\source\repos\Proconenct\ProConnect.Core\Entities\Booking.cs'. [C:\Users\Miguel\source\repos\Proconenct\Proconenct.csproj]
C:\Users\Miguel\source\repos\Proconenct\ProConnect.Infrastructure\Repositores\ProfessionalProfileRepository.cs(195,35): warning CS0436: El tipo 'ProfessionalProfile' de 'C:\Users\Miguel\source\repos\Proconenct\ProConnect.Core\Entities\ProfessionalProfile.cs' est├í en conflicto con el tipo importado 'ProfessionalProfile' de 'ProConnect.Core, Version=0.0.0.0, Culture=neutral, PublicKeyToken=null'. Se usar├í el tipo definido en 'C:\Users\Miguel\source\repos\Proconenct\ProConnect.Core\Entities\ProfessionalProfile.cs'. [C:\Users\Miguel\source\repos\Proconenct\Proconenct.csproj]
C:\Users\Miguel\source\repos\Proconenct\ProConnect.Application\Services\BookingService.cs(451,27): warning CS0436: El tipo 'BookingDto' de 'C:\Users\Miguel\source\repos\Proconenct\ProConnect.Application\DTOs\BookingDto.cs' est├í en conflicto con el tipo importado 'BookingDto' de 'ProConnect.Application, Version=0.0.0.0, Culture=neutral, PublicKeyToken=null'. Se usar├í el tipo definido en 'C:\Users\Miguel\source\repos\Proconenct\ProConnect.Application\DTOs\BookingDto.cs'. [C:\Users\Miguel\source\repos\Proconenct\Proconenct.csproj]
C:\Users\Miguel\source\repos\Proconenct\ProConnect.Application\Services\BookingService.cs(472,42): warning CS0436: El tipo 'MeetingDetailsDto' de 'C:\Users\Miguel\source\repos\Proconenct\ProConnect.Application\DTOs\BookingDto.cs' est├í en conflicto con el tipo importado 'MeetingDetailsDto' de 'ProConnect.Application, Version=0.0.0.0, Culture=neutral, PublicKeyToken=null'. Se usar├í el tipo definido en 'C:\Users\Miguel\source\repos\Proconenct\ProConnect.Application\DTOs\BookingDto.cs'. [C:\Users\Miguel\source\repos\Proconenct\Proconenct.csproj]
C:\Users\Miguel\source\repos\Proconenct\ProConnect.Application\Services\ProfessionalProfileService.cs(219,29): warning CS0436: El tipo 'AvailabilityBlock' de 'C:\Users\Miguel\source\repos\Proconenct\ProConnect.Core\Entities\ProfessionalProfile.cs' est├í en conflicto con el tipo importado 'AvailabilityBlock' de 'ProConnect.Core, Version=0.0.0.0, Culture=neutral, PublicKeyToken=null'. Se usar├í el tipo definido en 'C:\Users\Miguel\source\repos\Proconenct\ProConnect.Core\Entities\ProfessionalProfile.cs'. [C:\Users\Miguel\source\repos\Proconenct\Proconenct.csproj]
C:\Users\Miguel\source\repos\Proconenct\ProConnect.Application\Services\ProfessionalProfileService.cs(229,24): warning CS0436: El tipo 'AvailabilityBlockDto' de 'C:\Users\Miguel\source\repos\Proconenct\ProConnect.Application\DTOs\Shared\CommonDtos.cs' est├í en conflicto con el tipo importado 'AvailabilityBlockDto' de 'ProConnect.Application, Version=0.0.0.0, Culture=neutral, PublicKeyToken=null'. Se usar├í el tipo definido en 'C:\Users\Miguel\source\repos\Proconenct\ProConnect.Application\DTOs\Shared\CommonDtos.cs'. [C:\Users\Miguel\source\repos\Proconenct\Proconenct.csproj]
C:\Users\Miguel\source\repos\Proconenct\ProConnect.Application\Services\ProfessionalProfileService.cs(247,63): warning CS0436: El tipo 'AvailabilityBlockDto' de 'C:\Users\Miguel\source\repos\Proconenct\ProConnect.Application\DTOs\Shared\CommonDtos.cs' est├í en conflicto con el tipo importado 'AvailabilityBlockDto' de 'ProConnect.Application, Version=0.0.0.0, Culture=neutral, PublicKeyToken=null'. Se usar├í el tipo definido en 'C:\Users\Miguel\source\repos\Proconenct\ProConnect.Application\DTOs\Shared\CommonDtos.cs'. [C:\Users\Miguel\source\repos\Proconenct\Proconenct.csproj]
C:\Users\Miguel\source\repos\Proconenct\ProConnect.Infrastructure\Repositores\PortfolioRepository.cs(44,35): warning CS0436: El tipo 'PortfolioFile' de 'C:\Users\Miguel\source\repos\Proconenct\ProConnect.Core\Entities\PortfolioFile.cs' est├í en conflicto con el tipo importado 'PortfolioFile' de 'ProConnect.Core, Version=0.0.0.0, Culture=neutral, PublicKeyToken=null'. Se usar├í el tipo definido en 'C:\Users\Miguel\source\repos\Proconenct\ProConnect.Core\Entities\PortfolioFile.cs'. [C:\Users\Miguel\source\repos\Proconenct\Proconenct.csproj]
C:\Users\Miguel\source\repos\Proconenct\ProConnect.Infrastructure\Repositores\BookingRepository.cs(183,39): warning CS0436: El tipo 'Booking' de 'C:\Users\Miguel\source\repos\Proconenct\ProConnect.Core\Entities\Booking.cs' est├í en conflicto con el tipo importado 'Booking' de 'ProConnect.Core, Version=0.0.0.0, Culture=neutral, PublicKeyToken=null'. Se usar├í el tipo definido en 'C:\Users\Miguel\source\repos\Proconenct\ProConnect.Core\Entities\Booking.cs'. [C:\Users\Miguel\source\repos\Proconenct\Proconenct.csproj]
C:\Users\Miguel\source\repos\Proconenct\ProConnect.Application\Services\ProfessionalProfileService.cs(286,28): warning CS0436: El tipo 'AvailabilityCheckResponseDto' de 'C:\Users\Miguel\source\repos\Proconenct\ProConnect.Application\DTOs\Shared\CommonDtos.cs' est├í en conflicto con el tipo importado 'AvailabilityCheckResponseDto' de 'ProConnect.Application, Version=0.0.0.0, Culture=neutral, PublicKeyToken=null'. Se usar├í el tipo definido en 'C:\Users\Miguel\source\repos\Proconenct\ProConnect.Application\DTOs\Shared\CommonDtos.cs'. [C:\Users\Miguel\source\repos\Proconenct\Proconenct.csproj]
C:\Users\Miguel\source\repos\Proconenct\ProConnect.Application\Services\ProfessionalProfileService.cs(289,47): warning CS0436: El tipo 'AvailableSlotDto' de 'C:\Users\Miguel\source\repos\Proconenct\ProConnect.Application\DTOs\Shared\CommonDtos.cs' est├í en conflicto con el tipo importado 'AvailableSlotDto' de 'ProConnect.Application, Version=0.0.0.0, Culture=neutral, PublicKeyToken=null'. Se usar├í el tipo definido en 'C:\Users\Miguel\source\repos\Proconenct\ProConnect.Application\DTOs\Shared\CommonDtos.cs'. [C:\Users\Miguel\source\repos\Proconenct\Proconenct.csproj]
C:\Users\Miguel\source\repos\Proconenct\ProConnect.Application\Services\ProfessionalProfileService.cs(295,13): warning CS0436: El tipo 'DaySchedule' de 'C:\Users\Miguel\source\repos\Proconenct\ProConnect.Core\Entities\ProfessionalProfile.cs' est├í en conflicto con el tipo importado 'DaySchedule' de 'ProConnect.Core, Version=0.0.0.0, Culture=neutral, PublicKeyToken=null'. Se usar├í el tipo definido en 'C:\Users\Miguel\source\repos\Proconenct\ProConnect.Core\Entities\ProfessionalProfile.cs'. [C:\Users\Miguel\source\repos\Proconenct\Proconenct.csproj]
C:\Users\Miguel\source\repos\Proconenct\ProConnect.Application\Services\ProfessionalProfileService.cs(307,34): warning CS0436: El tipo 'AvailableSlotDto' de 'C:\Users\Miguel\source\repos\Proconenct\ProConnect.Application\DTOs\Shared\CommonDtos.cs' est├í en conflicto con el tipo importado 'AvailableSlotDto' de 'ProConnect.Application, Version=0.0.0.0, Culture=neutral, PublicKeyToken=null'. Se usar├í el tipo definido en 'C:\Users\Miguel\source\repos\Proconenct\ProConnect.Application\DTOs\Shared\CommonDtos.cs'. [C:\Users\Miguel\source\repos\Proconenct\Proconenct.csproj]
C:\Users\Miguel\source\repos\Proconenct\ProConnect.Application\Services\ProfessionalProfileService.cs(310,31): warning CS0436: El tipo 'AvailableSlotDto' de 'C:\Users\Miguel\source\repos\Proconenct\ProConnect.Application\DTOs\Shared\CommonDtos.cs' est├í en conflicto con el tipo importado 'AvailableSlotDto' de 'ProConnect.Application, Version=0.0.0.0, Culture=neutral, PublicKeyToken=null'. Se usar├í el tipo definido en 'C:\Users\Miguel\source\repos\Proconenct\ProConnect.Application\DTOs\Shared\CommonDtos.cs'. [C:\Users\Miguel\source\repos\Proconenct\Proconenct.csproj]
C:\Users\Miguel\source\repos\Proconenct\ProConnect.Application\Services\ProfessionalProfileService.cs(317,24): warning CS0436: El tipo 'AvailabilityCheckResponseDto' de 'C:\Users\Miguel\source\repos\Proconenct\ProConnect.Application\DTOs\Shared\CommonDtos.cs' est├í en conflicto con el tipo importado 'AvailabilityCheckResponseDto' de 'ProConnect.Application, Version=0.0.0.0, Culture=neutral, PublicKeyToken=null'. Se usar├í el tipo definido en 'C:\Users\Miguel\source\repos\Proconenct\ProConnect.Application\DTOs\Shared\CommonDtos.cs'. [C:\Users\Miguel\source\repos\Proconenct\Proconenct.csproj]
C:\Users\Miguel\source\repos\Proconenct\ProConnect.Application\Services\ProfessionalProfileService.cs(337,31): warning CS0436: El tipo 'Service' de 'C:\Users\Miguel\source\repos\Proconenct\ProConnect.Core\Entities\ProfessionalProfile.cs' est├í en conflicto con el tipo importado 'Service' de 'ProConnect.Core, Version=0.0.0.0, Culture=neutral, PublicKeyToken=null'. Se usar├í el tipo definido en 'C:\Users\Miguel\source\repos\Proconenct\ProConnect.Core\Entities\ProfessionalProfile.cs'. [C:\Users\Miguel\source\repos\Proconenct\Proconenct.csproj]
C:\Users\Miguel\source\repos\Proconenct\ProConnect.Application\Services\ProfessionalProfileService.cs(341,25): warning CS0436: El tipo 'ServiceType' de 'C:\Users\Miguel\source\repos\Proconenct\ProConnect.Core\Entities\ProfessionalProfile.cs' est├í en conflicto con el tipo importado 'ServiceType' de 'ProConnect.Core, Version=0.0.0.0, Culture=neutral, PublicKeyToken=null'. Se usar├í el tipo definido en 'C:\Users\Miguel\source\repos\Proconenct\ProConnect.Core\Entities\ProfessionalProfile.cs'. [C:\Users\Miguel\source\repos\Proconenct\Proconenct.csproj]
C:\Users\Miguel\source\repos\Proconenct\ProConnect.Application\Services\ProfessionalProfileService.cs(365,29): warning CS0436: El tipo 'ServiceType' de 'C:\Users\Miguel\source\repos\Proconenct\ProConnect.Core\Entities\ProfessionalProfile.cs' est├í en conflicto con el tipo importado 'ServiceType' de 'ProConnect.Core, Version=0.0.0.0, Culture=neutral, PublicKeyToken=null'. Se usar├í el tipo definido en 'C:\Users\Miguel\source\repos\Proconenct\ProConnect.Core\Entities\ProfessionalProfile.cs'. [C:\Users\Miguel\source\repos\Proconenct\Proconenct.csproj]
C:\Users\Miguel\source\repos\Proconenct\ProConnect.Infrastructure\Repositores\ProfessionalProfileRepository.cs(202,35): warning CS0436: El tipo 'ProfessionalProfile' de 'C:\Users\Miguel\source\repos\Proconenct\ProConnect.Core\Entities\ProfessionalProfile.cs' est├í en conflicto con el tipo importado 'ProfessionalProfile' de 'ProConnect.Core, Version=0.0.0.0, Culture=neutral, PublicKeyToken=null'. Se usar├í el tipo definido en 'C:\Users\Miguel\source\repos\Proconenct\ProConnect.Core\Entities\ProfessionalProfile.cs'. [C:\Users\Miguel\source\repos\Proconenct\Proconenct.csproj]
C:\Users\Miguel\source\repos\Proconenct\ProConnect.Infrastructure\Repositores\ProfessionalProfileRepository.cs(203,26): warning CS0436: El tipo 'ProfessionalProfile' de 'C:\Users\Miguel\source\repos\Proconenct\ProConnect.Core\Entities\ProfessionalProfile.cs' est├í en conflicto con el tipo importado 'ProfessionalProfile' de 'ProConnect.Core, Version=0.0.0.0, Culture=neutral, PublicKeyToken=null'. Se usar├í el tipo definido en 'C:\Users\Miguel\source\repos\Proconenct\ProConnect.Core\Entities\ProfessionalProfile.cs'. [C:\Users\Miguel\source\repos\Proconenct\Proconenct.csproj]
C:\Users\Miguel\source\repos\Proconenct\ProConnect.Infrastructure\Repositores\ProfessionalProfileRepository.cs(204,26): warning CS0436: El tipo 'ProfessionalProfile' de 'C:\Users\Miguel\source\repos\Proconenct\ProConnect.Core\Entities\ProfessionalProfile.cs' est├í en conflicto con el tipo importado 'ProfessionalProfile' de 'ProConnect.Core, Version=0.0.0.0, Culture=neutral, PublicKeyToken=null'. Se usar├í el tipo definido en 'C:\Users\Miguel\source\repos\Proconenct\ProConnect.Core\Entities\ProfessionalProfile.cs'. [C:\Users\Miguel\source\repos\Proconenct\Proconenct.csproj]
C:\Users\Miguel\source\repos\Proconenct\ProConnect.Infrastructure\Repositores\ProfessionalProfileRepository.cs(206,35): warning CS0436: El tipo 'ProfessionalProfile' de 'C:\Users\Miguel\source\repos\Proconenct\ProConnect.Core\Entities\ProfessionalProfile.cs' est├í en conflicto con el tipo importado 'ProfessionalProfile' de 'ProConnect.Core, Version=0.0.0.0, Culture=neutral, PublicKeyToken=null'. Se usar├í el tipo definido en 'C:\Users\Miguel\source\repos\Proconenct\ProConnect.Core\Entities\ProfessionalProfile.cs'. [C:\Users\Miguel\source\repos\Proconenct\Proconenct.csproj]
C:\Users\Miguel\source\repos\Proconenct\ProConnect.Infrastructure\Repositores\BookingRepository.cs(202,33): warning CS0436: El tipo 'BookingStatus' de 'C:\Users\Miguel\source\repos\Proconenct\ProConnect.Core\Entities\Booking.cs' est├í en conflicto con el tipo importado 'BookingStatus' de 'ProConnect.Core, Version=0.0.0.0, Culture=neutral, PublicKeyToken=null'. Se usar├í el tipo definido en 'C:\Users\Miguel\source\repos\Proconenct\ProConnect.Core\Entities\Booking.cs'. [C:\Users\Miguel\source\repos\Proconenct\Proconenct.csproj]
C:\Users\Miguel\source\repos\Proconenct\ProConnect.Infrastructure\Repositores\ProfessionalProfileRepository.cs(219,35): warning CS0436: El tipo 'ProfessionalProfile' de 'C:\Users\Miguel\source\repos\Proconenct\ProConnect.Core\Entities\ProfessionalProfile.cs' est├í en conflicto con el tipo importado 'ProfessionalProfile' de 'ProConnect.Core, Version=0.0.0.0, Culture=neutral, PublicKeyToken=null'. Se usar├í el tipo definido en 'C:\Users\Miguel\source\repos\Proconenct\ProConnect.Core\Entities\ProfessionalProfile.cs'. [C:\Users\Miguel\source\repos\Proconenct\Proconenct.csproj]
C:\Users\Miguel\source\repos\Proconenct\ProConnect.Application\Services\ProfessionalProfileService.cs(386,45): warning CS0436: El tipo 'ServiceDto' de 'C:\Users\Miguel\source\repos\Proconenct\ProConnect.Application\DTOs\Shared\CommonDtos.cs' est├í en conflicto con el tipo importado 'ServiceDto' de 'ProConnect.Application, Version=0.0.0.0, Culture=neutral, PublicKeyToken=null'. Se usar├í el tipo definido en 'C:\Users\Miguel\source\repos\Proconenct\ProConnect.Application\DTOs\Shared\CommonDtos.cs'. [C:\Users\Miguel\source\repos\Proconenct\Proconenct.csproj]
C:\Users\Miguel\source\repos\Proconenct\ProConnect.Application\Services\ProfessionalProfileService.cs(391,25): warning CS0436: El tipo 'ServiceTypeDto' de 'C:\Users\Miguel\source\repos\Proconenct\ProConnect.Application\DTOs\Shared\CommonDtos.cs' est├í en conflicto con el tipo importado 'ServiceTypeDto' de 'ProConnect.Application, Version=0.0.0.0, Culture=neutral, PublicKeyToken=null'. Se usar├í el tipo definido en 'C:\Users\Miguel\source\repos\Proconenct\ProConnect.Application\DTOs\Shared\CommonDtos.cs'. [C:\Users\Miguel\source\repos\Proconenct\Proconenct.csproj]
C:\Users\Miguel\source\repos\Proconenct\ProConnect.Infrastructure\Repositores\BookingRepository.cs(238,39): warning CS0436: El tipo 'Booking' de 'C:\Users\Miguel\source\repos\Proconenct\ProConnect.Core\Entities\Booking.cs' est├í en conflicto con el tipo importado 'Booking' de 'ProConnect.Core, Version=0.0.0.0, Culture=neutral, PublicKeyToken=null'. Se usar├í el tipo definido en 'C:\Users\Miguel\source\repos\Proconenct\ProConnect.Core\Entities\Booking.cs'. [C:\Users\Miguel\source\repos\Proconenct\Proconenct.csproj]
C:\Users\Miguel\source\repos\Proconenct\ProConnect.Infrastructure\Repositores\BookingRepository.cs(239,30): warning CS0436: El tipo 'Booking' de 'C:\Users\Miguel\source\repos\Proconenct\ProConnect.Core\Entities\Booking.cs' est├í en conflicto con el tipo importado 'Booking' de 'ProConnect.Core, Version=0.0.0.0, Culture=neutral, PublicKeyToken=null'. Se usar├í el tipo definido en 'C:\Users\Miguel\source\repos\Proconenct\ProConnect.Core\Entities\Booking.cs'. [C:\Users\Miguel\source\repos\Proconenct\Proconenct.csproj]
C:\Users\Miguel\source\repos\Proconenct\ProConnect.Infrastructure\Repositores\BookingRepository.cs(240,30): warning CS0436: El tipo 'Booking' de 'C:\Users\Miguel\source\repos\Proconenct\ProConnect.Core\Entities\Booking.cs' est├í en conflicto con el tipo importado 'Booking' de 'ProConnect.Core, Version=0.0.0.0, Culture=neutral, PublicKeyToken=null'. Se usar├í el tipo definido en 'C:\Users\Miguel\source\repos\Proconenct\ProConnect.Core\Entities\Booking.cs'. [C:\Users\Miguel\source\repos\Proconenct\Proconenct.csproj]
C:\Users\Miguel\source\repos\Proconenct\ProConnect.Infrastructure\Repositores\BookingRepository.cs(241,30): warning CS0436: El tipo 'Booking' de 'C:\Users\Miguel\source\repos\Proconenct\ProConnect.Core\Entities\Booking.cs' est├í en conflicto con el tipo importado 'Booking' de 'ProConnect.Core, Version=0.0.0.0, Culture=neutral, PublicKeyToken=null'. Se usar├í el tipo definido en 'C:\Users\Miguel\source\repos\Proconenct\ProConnect.Core\Entities\Booking.cs'. [C:\Users\Miguel\source\repos\Proconenct\Proconenct.csproj]
C:\Users\Miguel\source\repos\Proconenct\ProConnect.Infrastructure\Repositores\BookingRepository.cs(241,64): warning CS0436: El tipo 'BookingStatus' de 'C:\Users\Miguel\source\repos\Proconenct\ProConnect.Core\Entities\Booking.cs' est├í en conflicto con el tipo importado 'BookingStatus' de 'ProConnect.Core, Version=0.0.0.0, Culture=neutral, PublicKeyToken=null'. Se usar├í el tipo definido en 'C:\Users\Miguel\source\repos\Proconenct\ProConnect.Core\Entities\Booking.cs'. [C:\Users\Miguel\source\repos\Proconenct\Proconenct.csproj]
C:\Users\Miguel\source\repos\Proconenct\ProConnect.Infrastructure\Repositores\BookingRepository.cs(243,37): warning CS0436: El tipo 'Booking' de 'C:\Users\Miguel\source\repos\Proconenct\ProConnect.Core\Entities\Booking.cs' est├í en conflicto con el tipo importado 'Booking' de 'ProConnect.Core, Version=0.0.0.0, Culture=neutral, PublicKeyToken=null'. Se usar├í el tipo definido en 'C:\Users\Miguel\source\repos\Proconenct\ProConnect.Core\Entities\Booking.cs'. [C:\Users\Miguel\source\repos\Proconenct\Proconenct.csproj]
C:\Users\Miguel\source\repos\Proconenct\ProConnect.Application\Services\ProfessionalProfileService.cs(403,24): warning CS0436: El tipo 'AvailabilitySchedule' de 'C:\Users\Miguel\source\repos\Proconenct\ProConnect.Core\Entities\ProfessionalProfile.cs' est├í en conflicto con el tipo importado 'AvailabilitySchedule' de 'ProConnect.Core, Version=0.0.0.0, Culture=neutral, PublicKeyToken=null'. Se usar├í el tipo definido en 'C:\Users\Miguel\source\repos\Proconenct\ProConnect.Core\Entities\ProfessionalProfile.cs'. [C:\Users\Miguel\source\repos\Proconenct\Proconenct.csproj]
C:\Users\Miguel\source\repos\Proconenct\ProConnect.Application\Services\ProfessionalProfileService.cs(421,24): warning CS0436: El tipo 'DaySchedule' de 'C:\Users\Miguel\source\repos\Proconenct\ProConnect.Core\Entities\ProfessionalProfile.cs' est├í en conflicto con el tipo importado 'DaySchedule' de 'ProConnect.Core, Version=0.0.0.0, Culture=neutral, PublicKeyToken=null'. Se usar├í el tipo definido en 'C:\Users\Miguel\source\repos\Proconenct\ProConnect.Core\Entities\ProfessionalProfile.cs'. [C:\Users\Miguel\source\repos\Proconenct\Proconenct.csproj]
C:\Users\Miguel\source\repos\Proconenct\ProConnect.Infrastructure\Repositores\ProfessionalProfileRepository.cs(227,50): warning CS0436: El tipo 'Service' de 'C:\Users\Miguel\source\repos\Proconenct\ProConnect.Core\Entities\ProfessionalProfile.cs' est├í en conflicto con el tipo importado 'Service' de 'ProConnect.Core, Version=0.0.0.0, Culture=neutral, PublicKeyToken=null'. Se usar├í el tipo definido en 'C:\Users\Miguel\source\repos\Proconenct\ProConnect.Core\Entities\ProfessionalProfile.cs'. [C:\Users\Miguel\source\repos\Proconenct\Proconenct.csproj]
C:\Users\Miguel\source\repos\Proconenct\ProConnect.Infrastructure\Repositores\BookingRepository.cs(261,39): warning CS0436: El tipo 'Booking' de 'C:\Users\Miguel\source\repos\Proconenct\ProConnect.Core\Entities\Booking.cs' est├í en conflicto con el tipo importado 'Booking' de 'ProConnect.Core, Version=0.0.0.0, Culture=neutral, PublicKeyToken=null'. Se usar├í el tipo definido en 'C:\Users\Miguel\source\repos\Proconenct\ProConnect.Core\Entities\Booking.cs'. [C:\Users\Miguel\source\repos\Proconenct\Proconenct.csproj]
C:\Users\Miguel\source\repos\Proconenct\ProConnect.Infrastructure\Repositores\BookingRepository.cs(262,30): warning CS0436: El tipo 'Booking' de 'C:\Users\Miguel\source\repos\Proconenct\ProConnect.Core\Entities\Booking.cs' est├í en conflicto con el tipo importado 'Booking' de 'ProConnect.Core, Version=0.0.0.0, Culture=neutral, PublicKeyToken=null'. Se usar├í el tipo definido en 'C:\Users\Miguel\source\repos\Proconenct\ProConnect.Core\Entities\Booking.cs'. [C:\Users\Miguel\source\repos\Proconenct\Proconenct.csproj]
C:\Users\Miguel\source\repos\Proconenct\ProConnect.Infrastructure\Repositores\BookingRepository.cs(263,30): warning CS0436: El tipo 'Booking' de 'C:\Users\Miguel\source\repos\Proconenct\ProConnect.Core\Entities\Booking.cs' est├í en conflicto con el tipo importado 'Booking' de 'ProConnect.Core, Version=0.0.0.0, Culture=neutral, PublicKeyToken=null'. Se usar├í el tipo definido en 'C:\Users\Miguel\source\repos\Proconenct\ProConnect.Core\Entities\Booking.cs'. [C:\Users\Miguel\source\repos\Proconenct\Proconenct.csproj]
C:\Users\Miguel\source\repos\Proconenct\ProConnect.Infrastructure\Repositores\BookingRepository.cs(263,64): warning CS0436: El tipo 'BookingStatus' de 'C:\Users\Miguel\source\repos\Proconenct\ProConnect.Core\Entities\Booking.cs' est├í en conflicto con el tipo importado 'BookingStatus' de 'ProConnect.Core, Version=0.0.0.0, Culture=neutral, PublicKeyToken=null'. Se usar├í el tipo definido en 'C:\Users\Miguel\source\repos\Proconenct\ProConnect.Core\Entities\Booking.cs'. [C:\Users\Miguel\source\repos\Proconenct\Proconenct.csproj]
C:\Users\Miguel\source\repos\Proconenct\ProConnect.Infrastructure\Repositores\BookingRepository.cs(265,37): warning CS0436: El tipo 'Booking' de 'C:\Users\Miguel\source\repos\Proconenct\ProConnect.Core\Entities\Booking.cs' est├í en conflicto con el tipo importado 'Booking' de 'ProConnect.Core, Version=0.0.0.0, Culture=neutral, PublicKeyToken=null'. Se usar├í el tipo definido en 'C:\Users\Miguel\source\repos\Proconenct\ProConnect.Core\Entities\Booking.cs'. [C:\Users\Miguel\source\repos\Proconenct\Proconenct.csproj]
C:\Users\Miguel\source\repos\Proconenct\ProConnect.Infrastructure\Repositores\BookingRepository.cs(283,39): warning CS0436: El tipo 'Booking' de 'C:\Users\Miguel\source\repos\Proconenct\ProConnect.Core\Entities\Booking.cs' est├í en conflicto con el tipo importado 'Booking' de 'ProConnect.Core, Version=0.0.0.0, Culture=neutral, PublicKeyToken=null'. Se usar├í el tipo definido en 'C:\Users\Miguel\source\repos\Proconenct\ProConnect.Core\Entities\Booking.cs'. [C:\Users\Miguel\source\repos\Proconenct\Proconenct.csproj]
C:\Users\Miguel\source\repos\Proconenct\ProConnect.Application\Services\ProfessionalProfileService.cs(436,35): warning CS0436: El tipo 'ProfessionalProfileResponseDto' de 'C:\Users\Miguel\source\repos\Proconenct\ProConnect.Application\DTOs\ProfessionalProfileResponseDto.cs' est├í en conflicto con el tipo importado 'ProfessionalProfileResponseDto' de 'ProConnect.Application, Version=0.0.0.0, Culture=neutral, PublicKeyToken=null'. Se usar├í el tipo definido en 'C:\Users\Miguel\source\repos\Proconenct\ProConnect.Application\DTOs\ProfessionalProfileResponseDto.cs'. [C:\Users\Miguel\source\repos\Proconenct\Proconenct.csproj]
C:\Users\Miguel\source\repos\Proconenct\ProConnect.Application\Services\ProfessionalProfileService.cs(450,27): warning CS0436: El tipo 'ProfileStatusDto' de 'C:\Users\Miguel\source\repos\Proconenct\ProConnect.Application\DTOs\Shared\CommonDtos.cs' est├í en conflicto con el tipo importado 'ProfileStatusDto' de 'ProConnect.Application, Version=0.0.0.0, Culture=neutral, PublicKeyToken=null'. Se usar├í el tipo definido en 'C:\Users\Miguel\source\repos\Proconenct\ProConnect.Application\DTOs\Shared\CommonDtos.cs'. [C:\Users\Miguel\source\repos\Proconenct\Proconenct.csproj]
C:\Users\Miguel\source\repos\Proconenct\ProConnect.Application\Services\ProfessionalProfileService.cs(434,60): warning CS1998: El m├®todo asincr├│nico carece de operadores "await" y se ejecutar├í de forma sincr├│nica. Puede usar el operador 'await' para esperar llamadas API que no sean de bloqueo o 'await Task.Run(...)' para hacer tareas enlazadas a la CPU en un subproceso en segundo plano. [C:\Users\Miguel\source\repos\Proconenct\Proconenct.csproj]
C:\Users\Miguel\source\repos\Proconenct\ProConnect.Application\Services\ProfessionalProfileService.cs(485,24): warning CS0436: El tipo 'PortfolioItemDto' de 'C:\Users\Miguel\source\repos\Proconenct\ProConnect.Application\DTOs\ProfessionalProfileResponseDto.cs' est├í en conflicto con el tipo importado 'PortfolioItemDto' de 'ProConnect.Application, Version=0.0.0.0, Culture=neutral, PublicKeyToken=null'. Se usar├í el tipo definido en 'C:\Users\Miguel\source\repos\Proconenct\ProConnect.Application\DTOs\ProfessionalProfileResponseDto.cs'. [C:\Users\Miguel\source\repos\Proconenct\Proconenct.csproj]
C:\Users\Miguel\source\repos\Proconenct\ProConnect.Application\Services\ProfessionalProfileService.cs(500,24): warning CS0436: El tipo 'AvailabilityScheduleDto' de 'C:\Users\Miguel\source\repos\Proconenct\ProConnect.Application\DTOs\Shared\CommonDtos.cs' est├í en conflicto con el tipo importado 'AvailabilityScheduleDto' de 'ProConnect.Application, Version=0.0.0.0, Culture=neutral, PublicKeyToken=null'. Se usar├í el tipo definido en 'C:\Users\Miguel\source\repos\Proconenct\ProConnect.Application\DTOs\Shared\CommonDtos.cs'. [C:\Users\Miguel\source\repos\Proconenct\Proconenct.csproj]
C:\Users\Miguel\source\repos\Proconenct\ProConnect.Infrastructure\Repositores\BookingRepository.cs(297,39): warning CS0436: El tipo 'Booking' de 'C:\Users\Miguel\source\repos\Proconenct\ProConnect.Core\Entities\Booking.cs' est├í en conflicto con el tipo importado 'Booking' de 'ProConnect.Core, Version=0.0.0.0, Culture=neutral, PublicKeyToken=null'. Se usar├í el tipo definido en 'C:\Users\Miguel\source\repos\Proconenct\ProConnect.Core\Entities\Booking.cs'. [C:\Users\Miguel\source\repos\Proconenct\Proconenct.csproj]
C:\Users\Miguel\source\repos\Proconenct\ProConnect.Application\Services\ProfessionalProfileService.cs(518,24): warning CS0436: El tipo 'DayScheduleDto' de 'C:\Users\Miguel\source\repos\Proconenct\ProConnect.Application\DTOs\Shared\CommonDtos.cs' est├í en conflicto con el tipo importado 'DayScheduleDto' de 'ProConnect.Application, Version=0.0.0.0, Culture=neutral, PublicKeyToken=null'. Se usar├í el tipo definido en 'C:\Users\Miguel\source\repos\Proconenct\ProConnect.Application\DTOs\Shared\CommonDtos.cs'. [C:\Users\Miguel\source\repos\Proconenct\Proconenct.csproj]
C:\Users\Miguel\source\repos\Proconenct\ProConnect.Infrastructure\Repositores\BookingRepository.cs(311,39): warning CS0436: El tipo 'Booking' de 'C:\Users\Miguel\source\repos\Proconenct\ProConnect.Core\Entities\Booking.cs' est├í en conflicto con el tipo importado 'Booking' de 'ProConnect.Core, Version=0.0.0.0, Culture=neutral, PublicKeyToken=null'. Se usar├í el tipo definido en 'C:\Users\Miguel\source\repos\Proconenct\ProConnect.Core\Entities\Booking.cs'. [C:\Users\Miguel\source\repos\Proconenct\Proconenct.csproj]
C:\Users\Miguel\source\repos\Proconenct\ProConnect.Infrastructure\Repositores\ProfessionalProfileRepository.cs(233,36): warning CS0436: El tipo 'ProfessionalProfile' de 'C:\Users\Miguel\source\repos\Proconenct\ProConnect.Core\Entities\ProfessionalProfile.cs' est├í en conflicto con el tipo importado 'ProfessionalProfile' de 'ProConnect.Core, Version=0.0.0.0, Culture=neutral, PublicKeyToken=null'. Se usar├í el tipo definido en 'C:\Users\Miguel\source\repos\Proconenct\ProConnect.Core\Entities\ProfessionalProfile.cs'. [C:\Users\Miguel\source\repos\Proconenct\Proconenct.csproj]
C:\Users\Miguel\source\repos\Proconenct\ProConnect.Infrastructure\Repositores\ProfessionalProfileRepository.cs(234,56): warning CS0436: El tipo 'ProfessionalProfile' de 'C:\Users\Miguel\source\repos\Proconenct\ProConnect.Core\Entities\ProfessionalProfile.cs' est├í en conflicto con el tipo importado 'ProfessionalProfile' de 'ProConnect.Core, Version=0.0.0.0, Culture=neutral, PublicKeyToken=null'. Se usar├í el tipo definido en 'C:\Users\Miguel\source\repos\Proconenct\ProConnect.Core\Entities\ProfessionalProfile.cs'. [C:\Users\Miguel\source\repos\Proconenct\Proconenct.csproj]
C:\Users\Miguel\source\repos\Proconenct\ProConnect.Infrastructure\Repositores\ProfessionalProfileRepository.cs(236,43): warning CS0436: El tipo 'ProfileStatus' de 'C:\Users\Miguel\source\repos\Proconenct\ProConnect.Core\Entities\ProfessionalProfile.cs' est├í en conflicto con el tipo importado 'ProfileStatus' de 'ProConnect.Core, Version=0.0.0.0, Culture=neutral, PublicKeyToken=null'. Se usar├í el tipo definido en 'C:\Users\Miguel\source\repos\Proconenct\ProConnect.Core\Entities\ProfessionalProfile.cs'. [C:\Users\Miguel\source\repos\Proconenct\Proconenct.csproj]
C:\Users\Miguel\source\repos\Proconenct\ProConnect.Infrastructure\Repositores\ProfessionalProfileRepository.cs(283,92): warning CS0436: El tipo 'ProfessionalProfile' de 'C:\Users\Miguel\source\repos\Proconenct\ProConnect.Core\Entities\ProfessionalProfile.cs' est├í en conflicto con el tipo importado 'ProfessionalProfile' de 'ProConnect.Core, Version=0.0.0.0, Culture=neutral, PublicKeyToken=null'. Se usar├í el tipo definido en 'C:\Users\Miguel\source\repos\Proconenct\ProConnect.Core\Entities\ProfessionalProfile.cs'. [C:\Users\Miguel\source\repos\Proconenct\Proconenct.csproj]
C:\Users\Miguel\source\repos\Proconenct\ProConnect.Infrastructure\Repositores\ProfessionalProfileRepository.cs(295,33): warning CS0436: El tipo 'ProfessionalProfile' de 'C:\Users\Miguel\source\repos\Proconenct\ProConnect.Core\Entities\ProfessionalProfile.cs' est├í en conflicto con el tipo importado 'ProfessionalProfile' de 'ProConnect.Core, Version=0.0.0.0, Culture=neutral, PublicKeyToken=null'. Se usar├í el tipo definido en 'C:\Users\Miguel\source\repos\Proconenct\ProConnect.Core\Entities\ProfessionalProfile.cs'. [C:\Users\Miguel\source\repos\Proconenct\Proconenct.csproj]
C:\Users\Miguel\source\repos\Proconenct\ProConnect.Infrastructure\Repositores\ProfessionalProfileRepository.cs(299,37): warning CS0436: El tipo 'ProfessionalProfile' de 'C:\Users\Miguel\source\repos\Proconenct\ProConnect.Core\Entities\ProfessionalProfile.cs' est├í en conflicto con el tipo importado 'ProfessionalProfile' de 'ProConnect.Core, Version=0.0.0.0, Culture=neutral, PublicKeyToken=null'. Se usar├í el tipo definido en 'C:\Users\Miguel\source\repos\Proconenct\ProConnect.Core\Entities\ProfessionalProfile.cs'. [C:\Users\Miguel\source\repos\Proconenct\Proconenct.csproj]
C:\Users\Miguel\source\repos\Proconenct\ProConnect.Infrastructure\Repositores\ProfessionalProfileRepository.cs(302,37): warning CS0436: El tipo 'ProfessionalProfile' de 'C:\Users\Miguel\source\repos\Proconenct\ProConnect.Core\Entities\ProfessionalProfile.cs' est├í en conflicto con el tipo importado 'ProfessionalProfile' de 'ProConnect.Core, Version=0.0.0.0, Culture=neutral, PublicKeyToken=null'. Se usar├í el tipo definido en 'C:\Users\Miguel\source\repos\Proconenct\ProConnect.Core\Entities\ProfessionalProfile.cs'. [C:\Users\Miguel\source\repos\Proconenct\Proconenct.csproj]
C:\Users\Miguel\source\repos\Proconenct\ProConnect.Infrastructure\Repositores\ProfessionalProfileRepository.cs(305,37): warning CS0436: El tipo 'ProfessionalProfile' de 'C:\Users\Miguel\source\repos\Proconenct\ProConnect.Core\Entities\ProfessionalProfile.cs' est├í en conflicto con el tipo importado 'ProfessionalProfile' de 'ProConnect.Core, Version=0.0.0.0, Culture=neutral, PublicKeyToken=null'. Se usar├í el tipo definido en 'C:\Users\Miguel\source\repos\Proconenct\ProConnect.Core\Entities\ProfessionalProfile.cs'. [C:\Users\Miguel\source\repos\Proconenct\Proconenct.csproj]
C:\Users\Miguel\source\repos\Proconenct\ProConnect.Infrastructure\Repositores\ProfessionalProfileRepository.cs(308,37): warning CS0436: El tipo 'ProfessionalProfile' de 'C:\Users\Miguel\source\repos\Proconenct\ProConnect.Core\Entities\ProfessionalProfile.cs' est├í en conflicto con el tipo importado 'ProfessionalProfile' de 'ProConnect.Core, Version=0.0.0.0, Culture=neutral, PublicKeyToken=null'. Se usar├í el tipo definido en 'C:\Users\Miguel\source\repos\Proconenct\ProConnect.Core\Entities\ProfessionalProfile.cs'. [C:\Users\Miguel\source\repos\Proconenct\Proconenct.csproj]
C:\Users\Miguel\source\repos\Proconenct\ProConnect.Infrastructure\Repositores\ProfessionalProfileRepository.cs(319,39): warning CS0436: El tipo 'ProfessionalProfile' de 'C:\Users\Miguel\source\repos\Proconenct\ProConnect.Core\Entities\ProfessionalProfile.cs' est├í en conflicto con el tipo importado 'ProfessionalProfile' de 'ProConnect.Core, Version=0.0.0.0, Culture=neutral, PublicKeyToken=null'. Se usar├í el tipo definido en 'C:\Users\Miguel\source\repos\Proconenct\ProConnect.Core\Entities\ProfessionalProfile.cs'. [C:\Users\Miguel\source\repos\Proconenct\Proconenct.csproj]
C:\Users\Miguel\source\repos\Proconenct\ProConnect.Infrastructure\Repositores\ProfessionalProfileRepository.cs(334,26): warning CS0436: El tipo 'ProfessionalProfile' de 'C:\Users\Miguel\source\repos\Proconenct\ProConnect.Core\Entities\ProfessionalProfile.cs' est├í en conflicto con el tipo importado 'ProfessionalProfile' de 'ProConnect.Core, Version=0.0.0.0, Culture=neutral, PublicKeyToken=null'. Se usar├í el tipo definido en 'C:\Users\Miguel\source\repos\Proconenct\ProConnect.Core\Entities\ProfessionalProfile.cs'. [C:\Users\Miguel\source\repos\Proconenct\Proconenct.csproj]
C:\Users\Miguel\source\repos\Proconenct\ProConnect.Infrastructure\Repositores\ProfessionalProfileRepository.cs(343,24): warning CS0436: El tipo 'PagedResult<T>' de 'C:\Users\Miguel\source\repos\Proconenct\ProConnect.Core\Models\PagedResult.cs' est├í en conflicto con el tipo importado 'PagedResult<T>' de 'ProConnect.Core, Version=0.0.0.0, Culture=neutral, PublicKeyToken=null'. Se usar├í el tipo definido en 'C:\Users\Miguel\source\repos\Proconenct\ProConnect.Core\Models\PagedResult.cs'. [C:\Users\Miguel\source\repos\Proconenct\Proconenct.csproj]
C:\Users\Miguel\source\repos\Proconenct\ProConnect.Infrastructure\Repositores\ProfessionalProfileRepository.cs(343,36): warning CS0436: El tipo 'ProfessionalProfile' de 'C:\Users\Miguel\source\repos\Proconenct\ProConnect.Core\Entities\ProfessionalProfile.cs' est├í en conflicto con el tipo importado 'ProfessionalProfile' de 'ProConnect.Core, Version=0.0.0.0, Culture=neutral, PublicKeyToken=null'. Se usar├í el tipo definido en 'C:\Users\Miguel\source\repos\Proconenct\ProConnect.Core\Entities\ProfessionalProfile.cs'. [C:\Users\Miguel\source\repos\Proconenct\Proconenct.csproj]
C:\Users\Miguel\source\repos\Proconenct\ProConnect.Infrastructure\Repositores\ProfessionalProfileRepository.cs(252,29): warning CS8602: Desreferencia de una referencia posiblemente NULL. [C:\Users\Miguel\source\repos\Proconenct\Proconenct.csproj]
C:\Users\Miguel\source\repos\Proconenct\ProConnect.Infrastructure\Repositores\ProfessionalProfileRepository.cs(262,76): warning CS8602: Desreferencia de una referencia posiblemente NULL. [C:\Users\Miguel\source\repos\Proconenct\Proconenct.csproj]
C:\Users\Miguel\source\repos\Proconenct\ProConnect.Infrastructure\Repositores\ProfessionalProfileRepository.cs(267,63): warning CS8629: Un tipo que acepta valores NULL puede ser nulo. [C:\Users\Miguel\source\repos\Proconenct\Proconenct.csproj]
C:\Users\Miguel\source\repos\Proconenct\ProConnect.Infrastructure\Repositores\ProfessionalProfileRepository.cs(271,63): warning CS8629: Un tipo que acepta valores NULL puede ser nulo. [C:\Users\Miguel\source\repos\Proconenct\Proconenct.csproj]
C:\Users\Miguel\source\repos\Proconenct\ProConnect.Infrastructure\Repositores\ProfessionalProfileRepository.cs(275,66): warning CS8629: Un tipo que acepta valores NULL puede ser nulo. [C:\Users\Miguel\source\repos\Proconenct\Proconenct.csproj]
C:\Users\Miguel\source\repos\Proconenct\ProConnect.Infrastructure\Repositores\ProfessionalProfileRepository.cs(279,68): warning CS8629: Un tipo que acepta valores NULL puede ser nulo. [C:\Users\Miguel\source\repos\Proconenct\Proconenct.csproj]
C:\Users\Miguel\source\repos\Proconenct\Program.cs(211,9): warning ASP0019: Use IHeaderDictionary.Append or the indexer to append or set headers. IDictionary.Add will throw an ArgumentException when attempting to add a duplicate key. (https://aka.ms/aspnet/analyzers) [C:\Users\Miguel\source\repos\Proconenct\Proconenct.csproj]
C:\Users\Miguel\source\repos\Proconenct\Pages\booking\Index.cshtml.cs(62,21): error CS0019: El operador '!=' no se puede aplicar a operandos del tipo 'ProfileStatusDto' y 'string' [C:\Users\Miguel\source\repos\Proconenct\Proconenct.csproj]
C:\Users\Miguel\source\repos\Proconenct\Pages\booking\Index.cshtml.cs(77,41): error CS1061: "ProfessionalProfileResponseDto" no contiene una definici├│n para "TimeZone" ni un m├®todo de extensi├│n accesible "TimeZone" que acepte un primer argumento del tipo "ProfessionalProfileResponseDto" (┬┐falta alguna directiva using o una referencia de ensamblado?) [C:\Users\Miguel\source\repos\Proconenct\Proconenct.csproj]
C:\Users\Miguel\source\repos\Proconenct\Pages\booking\Index.cshtml.cs(159,20): error CS0019: El operador '==' no se puede aplicar a operandos del tipo 'ProfileStatusDto' y 'string' [C:\Users\Miguel\source\repos\Proconenct\Proconenct.csproj]
C:\Users\Miguel\source\repos\Proconenct\Pages\booking\Index.cshtml.cs(160,33): error CS1061: "ProfessionalProfileResponseDto" no contiene una definici├│n para "IsAvailableForBooking" ni un m├®todo de extensi├│n accesible "IsAvailableForBooking" que acepte un primer argumento del tipo "ProfessionalProfileResponseDto" (┬┐falta alguna directiva using o una referencia de ensamblado?) [C:\Users\Miguel\source\repos\Proconenct\Proconenct.csproj]
C:\Users\Miguel\source\repos\Proconenct\Pages\booking\Confirmation.cshtml.cs(109,72): error CS1061: "ProfessionalProfileResponseDto" no contiene una definici├│n para "Name" ni un m├®todo de extensi├│n accesible "Name" que acepte un primer argumento del tipo "ProfessionalProfileResponseDto" (┬┐falta alguna directiva using o una referencia de ensamblado?) [C:\Users\Miguel\source\repos\Proconenct\Proconenct.csproj]
C:\Users\Miguel\source\repos\Proconenct\Pages\booking\Confirmation.cshtml.cs(126,72): error CS1061: "ProfessionalProfileResponseDto" no contiene una definici├│n para "Name" ni un m├®todo de extensi├│n accesible "Name" que acepte un primer argumento del tipo "ProfessionalProfileResponseDto" (┬┐falta alguna directiva using o una referencia de ensamblado?) [C:\Users\Miguel\source\repos\Proconenct\Proconenct.csproj]
C:\Users\Miguel\source\repos\Proconenct\Pages\booking\Confirmation.cshtml.cs(153,69): error CS1061: "ProfessionalProfileResponseDto" no contiene una definici├│n para "Name" ni un m├®todo de extensi├│n accesible "Name" que acepte un primer argumento del tipo "ProfessionalProfileResponseDto" (┬┐falta alguna directiva using o una referencia de ensamblado?) [C:\Users\Miguel\source\repos\Proconenct\Proconenct.csproj]
C:\Users\Miguel\source\repos\Proconenct\Pages\booking\Confirmation.cshtml(29,52): error CS1061: "ProfessionalProfileResponseDto" no contiene una definici├│n para "ProfileImageUrl" ni un m├®todo de extensi├│n accesible "ProfileImageUrl" que acepte un primer argumento del tipo "ProfessionalProfileResponseDto" (┬┐falta alguna directiva using o una referencia de ensamblado?) [C:\Users\Miguel\source\repos\Proconenct\Proconenct.csproj]
C:\Users\Miguel\source\repos\Proconenct\Pages\booking\Confirmation.cshtml(30,51): error CS1061: "ProfessionalProfileResponseDto" no contiene una definici├│n para "Name" ni un m├®todo de extensi├│n accesible "Name" que acepte un primer argumento del tipo "ProfessionalProfileResponseDto" (┬┐falta alguna directiva using o una referencia de ensamblado?) [C:\Users\Miguel\source\repos\Proconenct\Proconenct.csproj]
C:\Users\Miguel\source\repos\Proconenct\Pages\booking\Confirmation.cshtml(33,45): error CS1061: "ProfessionalProfileResponseDto" no contiene una definici├│n para "Name" ni un m├®todo de extensi├│n accesible "Name" que acepte un primer argumento del tipo "ProfessionalProfileResponseDto" (┬┐falta alguna directiva using o una referencia de ensamblado?) [C:\Users\Miguel\source\repos\Proconenct\Proconenct.csproj]
C:\Users\Miguel\source\repos\Proconenct\Pages\booking\Confirmation.cshtml(34,44): error CS1061: "ProfessionalProfileResponseDto" no contiene una definici├│n para "Specialty" ni un m├®todo de extensi├│n accesible "Specialty" que acepte un primer argumento del tipo "ProfessionalProfileResponseDto" (┬┐falta alguna directiva using o una referencia de ensamblado?) [C:\Users\Miguel\source\repos\Proconenct\Proconenct.csproj]
C:\Users\Miguel\source\repos\Proconenct\Pages\booking\Confirmation.cshtml(135,80): error CS1061: "string" no contiene una definici├│n para "ics" ni un m├®todo de extensi├│n accesible "ics" que acepte un primer argumento del tipo "string" (┬┐falta alguna directiva using o una referencia de ensamblado?) [C:\Users\Miguel\source\repos\Proconenct\Proconenct.csproj]
C:\Users\Miguel\source\repos\Proconenct\Pages\booking\Confirmation.cshtml(160,74): error CS1061: "ProfessionalProfileResponseDto" no contiene una definici├│n para "Name" ni un m├®todo de extensi├│n accesible "Name" que acepte un primer argumento del tipo "ProfessionalProfileResponseDto" (┬┐falta alguna directiva using o una referencia de ensamblado?) [C:\Users\Miguel\source\repos\Proconenct\Proconenct.csproj]
C:\Users\Miguel\source\repos\Proconenct\Pages\booking\Confirmation.cshtml(161,67): error CS1061: "ProfessionalProfileResponseDto" no contiene una definici├│n para "Email" ni un m├®todo de extensi├│n accesible "Email" que acepte un primer argumento del tipo "ProfessionalProfileResponseDto" (┬┐falta alguna directiva using o una referencia de ensamblado?) [C:\Users\Miguel\source\repos\Proconenct\Proconenct.csproj]
C:\Users\Miguel\source\repos\Proconenct\Pages\booking\Confirmation.cshtml(163,88): error CS1061: "ProfessionalProfileResponseDto" no contiene una definici├│n para "Email" ni un m├®todo de extensi├│n accesible "Email" que acepte un primer argumento del tipo "ProfessionalProfileResponseDto" (┬┐falta alguna directiva using o una referencia de ensamblado?) [C:\Users\Miguel\source\repos\Proconenct\Proconenct.csproj]
C:\Users\Miguel\source\repos\Proconenct\Pages\booking\Confirmation.cshtml(163,115): error CS1061: "ProfessionalProfileResponseDto" no contiene una definici├│n para "Email" ni un m├®todo de extensi├│n accesible "Email" que acepte un primer argumento del tipo "ProfessionalProfileResponseDto" (┬┐falta alguna directiva using o una referencia de ensamblado?) [C:\Users\Miguel\source\repos\Proconenct\Proconenct.csproj]
C:\Users\Miguel\source\repos\Proconenct\Pages\booking\Confirmation.cshtml(165,67): error CS1061: "ProfessionalProfileResponseDto" no contiene una definici├│n para "PhoneNumber" ni un m├®todo de extensi├│n accesible "PhoneNumber" que acepte un primer argumento del tipo "ProfessionalProfileResponseDto" (┬┐falta alguna directiva using o una referencia de ensamblado?) [C:\Users\Miguel\source\repos\Proconenct\Proconenct.csproj]
C:\Users\Miguel\source\repos\Proconenct\Pages\booking\Confirmation.cshtml(167,88): error CS1061: "ProfessionalProfileResponseDto" no contiene una definici├│n para "PhoneNumber" ni un m├®todo de extensi├│n accesible "PhoneNumber" que acepte un primer argumento del tipo "ProfessionalProfileResponseDto" (┬┐falta alguna directiva using o una referencia de ensamblado?) [C:\Users\Miguel\source\repos\Proconenct\Proconenct.csproj]
C:\Users\Miguel\source\repos\Proconenct\Pages\booking\Confirmation.cshtml(167,121): error CS1061: "ProfessionalProfileResponseDto" no contiene una definici├│n para "PhoneNumber" ni un m├®todo de extensi├│n accesible "PhoneNumber" que acepte un primer argumento del tipo "ProfessionalProfileResponseDto" (┬┐falta alguna directiva using o una referencia de ensamblado?) [C:\Users\Miguel\source\repos\Proconenct\Proconenct.csproj]
C:\Users\Miguel\source\repos\Proconenct\Pages\booking\Index.cshtml(4,65): error CS1061: "ProfessionalProfileResponseDto" no contiene una definici├│n para "Name" ni un m├®todo de extensi├│n accesible "Name" que acepte un primer argumento del tipo "ProfessionalProfileResponseDto" (┬┐falta alguna directiva using o una referencia de ensamblado?) [C:\Users\Miguel\source\repos\Proconenct\Proconenct.csproj]
C:\Users\Miguel\source\repos\Proconenct\Pages\booking\Index.cshtml(22,52): error CS1061: "ProfessionalProfileResponseDto" no contiene una definici├│n para "ProfileImageUrl" ni un m├®todo de extensi├│n accesible "ProfileImageUrl" que acepte un primer argumento del tipo "ProfessionalProfileResponseDto" (┬┐falta alguna directiva using o una referencia de ensamblado?) [C:\Users\Miguel\source\repos\Proconenct\Proconenct.csproj]
C:\Users\Miguel\source\repos\Proconenct\Pages\booking\Index.cshtml(23,51): error CS1061: "ProfessionalProfileResponseDto" no contiene una definici├│n para "Name" ni un m├®todo de extensi├│n accesible "Name" que acepte un primer argumento del tipo "ProfessionalProfileResponseDto" (┬┐falta alguna directiva using o una referencia de ensamblado?) [C:\Users\Miguel\source\repos\Proconenct\Proconenct.csproj]
C:\Users\Miguel\source\repos\Proconenct\Pages\booking\Index.cshtml(26,45): error CS1061: "ProfessionalProfileResponseDto" no contiene una definici├│n para "Name" ni un m├®todo de extensi├│n accesible "Name" que acepte un primer argumento del tipo "ProfessionalProfileResponseDto" (┬┐falta alguna directiva using o una referencia de ensamblado?) [C:\Users\Miguel\source\repos\Proconenct\Proconenct.csproj]
C:\Users\Miguel\source\repos\Proconenct\Pages\booking\Index.cshtml(27,62): error CS1061: "ProfessionalProfileResponseDto" no contiene una definici├│n para "Specialty" ni un m├®todo de extensi├│n accesible "Specialty" que acepte un primer argumento del tipo "ProfessionalProfileResponseDto" (┬┐falta alguna directiva using o una referencia de ensamblado?) [C:\Users\Miguel\source\repos\Proconenct\Proconenct.csproj]
C:\Users\Miguel\source\repos\Proconenct\Pages\booking\Index.cshtml(32,81): error CS1061: "ProfessionalProfileResponseDto" no contiene una definici├│n para "AverageRating" ni un m├®todo de extensi├│n accesible "AverageRating" que acepte un primer argumento del tipo "ProfessionalProfileResponseDto" (┬┐falta alguna directiva using o una referencia de ensamblado?) [C:\Users\Miguel\source\repos\Proconenct\Proconenct.csproj]
C:\Users\Miguel\source\repos\Proconenct\Pages\booking\Index.cshtml(35,68): error CS1061: "ProfessionalProfileResponseDto" no contiene una definici├│n para "ReviewCount" ni un m├®todo de extensi├│n accesible "ReviewCount" que acepte un primer argumento del tipo "ProfessionalProfileResponseDto" (┬┐falta alguna directiva using o una referencia de ensamblado?) [C:\Users\Miguel\source\repos\Proconenct\Proconenct.csproj]
C:\Users\Miguel\source\repos\Proconenct\Pages\booking\Index.cshtml(126,57): error CS1061: "UserProfileDto" no contiene una definici├│n para "Name" ni un m├®todo de extensi├│n accesible "Name" que acepte un primer argumento del tipo "UserProfileDto" (┬┐falta alguna directiva using o una referencia de ensamblado?) [C:\Users\Miguel\source\repos\Proconenct\Proconenct.csproj]
C:\Users\Miguel\source\repos\Proconenct\Pages\booking\Index.cshtml(138,61): error CS1061: "UserProfileDto" no contiene una definici├│n para "PhoneNumber" ni un m├®todo de extensi├│n accesible "PhoneNumber" que acepte un primer argumento del tipo "UserProfileDto" (┬┐falta alguna directiva using o una referencia de ensamblado?) [C:\Users\Miguel\source\repos\Proconenct\Proconenct.csproj]
C:\Users\Miguel\source\repos\Proconenct\Pages\booking\Index.cshtml(214,47): error CS1061: "ProfessionalProfileResponseDto" no contiene una definici├│n para "Name" ni un m├®todo de extensi├│n accesible "Name" que acepte un primer argumento del tipo "ProfessionalProfileResponseDto" (┬┐falta alguna directiva using o una referencia de ensamblado?) [C:\Users\Miguel\source\repos\Proconenct\Proconenct.csproj]
    711 Advertencia(s)
    29 Errores

Tiempo transcurrido 00:00:02.81
